29-01-2022-23-46-41tile error, WIP state
29-01-2022-23-46-41tile error, WIP state
29-01-2022-23-46-49tile error, WIP state
29-01-2022-23-47-21tile error, WIP state
29-01-2022-23-47-22tile error, WIP state
29-01-2022-23-47-47tile error, WIP state
29-01-2022-23-47-47tile error, WIP state
29-01-2022-23-47-51tile error, WIP state
29-01-2022-23-48-06tile error, WIP state
29-01-2022-23-48-07tile error, WIP state
29-01-2022-23-48-07tile error, WIP state
29-01-2022-23-48-07tile error, WIP state
29-01-2022-23-48-08tile error, WIP state
29-01-2022-23-48-08tile error, WIP state
29-01-2022-23-48-08tile error, WIP state
29-01-2022-23-48-08tile error, WIP state
29-01-2022-23-48-08tile error, WIP state
29-01-2022-23-48-08tile error, WIP state
29-01-2022-23-48-08tile error, WIP state
29-01-2022-23-48-08tile error, WIP state
29-01-2022-23-48-08tile error, WIP state
29-01-2022-23-48-09tile error, WIP state
29-01-2022-23-48-09tile error, WIP state
29-01-2022-23-48-09tile error, WIP state
29-01-2022-23-48-09tile error, WIP state
29-01-2022-23-48-09tile error, WIP state
29-01-2022-23-48-09tile error, WIP state
29-01-2022-23-48-09tile error, WIP state
29-01-2022-23-48-09tile error, WIP state
29-01-2022-23-48-09tile error, WIP state
29-01-2022-23-48-10tile error, WIP state
29-01-2022-23-48-10tile error, WIP state
29-01-2022-23-48-12tile error, WIP state
29-01-2022-23-48-12tile error, WIP state
29-01-2022-23-48-13tile error, WIP state
29-01-2022-23-48-13tile error, WIP state
29-01-2022-23-48-13tile error, WIP state
29-01-2022-23-48-13tile error, WIP state
29-01-2022-23-48-13tile error, WIP state
29-01-2022-23-48-13tile error, WIP state
29-01-2022-23-48-13tile error, WIP state
29-01-2022-23-48-13tile error, WIP state
29-01-2022-23-48-14tile error, WIP state
29-01-2022-23-48-14tile error, WIP state
29-01-2022-23-48-14tile error, WIP state
29-01-2022-23-48-14tile error, WIP state
29-01-2022-23-48-14tile error, WIP state
29-01-2022-23-48-14tile error, WIP state
29-01-2022-23-48-14tile error, WIP state
29-01-2022-23-48-15tile error, WIP state
29-01-2022-23-48-15tile error, WIP state
29-01-2022-23-48-15tile error, WIP state
29-01-2022-23-48-15tile error, WIP state
29-01-2022-23-48-15tile error, WIP state
29-01-2022-23-48-15tile error, WIP state
29-01-2022-23-48-15tile error, WIP state
29-01-2022-23-48-18tile error, WIP state
29-01-2022-23-48-18tile error, WIP state
29-01-2022-23-48-19tile error, WIP state
29-01-2022-23-48-19tile error, WIP state
29-01-2022-23-48-19tile error, WIP state
29-01-2022-23-48-19tile error, WIP state
29-01-2022-23-48-19tile error, WIP state
29-01-2022-23-48-19tile error, WIP state
29-01-2022-23-48-19tile error, WIP state
29-01-2022-23-48-19tile error, WIP state
29-01-2022-23-48-19tile error, WIP state
29-01-2022-23-48-20tile error, WIP state
29-01-2022-23-48-20tile error, WIP state
29-01-2022-23-48-20tile error, WIP state
29-01-2022-23-48-20tile error, WIP state
29-01-2022-23-48-20tile error, WIP state
29-01-2022-23-48-20tile error, WIP state
29-01-2022-23-48-20tile error, WIP state
29-01-2022-23-48-20tile error, WIP state
29-01-2022-23-48-21tile error, WIP state
29-01-2022-23-48-21tile error, WIP state
29-01-2022-23-48-21tile error, WIP state
29-01-2022-23-48-21tile error, WIP state
29-01-2022-23-48-21tile error, WIP state
29-01-2022-23-48-23tile error, WIP state
29-01-2022-23-48-23tile error, WIP state
29-01-2022-23-48-23tile error, WIP state
29-01-2022-23-48-23tile error, WIP state
29-01-2022-23-48-23tile error, WIP state
29-01-2022-23-48-28tile error, WIP state
29-01-2022-23-48-28tile error, WIP state
29-01-2022-23-48-29tile error, WIP state
29-01-2022-23-48-29tile error, WIP state
29-01-2022-23-48-29tile error, WIP state
29-01-2022-23-48-29tile error, WIP state
29-01-2022-23-48-29tile error, WIP state
29-01-2022-23-48-29tile error, WIP state
29-01-2022-23-48-29tile error, WIP state
29-01-2022-23-48-29tile error, WIP state
29-01-2022-23-48-30tile error, WIP state
29-01-2022-23-48-30tile error, WIP state
29-01-2022-23-48-33tile error, WIP state
29-01-2022-23-48-33tile error, WIP state
29-01-2022-23-48-33tile error, WIP state
29-01-2022-23-48-33tile error, WIP state
29-01-2022-23-48-33tile error, WIP state
29-01-2022-23-48-33tile error, WIP state
29-01-2022-23-48-34tile error, WIP state
29-01-2022-23-48-34tile error, WIP state
29-01-2022-23-48-34tile error, WIP state
29-01-2022-23-48-34tile error, WIP state
29-01-2022-23-48-34tile error, WIP state
29-01-2022-23-48-34tile error, WIP state
29-01-2022-23-48-34tile error, WIP state
29-01-2022-23-48-34tile error, WIP state
29-01-2022-23-48-34tile error, WIP state
29-01-2022-23-48-35tile error, WIP state
29-01-2022-23-48-35tile error, WIP state
29-01-2022-23-48-35tile error, WIP state
29-01-2022-23-48-35tile error, WIP state
29-01-2022-23-48-35tile error, WIP state
29-01-2022-23-48-35tile error, WIP state
29-01-2022-23-48-35tile error, WIP state
29-01-2022-23-48-35tile error, WIP state
29-01-2022-23-48-37tile error, WIP state
29-01-2022-23-48-38tile error, WIP state
29-01-2022-23-48-38tile error, WIP state
29-01-2022-23-48-38tile error, WIP state
29-01-2022-23-48-38tile error, WIP state
29-01-2022-23-48-38tile error, WIP state
29-01-2022-23-48-39tile error, WIP state
29-01-2022-23-48-39tile error, WIP state
29-01-2022-23-48-39tile error, WIP state
29-01-2022-23-48-39tile error, WIP state
29-01-2022-23-48-39tile error, WIP state
29-01-2022-23-48-39tile error, WIP state
29-01-2022-23-48-39tile error, WIP state
29-01-2022-23-48-39tile error, WIP state
29-01-2022-23-48-39tile error, WIP state
29-01-2022-23-48-39tile error, WIP state
29-01-2022-23-48-40tile error, WIP state
29-01-2022-23-48-40tile error, WIP state
29-01-2022-23-48-40tile error, WIP state
29-01-2022-23-48-40tile error, WIP state
29-01-2022-23-48-40tile error, WIP state
29-01-2022-23-48-40tile error, WIP state
29-01-2022-23-48-40tile error, WIP state
29-01-2022-23-48-40tile error, WIP state
29-01-2022-23-48-42tile error, WIP state
29-01-2022-23-48-42tile error, WIP state
29-01-2022-23-48-43tile error, WIP state
29-01-2022-23-48-43tile error, WIP state
29-01-2022-23-48-43tile error, WIP state
29-01-2022-23-48-43tile error, WIP state
29-01-2022-23-48-43tile error, WIP state
29-01-2022-23-48-43tile error, WIP state
29-01-2022-23-48-43tile error, WIP state
29-01-2022-23-48-44tile error, WIP state
29-01-2022-23-48-44tile error, WIP state
29-01-2022-23-48-44tile error, WIP state
29-01-2022-23-48-44tile error, WIP state
29-01-2022-23-48-44tile error, WIP state
29-01-2022-23-48-44tile error, WIP state
29-01-2022-23-48-44tile error, WIP state
29-01-2022-23-48-44tile error, WIP state
29-01-2022-23-48-47tile error, WIP state
29-01-2022-23-48-47tile error, WIP state
29-01-2022-23-48-48tile error, WIP state
29-01-2022-23-48-48tile error, WIP state
29-01-2022-23-48-48tile error, WIP state
29-01-2022-23-48-48tile error, WIP state
29-01-2022-23-48-48tile error, WIP state
29-01-2022-23-48-48tile error, WIP state
29-01-2022-23-48-48tile error, WIP state
29-01-2022-23-48-48tile error, WIP state
29-01-2022-23-48-48tile error, WIP state
29-01-2022-23-48-49tile error, WIP state
29-01-2022-23-48-49tile error, WIP state
29-01-2022-23-48-49tile error, WIP state
29-01-2022-23-48-49tile error, WIP state
29-01-2022-23-48-49tile error, WIP state
29-01-2022-23-48-49tile error, WIP state
29-01-2022-23-48-49tile error, WIP state
29-01-2022-23-48-49tile error, WIP state
29-01-2022-23-48-50tile error, WIP state
29-01-2022-23-48-50tile error, WIP state
29-01-2022-23-48-54tile error, WIP state
29-01-2022-23-48-54tile error, WIP state
29-01-2022-23-48-55tile error, WIP state
29-01-2022-23-48-55tile error, WIP state
29-01-2022-23-48-55tile error, WIP state
29-01-2022-23-48-55tile error, WIP state
29-01-2022-23-48-55tile error, WIP state
29-01-2022-23-48-55tile error, WIP state
29-01-2022-23-48-55tile error, WIP state
29-01-2022-23-48-55tile error, WIP state
29-01-2022-23-48-55tile error, WIP state
29-01-2022-23-48-56tile error, WIP state
29-01-2022-23-48-56tile error, WIP state
29-01-2022-23-48-56tile error, WIP state
29-01-2022-23-48-56tile error, WIP state
29-01-2022-23-48-56tile error, WIP state
29-01-2022-23-48-56tile error, WIP state
29-01-2022-23-48-56tile error, WIP state
29-01-2022-23-48-56tile error, WIP state
29-01-2022-23-48-57tile error, WIP state
29-01-2022-23-48-57tile error, WIP state
29-01-2022-23-48-57tile error, WIP state
29-01-2022-23-48-58tile error, WIP state
29-01-2022-23-48-59tile error, WIP state
29-01-2022-23-49-01tile error, WIP state
29-01-2022-23-49-02tile error, WIP state
29-01-2022-23-49-02tile error, WIP state
29-01-2022-23-49-02tile error, WIP state
29-01-2022-23-49-02tile error, WIP state
29-01-2022-23-49-02tile error, WIP state
29-01-2022-23-49-03tile error, WIP state
29-01-2022-23-49-03tile error, WIP state
29-01-2022-23-49-03tile error, WIP state
29-01-2022-23-49-04tile error, WIP state
29-01-2022-23-49-04tile error, WIP state
29-01-2022-23-49-04tile error, WIP state
29-01-2022-23-49-04tile error, WIP state
29-01-2022-23-49-04tile error, WIP state
29-01-2022-23-49-04tile error, WIP state
29-01-2022-23-49-07tile error, WIP state
29-01-2022-23-49-07tile error, WIP state
29-01-2022-23-49-07tile error, WIP state
29-01-2022-23-49-07tile error, WIP state
29-01-2022-23-49-08tile error, WIP state
29-01-2022-23-49-08tile error, WIP state
29-01-2022-23-49-08tile error, WIP state
29-01-2022-23-49-08tile error, WIP state
29-01-2022-23-49-08tile error, WIP state
29-01-2022-23-49-08tile error, WIP state
29-01-2022-23-49-08tile error, WIP state
29-01-2022-23-49-09tile error, WIP state
29-01-2022-23-49-09tile error, WIP state
29-01-2022-23-49-09tile error, WIP state
29-01-2022-23-49-09tile error, WIP state
29-01-2022-23-49-12tile error, WIP state
29-01-2022-23-49-13tile error, WIP state
29-01-2022-23-49-13tile error, WIP state
29-01-2022-23-49-16tile error, WIP state
29-01-2022-23-49-17tile error, WIP state
29-01-2022-23-49-17tile error, WIP state
29-01-2022-23-49-17tile error, WIP state
29-01-2022-23-49-17tile error, WIP state
29-01-2022-23-49-17tile error, WIP state
29-01-2022-23-49-17tile error, WIP state
29-01-2022-23-49-17tile error, WIP state
29-01-2022-23-49-17tile error, WIP state
29-01-2022-23-49-18tile error, WIP state
29-01-2022-23-49-18tile error, WIP state
29-01-2022-23-49-18tile error, WIP state
29-01-2022-23-49-18tile error, WIP state
29-01-2022-23-49-18tile error, WIP state
29-01-2022-23-49-18tile error, WIP state
29-01-2022-23-49-18tile error, WIP state
29-01-2022-23-49-18tile error, WIP state
29-01-2022-23-49-18tile error, WIP state
29-01-2022-23-49-19tile error, WIP state
29-01-2022-23-49-19tile error, WIP state
29-01-2022-23-49-21tile error, WIP state
29-01-2022-23-49-21tile error, WIP state
29-01-2022-23-49-21tile error, WIP state
29-01-2022-23-49-22tile error, WIP state
29-01-2022-23-49-22tile error, WIP state
29-01-2022-23-49-22tile error, WIP state
29-01-2022-23-49-26tile error, WIP state
29-01-2022-23-49-26tile error, WIP state
29-01-2022-23-49-27tile error, WIP state
29-01-2022-23-49-27tile error, WIP state
29-01-2022-23-49-27tile error, WIP state
29-01-2022-23-49-27tile error, WIP state
29-01-2022-23-49-27tile error, WIP state
29-01-2022-23-49-27tile error, WIP state
29-01-2022-23-49-27tile error, WIP state
29-01-2022-23-49-27tile error, WIP state
30-01-2022-00-06-45tile error, WIP state
30-01-2022-00-06-45tile error, WIP state
30-01-2022-00-06-45tile error, WIP state
30-01-2022-00-06-45tile error, WIP state
30-01-2022-00-06-45tile error, WIP state
30-01-2022-00-06-45tile error, WIP state
30-01-2022-00-06-45tile error, WIP state
30-01-2022-00-06-45tile error, WIP state
30-01-2022-00-06-46tile error, WIP state
30-01-2022-00-06-46tile error, WIP state
30-01-2022-00-06-46tile error, WIP state
30-01-2022-00-06-46tile error, WIP state
30-01-2022-00-06-46tile error, WIP state
30-01-2022-00-06-46tile error, WIP state
30-01-2022-00-06-47tile error, WIP state
30-01-2022-00-06-47tile error, WIP state
30-01-2022-00-06-47tile error, WIP state
30-01-2022-00-06-47tile error, WIP state
30-01-2022-00-06-47tile error, WIP state
30-01-2022-00-06-47tile error, WIP state
30-01-2022-00-06-47tile error, WIP state
30-01-2022-00-06-49tile error, WIP state
30-01-2022-00-06-49tile error, WIP state
30-01-2022-00-06-49tile error, WIP state
30-01-2022-00-06-50tile error, WIP state
30-01-2022-00-06-50tile error, WIP state
30-01-2022-00-06-50tile error, WIP state
30-01-2022-00-06-51tile error, WIP state
30-01-2022-00-06-51tile error, WIP state
30-01-2022-00-06-51tile error, WIP state
30-01-2022-00-06-51tile error, WIP state
30-01-2022-00-06-51tile error, WIP state
30-01-2022-00-06-51tile error, WIP state
30-01-2022-00-06-51tile error, WIP state
30-01-2022-00-06-51tile error, WIP state
30-01-2022-00-06-51tile error, WIP state
30-01-2022-00-06-51tile error, WIP state
30-01-2022-00-06-51tile error, WIP state
30-01-2022-00-06-51tile error, WIP state
30-01-2022-00-06-51tile error, WIP state
30-01-2022-00-06-51tile error, WIP state
30-01-2022-00-06-53tile error, WIP state
30-01-2022-00-06-53tile error, WIP state
30-01-2022-00-06-54tile error, WIP state
30-01-2022-00-06-54tile error, WIP state
30-01-2022-00-06-54tile error, WIP state
30-01-2022-00-06-54tile error, WIP state
30-01-2022-00-06-54tile error, WIP state
30-01-2022-00-06-54tile error, WIP state
30-01-2022-00-06-55tile error, WIP state
30-01-2022-00-06-55tile error, WIP state
30-01-2022-00-06-55tile error, WIP state
30-01-2022-00-06-55tile error, WIP state
30-01-2022-00-06-55tile error, WIP state
30-01-2022-00-06-55tile error, WIP state
30-01-2022-00-06-55tile error, WIP state
30-01-2022-00-06-55tile error, WIP state
30-01-2022-00-06-55tile error, WIP state
30-01-2022-00-06-55tile error, WIP state
30-01-2022-00-06-55tile error, WIP state
30-01-2022-00-06-55tile error, WIP state
30-01-2022-00-06-57tile error, WIP state
30-01-2022-00-06-57tile error, WIP state
30-01-2022-00-06-57tile error, WIP state
30-01-2022-00-07-00tile error, WIP state
30-01-2022-00-07-00tile error, WIP state
30-01-2022-00-07-00tile error, WIP state
30-01-2022-00-07-00tile error, WIP state
30-01-2022-00-07-00tile error, WIP state
30-01-2022-00-07-00tile error, WIP state
30-01-2022-00-07-01tile error, WIP state
30-01-2022-00-07-01tile error, WIP state
30-01-2022-00-07-01tile error, WIP state
30-01-2022-00-07-01tile error, WIP state
30-01-2022-00-07-01tile error, WIP state
30-01-2022-00-07-01tile error, WIP state
30-01-2022-00-07-01tile error, WIP state
30-01-2022-00-07-01tile error, WIP state
30-01-2022-00-07-01tile error, WIP state
30-01-2022-00-07-01tile error, WIP state
30-01-2022-00-07-01tile error, WIP state
30-01-2022-00-07-01tile error, WIP state
30-01-2022-00-07-01tile error, WIP state
30-01-2022-00-07-02tile error, WIP state
30-01-2022-00-07-02tile error, WIP state
30-01-2022-00-07-02tile error, WIP state
30-01-2022-00-07-04tile error, WIP state
30-01-2022-00-07-04tile error, WIP state
30-01-2022-00-07-04tile error, WIP state
30-01-2022-00-07-04tile error, WIP state
30-01-2022-00-07-04tile error, WIP state
30-01-2022-00-07-04tile error, WIP state
30-01-2022-00-07-05tile error, WIP state
30-01-2022-00-07-05tile error, WIP state
30-01-2022-00-07-05tile error, WIP state
30-01-2022-00-07-05tile error, WIP state
30-01-2022-00-07-05tile error, WIP state
30-01-2022-00-07-05tile error, WIP state
30-01-2022-00-07-05tile error, WIP state
30-01-2022-00-07-05tile error, WIP state
30-01-2022-00-07-06tile error, WIP state
30-01-2022-00-07-06tile error, WIP state
30-01-2022-00-07-06tile error, WIP state
30-01-2022-00-07-06tile error, WIP state
30-01-2022-00-07-06tile error, WIP state
30-01-2022-00-07-06tile error, WIP state
30-01-2022-00-07-08tile error, WIP state
30-01-2022-00-07-08tile error, WIP state
30-01-2022-00-07-08tile error, WIP state
30-01-2022-00-07-08tile error, WIP state
30-01-2022-00-07-09tile error, WIP state
30-01-2022-00-07-09tile error, WIP state
30-01-2022-00-07-09tile error, WIP state
30-01-2022-00-07-09tile error, WIP state
30-01-2022-00-07-09tile error, WIP state
30-01-2022-00-07-09tile error, WIP state
30-01-2022-00-07-10tile error, WIP state
30-01-2022-00-07-10tile error, WIP state
30-01-2022-00-07-10tile error, WIP state
30-01-2022-00-07-10tile error, WIP state
30-01-2022-00-07-10tile error, WIP state
30-01-2022-00-07-10tile error, WIP state
30-01-2022-00-07-10tile error, WIP state
30-01-2022-00-07-10tile error, WIP state
30-01-2022-00-07-10tile error, WIP state
30-01-2022-00-07-10tile error, WIP state
30-01-2022-00-07-10tile error, WIP state
30-01-2022-00-07-13tile error, WIP state
30-01-2022-00-07-13tile error, WIP state
30-01-2022-00-07-13tile error, WIP state
30-01-2022-00-07-13tile error, WIP state
30-01-2022-00-07-13tile error, WIP state
30-01-2022-00-07-13tile error, WIP state
30-01-2022-00-07-13tile error, WIP state
30-01-2022-00-07-13tile error, WIP state
30-01-2022-00-07-13tile error, WIP state
30-01-2022-00-07-14tile error, WIP state
30-01-2022-00-07-14tile error, WIP state
30-01-2022-00-07-14tile error, WIP state
30-01-2022-00-07-14tile error, WIP state
30-01-2022-00-07-14tile error, WIP state
30-01-2022-00-07-14tile error, WIP state
30-01-2022-00-07-14tile error, WIP state
30-01-2022-00-07-14tile error, WIP state
30-01-2022-00-07-14tile error, WIP state
30-01-2022-00-07-14tile error, WIP state
30-01-2022-00-07-14tile error, WIP state
30-01-2022-00-07-14tile error, WIP state
30-01-2022-00-07-14tile error, WIP state
30-01-2022-00-07-17tile error, WIP state
30-01-2022-00-07-17tile error, WIP state
30-01-2022-00-07-17tile error, WIP state
30-01-2022-00-07-17tile error, WIP state
30-01-2022-00-07-17tile error, WIP state
30-01-2022-00-07-17tile error, WIP state
30-01-2022-00-07-17tile error, WIP state
30-01-2022-00-07-17tile error, WIP state
30-01-2022-00-07-17tile error, WIP state
30-01-2022-00-07-17tile error, WIP state
30-01-2022-00-07-17tile error, WIP state
30-01-2022-00-07-17tile error, WIP state
30-01-2022-00-07-17tile error, WIP state
30-01-2022-00-07-17tile error, WIP state
30-01-2022-00-07-17tile error, WIP state
30-01-2022-00-07-17tile error, WIP state
30-01-2022-00-07-17tile error, WIP state
30-01-2022-00-07-17tile error, WIP state
30-01-2022-00-07-17tile error, WIP state
30-01-2022-00-07-17tile error, WIP state
13-02-2022-19-06-12tile error, WIP state
13-02-2022-19-06-12tile error, WIP state
13-02-2022-19-06-12tile error, WIP state
13-02-2022-19-06-12tile error, WIP state
13-02-2022-19-06-13tile error, WIP state
13-02-2022-19-06-13tile error, WIP state
13-02-2022-19-06-13tile error, WIP state
13-02-2022-19-06-14tile error, WIP state
13-02-2022-19-06-14tile error, WIP state
13-02-2022-19-06-14tile error, WIP state
13-02-2022-19-06-14tile error, WIP state
13-02-2022-19-06-14tile error, WIP state
13-02-2022-19-06-14tile error, WIP state
13-02-2022-19-06-14tile error, WIP state
13-02-2022-19-06-14tile error, WIP state
13-02-2022-19-06-14tile error, WIP state
13-02-2022-19-06-14tile error, WIP state
13-02-2022-19-06-14tile error, WIP state
13-02-2022-19-06-14tile error, WIP state
13-02-2022-19-06-14tile error, WIP state
13-02-2022-19-06-14tile error, WIP state
13-02-2022-19-06-14tile error, WIP state
13-02-2022-19-06-14tile error, WIP state
13-02-2022-19-06-15tile error, WIP state
13-02-2022-19-06-15tile error, WIP state
13-02-2022-19-06-15tile error, WIP state
13-02-2022-19-06-15tile error, WIP state
13-02-2022-19-06-15tile error, WIP state
13-02-2022-19-06-15tile error, WIP state
13-02-2022-19-06-15tile error, WIP state
13-02-2022-19-06-15tile error, WIP state
13-02-2022-19-06-15tile error, WIP state
13-02-2022-19-06-15tile error, WIP state
13-02-2022-19-06-15tile error, WIP state
13-02-2022-19-06-15tile error, WIP state
13-02-2022-19-06-17tile error, WIP state
13-02-2022-19-06-17tile error, WIP state
13-02-2022-19-06-17tile error, WIP state
13-02-2022-19-06-18tile error, WIP state
13-02-2022-19-06-18tile error, WIP state
13-02-2022-19-06-18tile error, WIP state
13-02-2022-19-06-18tile error, WIP state
13-02-2022-19-06-18tile error, WIP state
13-02-2022-19-06-18tile error, WIP state
13-02-2022-19-06-18tile error, WIP state
13-02-2022-19-06-18tile error, WIP state
13-02-2022-19-06-18tile error, WIP state
13-02-2022-19-06-19tile error, WIP state
13-02-2022-19-06-19tile error, WIP state
13-02-2022-19-06-19tile error, WIP state
13-02-2022-19-06-19tile error, WIP state
13-02-2022-19-06-19tile error, WIP state
13-02-2022-19-06-19tile error, WIP state
13-02-2022-19-06-19tile error, WIP state
13-02-2022-19-06-19tile error, WIP state
13-02-2022-19-06-19tile error, WIP state
13-02-2022-19-06-19tile error, WIP state
13-02-2022-19-06-19tile error, WIP state
13-02-2022-19-06-19tile error, WIP state
13-02-2022-19-06-19tile error, WIP state
13-02-2022-19-06-19tile error, WIP state
13-02-2022-19-06-20tile error, WIP state
13-02-2022-19-06-20tile error, WIP state
13-02-2022-19-06-20tile error, WIP state
13-02-2022-19-06-20tile error, WIP state
13-02-2022-19-06-20tile error, WIP state
13-02-2022-19-06-20tile error, WIP state
13-02-2022-19-06-20tile error, WIP state
13-02-2022-19-06-20tile error, WIP state
13-02-2022-19-06-20tile error, WIP state
13-02-2022-19-06-22tile error, WIP state
13-02-2022-19-06-22tile error, WIP state
13-02-2022-19-06-22tile error, WIP state
13-02-2022-19-06-22tile error, WIP state
13-02-2022-19-06-23tile error, WIP state
13-02-2022-19-06-23tile error, WIP state
13-02-2022-19-06-23tile error, WIP state
13-02-2022-19-06-23tile error, WIP state
13-02-2022-19-06-23tile error, WIP state
13-02-2022-19-06-23tile error, WIP state
13-02-2022-19-06-23tile error, WIP state
13-02-2022-19-06-23tile error, WIP state
13-02-2022-19-06-23tile error, WIP state
13-02-2022-19-06-23tile error, WIP state
13-02-2022-19-06-23tile error, WIP state
13-02-2022-19-06-23tile error, WIP state
13-02-2022-19-06-23tile error, WIP state
13-02-2022-19-06-24tile error, WIP state
13-02-2022-19-06-24tile error, WIP state
13-02-2022-19-06-24tile error, WIP state
13-02-2022-19-06-24tile error, WIP state
13-02-2022-19-06-24tile error, WIP state
13-02-2022-19-06-24tile error, WIP state
13-02-2022-19-06-24tile error, WIP state
13-02-2022-19-06-24tile error, WIP state
13-02-2022-19-06-24tile error, WIP state
13-02-2022-19-06-24tile error, WIP state
13-02-2022-19-06-24tile error, WIP state
13-02-2022-19-06-24tile error, WIP state
13-02-2022-19-06-24tile error, WIP state
13-02-2022-19-06-24tile error, WIP state
13-02-2022-19-06-24tile error, WIP state
13-02-2022-19-06-24tile error, WIP state
13-02-2022-19-06-25tile error, WIP state
13-02-2022-19-06-25tile error, WIP state
13-02-2022-19-06-30tile error, WIP state
13-02-2022-19-06-30tile error, WIP state
13-02-2022-19-06-30tile error, WIP state
13-02-2022-19-06-31tile error, WIP state
13-02-2022-19-06-31tile error, WIP state
13-02-2022-19-06-31tile error, WIP state
13-02-2022-19-06-31tile error, WIP state
13-02-2022-19-06-31tile error, WIP state
13-02-2022-19-06-31tile error, WIP state
13-02-2022-19-06-31tile error, WIP state
13-02-2022-19-06-31tile error, WIP state
13-02-2022-19-06-31tile error, WIP state
13-02-2022-19-06-31tile error, WIP state
13-02-2022-19-06-31tile error, WIP state
13-02-2022-19-06-31tile error, WIP state
13-02-2022-19-06-31tile error, WIP state
13-02-2022-19-06-32tile error, WIP state
13-02-2022-19-06-32tile error, WIP state
13-02-2022-19-06-32tile error, WIP state
13-02-2022-19-06-32tile error, WIP state
13-02-2022-19-06-32tile error, WIP state
13-02-2022-19-06-32tile error, WIP state
13-02-2022-19-06-32tile error, WIP state
13-02-2022-19-06-32tile error, WIP state
13-02-2022-19-06-32tile error, WIP state
13-02-2022-19-06-32tile error, WIP state
13-02-2022-19-06-32tile error, WIP state
13-02-2022-19-06-32tile error, WIP state
13-02-2022-19-06-32tile error, WIP state
13-02-2022-19-06-32tile error, WIP state
13-02-2022-19-06-33tile error, WIP state
13-02-2022-19-06-33tile error, WIP state
13-02-2022-19-06-33tile error, WIP state
13-02-2022-19-06-33tile error, WIP state
13-02-2022-19-06-33tile error, WIP state
13-02-2022-19-06-34tile error, WIP state
13-02-2022-19-06-35tile error, WIP state
13-02-2022-19-06-35tile error, WIP state
13-02-2022-19-06-35tile error, WIP state
13-02-2022-19-06-35tile error, WIP state
13-02-2022-19-06-36tile error, WIP state
13-02-2022-19-06-36tile error, WIP state
13-02-2022-19-06-36tile error, WIP state
13-02-2022-19-06-36tile error, WIP state
13-02-2022-19-06-36tile error, WIP state
13-02-2022-19-06-36tile error, WIP state
13-02-2022-19-06-36tile error, WIP state
13-02-2022-19-06-36tile error, WIP state
13-02-2022-19-06-36tile error, WIP state
13-02-2022-19-06-36tile error, WIP state
13-02-2022-19-06-36tile error, WIP state
13-02-2022-19-06-36tile error, WIP state
13-02-2022-19-06-36tile error, WIP state
13-02-2022-19-06-36tile error, WIP state
13-02-2022-19-06-37tile error, WIP state
13-02-2022-19-06-37tile error, WIP state
13-02-2022-19-06-37tile error, WIP state
13-02-2022-19-06-37tile error, WIP state
13-02-2022-19-06-37tile error, WIP state
13-02-2022-19-06-37tile error, WIP state
13-02-2022-19-06-37tile error, WIP state
13-02-2022-19-06-37tile error, WIP state
13-02-2022-19-06-37tile error, WIP state
13-02-2022-19-06-37tile error, WIP state
13-02-2022-19-06-37tile error, WIP state
13-02-2022-19-06-37tile error, WIP state
13-02-2022-19-06-37tile error, WIP state
13-02-2022-19-06-37tile error, WIP state
13-02-2022-19-06-37tile error, WIP state
13-02-2022-19-06-38tile error, WIP state
13-02-2022-19-06-39tile error, WIP state
13-02-2022-19-06-39tile error, WIP state
13-02-2022-19-06-39tile error, WIP state
13-02-2022-19-06-40tile error, WIP state
13-02-2022-19-06-40tile error, WIP state
13-02-2022-19-06-40tile error, WIP state
13-02-2022-19-06-40tile error, WIP state
13-02-2022-19-06-41tile error, WIP state
13-02-2022-19-06-41tile error, WIP state
13-02-2022-19-06-41tile error, WIP state
13-02-2022-19-06-41tile error, WIP state
13-02-2022-19-06-41tile error, WIP state
13-02-2022-19-06-41tile error, WIP state
13-02-2022-19-06-41tile error, WIP state
13-02-2022-19-06-41tile error, WIP state
13-02-2022-19-06-41tile error, WIP state
13-02-2022-19-06-41tile error, WIP state
13-02-2022-19-06-41tile error, WIP state
13-02-2022-19-06-41tile error, WIP state
13-02-2022-19-06-41tile error, WIP state
13-02-2022-19-06-41tile error, WIP state
13-02-2022-19-06-41tile error, WIP state
13-02-2022-19-06-42tile error, WIP state
13-02-2022-19-06-42tile error, WIP state
13-02-2022-19-06-42tile error, WIP state
13-02-2022-19-06-42tile error, WIP state
13-02-2022-19-06-42tile error, WIP state
13-02-2022-19-06-42tile error, WIP state
13-02-2022-19-06-42tile error, WIP state
13-02-2022-19-06-42tile error, WIP state
13-02-2022-19-06-42tile error, WIP state
13-02-2022-19-06-42tile error, WIP state
13-02-2022-19-06-42tile error, WIP state
13-02-2022-19-06-42tile error, WIP state
13-02-2022-19-06-42tile error, WIP state
13-02-2022-19-06-44tile error, WIP state
13-02-2022-19-06-44tile error, WIP state
13-02-2022-19-06-44tile error, WIP state
13-02-2022-19-06-44tile error, WIP state
13-02-2022-19-06-45tile error, WIP state
13-02-2022-19-06-45tile error, WIP state
13-02-2022-19-06-45tile error, WIP state
13-02-2022-19-06-45tile error, WIP state
13-02-2022-19-06-46tile error, WIP state
13-02-2022-19-06-46tile error, WIP state
13-02-2022-19-06-46tile error, WIP state
13-02-2022-19-06-46tile error, WIP state
13-02-2022-19-06-46tile error, WIP state
13-02-2022-19-06-46tile error, WIP state
13-02-2022-19-06-46tile error, WIP state
13-02-2022-19-06-46tile error, WIP state
13-02-2022-19-06-46tile error, WIP state
13-02-2022-19-06-46tile error, WIP state
13-02-2022-19-06-46tile error, WIP state
13-02-2022-19-06-46tile error, WIP state
13-02-2022-19-06-46tile error, WIP state
13-02-2022-19-06-46tile error, WIP state
13-02-2022-19-06-46tile error, WIP state
13-02-2022-19-06-47tile error, WIP state
13-02-2022-19-06-47tile error, WIP state
13-02-2022-19-06-47tile error, WIP state
13-02-2022-19-06-47tile error, WIP state
13-02-2022-19-06-47tile error, WIP state
13-02-2022-19-06-47tile error, WIP state
13-02-2022-19-06-47tile error, WIP state
13-02-2022-19-06-47tile error, WIP state
13-02-2022-19-06-47tile error, WIP state
13-02-2022-19-06-47tile error, WIP state
13-02-2022-19-06-47tile error, WIP state
13-02-2022-19-06-47tile error, WIP state
13-02-2022-19-06-49tile error, WIP state
13-02-2022-19-06-49tile error, WIP state
13-02-2022-19-06-50tile error, WIP state
13-02-2022-19-06-50tile error, WIP state
13-02-2022-19-06-50tile error, WIP state
13-02-2022-19-06-50tile error, WIP state
13-02-2022-19-06-50tile error, WIP state
13-02-2022-19-06-50tile error, WIP state
13-02-2022-19-06-50tile error, WIP state
13-02-2022-19-06-50tile error, WIP state
13-02-2022-19-06-51tile error, WIP state
13-02-2022-19-06-51tile error, WIP state
13-02-2022-19-06-51tile error, WIP state
13-02-2022-19-06-51tile error, WIP state
13-02-2022-19-06-51tile error, WIP state
13-02-2022-19-06-51tile error, WIP state
13-02-2022-19-06-51tile error, WIP state
13-02-2022-19-06-51tile error, WIP state
13-02-2022-19-06-51tile error, WIP state
13-02-2022-19-06-51tile error, WIP state
13-02-2022-19-06-51tile error, WIP state
13-02-2022-19-06-51tile error, WIP state
13-02-2022-19-06-51tile error, WIP state
13-02-2022-19-06-51tile error, WIP state
13-02-2022-19-06-52tile error, WIP state
13-02-2022-19-06-52tile error, WIP state
13-02-2022-19-06-52tile error, WIP state
13-02-2022-19-06-52tile error, WIP state
13-02-2022-19-06-52tile error, WIP state
13-02-2022-19-06-52tile error, WIP state
13-02-2022-19-06-52tile error, WIP state
13-02-2022-19-06-52tile error, WIP state
13-02-2022-19-06-52tile error, WIP state
13-02-2022-19-06-52tile error, WIP state
13-02-2022-19-06-52tile error, WIP state
13-02-2022-19-06-54tile error, WIP state
13-02-2022-19-06-54tile error, WIP state
13-02-2022-19-06-55tile error, WIP state
13-02-2022-19-06-55tile error, WIP state
13-02-2022-19-06-55tile error, WIP state
13-02-2022-19-06-55tile error, WIP state
13-02-2022-19-06-55tile error, WIP state
13-02-2022-19-06-55tile error, WIP state
13-02-2022-19-06-55tile error, WIP state
13-02-2022-19-06-55tile error, WIP state
13-02-2022-19-06-56tile error, WIP state
13-02-2022-19-06-56tile error, WIP state
13-02-2022-19-06-56tile error, WIP state
13-02-2022-19-06-56tile error, WIP state
13-02-2022-19-06-56tile error, WIP state
13-02-2022-19-06-56tile error, WIP state
13-02-2022-19-06-56tile error, WIP state
13-02-2022-19-06-56tile error, WIP state
13-02-2022-19-06-56tile error, WIP state
13-02-2022-19-06-56tile error, WIP state
13-02-2022-19-06-56tile error, WIP state
13-02-2022-19-06-56tile error, WIP state
13-02-2022-19-06-56tile error, WIP state
13-02-2022-19-06-56tile error, WIP state
13-02-2022-19-06-57tile error, WIP state
13-02-2022-19-06-57tile error, WIP state
13-02-2022-19-06-57tile error, WIP state
13-02-2022-19-06-57tile error, WIP state
13-02-2022-19-06-57tile error, WIP state
13-02-2022-19-06-57tile error, WIP state
13-02-2022-19-06-57tile error, WIP state
13-02-2022-19-06-57tile error, WIP state
13-02-2022-19-06-57tile error, WIP state
13-02-2022-19-06-57tile error, WIP state
13-02-2022-19-06-57tile error, WIP state
13-02-2022-19-06-59tile error, WIP state
13-02-2022-19-06-59tile error, WIP state
13-02-2022-19-07-00tile error, WIP state
13-02-2022-19-07-00tile error, WIP state
13-02-2022-19-07-00tile error, WIP state
13-02-2022-19-07-00tile error, WIP state
13-02-2022-19-07-00tile error, WIP state
13-02-2022-19-07-00tile error, WIP state
13-02-2022-19-07-00tile error, WIP state
13-02-2022-19-07-00tile error, WIP state
13-02-2022-19-07-00tile error, WIP state
13-02-2022-19-07-01tile error, WIP state
13-02-2022-19-07-01tile error, WIP state
13-02-2022-19-07-01tile error, WIP state
13-02-2022-19-07-01tile error, WIP state
13-02-2022-19-07-01tile error, WIP state
13-02-2022-19-07-01tile error, WIP state
13-02-2022-19-07-01tile error, WIP state
13-02-2022-19-07-01tile error, WIP state
13-02-2022-19-07-01tile error, WIP state
13-02-2022-19-07-01tile error, WIP state
13-02-2022-19-07-01tile error, WIP state
13-02-2022-19-07-01tile error, WIP state
13-02-2022-19-07-02tile error, WIP state
13-02-2022-19-07-02tile error, WIP state
13-02-2022-19-07-02tile error, WIP state
13-02-2022-19-07-02tile error, WIP state
13-02-2022-19-07-02tile error, WIP state
13-02-2022-19-07-02tile error, WIP state
13-02-2022-19-07-02tile error, WIP state
13-02-2022-19-07-02tile error, WIP state
13-02-2022-19-07-02tile error, WIP state
13-02-2022-19-07-02tile error, WIP state
13-02-2022-19-07-02tile error, WIP state
13-02-2022-19-07-02tile error, WIP state
13-02-2022-19-07-04tile error, WIP state
13-02-2022-19-07-04tile error, WIP state
13-02-2022-19-07-05tile error, WIP state
13-02-2022-19-07-05tile error, WIP state
13-02-2022-19-07-05tile error, WIP state
13-02-2022-19-07-05tile error, WIP state
13-02-2022-19-07-05tile error, WIP state
13-02-2022-19-07-05tile error, WIP state
13-02-2022-19-07-06tile error, WIP state
13-02-2022-19-07-06tile error, WIP state
13-02-2022-19-07-06tile error, WIP state
13-02-2022-19-07-06tile error, WIP state
13-02-2022-19-07-06tile error, WIP state
13-02-2022-19-07-06tile error, WIP state
13-02-2022-19-07-06tile error, WIP state
13-02-2022-19-07-06tile error, WIP state
13-02-2022-19-07-06tile error, WIP state
13-02-2022-19-07-06tile error, WIP state
13-02-2022-19-07-06tile error, WIP state
13-02-2022-19-07-06tile error, WIP state
13-02-2022-19-07-06tile error, WIP state
13-02-2022-19-07-07tile error, WIP state
13-02-2022-19-07-07tile error, WIP state
13-02-2022-19-07-07tile error, WIP state
13-02-2022-19-07-07tile error, WIP state
13-02-2022-19-07-07tile error, WIP state
13-02-2022-19-07-07tile error, WIP state
13-02-2022-19-07-07tile error, WIP state
13-02-2022-19-07-07tile error, WIP state
13-02-2022-19-07-07tile error, WIP state
13-02-2022-19-07-07tile error, WIP state
13-02-2022-19-07-07tile error, WIP state
13-02-2022-19-07-07tile error, WIP state
13-02-2022-19-07-07tile error, WIP state
13-02-2022-19-07-08tile error, WIP state
13-02-2022-19-07-09tile error, WIP state
13-02-2022-19-07-09tile error, WIP state
13-02-2022-19-07-10tile error, WIP state
13-02-2022-19-07-10tile error, WIP state
13-02-2022-19-07-10tile error, WIP state
13-02-2022-19-07-10tile error, WIP state
13-02-2022-19-07-11tile error, WIP state
13-02-2022-19-07-11tile error, WIP state
13-02-2022-19-07-11tile error, WIP state
13-02-2022-19-07-11tile error, WIP state
13-02-2022-19-07-11tile error, WIP state
13-02-2022-19-07-11tile error, WIP state
13-02-2022-19-07-11tile error, WIP state
13-02-2022-19-07-11tile error, WIP state
13-02-2022-19-07-11tile error, WIP state
13-02-2022-19-07-11tile error, WIP state
13-02-2022-19-07-11tile error, WIP state
13-02-2022-19-07-11tile error, WIP state
13-02-2022-19-07-11tile error, WIP state
13-02-2022-19-07-11tile error, WIP state
13-02-2022-19-07-12tile error, WIP state
13-02-2022-19-07-12tile error, WIP state
13-02-2022-19-07-12tile error, WIP state
13-02-2022-19-07-12tile error, WIP state
13-02-2022-19-07-12tile error, WIP state
13-02-2022-19-07-12tile error, WIP state
13-02-2022-19-07-12tile error, WIP state
13-02-2022-19-07-12tile error, WIP state
13-02-2022-19-07-12tile error, WIP state
13-02-2022-19-07-12tile error, WIP state
13-02-2022-19-07-12tile error, WIP state
13-02-2022-19-07-12tile error, WIP state
13-02-2022-19-07-12tile error, WIP state
13-02-2022-19-07-13tile error, WIP state
13-02-2022-19-07-13tile error, WIP state
13-02-2022-19-07-14tile error, WIP state
13-02-2022-19-07-15tile error, WIP state
13-02-2022-19-31-47tile error, WIP state
13-02-2022-19-31-48tile error, WIP state
13-02-2022-19-31-48tile error, WIP state
13-02-2022-19-31-48tile error, WIP state
13-02-2022-19-31-48tile error, WIP state
13-02-2022-19-31-48tile error, WIP state
13-02-2022-19-31-49tile error, WIP state
13-02-2022-19-31-49tile error, WIP state
13-02-2022-19-31-49tile error, WIP state
13-02-2022-19-31-49tile error, WIP state
13-02-2022-19-31-49tile error, WIP state
13-02-2022-19-31-49tile error, WIP state
13-02-2022-19-31-49tile error, WIP state
13-02-2022-19-31-49tile error, WIP state
13-02-2022-19-31-49tile error, WIP state
13-02-2022-19-31-49tile error, WIP state
13-02-2022-19-31-49tile error, WIP state
13-02-2022-19-31-49tile error, WIP state
13-02-2022-19-31-49tile error, WIP state
13-02-2022-19-31-49tile error, WIP state
13-02-2022-19-31-49tile error, WIP state
13-02-2022-19-31-49tile error, WIP state
13-02-2022-19-31-50tile error, WIP state
13-02-2022-19-31-50tile error, WIP state
13-02-2022-19-31-50tile error, WIP state
13-02-2022-19-31-50tile error, WIP state
13-02-2022-19-31-50tile error, WIP state
13-02-2022-19-31-50tile error, WIP state
13-02-2022-19-31-50tile error, WIP state
13-02-2022-19-31-50tile error, WIP state
13-02-2022-19-31-50tile error, WIP state
13-02-2022-19-31-50tile error, WIP state
13-02-2022-19-31-50tile error, WIP state
13-02-2022-19-31-50tile error, WIP state
13-02-2022-19-31-50tile error, WIP state
13-02-2022-19-31-52tile error, WIP state
13-02-2022-19-31-52tile error, WIP state
13-02-2022-19-31-52tile error, WIP state
13-02-2022-19-31-52tile error, WIP state
13-02-2022-19-31-53tile error, WIP state
13-02-2022-19-31-53tile error, WIP state
13-02-2022-19-31-53tile error, WIP state
13-02-2022-19-31-53tile error, WIP state
13-02-2022-19-31-53tile error, WIP state
13-02-2022-19-31-53tile error, WIP state
13-02-2022-19-31-53tile error, WIP state
13-02-2022-19-31-54tile error, WIP state
13-02-2022-19-31-54tile error, WIP state
13-02-2022-19-31-54tile error, WIP state
13-02-2022-19-31-54tile error, WIP state
13-02-2022-19-31-54tile error, WIP state
13-02-2022-19-31-54tile error, WIP state
13-02-2022-19-31-54tile error, WIP state
13-02-2022-19-31-54tile error, WIP state
13-02-2022-19-31-54tile error, WIP state
13-02-2022-19-31-54tile error, WIP state
13-02-2022-19-31-54tile error, WIP state
13-02-2022-19-31-54tile error, WIP state
13-02-2022-19-31-54tile error, WIP state
13-02-2022-19-31-54tile error, WIP state
13-02-2022-19-31-54tile error, WIP state
13-02-2022-19-31-55tile error, WIP state
13-02-2022-19-31-55tile error, WIP state
13-02-2022-19-31-55tile error, WIP state
13-02-2022-19-31-55tile error, WIP state
13-02-2022-19-31-55tile error, WIP state
13-02-2022-19-31-55tile error, WIP state
13-02-2022-19-31-55tile error, WIP state
13-02-2022-19-31-55tile error, WIP state
13-02-2022-19-31-55tile error, WIP state
13-02-2022-19-31-57tile error, WIP state
13-02-2022-19-31-57tile error, WIP state
13-02-2022-19-31-57tile error, WIP state
13-02-2022-19-31-57tile error, WIP state
13-02-2022-19-31-57tile error, WIP state
13-02-2022-19-31-58tile error, WIP state
13-02-2022-19-31-58tile error, WIP state
13-02-2022-19-31-58tile error, WIP state
13-02-2022-19-31-58tile error, WIP state
13-02-2022-19-31-58tile error, WIP state
13-02-2022-19-31-58tile error, WIP state
13-02-2022-19-31-58tile error, WIP state
13-02-2022-19-31-58tile error, WIP state
13-02-2022-19-31-58tile error, WIP state
13-02-2022-19-31-59tile error, WIP state
13-02-2022-19-31-59tile error, WIP state
13-02-2022-19-31-59tile error, WIP state
13-02-2022-19-31-59tile error, WIP state
13-02-2022-19-31-59tile error, WIP state
13-02-2022-19-31-59tile error, WIP state
13-02-2022-19-31-59tile error, WIP state
13-02-2022-19-31-59tile error, WIP state
13-02-2022-19-31-59tile error, WIP state
13-02-2022-19-31-59tile error, WIP state
13-02-2022-19-31-59tile error, WIP state
13-02-2022-19-31-59tile error, WIP state
13-02-2022-19-31-59tile error, WIP state
13-02-2022-19-31-59tile error, WIP state
13-02-2022-19-31-59tile error, WIP state
13-02-2022-19-31-59tile error, WIP state
13-02-2022-19-32-00tile error, WIP state
13-02-2022-19-32-00tile error, WIP state
13-02-2022-19-32-00tile error, WIP state
13-02-2022-19-32-00tile error, WIP state
13-02-2022-19-32-00tile error, WIP state
13-02-2022-19-32-02tile error, WIP state
13-02-2022-19-32-02tile error, WIP state
13-02-2022-19-32-02tile error, WIP state
13-02-2022-19-32-02tile error, WIP state
13-02-2022-19-32-02tile error, WIP state
13-02-2022-19-32-03tile error, WIP state
13-02-2022-19-32-03tile error, WIP state
13-02-2022-19-32-03tile error, WIP state
13-02-2022-19-32-03tile error, WIP state
13-02-2022-19-32-03tile error, WIP state
13-02-2022-19-32-03tile error, WIP state
13-02-2022-19-32-03tile error, WIP state
13-02-2022-19-32-03tile error, WIP state
13-02-2022-19-32-03tile error, WIP state
13-02-2022-19-32-03tile error, WIP state
13-02-2022-19-32-03tile error, WIP state
13-02-2022-19-32-03tile error, WIP state
13-02-2022-19-32-03tile error, WIP state
13-02-2022-19-32-04tile error, WIP state
13-02-2022-19-32-04tile error, WIP state
13-02-2022-19-32-04tile error, WIP state
13-02-2022-19-32-04tile error, WIP state
13-02-2022-19-32-04tile error, WIP state
13-02-2022-19-32-04tile error, WIP state
13-02-2022-19-32-04tile error, WIP state
13-02-2022-19-32-04tile error, WIP state
13-02-2022-19-32-04tile error, WIP state
13-02-2022-19-32-04tile error, WIP state
13-02-2022-19-32-04tile error, WIP state
13-02-2022-19-32-04tile error, WIP state
13-02-2022-19-32-04tile error, WIP state
13-02-2022-19-32-04tile error, WIP state
13-02-2022-19-32-05tile error, WIP state
13-02-2022-19-32-05tile error, WIP state
13-02-2022-19-32-05tile error, WIP state
13-02-2022-19-32-06tile error, WIP state
13-02-2022-19-32-07tile error, WIP state
13-02-2022-19-32-07tile error, WIP state
13-02-2022-19-32-07tile error, WIP state
13-02-2022-19-32-07tile error, WIP state
13-02-2022-19-32-07tile error, WIP state
13-02-2022-19-32-08tile error, WIP state
13-02-2022-19-32-08tile error, WIP state
13-02-2022-19-32-08tile error, WIP state
13-02-2022-19-32-08tile error, WIP state
13-02-2022-19-32-08tile error, WIP state
13-02-2022-19-32-08tile error, WIP state
13-02-2022-19-32-08tile error, WIP state
13-02-2022-19-32-08tile error, WIP state
13-02-2022-19-32-08tile error, WIP state
13-02-2022-19-32-08tile error, WIP state
13-02-2022-19-32-08tile error, WIP state
13-02-2022-19-32-08tile error, WIP state
13-02-2022-19-32-08tile error, WIP state
13-02-2022-19-32-08tile error, WIP state
13-02-2022-19-32-08tile error, WIP state
13-02-2022-19-32-09tile error, WIP state
13-02-2022-19-32-09tile error, WIP state
13-02-2022-19-32-09tile error, WIP state
13-02-2022-19-32-09tile error, WIP state
13-02-2022-19-32-09tile error, WIP state
13-02-2022-19-32-09tile error, WIP state
13-02-2022-19-32-09tile error, WIP state
13-02-2022-19-32-09tile error, WIP state
13-02-2022-19-32-09tile error, WIP state
13-02-2022-19-32-09tile error, WIP state
13-02-2022-19-32-09tile error, WIP state
13-02-2022-19-32-09tile error, WIP state
13-02-2022-19-32-09tile error, WIP state
13-02-2022-19-32-09tile error, WIP state
13-02-2022-19-32-11tile error, WIP state
13-02-2022-19-32-12tile error, WIP state
13-02-2022-19-32-12tile error, WIP state
13-02-2022-19-32-12tile error, WIP state
13-02-2022-19-32-12tile error, WIP state
13-02-2022-19-32-12tile error, WIP state
13-02-2022-19-32-13tile error, WIP state
13-02-2022-19-32-13tile error, WIP state
13-02-2022-19-32-13tile error, WIP state
13-02-2022-19-32-13tile error, WIP state
13-02-2022-19-32-13tile error, WIP state
13-02-2022-19-32-13tile error, WIP state
13-02-2022-19-32-13tile error, WIP state
13-02-2022-19-32-13tile error, WIP state
13-02-2022-19-32-13tile error, WIP state
13-02-2022-19-32-13tile error, WIP state
13-02-2022-19-32-13tile error, WIP state
13-02-2022-19-32-13tile error, WIP state
13-02-2022-19-32-13tile error, WIP state
13-02-2022-19-32-13tile error, WIP state
13-02-2022-19-32-14tile error, WIP state
13-02-2022-19-32-14tile error, WIP state
13-02-2022-19-32-14tile error, WIP state
13-02-2022-19-32-14tile error, WIP state
13-02-2022-19-32-14tile error, WIP state
13-02-2022-19-32-14tile error, WIP state
13-02-2022-19-32-14tile error, WIP state
13-02-2022-19-32-14tile error, WIP state
13-02-2022-19-32-14tile error, WIP state
13-02-2022-19-32-14tile error, WIP state
13-02-2022-19-32-14tile error, WIP state
13-02-2022-19-32-14tile error, WIP state
13-02-2022-19-32-14tile error, WIP state
13-02-2022-19-32-14tile error, WIP state
13-02-2022-19-32-15tile error, WIP state
13-02-2022-19-32-16tile error, WIP state
13-02-2022-19-32-16tile error, WIP state
13-02-2022-19-32-16tile error, WIP state
13-02-2022-19-32-16tile error, WIP state
13-02-2022-19-32-17tile error, WIP state
13-02-2022-19-32-17tile error, WIP state
13-02-2022-19-32-17tile error, WIP state
13-02-2022-19-32-17tile error, WIP state
13-02-2022-19-32-17tile error, WIP state
13-02-2022-19-32-18tile error, WIP state
13-02-2022-19-32-18tile error, WIP state
13-02-2022-19-32-18tile error, WIP state
13-02-2022-19-32-18tile error, WIP state
13-02-2022-19-32-18tile error, WIP state
13-02-2022-19-32-18tile error, WIP state
13-02-2022-19-32-18tile error, WIP state
13-02-2022-19-32-18tile error, WIP state
13-02-2022-19-32-18tile error, WIP state
13-02-2022-19-32-18tile error, WIP state
13-02-2022-19-32-18tile error, WIP state
13-02-2022-19-32-18tile error, WIP state
13-02-2022-19-32-18tile error, WIP state
13-02-2022-19-32-19tile error, WIP state
13-02-2022-19-32-19tile error, WIP state
13-02-2022-19-32-19tile error, WIP state
13-02-2022-19-32-19tile error, WIP state
13-02-2022-19-32-19tile error, WIP state
13-02-2022-19-32-19tile error, WIP state
13-02-2022-19-32-19tile error, WIP state
13-02-2022-19-32-19tile error, WIP state
13-02-2022-19-32-19tile error, WIP state
13-02-2022-19-32-19tile error, WIP state
13-02-2022-19-32-19tile error, WIP state
13-02-2022-19-32-19tile error, WIP state
13-02-2022-19-32-19tile error, WIP state
13-02-2022-19-32-21tile error, WIP state
13-02-2022-19-32-21tile error, WIP state
13-02-2022-19-32-22tile error, WIP state
13-02-2022-19-32-22tile error, WIP state
13-02-2022-19-32-22tile error, WIP state
13-02-2022-19-32-22tile error, WIP state
13-02-2022-19-32-22tile error, WIP state
13-02-2022-19-32-22tile error, WIP state
13-02-2022-19-32-22tile error, WIP state
13-02-2022-19-32-22tile error, WIP state
13-02-2022-19-32-23tile error, WIP state
13-02-2022-19-32-23tile error, WIP state
13-02-2022-19-32-23tile error, WIP state
13-02-2022-19-32-23tile error, WIP state
13-02-2022-19-32-23tile error, WIP state
13-02-2022-19-32-23tile error, WIP state
13-02-2022-19-32-23tile error, WIP state
13-02-2022-19-32-23tile error, WIP state
13-02-2022-19-32-23tile error, WIP state
13-02-2022-19-32-23tile error, WIP state
13-02-2022-19-32-23tile error, WIP state
13-02-2022-19-32-23tile error, WIP state
13-02-2022-19-32-23tile error, WIP state
13-02-2022-19-32-23tile error, WIP state
13-02-2022-19-32-24tile error, WIP state
13-02-2022-19-32-24tile error, WIP state
13-02-2022-19-32-24tile error, WIP state
13-02-2022-19-32-24tile error, WIP state
13-02-2022-19-32-24tile error, WIP state
13-02-2022-19-32-24tile error, WIP state
13-02-2022-19-32-24tile error, WIP state
13-02-2022-19-32-24tile error, WIP state
13-02-2022-19-32-24tile error, WIP state
13-02-2022-19-32-24tile error, WIP state
13-02-2022-19-32-24tile error, WIP state
13-02-2022-19-32-26tile error, WIP state
13-02-2022-19-32-26tile error, WIP state
13-02-2022-19-32-26tile error, WIP state
13-02-2022-19-32-26tile error, WIP state
13-02-2022-19-32-27tile error, WIP state
13-02-2022-19-32-27tile error, WIP state
13-02-2022-19-32-27tile error, WIP state
13-02-2022-19-32-27tile error, WIP state
13-02-2022-19-32-27tile error, WIP state
13-02-2022-19-32-27tile error, WIP state
13-02-2022-19-32-27tile error, WIP state
13-02-2022-19-32-28tile error, WIP state
13-02-2022-19-32-28tile error, WIP state
13-02-2022-19-32-28tile error, WIP state
13-02-2022-19-32-28tile error, WIP state
13-02-2022-19-32-28tile error, WIP state
13-02-2022-19-32-28tile error, WIP state
13-02-2022-19-32-28tile error, WIP state
13-02-2022-19-32-28tile error, WIP state
13-02-2022-19-32-28tile error, WIP state
13-02-2022-19-32-28tile error, WIP state
13-02-2022-19-32-28tile error, WIP state
13-02-2022-19-32-28tile error, WIP state
13-02-2022-19-32-28tile error, WIP state
13-02-2022-19-32-29tile error, WIP state
13-02-2022-19-32-29tile error, WIP state
13-02-2022-19-32-29tile error, WIP state
13-02-2022-19-32-29tile error, WIP state
13-02-2022-19-32-29tile error, WIP state
13-02-2022-19-32-29tile error, WIP state
13-02-2022-19-32-29tile error, WIP state
13-02-2022-19-32-29tile error, WIP state
13-02-2022-19-32-29tile error, WIP state
13-02-2022-19-32-29tile error, WIP state
13-02-2022-19-32-29tile error, WIP state
13-02-2022-19-32-31tile error, WIP state
13-02-2022-19-32-31tile error, WIP state
13-02-2022-19-32-32tile error, WIP state
13-02-2022-19-32-32tile error, WIP state
13-02-2022-19-32-32tile error, WIP state
13-02-2022-19-32-32tile error, WIP state
13-02-2022-19-32-32tile error, WIP state
13-02-2022-19-32-33tile error, WIP state
13-02-2022-19-32-33tile error, WIP state
13-02-2022-19-32-33tile error, WIP state
13-02-2022-19-32-33tile error, WIP state
13-02-2022-19-32-33tile error, WIP state
13-02-2022-19-32-33tile error, WIP state
13-02-2022-19-32-33tile error, WIP state
13-02-2022-19-32-33tile error, WIP state
13-02-2022-19-32-33tile error, WIP state
13-02-2022-19-32-33tile error, WIP state
13-02-2022-19-32-33tile error, WIP state
13-02-2022-19-32-33tile error, WIP state
13-02-2022-19-32-33tile error, WIP state
13-02-2022-19-32-33tile error, WIP state
13-02-2022-19-32-34tile error, WIP state
13-02-2022-19-32-34tile error, WIP state
13-02-2022-19-32-34tile error, WIP state
13-02-2022-19-32-34tile error, WIP state
13-02-2022-19-32-34tile error, WIP state
13-02-2022-19-32-34tile error, WIP state
13-02-2022-19-32-34tile error, WIP state
13-02-2022-19-32-34tile error, WIP state
13-02-2022-19-32-34tile error, WIP state
13-02-2022-19-32-34tile error, WIP state
13-02-2022-19-32-34tile error, WIP state
13-02-2022-19-32-34tile error, WIP state
13-02-2022-19-32-34tile error, WIP state
13-02-2022-19-32-34tile error, WIP state
13-02-2022-19-32-36tile error, WIP state
13-02-2022-19-32-36tile error, WIP state
13-02-2022-19-32-36tile error, WIP state
13-02-2022-19-32-36tile error, WIP state
13-02-2022-19-32-37tile error, WIP state
13-02-2022-19-32-37tile error, WIP state
13-02-2022-19-32-37tile error, WIP state
13-02-2022-19-32-37tile error, WIP state
13-02-2022-19-32-37tile error, WIP state
13-02-2022-19-32-37tile error, WIP state
13-02-2022-19-32-38tile error, WIP state
13-02-2022-19-32-38tile error, WIP state
13-02-2022-19-32-38tile error, WIP state
13-02-2022-19-32-38tile error, WIP state
13-02-2022-19-32-38tile error, WIP state
13-02-2022-19-32-38tile error, WIP state
13-02-2022-19-32-38tile error, WIP state
13-02-2022-19-32-38tile error, WIP state
13-02-2022-19-32-38tile error, WIP state
13-02-2022-19-32-38tile error, WIP state
13-02-2022-19-32-38tile error, WIP state
13-02-2022-19-32-38tile error, WIP state
13-02-2022-19-32-38tile error, WIP state
13-02-2022-19-32-38tile error, WIP state
13-02-2022-19-32-39tile error, WIP state
13-02-2022-19-32-39tile error, WIP state
13-02-2022-19-32-39tile error, WIP state
13-02-2022-19-32-39tile error, WIP state
13-02-2022-19-32-39tile error, WIP state
13-02-2022-19-32-39tile error, WIP state
13-02-2022-19-32-39tile error, WIP state
13-02-2022-19-32-39tile error, WIP state
13-02-2022-19-32-39tile error, WIP state
13-02-2022-19-32-39tile error, WIP state
13-02-2022-19-32-39tile error, WIP state
13-02-2022-19-32-41tile error, WIP state
13-02-2022-19-32-41tile error, WIP state
13-02-2022-19-32-41tile error, WIP state
13-02-2022-19-32-42tile error, WIP state
13-02-2022-19-32-42tile error, WIP state
13-02-2022-19-32-42tile error, WIP state
13-02-2022-19-32-42tile error, WIP state
13-02-2022-19-32-42tile error, WIP state
13-02-2022-19-32-42tile error, WIP state
13-02-2022-19-32-43tile error, WIP state
13-02-2022-19-32-43tile error, WIP state
13-02-2022-19-32-43tile error, WIP state
13-02-2022-19-32-43tile error, WIP state
13-02-2022-19-32-43tile error, WIP state
13-02-2022-19-32-43tile error, WIP state
13-02-2022-19-32-43tile error, WIP state
13-02-2022-19-32-43tile error, WIP state
13-02-2022-19-32-43tile error, WIP state
13-02-2022-19-32-43tile error, WIP state
13-02-2022-19-32-43tile error, WIP state
13-02-2022-19-32-43tile error, WIP state
13-02-2022-19-32-43tile error, WIP state
13-02-2022-19-32-43tile error, WIP state
13-02-2022-19-32-43tile error, WIP state
13-02-2022-19-32-44tile error, WIP state
13-02-2022-19-32-44tile error, WIP state
13-02-2022-19-32-44tile error, WIP state
13-02-2022-19-32-44tile error, WIP state
13-02-2022-19-32-44tile error, WIP state
13-02-2022-19-32-44tile error, WIP state
13-02-2022-19-32-44tile error, WIP state
13-02-2022-19-32-44tile error, WIP state
13-02-2022-19-32-44tile error, WIP state
13-02-2022-19-32-44tile error, WIP state
13-02-2022-19-32-44tile error, WIP state
13-02-2022-19-32-46tile error, WIP state
13-02-2022-19-32-46tile error, WIP state
13-02-2022-19-32-47tile error, WIP state
13-02-2022-19-32-47tile error, WIP state
13-02-2022-19-32-47tile error, WIP state
13-02-2022-19-32-47tile error, WIP state
13-02-2022-19-32-47tile error, WIP state
13-02-2022-19-32-47tile error, WIP state
13-02-2022-19-32-47tile error, WIP state
13-02-2022-19-32-47tile error, WIP state
13-02-2022-19-32-48tile error, WIP state
13-02-2022-19-32-48tile error, WIP state
13-02-2022-19-32-48tile error, WIP state
13-02-2022-19-32-48tile error, WIP state
13-02-2022-19-32-48tile error, WIP state
13-02-2022-19-32-48tile error, WIP state
13-02-2022-19-32-48tile error, WIP state
13-02-2022-19-32-48tile error, WIP state
13-02-2022-19-32-48tile error, WIP state
13-02-2022-19-32-48tile error, WIP state
13-02-2022-19-32-48tile error, WIP state
13-02-2022-19-32-48tile error, WIP state
13-02-2022-19-32-48tile error, WIP state
13-02-2022-19-32-48tile error, WIP state
13-02-2022-19-32-49tile error, WIP state
13-02-2022-19-32-49tile error, WIP state
13-02-2022-19-32-49tile error, WIP state
13-02-2022-19-32-49tile error, WIP state
13-02-2022-19-32-49tile error, WIP state
13-02-2022-19-32-49tile error, WIP state
13-02-2022-19-32-49tile error, WIP state
13-02-2022-19-32-49tile error, WIP state
13-02-2022-19-32-49tile error, WIP state
13-02-2022-19-32-49tile error, WIP state
13-02-2022-19-32-49tile error, WIP state
13-02-2022-19-32-51tile error, WIP state
13-02-2022-19-32-51tile error, WIP state
13-02-2022-19-32-51tile error, WIP state
13-02-2022-19-32-52tile error, WIP state
13-02-2022-19-32-52tile error, WIP state
13-02-2022-19-32-52tile error, WIP state
13-02-2022-19-32-52tile error, WIP state
13-02-2022-19-32-52tile error, WIP state
13-02-2022-19-32-52tile error, WIP state
13-02-2022-19-32-53tile error, WIP state
13-02-2022-19-32-53tile error, WIP state
13-02-2022-19-32-53tile error, WIP state
13-02-2022-19-32-53tile error, WIP state
13-02-2022-19-32-53tile error, WIP state
13-02-2022-19-32-53tile error, WIP state
13-02-2022-19-32-53tile error, WIP state
13-02-2022-19-32-53tile error, WIP state
13-02-2022-19-32-53tile error, WIP state
13-02-2022-19-32-53tile error, WIP state
13-02-2022-19-32-53tile error, WIP state
13-02-2022-19-32-53tile error, WIP state
13-02-2022-19-32-53tile error, WIP state
13-02-2022-19-32-53tile error, WIP state
13-02-2022-19-32-53tile error, WIP state
13-02-2022-19-32-54tile error, WIP state
13-02-2022-19-32-54tile error, WIP state
13-02-2022-19-32-54tile error, WIP state
13-02-2022-19-32-54tile error, WIP state
13-02-2022-19-32-54tile error, WIP state
13-02-2022-19-32-54tile error, WIP state
13-02-2022-19-32-54tile error, WIP state
13-02-2022-19-32-54tile error, WIP state
13-02-2022-19-32-54tile error, WIP state
13-02-2022-19-32-54tile error, WIP state
13-02-2022-19-32-54tile error, WIP state
13-02-2022-19-32-56tile error, WIP state
13-02-2022-19-32-56tile error, WIP state
13-02-2022-19-32-57tile error, WIP state
13-02-2022-19-32-57tile error, WIP state
13-02-2022-19-32-57tile error, WIP state
13-02-2022-19-32-57tile error, WIP state
13-02-2022-19-32-57tile error, WIP state
13-02-2022-19-32-58tile error, WIP state
13-02-2022-19-32-58tile error, WIP state
13-02-2022-19-32-58tile error, WIP state
13-02-2022-19-32-58tile error, WIP state
13-02-2022-19-32-58tile error, WIP state
13-02-2022-19-32-58tile error, WIP state
13-02-2022-19-32-58tile error, WIP state
13-02-2022-19-32-58tile error, WIP state
13-02-2022-19-32-58tile error, WIP state
13-02-2022-19-32-58tile error, WIP state
13-02-2022-19-32-58tile error, WIP state
13-02-2022-19-32-58tile error, WIP state
13-02-2022-19-32-58tile error, WIP state
13-02-2022-19-32-59tile error, WIP state
13-02-2022-19-32-59tile error, WIP state
13-02-2022-19-32-59tile error, WIP state
13-02-2022-19-32-59tile error, WIP state
13-02-2022-19-32-59tile error, WIP state
13-02-2022-19-32-59tile error, WIP state
13-02-2022-19-32-59tile error, WIP state
13-02-2022-19-32-59tile error, WIP state
13-02-2022-19-32-59tile error, WIP state
13-02-2022-19-32-59tile error, WIP state
13-02-2022-19-32-59tile error, WIP state
13-02-2022-19-32-59tile error, WIP state
13-02-2022-19-32-59tile error, WIP state
13-02-2022-19-32-59tile error, WIP state
13-02-2022-19-33-00tile error, WIP state
13-02-2022-19-33-01tile error, WIP state
13-02-2022-19-33-02tile error, WIP state
13-02-2022-19-33-02tile error, WIP state
13-02-2022-19-33-02tile error, WIP state
13-02-2022-19-33-02tile error, WIP state
13-02-2022-19-33-03tile error, WIP state
13-02-2022-19-33-03tile error, WIP state
13-02-2022-19-33-03tile error, WIP state
13-02-2022-19-33-03tile error, WIP state
13-02-2022-19-33-03tile error, WIP state
13-02-2022-19-33-03tile error, WIP state
13-02-2022-19-33-03tile error, WIP state
13-02-2022-19-33-03tile error, WIP state
13-02-2022-19-33-03tile error, WIP state
13-02-2022-19-33-03tile error, WIP state
13-02-2022-19-33-03tile error, WIP state
13-02-2022-19-33-03tile error, WIP state
13-02-2022-19-33-03tile error, WIP state
13-02-2022-19-33-04tile error, WIP state
13-02-2022-19-33-04tile error, WIP state
13-02-2022-19-33-04tile error, WIP state
13-02-2022-19-33-04tile error, WIP state
13-02-2022-19-33-04tile error, WIP state
13-02-2022-19-33-04tile error, WIP state
13-02-2022-19-33-04tile error, WIP state
13-02-2022-19-33-04tile error, WIP state
13-02-2022-19-33-04tile error, WIP state
13-02-2022-19-33-04tile error, WIP state
13-02-2022-19-33-04tile error, WIP state
13-02-2022-19-33-04tile error, WIP state
13-02-2022-19-33-04tile error, WIP state
13-02-2022-19-33-04tile error, WIP state
13-02-2022-19-33-05tile error, WIP state
13-02-2022-19-33-05tile error, WIP state
13-02-2022-19-33-05tile error, WIP state
13-02-2022-19-33-07tile error, WIP state
13-02-2022-19-33-07tile error, WIP state
13-02-2022-19-33-07tile error, WIP state
13-02-2022-19-33-08tile error, WIP state
13-02-2022-19-33-08tile error, WIP state
13-02-2022-19-33-08tile error, WIP state
13-02-2022-19-33-09tile error, WIP state
13-02-2022-19-33-09tile error, WIP state
13-02-2022-19-33-09tile error, WIP state
13-02-2022-19-33-09tile error, WIP state
13-02-2022-19-33-09tile error, WIP state
13-02-2022-19-33-09tile error, WIP state
13-02-2022-19-33-09tile error, WIP state
13-02-2022-19-33-09tile error, WIP state
13-02-2022-19-33-09tile error, WIP state
13-02-2022-19-33-09tile error, WIP state
13-02-2022-19-33-09tile error, WIP state
13-02-2022-19-33-09tile error, WIP state
13-02-2022-19-33-09tile error, WIP state
13-02-2022-19-33-09tile error, WIP state
13-02-2022-19-33-09tile error, WIP state
13-02-2022-19-33-10tile error, WIP state
13-02-2022-19-33-10tile error, WIP state
13-02-2022-19-33-10tile error, WIP state
13-02-2022-19-33-10tile error, WIP state
13-02-2022-19-33-10tile error, WIP state
13-02-2022-19-33-10tile error, WIP state
13-02-2022-19-33-10tile error, WIP state
13-02-2022-19-33-10tile error, WIP state
13-02-2022-19-33-10tile error, WIP state
13-02-2022-19-33-10tile error, WIP state
13-02-2022-19-33-10tile error, WIP state
13-02-2022-19-33-10tile error, WIP state
13-02-2022-19-33-10tile error, WIP state
13-02-2022-19-33-10tile error, WIP state
13-02-2022-19-33-12tile error, WIP state
13-02-2022-19-33-13tile error, WIP state
13-02-2022-19-33-13tile error, WIP state
13-02-2022-19-33-13tile error, WIP state
13-02-2022-19-33-13tile error, WIP state
13-02-2022-19-33-13tile error, WIP state
13-02-2022-19-33-13tile error, WIP state
13-02-2022-19-33-13tile error, WIP state
13-02-2022-19-33-14tile error, WIP state
13-02-2022-19-33-14tile error, WIP state
13-02-2022-19-33-14tile error, WIP state
13-02-2022-19-33-14tile error, WIP state
13-02-2022-19-33-14tile error, WIP state
13-02-2022-19-33-14tile error, WIP state
13-02-2022-19-33-14tile error, WIP state
13-02-2022-19-33-14tile error, WIP state
13-02-2022-19-33-14tile error, WIP state
13-02-2022-19-33-14tile error, WIP state
13-02-2022-19-33-14tile error, WIP state
13-02-2022-19-33-14tile error, WIP state
13-02-2022-19-33-14tile error, WIP state
13-02-2022-19-33-14tile error, WIP state
13-02-2022-19-33-14tile error, WIP state
13-02-2022-19-33-15tile error, WIP state
13-02-2022-19-33-15tile error, WIP state
13-02-2022-19-33-15tile error, WIP state
13-02-2022-19-33-15tile error, WIP state
13-02-2022-19-33-15tile error, WIP state
13-02-2022-19-33-15tile error, WIP state
13-02-2022-19-33-15tile error, WIP state
13-02-2022-19-33-15tile error, WIP state
13-02-2022-19-33-15tile error, WIP state
13-02-2022-19-33-15tile error, WIP state
13-02-2022-19-33-15tile error, WIP state
13-02-2022-19-33-15tile error, WIP state
13-02-2022-19-33-17tile error, WIP state
13-02-2022-19-33-17tile error, WIP state
13-02-2022-19-33-17tile error, WIP state
13-02-2022-19-33-17tile error, WIP state
13-02-2022-19-33-18tile error, WIP state
13-02-2022-19-33-18tile error, WIP state
13-02-2022-19-33-18tile error, WIP state
13-02-2022-19-33-19tile error, WIP state
13-02-2022-19-33-19tile error, WIP state
13-02-2022-19-33-19tile error, WIP state
13-02-2022-19-33-19tile error, WIP state
13-02-2022-19-33-19tile error, WIP state
13-02-2022-19-33-19tile error, WIP state
13-02-2022-19-33-19tile error, WIP state
13-02-2022-19-33-19tile error, WIP state
13-02-2022-19-33-19tile error, WIP state
13-02-2022-19-33-19tile error, WIP state
13-02-2022-19-33-19tile error, WIP state
13-02-2022-19-33-19tile error, WIP state
13-02-2022-19-33-19tile error, WIP state
13-02-2022-19-33-19tile error, WIP state
13-02-2022-19-33-19tile error, WIP state
13-02-2022-19-33-20tile error, WIP state
13-02-2022-19-33-20tile error, WIP state
13-02-2022-19-33-20tile error, WIP state
13-02-2022-19-33-20tile error, WIP state
13-02-2022-19-33-20tile error, WIP state
13-02-2022-19-33-20tile error, WIP state
13-02-2022-19-33-20tile error, WIP state
13-02-2022-19-33-20tile error, WIP state
13-02-2022-19-33-20tile error, WIP state
13-02-2022-19-33-20tile error, WIP state
13-02-2022-19-33-20tile error, WIP state
13-02-2022-19-33-20tile error, WIP state
13-02-2022-19-33-20tile error, WIP state
13-02-2022-19-33-22tile error, WIP state
13-02-2022-19-33-22tile error, WIP state
13-02-2022-19-33-22tile error, WIP state
13-02-2022-19-33-22tile error, WIP state
13-02-2022-19-33-22tile error, WIP state
13-02-2022-19-33-23tile error, WIP state
13-02-2022-19-33-23tile error, WIP state
13-02-2022-19-33-23tile error, WIP state
13-02-2022-19-33-23tile error, WIP state
13-02-2022-19-33-23tile error, WIP state
13-02-2022-19-33-23tile error, WIP state
13-02-2022-19-33-23tile error, WIP state
13-02-2022-19-33-23tile error, WIP state
13-02-2022-19-33-23tile error, WIP state
13-02-2022-19-33-24tile error, WIP state
13-02-2022-19-33-24tile error, WIP state
13-02-2022-19-33-24tile error, WIP state
13-02-2022-19-33-24tile error, WIP state
13-02-2022-19-33-24tile error, WIP state
13-02-2022-19-33-24tile error, WIP state
13-02-2022-19-33-24tile error, WIP state
13-02-2022-19-33-24tile error, WIP state
13-02-2022-19-33-24tile error, WIP state
13-02-2022-19-33-25tile error, WIP state
13-02-2022-19-33-25tile error, WIP state
13-02-2022-19-33-25tile error, WIP state
13-02-2022-19-33-25tile error, WIP state
13-02-2022-19-33-25tile error, WIP state
13-02-2022-19-33-25tile error, WIP state
13-02-2022-19-33-25tile error, WIP state
13-02-2022-19-33-25tile error, WIP state
13-02-2022-19-33-25tile error, WIP state
13-02-2022-19-33-25tile error, WIP state
13-02-2022-19-33-25tile error, WIP state
13-02-2022-19-33-25tile error, WIP state
13-02-2022-19-33-29tile error, WIP state
13-02-2022-19-33-29tile error, WIP state
13-02-2022-19-33-29tile error, WIP state
13-02-2022-19-33-29tile error, WIP state
13-02-2022-19-33-29tile error, WIP state
13-02-2022-19-33-29tile error, WIP state
13-02-2022-19-33-29tile error, WIP state
13-02-2022-19-33-29tile error, WIP state
13-02-2022-19-33-29tile error, WIP state
13-02-2022-19-33-29tile error, WIP state
13-02-2022-19-33-29tile error, WIP state
13-02-2022-19-33-29tile error, WIP state
13-02-2022-19-33-29tile error, WIP state
13-02-2022-19-33-30tile error, WIP state
13-02-2022-19-33-30tile error, WIP state
13-02-2022-19-33-30tile error, WIP state
13-02-2022-19-33-30tile error, WIP state
13-02-2022-19-33-30tile error, WIP state
13-02-2022-19-33-30tile error, WIP state
13-02-2022-19-33-30tile error, WIP state
13-02-2022-19-33-30tile error, WIP state
13-02-2022-19-33-30tile error, WIP state
13-02-2022-19-33-30tile error, WIP state
13-02-2022-19-33-30tile error, WIP state
13-02-2022-19-33-30tile error, WIP state
13-02-2022-19-33-30tile error, WIP state
13-02-2022-19-33-30tile error, WIP state
13-02-2022-19-33-31tile error, WIP state
13-02-2022-19-33-31tile error, WIP state
13-02-2022-19-33-31tile error, WIP state
13-02-2022-19-33-31tile error, WIP state
13-02-2022-19-33-31tile error, WIP state
13-02-2022-19-33-31tile error, WIP state
13-02-2022-19-33-31tile error, WIP state
13-02-2022-19-33-31tile error, WIP state
13-02-2022-19-33-33tile error, WIP state
13-02-2022-19-33-33tile error, WIP state
13-02-2022-19-33-33tile error, WIP state
13-02-2022-19-33-34tile error, WIP state
13-02-2022-19-33-34tile error, WIP state
13-02-2022-19-33-34tile error, WIP state
13-02-2022-19-33-34tile error, WIP state
13-02-2022-19-33-34tile error, WIP state
13-02-2022-19-33-34tile error, WIP state
13-02-2022-19-33-34tile error, WIP state
13-02-2022-19-33-34tile error, WIP state
13-02-2022-19-33-34tile error, WIP state
13-02-2022-19-33-35tile error, WIP state
13-02-2022-19-33-35tile error, WIP state
13-02-2022-19-33-35tile error, WIP state
13-02-2022-19-33-35tile error, WIP state
13-02-2022-19-33-35tile error, WIP state
13-02-2022-19-33-35tile error, WIP state
13-02-2022-19-33-35tile error, WIP state
13-02-2022-19-33-35tile error, WIP state
13-02-2022-19-33-35tile error, WIP state
13-02-2022-19-33-35tile error, WIP state
13-02-2022-19-33-35tile error, WIP state
13-02-2022-19-33-35tile error, WIP state
13-02-2022-19-33-35tile error, WIP state
13-02-2022-19-33-35tile error, WIP state
13-02-2022-19-33-36tile error, WIP state
13-02-2022-19-33-36tile error, WIP state
13-02-2022-19-33-36tile error, WIP state
13-02-2022-19-33-36tile error, WIP state
13-02-2022-19-33-36tile error, WIP state
13-02-2022-19-33-36tile error, WIP state
13-02-2022-19-33-36tile error, WIP state
13-02-2022-19-33-36tile error, WIP state
13-02-2022-19-33-36tile error, WIP state
13-02-2022-19-45-05tile error, WIP state
13-02-2022-19-45-05tile error, WIP state
13-02-2022-19-45-05tile error, WIP state
13-02-2022-19-45-05tile error, WIP state
13-02-2022-19-45-05tile error, WIP state
13-02-2022-19-45-06tile error, WIP state
13-02-2022-19-45-06tile error, WIP state
13-02-2022-19-45-06tile error, WIP state
13-02-2022-19-45-06tile error, WIP state
13-02-2022-19-45-06tile error, WIP state
13-02-2022-19-45-06tile error, WIP state
13-02-2022-19-45-06tile error, WIP state
13-02-2022-19-45-06tile error, WIP state
13-02-2022-19-45-06tile error, WIP state
13-02-2022-19-45-06tile error, WIP state
13-02-2022-19-45-06tile error, WIP state
13-02-2022-19-45-06tile error, WIP state
13-02-2022-19-45-06tile error, WIP state
13-02-2022-19-45-06tile error, WIP state
13-02-2022-19-45-06tile error, WIP state
13-02-2022-19-45-06tile error, WIP state
13-02-2022-19-45-06tile error, WIP state
13-02-2022-19-45-06tile error, WIP state
13-02-2022-19-45-06tile error, WIP state
13-02-2022-19-45-06tile error, WIP state
13-02-2022-19-45-07tile error, WIP state
13-02-2022-19-45-07tile error, WIP state
13-02-2022-19-45-07tile error, WIP state
13-02-2022-19-45-07tile error, WIP state
13-02-2022-19-45-07tile error, WIP state
13-02-2022-19-45-07tile error, WIP state
13-02-2022-19-45-07tile error, WIP state
13-02-2022-19-45-07tile error, WIP state
13-02-2022-19-45-07tile error, WIP state
13-02-2022-19-45-07tile error, WIP state
13-02-2022-19-45-07tile error, WIP state
13-02-2022-19-45-08tile error, WIP state
13-02-2022-19-45-09tile error, WIP state
13-02-2022-19-45-09tile error, WIP state
13-02-2022-19-45-09tile error, WIP state
13-02-2022-19-45-09tile error, WIP state
13-02-2022-19-45-09tile error, WIP state
13-02-2022-19-45-09tile error, WIP state
13-02-2022-19-45-09tile error, WIP state
13-02-2022-19-45-09tile error, WIP state
13-02-2022-19-45-10tile error, WIP state
13-02-2022-19-45-10tile error, WIP state
13-02-2022-19-45-10tile error, WIP state
13-02-2022-19-45-10tile error, WIP state
13-02-2022-19-45-10tile error, WIP state
13-02-2022-19-45-10tile error, WIP state
13-02-2022-19-45-10tile error, WIP state
13-02-2022-19-45-10tile error, WIP state
13-02-2022-19-45-10tile error, WIP state
13-02-2022-19-45-10tile error, WIP state
13-02-2022-19-45-10tile error, WIP state
13-02-2022-19-45-10tile error, WIP state
13-02-2022-19-45-10tile error, WIP state
13-02-2022-19-45-10tile error, WIP state
13-02-2022-19-45-10tile error, WIP state
13-02-2022-19-45-10tile error, WIP state
13-02-2022-19-45-10tile error, WIP state
13-02-2022-19-45-10tile error, WIP state
13-02-2022-19-45-10tile error, WIP state
13-02-2022-19-45-10tile error, WIP state
13-02-2022-19-45-10tile error, WIP state
13-02-2022-19-45-11tile error, WIP state
13-02-2022-19-45-11tile error, WIP state
13-02-2022-19-45-11tile error, WIP state
13-02-2022-19-45-11tile error, WIP state
13-02-2022-19-45-11tile error, WIP state
13-02-2022-19-45-11tile error, WIP state
13-02-2022-19-45-12tile error, WIP state
13-02-2022-19-45-12tile error, WIP state
13-02-2022-19-45-12tile error, WIP state
13-02-2022-19-45-12tile error, WIP state
13-02-2022-19-45-13tile error, WIP state
13-02-2022-19-45-13tile error, WIP state
13-02-2022-19-45-13tile error, WIP state
13-02-2022-19-45-13tile error, WIP state
13-02-2022-19-45-13tile error, WIP state
13-02-2022-19-45-13tile error, WIP state
13-02-2022-19-45-13tile error, WIP state
13-02-2022-19-45-13tile error, WIP state
13-02-2022-19-45-14tile error, WIP state
13-02-2022-19-45-14tile error, WIP state
13-02-2022-19-45-14tile error, WIP state
13-02-2022-19-45-14tile error, WIP state
13-02-2022-19-45-14tile error, WIP state
13-02-2022-19-45-14tile error, WIP state
13-02-2022-19-45-14tile error, WIP state
13-02-2022-19-45-14tile error, WIP state
13-02-2022-19-45-14tile error, WIP state
13-02-2022-19-45-14tile error, WIP state
13-02-2022-19-45-14tile error, WIP state
13-02-2022-19-45-14tile error, WIP state
13-02-2022-19-45-14tile error, WIP state
13-02-2022-19-45-14tile error, WIP state
13-02-2022-19-45-14tile error, WIP state
13-02-2022-19-45-14tile error, WIP state
13-02-2022-19-45-14tile error, WIP state
13-02-2022-19-45-14tile error, WIP state
13-02-2022-19-45-14tile error, WIP state
13-02-2022-19-45-14tile error, WIP state
13-02-2022-19-45-14tile error, WIP state
13-02-2022-19-45-15tile error, WIP state
13-02-2022-19-45-15tile error, WIP state
13-02-2022-19-45-15tile error, WIP state
13-02-2022-19-45-16tile error, WIP state
13-02-2022-19-45-16tile error, WIP state
13-02-2022-19-45-16tile error, WIP state
13-02-2022-19-45-16tile error, WIP state
13-02-2022-19-45-16tile error, WIP state
13-02-2022-19-45-16tile error, WIP state
13-02-2022-19-45-16tile error, WIP state
13-02-2022-19-45-16tile error, WIP state
13-02-2022-19-45-17tile error, WIP state
13-02-2022-19-45-17tile error, WIP state
13-02-2022-19-45-17tile error, WIP state
13-02-2022-19-45-17tile error, WIP state
13-02-2022-19-45-17tile error, WIP state
13-02-2022-19-45-17tile error, WIP state
13-02-2022-19-45-17tile error, WIP state
13-02-2022-19-45-17tile error, WIP state
13-02-2022-19-45-17tile error, WIP state
13-02-2022-19-45-18tile error, WIP state
13-02-2022-19-45-18tile error, WIP state
13-02-2022-19-45-18tile error, WIP state
13-02-2022-19-45-18tile error, WIP state
13-02-2022-19-45-18tile error, WIP state
13-02-2022-19-45-18tile error, WIP state
13-02-2022-19-45-18tile error, WIP state
13-02-2022-19-45-18tile error, WIP state
13-02-2022-19-45-18tile error, WIP state
13-02-2022-19-45-18tile error, WIP state
13-02-2022-19-45-18tile error, WIP state
13-02-2022-19-45-18tile error, WIP state
13-02-2022-19-45-18tile error, WIP state
13-02-2022-19-45-18tile error, WIP state
13-02-2022-19-45-18tile error, WIP state
13-02-2022-19-45-18tile error, WIP state
13-02-2022-19-45-18tile error, WIP state
13-02-2022-19-45-18tile error, WIP state
13-02-2022-19-45-18tile error, WIP state
13-02-2022-19-45-20tile error, WIP state
13-02-2022-19-45-21tile error, WIP state
13-02-2022-19-45-21tile error, WIP state
13-02-2022-19-45-21tile error, WIP state
13-02-2022-19-45-21tile error, WIP state
13-02-2022-19-45-21tile error, WIP state
13-02-2022-19-45-21tile error, WIP state
13-02-2022-19-45-21tile error, WIP state
13-02-2022-19-45-21tile error, WIP state
13-02-2022-19-45-21tile error, WIP state
13-02-2022-19-45-21tile error, WIP state
13-02-2022-19-45-21tile error, WIP state
13-02-2022-19-45-22tile error, WIP state
13-02-2022-19-45-22tile error, WIP state
13-02-2022-19-45-22tile error, WIP state
13-02-2022-19-45-22tile error, WIP state
13-02-2022-19-45-22tile error, WIP state
13-02-2022-19-45-22tile error, WIP state
13-02-2022-19-45-22tile error, WIP state
13-02-2022-19-45-22tile error, WIP state
13-02-2022-19-45-22tile error, WIP state
13-02-2022-19-45-22tile error, WIP state
13-02-2022-19-45-22tile error, WIP state
13-02-2022-19-45-22tile error, WIP state
13-02-2022-19-45-22tile error, WIP state
13-02-2022-19-45-22tile error, WIP state
13-02-2022-19-45-22tile error, WIP state
13-02-2022-19-45-22tile error, WIP state
13-02-2022-19-45-22tile error, WIP state
13-02-2022-19-45-22tile error, WIP state
13-02-2022-19-45-23tile error, WIP state
13-02-2022-19-45-23tile error, WIP state
13-02-2022-19-45-23tile error, WIP state
13-02-2022-19-45-23tile error, WIP state
13-02-2022-19-45-23tile error, WIP state
13-02-2022-19-45-23tile error, WIP state
13-02-2022-19-45-24tile error, WIP state
13-02-2022-19-45-25tile error, WIP state
13-02-2022-19-45-25tile error, WIP state
13-02-2022-19-45-25tile error, WIP state
13-02-2022-19-45-25tile error, WIP state
13-02-2022-19-45-25tile error, WIP state
13-02-2022-19-45-25tile error, WIP state
13-02-2022-19-45-25tile error, WIP state
13-02-2022-19-45-25tile error, WIP state
13-02-2022-19-45-25tile error, WIP state
13-02-2022-19-45-26tile error, WIP state
13-02-2022-19-45-26tile error, WIP state
13-02-2022-19-45-26tile error, WIP state
13-02-2022-19-45-26tile error, WIP state
13-02-2022-19-45-26tile error, WIP state
13-02-2022-19-45-26tile error, WIP state
13-02-2022-19-45-26tile error, WIP state
13-02-2022-19-45-26tile error, WIP state
13-02-2022-19-45-26tile error, WIP state
13-02-2022-19-45-26tile error, WIP state
13-02-2022-19-45-26tile error, WIP state
13-02-2022-19-45-26tile error, WIP state
13-02-2022-19-45-26tile error, WIP state
13-02-2022-19-45-26tile error, WIP state
13-02-2022-19-45-26tile error, WIP state
13-02-2022-19-45-26tile error, WIP state
13-02-2022-19-45-26tile error, WIP state
13-02-2022-19-45-26tile error, WIP state
13-02-2022-19-45-26tile error, WIP state
13-02-2022-19-45-26tile error, WIP state
13-02-2022-19-45-27tile error, WIP state
13-02-2022-19-45-27tile error, WIP state
13-02-2022-19-45-27tile error, WIP state
13-02-2022-19-45-27tile error, WIP state
13-02-2022-19-45-27tile error, WIP state
13-02-2022-19-45-27tile error, WIP state
13-02-2022-19-45-28tile error, WIP state
13-02-2022-19-45-28tile error, WIP state
13-02-2022-19-45-28tile error, WIP state
13-02-2022-19-45-28tile error, WIP state
13-02-2022-19-45-28tile error, WIP state
13-02-2022-19-45-29tile error, WIP state
13-02-2022-19-45-29tile error, WIP state
13-02-2022-19-45-29tile error, WIP state
13-02-2022-19-45-29tile error, WIP state
13-02-2022-19-45-29tile error, WIP state
13-02-2022-19-45-29tile error, WIP state
13-02-2022-19-45-30tile error, WIP state
13-02-2022-19-45-30tile error, WIP state
13-02-2022-19-45-30tile error, WIP state
13-02-2022-19-45-30tile error, WIP state
13-02-2022-19-45-30tile error, WIP state
13-02-2022-19-45-30tile error, WIP state
13-02-2022-19-45-30tile error, WIP state
13-02-2022-19-45-30tile error, WIP state
13-02-2022-19-45-30tile error, WIP state
13-02-2022-19-45-30tile error, WIP state
13-02-2022-19-45-30tile error, WIP state
13-02-2022-19-45-30tile error, WIP state
13-02-2022-19-45-30tile error, WIP state
13-02-2022-19-45-30tile error, WIP state
13-02-2022-19-45-30tile error, WIP state
13-02-2022-19-45-30tile error, WIP state
13-02-2022-19-45-30tile error, WIP state
13-02-2022-19-45-30tile error, WIP state
13-02-2022-19-45-30tile error, WIP state
13-02-2022-19-45-31tile error, WIP state
13-02-2022-19-45-31tile error, WIP state
13-02-2022-19-45-31tile error, WIP state
13-02-2022-19-45-31tile error, WIP state
13-02-2022-19-45-31tile error, WIP state
13-02-2022-19-45-31tile error, WIP state
13-02-2022-19-45-35tile error, WIP state
13-02-2022-19-45-35tile error, WIP state
13-02-2022-19-45-36tile error, WIP state
13-02-2022-19-45-36tile error, WIP state
13-02-2022-19-45-36tile error, WIP state
13-02-2022-19-45-36tile error, WIP state
13-02-2022-19-45-36tile error, WIP state
13-02-2022-19-45-36tile error, WIP state
13-02-2022-19-45-36tile error, WIP state
13-02-2022-19-45-36tile error, WIP state
13-02-2022-19-45-36tile error, WIP state
13-02-2022-19-45-37tile error, WIP state
13-02-2022-19-45-37tile error, WIP state
13-02-2022-19-45-37tile error, WIP state
13-02-2022-19-45-37tile error, WIP state
13-02-2022-19-45-37tile error, WIP state
13-02-2022-19-45-37tile error, WIP state
13-02-2022-19-45-37tile error, WIP state
13-02-2022-19-45-37tile error, WIP state
13-02-2022-19-45-37tile error, WIP state
13-02-2022-19-45-37tile error, WIP state
13-02-2022-19-45-38tile error, WIP state
13-02-2022-19-45-38tile error, WIP state
13-02-2022-19-45-38tile error, WIP state
13-02-2022-19-45-38tile error, WIP state
13-02-2022-19-45-38tile error, WIP state
13-02-2022-19-45-38tile error, WIP state
13-02-2022-19-45-38tile error, WIP state
13-02-2022-19-45-38tile error, WIP state
13-02-2022-19-45-38tile error, WIP state
13-02-2022-19-45-38tile error, WIP state
13-02-2022-19-45-38tile error, WIP state
13-02-2022-19-45-38tile error, WIP state
13-02-2022-19-45-38tile error, WIP state
13-02-2022-19-45-38tile error, WIP state
13-02-2022-19-45-38tile error, WIP state
13-02-2022-19-45-40tile error, WIP state
13-02-2022-19-45-40tile error, WIP state
13-02-2022-19-45-40tile error, WIP state
13-02-2022-19-45-40tile error, WIP state
13-02-2022-19-45-41tile error, WIP state
13-02-2022-19-45-41tile error, WIP state
13-02-2022-19-45-41tile error, WIP state
13-02-2022-19-45-41tile error, WIP state
13-02-2022-19-45-41tile error, WIP state
13-02-2022-19-45-41tile error, WIP state
13-02-2022-19-45-41tile error, WIP state
13-02-2022-19-45-41tile error, WIP state
13-02-2022-19-45-41tile error, WIP state
13-02-2022-19-45-41tile error, WIP state
13-02-2022-19-45-41tile error, WIP state
13-02-2022-19-45-41tile error, WIP state
13-02-2022-19-45-41tile error, WIP state
13-02-2022-19-45-41tile error, WIP state
13-02-2022-19-45-42tile error, WIP state
13-02-2022-19-45-42tile error, WIP state
13-02-2022-19-45-42tile error, WIP state
13-02-2022-19-45-42tile error, WIP state
13-02-2022-19-45-42tile error, WIP state
13-02-2022-19-45-42tile error, WIP state
13-02-2022-19-45-42tile error, WIP state
13-02-2022-19-45-42tile error, WIP state
13-02-2022-19-45-42tile error, WIP state
13-02-2022-19-45-42tile error, WIP state
13-02-2022-19-45-42tile error, WIP state
13-02-2022-19-45-42tile error, WIP state
13-02-2022-19-45-42tile error, WIP state
13-02-2022-19-45-42tile error, WIP state
13-02-2022-19-45-42tile error, WIP state
13-02-2022-19-45-42tile error, WIP state
13-02-2022-19-45-42tile error, WIP state
13-02-2022-19-45-42tile error, WIP state
13-02-2022-19-45-44tile error, WIP state
13-02-2022-19-45-45tile error, WIP state
13-02-2022-19-45-45tile error, WIP state
13-02-2022-19-45-45tile error, WIP state
13-02-2022-19-45-45tile error, WIP state
13-02-2022-19-45-45tile error, WIP state
13-02-2022-19-45-45tile error, WIP state
13-02-2022-19-45-45tile error, WIP state
13-02-2022-19-45-45tile error, WIP state
13-02-2022-19-45-45tile error, WIP state
13-02-2022-19-45-46tile error, WIP state
13-02-2022-19-45-46tile error, WIP state
13-02-2022-19-45-46tile error, WIP state
13-02-2022-19-45-46tile error, WIP state
13-02-2022-19-45-46tile error, WIP state
13-02-2022-19-45-46tile error, WIP state
13-02-2022-19-45-46tile error, WIP state
13-02-2022-19-45-46tile error, WIP state
13-02-2022-19-45-46tile error, WIP state
13-02-2022-19-45-46tile error, WIP state
13-02-2022-19-45-46tile error, WIP state
13-02-2022-19-45-46tile error, WIP state
13-02-2022-19-45-46tile error, WIP state
13-02-2022-19-45-46tile error, WIP state
13-02-2022-19-45-46tile error, WIP state
13-02-2022-19-45-46tile error, WIP state
13-02-2022-19-45-46tile error, WIP state
13-02-2022-19-45-46tile error, WIP state
13-02-2022-19-45-46tile error, WIP state
13-02-2022-19-45-47tile error, WIP state
13-02-2022-19-45-47tile error, WIP state
13-02-2022-19-45-47tile error, WIP state
13-02-2022-19-45-47tile error, WIP state
13-02-2022-19-45-47tile error, WIP state
13-02-2022-19-45-47tile error, WIP state
13-02-2022-19-45-47tile error, WIP state
13-02-2022-19-45-49tile error, WIP state
13-02-2022-19-45-49tile error, WIP state
13-02-2022-19-45-49tile error, WIP state
13-02-2022-19-45-49tile error, WIP state
13-02-2022-19-45-49tile error, WIP state
13-02-2022-19-45-49tile error, WIP state
13-02-2022-19-45-49tile error, WIP state
13-02-2022-19-45-50tile error, WIP state
13-02-2022-19-45-50tile error, WIP state
13-02-2022-19-45-50tile error, WIP state
13-02-2022-19-45-50tile error, WIP state
13-02-2022-19-45-50tile error, WIP state
13-02-2022-19-45-50tile error, WIP state
13-02-2022-19-45-50tile error, WIP state
13-02-2022-19-45-50tile error, WIP state
13-02-2022-19-45-50tile error, WIP state
13-02-2022-19-45-50tile error, WIP state
13-02-2022-19-45-50tile error, WIP state
13-02-2022-19-45-50tile error, WIP state
13-02-2022-19-45-50tile error, WIP state
13-02-2022-19-45-50tile error, WIP state
13-02-2022-19-45-50tile error, WIP state
13-02-2022-19-45-50tile error, WIP state
13-02-2022-19-45-50tile error, WIP state
13-02-2022-19-45-51tile error, WIP state
13-02-2022-19-45-51tile error, WIP state
13-02-2022-19-45-51tile error, WIP state
13-02-2022-19-45-51tile error, WIP state
13-02-2022-19-45-51tile error, WIP state
13-02-2022-19-45-51tile error, WIP state
13-02-2022-19-45-51tile error, WIP state
13-02-2022-19-45-51tile error, WIP state
13-02-2022-19-45-51tile error, WIP state
13-02-2022-19-45-51tile error, WIP state
13-02-2022-19-45-51tile error, WIP state
13-02-2022-19-45-51tile error, WIP state
13-02-2022-19-45-53tile error, WIP state
13-02-2022-19-45-53tile error, WIP state
13-02-2022-19-45-54tile error, WIP state
13-02-2022-19-45-54tile error, WIP state
13-02-2022-19-45-54tile error, WIP state
13-02-2022-19-45-54tile error, WIP state
13-02-2022-19-45-54tile error, WIP state
13-02-2022-19-45-54tile error, WIP state
13-02-2022-19-45-54tile error, WIP state
13-02-2022-19-45-54tile error, WIP state
13-02-2022-19-45-54tile error, WIP state
13-02-2022-19-45-54tile error, WIP state
13-02-2022-19-45-54tile error, WIP state
13-02-2022-19-45-55tile error, WIP state
13-02-2022-19-45-55tile error, WIP state
13-02-2022-19-45-55tile error, WIP state
13-02-2022-19-45-55tile error, WIP state
13-02-2022-19-45-55tile error, WIP state
13-02-2022-19-45-55tile error, WIP state
13-02-2022-19-45-55tile error, WIP state
13-02-2022-19-45-55tile error, WIP state
13-02-2022-19-45-55tile error, WIP state
13-02-2022-19-45-55tile error, WIP state
13-02-2022-19-45-55tile error, WIP state
13-02-2022-19-45-55tile error, WIP state
13-02-2022-19-45-55tile error, WIP state
13-02-2022-19-45-55tile error, WIP state
13-02-2022-19-45-55tile error, WIP state
13-02-2022-19-45-55tile error, WIP state
13-02-2022-19-45-55tile error, WIP state
13-02-2022-19-45-55tile error, WIP state
13-02-2022-19-45-55tile error, WIP state
13-02-2022-19-45-56tile error, WIP state
13-02-2022-19-45-56tile error, WIP state
13-02-2022-19-45-56tile error, WIP state
13-02-2022-19-45-56tile error, WIP state
13-02-2022-19-45-58tile error, WIP state
13-02-2022-19-45-58tile error, WIP state
13-02-2022-19-45-58tile error, WIP state
13-02-2022-19-45-58tile error, WIP state
13-02-2022-19-45-58tile error, WIP state
13-02-2022-19-45-59tile error, WIP state
13-02-2022-19-45-59tile error, WIP state
13-02-2022-19-45-59tile error, WIP state
13-02-2022-19-45-59tile error, WIP state
13-02-2022-19-45-59tile error, WIP state
13-02-2022-19-45-59tile error, WIP state
13-02-2022-19-45-59tile error, WIP state
13-02-2022-19-45-59tile error, WIP state
13-02-2022-19-45-59tile error, WIP state
13-02-2022-19-45-59tile error, WIP state
13-02-2022-19-45-59tile error, WIP state
13-02-2022-19-45-59tile error, WIP state
13-02-2022-19-45-59tile error, WIP state
13-02-2022-19-45-59tile error, WIP state
13-02-2022-19-45-59tile error, WIP state
13-02-2022-19-45-59tile error, WIP state
13-02-2022-19-45-59tile error, WIP state
13-02-2022-19-45-59tile error, WIP state
13-02-2022-19-45-59tile error, WIP state
13-02-2022-19-46-00tile error, WIP state
13-02-2022-19-46-00tile error, WIP state
13-02-2022-19-46-00tile error, WIP state
13-02-2022-19-46-00tile error, WIP state
13-02-2022-19-46-00tile error, WIP state
13-02-2022-19-46-00tile error, WIP state
13-02-2022-19-46-00tile error, WIP state
13-02-2022-19-46-00tile error, WIP state
13-02-2022-19-46-00tile error, WIP state
13-02-2022-19-46-00tile error, WIP state
13-02-2022-19-46-00tile error, WIP state
13-02-2022-19-46-00tile error, WIP state
13-02-2022-19-46-02tile error, WIP state
13-02-2022-19-46-02tile error, WIP state
13-02-2022-19-46-02tile error, WIP state
13-02-2022-19-46-02tile error, WIP state
13-02-2022-19-46-02tile error, WIP state
13-02-2022-19-46-02tile error, WIP state
13-02-2022-19-46-02tile error, WIP state
13-02-2022-19-46-02tile error, WIP state
13-02-2022-19-46-03tile error, WIP state
13-02-2022-19-46-03tile error, WIP state
13-02-2022-19-46-03tile error, WIP state
13-02-2022-19-46-03tile error, WIP state
13-02-2022-19-46-03tile error, WIP state
13-02-2022-19-46-03tile error, WIP state
13-02-2022-19-46-03tile error, WIP state
13-02-2022-19-46-03tile error, WIP state
13-02-2022-19-46-03tile error, WIP state
13-02-2022-19-46-03tile error, WIP state
13-02-2022-19-46-03tile error, WIP state
13-02-2022-19-46-03tile error, WIP state
13-02-2022-19-46-03tile error, WIP state
13-02-2022-19-46-03tile error, WIP state
13-02-2022-19-46-03tile error, WIP state
13-02-2022-19-46-03tile error, WIP state
13-02-2022-19-46-03tile error, WIP state
13-02-2022-19-46-03tile error, WIP state
13-02-2022-19-46-04tile error, WIP state
13-02-2022-19-46-04tile error, WIP state
13-02-2022-19-46-04tile error, WIP state
13-02-2022-19-46-04tile error, WIP state
13-02-2022-19-46-04tile error, WIP state
13-02-2022-19-46-04tile error, WIP state
13-02-2022-19-46-04tile error, WIP state
13-02-2022-19-46-04tile error, WIP state
13-02-2022-19-46-04tile error, WIP state
13-02-2022-19-46-04tile error, WIP state
13-02-2022-19-46-06tile error, WIP state
13-02-2022-19-46-06tile error, WIP state
13-02-2022-19-46-06tile error, WIP state
13-02-2022-19-46-06tile error, WIP state
13-02-2022-19-46-07tile error, WIP state
13-02-2022-19-46-07tile error, WIP state
13-02-2022-19-46-07tile error, WIP state
13-02-2022-19-46-07tile error, WIP state
13-02-2022-19-46-07tile error, WIP state
13-02-2022-19-46-07tile error, WIP state
13-02-2022-19-46-07tile error, WIP state
13-02-2022-19-46-07tile error, WIP state
13-02-2022-19-46-07tile error, WIP state
13-02-2022-19-46-07tile error, WIP state
13-02-2022-19-46-07tile error, WIP state
13-02-2022-19-46-07tile error, WIP state
13-02-2022-19-46-07tile error, WIP state
13-02-2022-19-46-07tile error, WIP state
13-02-2022-19-46-07tile error, WIP state
13-02-2022-19-46-07tile error, WIP state
13-02-2022-19-46-07tile error, WIP state
13-02-2022-19-46-07tile error, WIP state
13-02-2022-19-46-07tile error, WIP state
13-02-2022-19-46-07tile error, WIP state
13-02-2022-19-46-08tile error, WIP state
13-02-2022-19-46-08tile error, WIP state
13-02-2022-19-46-08tile error, WIP state
13-02-2022-19-46-08tile error, WIP state
13-02-2022-19-46-08tile error, WIP state
13-02-2022-19-46-08tile error, WIP state
13-02-2022-19-46-08tile error, WIP state
13-02-2022-19-46-08tile error, WIP state
13-02-2022-19-46-08tile error, WIP state
13-02-2022-19-46-08tile error, WIP state
13-02-2022-19-46-08tile error, WIP state
13-02-2022-19-46-08tile error, WIP state
13-02-2022-19-46-10tile error, WIP state
13-02-2022-19-46-10tile error, WIP state
13-02-2022-19-46-10tile error, WIP state
13-02-2022-19-46-10tile error, WIP state
13-02-2022-19-46-11tile error, WIP state
13-02-2022-19-46-11tile error, WIP state
13-02-2022-19-46-11tile error, WIP state
13-02-2022-19-46-11tile error, WIP state
13-02-2022-19-46-11tile error, WIP state
13-02-2022-19-46-11tile error, WIP state
13-02-2022-19-46-11tile error, WIP state
13-02-2022-19-46-11tile error, WIP state
13-02-2022-19-46-11tile error, WIP state
13-02-2022-19-46-11tile error, WIP state
13-02-2022-19-46-11tile error, WIP state
13-02-2022-19-46-11tile error, WIP state
13-02-2022-19-46-11tile error, WIP state
13-02-2022-19-46-11tile error, WIP state
13-02-2022-19-46-11tile error, WIP state
13-02-2022-19-46-11tile error, WIP state
13-02-2022-19-46-11tile error, WIP state
13-02-2022-19-46-11tile error, WIP state
13-02-2022-19-46-12tile error, WIP state
13-02-2022-19-46-12tile error, WIP state
13-02-2022-19-46-12tile error, WIP state
13-02-2022-19-46-12tile error, WIP state
13-02-2022-19-46-12tile error, WIP state
13-02-2022-19-46-12tile error, WIP state
13-02-2022-19-46-12tile error, WIP state
13-02-2022-19-46-12tile error, WIP state
13-02-2022-19-46-12tile error, WIP state
13-02-2022-19-46-12tile error, WIP state
13-02-2022-19-46-12tile error, WIP state
13-02-2022-19-46-12tile error, WIP state
13-02-2022-19-46-12tile error, WIP state
13-02-2022-19-46-12tile error, WIP state
13-02-2022-19-46-14tile error, WIP state
13-02-2022-19-46-14tile error, WIP state
13-02-2022-19-46-14tile error, WIP state
13-02-2022-19-46-14tile error, WIP state
13-02-2022-19-46-14tile error, WIP state
13-02-2022-19-46-14tile error, WIP state
13-02-2022-19-46-14tile error, WIP state
13-02-2022-19-46-14tile error, WIP state
13-02-2022-19-46-14tile error, WIP state
13-02-2022-19-46-14tile error, WIP state
13-02-2022-19-46-15tile error, WIP state
13-02-2022-19-46-15tile error, WIP state
13-02-2022-19-46-15tile error, WIP state
13-02-2022-19-46-15tile error, WIP state
13-02-2022-19-46-15tile error, WIP state
13-02-2022-19-46-15tile error, WIP state
13-02-2022-19-46-15tile error, WIP state
13-02-2022-19-46-15tile error, WIP state
13-02-2022-19-46-15tile error, WIP state
13-02-2022-19-46-15tile error, WIP state
13-02-2022-19-46-15tile error, WIP state
13-02-2022-19-46-15tile error, WIP state
13-02-2022-19-46-16tile error, WIP state
13-02-2022-19-46-16tile error, WIP state
13-02-2022-19-46-16tile error, WIP state
13-02-2022-19-46-16tile error, WIP state
13-02-2022-19-46-16tile error, WIP state
13-02-2022-19-46-16tile error, WIP state
13-02-2022-19-46-16tile error, WIP state
13-02-2022-19-46-16tile error, WIP state
13-02-2022-19-46-16tile error, WIP state
13-02-2022-19-46-16tile error, WIP state
13-02-2022-19-46-16tile error, WIP state
13-02-2022-19-46-16tile error, WIP state
13-02-2022-19-46-16tile error, WIP state
13-02-2022-19-46-16tile error, WIP state
13-02-2022-19-46-18tile error, WIP state
13-02-2022-19-46-18tile error, WIP state
13-02-2022-19-46-18tile error, WIP state
13-02-2022-19-46-18tile error, WIP state
13-02-2022-19-46-18tile error, WIP state
13-02-2022-19-46-18tile error, WIP state
13-02-2022-19-46-18tile error, WIP state
13-02-2022-19-46-19tile error, WIP state
13-02-2022-19-46-19tile error, WIP state
13-02-2022-19-46-19tile error, WIP state
13-02-2022-19-46-19tile error, WIP state
13-02-2022-19-46-19tile error, WIP state
13-02-2022-19-46-19tile error, WIP state
13-02-2022-19-46-19tile error, WIP state
13-02-2022-19-46-19tile error, WIP state
13-02-2022-19-46-19tile error, WIP state
13-02-2022-19-46-19tile error, WIP state
13-02-2022-19-46-20tile error, WIP state
13-02-2022-19-46-20tile error, WIP state
13-02-2022-19-46-20tile error, WIP state
13-02-2022-19-46-20tile error, WIP state
13-02-2022-19-46-20tile error, WIP state
13-02-2022-19-46-20tile error, WIP state
13-02-2022-19-46-20tile error, WIP state
13-02-2022-19-46-20tile error, WIP state
13-02-2022-19-46-20tile error, WIP state
13-02-2022-19-46-20tile error, WIP state
13-02-2022-19-46-20tile error, WIP state
13-02-2022-19-46-20tile error, WIP state
13-02-2022-19-46-20tile error, WIP state
13-02-2022-19-46-20tile error, WIP state
13-02-2022-19-46-20tile error, WIP state
13-02-2022-19-46-20tile error, WIP state
13-02-2022-19-46-20tile error, WIP state
13-02-2022-19-46-20tile error, WIP state
13-02-2022-19-46-20tile error, WIP state
13-02-2022-19-46-22tile error, WIP state
13-02-2022-19-46-22tile error, WIP state
13-02-2022-19-46-22tile error, WIP state
13-02-2022-19-46-22tile error, WIP state
13-02-2022-19-46-22tile error, WIP state
13-02-2022-19-46-22tile error, WIP state
13-02-2022-19-46-22tile error, WIP state
13-02-2022-19-46-22tile error, WIP state
13-02-2022-19-46-22tile error, WIP state
13-02-2022-19-46-23tile error, WIP state
13-02-2022-19-46-23tile error, WIP state
13-02-2022-19-46-23tile error, WIP state
13-02-2022-19-46-23tile error, WIP state
13-02-2022-19-46-23tile error, WIP state
13-02-2022-19-46-23tile error, WIP state
13-02-2022-19-46-24tile error, WIP state
13-02-2022-19-46-24tile error, WIP state
13-02-2022-19-46-24tile error, WIP state
13-02-2022-19-46-24tile error, WIP state
13-02-2022-19-46-24tile error, WIP state
13-02-2022-19-46-24tile error, WIP state
13-02-2022-19-46-24tile error, WIP state
13-02-2022-19-46-24tile error, WIP state
13-02-2022-19-46-24tile error, WIP state
13-02-2022-19-46-24tile error, WIP state
13-02-2022-19-46-24tile error, WIP state
13-02-2022-19-46-24tile error, WIP state
13-02-2022-19-46-24tile error, WIP state
13-02-2022-19-46-24tile error, WIP state
13-02-2022-19-46-24tile error, WIP state
13-02-2022-19-46-24tile error, WIP state
13-02-2022-19-46-24tile error, WIP state
13-02-2022-19-46-25tile error, WIP state
13-02-2022-19-46-25tile error, WIP state
13-02-2022-19-46-25tile error, WIP state
13-02-2022-19-46-25tile error, WIP state
13-02-2022-19-46-26tile error, WIP state
13-02-2022-19-46-27tile error, WIP state
13-02-2022-19-46-27tile error, WIP state
13-02-2022-19-46-27tile error, WIP state
13-02-2022-19-46-27tile error, WIP state
13-02-2022-19-46-27tile error, WIP state
13-02-2022-19-46-27tile error, WIP state
13-02-2022-19-46-27tile error, WIP state
13-02-2022-19-46-27tile error, WIP state
13-02-2022-19-46-28tile error, WIP state
13-02-2022-19-46-28tile error, WIP state
13-02-2022-19-46-28tile error, WIP state
13-02-2022-19-46-28tile error, WIP state
13-02-2022-19-46-28tile error, WIP state
13-02-2022-19-46-28tile error, WIP state
13-02-2022-19-46-28tile error, WIP state
13-02-2022-19-46-28tile error, WIP state
13-02-2022-19-46-28tile error, WIP state
13-02-2022-19-46-28tile error, WIP state
13-02-2022-19-46-28tile error, WIP state
13-02-2022-19-46-28tile error, WIP state
13-02-2022-19-46-28tile error, WIP state
13-02-2022-19-46-28tile error, WIP state
13-02-2022-19-46-28tile error, WIP state
13-02-2022-19-46-28tile error, WIP state
13-02-2022-19-46-28tile error, WIP state
13-02-2022-19-46-28tile error, WIP state
13-02-2022-19-46-29tile error, WIP state
13-02-2022-19-46-29tile error, WIP state
13-02-2022-19-46-29tile error, WIP state
13-02-2022-19-46-29tile error, WIP state
13-02-2022-19-46-29tile error, WIP state
13-02-2022-19-46-29tile error, WIP state
13-02-2022-19-46-29tile error, WIP state
13-02-2022-19-46-29tile error, WIP state
13-02-2022-19-46-29tile error, WIP state
13-02-2022-19-46-31tile error, WIP state
13-02-2022-19-46-31tile error, WIP state
13-02-2022-19-46-31tile error, WIP state
13-02-2022-19-46-31tile error, WIP state
13-02-2022-19-46-32tile error, WIP state
13-02-2022-19-46-32tile error, WIP state
13-02-2022-19-46-32tile error, WIP state
13-02-2022-19-46-32tile error, WIP state
13-02-2022-19-46-32tile error, WIP state
13-02-2022-19-46-32tile error, WIP state
13-02-2022-19-46-32tile error, WIP state
13-02-2022-19-46-32tile error, WIP state
13-02-2022-19-46-32tile error, WIP state
13-02-2022-19-46-32tile error, WIP state
13-02-2022-19-46-32tile error, WIP state
13-02-2022-19-46-32tile error, WIP state
13-02-2022-19-46-32tile error, WIP state
13-02-2022-19-46-32tile error, WIP state
13-02-2022-19-46-32tile error, WIP state
13-02-2022-19-46-32tile error, WIP state
13-02-2022-19-46-32tile error, WIP state
13-02-2022-19-46-32tile error, WIP state
13-02-2022-19-46-33tile error, WIP state
13-02-2022-19-46-33tile error, WIP state
13-02-2022-19-46-33tile error, WIP state
13-02-2022-19-46-33tile error, WIP state
13-02-2022-19-46-33tile error, WIP state
13-02-2022-19-46-33tile error, WIP state
13-02-2022-19-46-33tile error, WIP state
13-02-2022-19-46-33tile error, WIP state
13-02-2022-19-46-33tile error, WIP state
13-02-2022-19-46-33tile error, WIP state
13-02-2022-19-46-33tile error, WIP state
13-02-2022-19-46-33tile error, WIP state
13-02-2022-19-46-33tile error, WIP state
13-02-2022-19-46-33tile error, WIP state
13-02-2022-19-46-35tile error, WIP state
13-02-2022-19-46-35tile error, WIP state
13-02-2022-19-46-35tile error, WIP state
13-02-2022-19-46-36tile error, WIP state
13-02-2022-19-46-36tile error, WIP state
13-02-2022-19-46-36tile error, WIP state
13-02-2022-19-46-36tile error, WIP state
13-02-2022-19-46-36tile error, WIP state
13-02-2022-19-46-36tile error, WIP state
13-02-2022-19-46-36tile error, WIP state
13-02-2022-19-46-36tile error, WIP state
13-02-2022-19-46-36tile error, WIP state
13-02-2022-19-46-36tile error, WIP state
13-02-2022-19-46-36tile error, WIP state
13-02-2022-19-46-36tile error, WIP state
13-02-2022-19-46-36tile error, WIP state
13-02-2022-19-46-36tile error, WIP state
13-02-2022-19-46-36tile error, WIP state
13-02-2022-19-46-37tile error, WIP state
13-02-2022-19-46-37tile error, WIP state
13-02-2022-19-46-37tile error, WIP state
13-02-2022-19-46-37tile error, WIP state
13-02-2022-19-46-37tile error, WIP state
13-02-2022-19-46-37tile error, WIP state
13-02-2022-19-46-37tile error, WIP state
13-02-2022-19-46-37tile error, WIP state
13-02-2022-19-46-37tile error, WIP state
13-02-2022-19-46-37tile error, WIP state
13-02-2022-19-46-37tile error, WIP state
13-02-2022-19-46-37tile error, WIP state
13-02-2022-19-46-37tile error, WIP state
13-02-2022-19-46-37tile error, WIP state
13-02-2022-19-46-37tile error, WIP state
13-02-2022-19-46-37tile error, WIP state
13-02-2022-19-46-37tile error, WIP state
13-02-2022-19-46-37tile error, WIP state
13-02-2022-19-46-39tile error, WIP state
13-02-2022-19-46-39tile error, WIP state
13-02-2022-19-46-40tile error, WIP state
13-02-2022-19-46-40tile error, WIP state
13-02-2022-19-46-40tile error, WIP state
13-02-2022-19-46-40tile error, WIP state
13-02-2022-19-46-40tile error, WIP state
13-02-2022-19-46-40tile error, WIP state
13-02-2022-19-46-40tile error, WIP state
13-02-2022-19-46-40tile error, WIP state
13-02-2022-19-46-40tile error, WIP state
13-02-2022-19-46-40tile error, WIP state
13-02-2022-19-46-40tile error, WIP state
13-02-2022-19-46-40tile error, WIP state
13-02-2022-19-46-41tile error, WIP state
13-02-2022-19-46-41tile error, WIP state
13-02-2022-19-46-41tile error, WIP state
13-02-2022-19-46-41tile error, WIP state
13-02-2022-19-46-41tile error, WIP state
13-02-2022-19-46-41tile error, WIP state
13-02-2022-19-46-41tile error, WIP state
13-02-2022-19-46-41tile error, WIP state
13-02-2022-19-46-41tile error, WIP state
13-02-2022-19-46-41tile error, WIP state
13-02-2022-19-46-41tile error, WIP state
13-02-2022-19-46-41tile error, WIP state
13-02-2022-19-46-41tile error, WIP state
13-02-2022-19-46-41tile error, WIP state
13-02-2022-19-46-41tile error, WIP state
13-02-2022-19-46-41tile error, WIP state
13-02-2022-19-46-41tile error, WIP state
13-02-2022-19-46-41tile error, WIP state
13-02-2022-19-46-42tile error, WIP state
13-02-2022-19-46-42tile error, WIP state
13-02-2022-19-46-42tile error, WIP state
13-02-2022-19-46-42tile error, WIP state
13-02-2022-19-46-43tile error, WIP state
13-02-2022-19-46-43tile error, WIP state
13-02-2022-19-46-43tile error, WIP state
13-02-2022-19-46-43tile error, WIP state
13-02-2022-19-46-44tile error, WIP state
13-02-2022-19-46-44tile error, WIP state
13-02-2022-19-46-44tile error, WIP state
13-02-2022-19-46-44tile error, WIP state
13-02-2022-19-46-44tile error, WIP state
13-02-2022-19-46-44tile error, WIP state
13-02-2022-19-46-45tile error, WIP state
13-02-2022-19-46-45tile error, WIP state
13-02-2022-19-46-45tile error, WIP state
13-02-2022-19-46-45tile error, WIP state
13-02-2022-19-46-45tile error, WIP state
13-02-2022-19-46-45tile error, WIP state
13-02-2022-19-46-45tile error, WIP state
13-02-2022-19-46-45tile error, WIP state
13-02-2022-19-46-45tile error, WIP state
13-02-2022-19-46-45tile error, WIP state
13-02-2022-19-46-45tile error, WIP state
13-02-2022-19-46-45tile error, WIP state
13-02-2022-19-46-45tile error, WIP state
13-02-2022-19-46-45tile error, WIP state
13-02-2022-19-46-45tile error, WIP state
13-02-2022-19-46-45tile error, WIP state
13-02-2022-19-46-45tile error, WIP state
13-02-2022-19-46-45tile error, WIP state
13-02-2022-19-46-45tile error, WIP state
13-02-2022-19-46-46tile error, WIP state
13-02-2022-19-46-46tile error, WIP state
13-02-2022-19-46-46tile error, WIP state
13-02-2022-19-46-46tile error, WIP state
13-02-2022-19-46-46tile error, WIP state
13-02-2022-19-46-46tile error, WIP state
13-02-2022-19-46-46tile error, WIP state
13-02-2022-19-46-47tile error, WIP state
13-02-2022-19-46-47tile error, WIP state
13-02-2022-19-46-48tile error, WIP state
13-02-2022-19-46-48tile error, WIP state
13-02-2022-19-46-48tile error, WIP state
13-02-2022-19-46-48tile error, WIP state
13-02-2022-19-46-48tile error, WIP state
13-02-2022-19-46-48tile error, WIP state
13-02-2022-19-46-48tile error, WIP state
13-02-2022-19-46-49tile error, WIP state
13-02-2022-19-46-49tile error, WIP state
13-02-2022-19-46-49tile error, WIP state
13-02-2022-19-46-49tile error, WIP state
13-02-2022-19-46-49tile error, WIP state
13-02-2022-19-46-49tile error, WIP state
13-02-2022-19-46-49tile error, WIP state
13-02-2022-19-46-49tile error, WIP state
13-02-2022-19-46-49tile error, WIP state
13-02-2022-19-46-49tile error, WIP state
13-02-2022-19-46-49tile error, WIP state
13-02-2022-19-46-49tile error, WIP state
13-02-2022-19-46-49tile error, WIP state
13-02-2022-19-46-49tile error, WIP state
13-02-2022-19-46-49tile error, WIP state
13-02-2022-19-46-49tile error, WIP state
13-02-2022-19-46-49tile error, WIP state
13-02-2022-19-46-49tile error, WIP state
13-02-2022-19-46-49tile error, WIP state
13-02-2022-19-46-50tile error, WIP state
13-02-2022-19-46-50tile error, WIP state
13-02-2022-19-46-50tile error, WIP state
13-02-2022-19-46-50tile error, WIP state
13-02-2022-19-46-50tile error, WIP state
13-02-2022-19-46-50tile error, WIP state
13-02-2022-19-46-50tile error, WIP state
13-02-2022-19-46-50tile error, WIP state
13-02-2022-19-46-52tile error, WIP state
13-02-2022-19-46-52tile error, WIP state
13-02-2022-19-46-52tile error, WIP state
13-02-2022-19-46-52tile error, WIP state
13-02-2022-19-46-53tile error, WIP state
13-02-2022-19-46-53tile error, WIP state
13-02-2022-19-46-53tile error, WIP state
13-02-2022-19-46-53tile error, WIP state
13-02-2022-19-46-53tile error, WIP state
13-02-2022-19-46-53tile error, WIP state
13-02-2022-19-46-53tile error, WIP state
13-02-2022-19-46-53tile error, WIP state
13-02-2022-19-46-53tile error, WIP state
13-02-2022-19-46-53tile error, WIP state
13-02-2022-19-46-53tile error, WIP state
13-02-2022-19-46-53tile error, WIP state
13-02-2022-19-46-53tile error, WIP state
13-02-2022-19-46-53tile error, WIP state
13-02-2022-19-46-53tile error, WIP state
13-02-2022-19-46-53tile error, WIP state
13-02-2022-19-46-53tile error, WIP state
13-02-2022-19-46-54tile error, WIP state
13-02-2022-19-46-54tile error, WIP state
13-02-2022-19-46-54tile error, WIP state
13-02-2022-19-46-54tile error, WIP state
13-02-2022-19-46-54tile error, WIP state
13-02-2022-19-46-54tile error, WIP state
13-02-2022-19-46-54tile error, WIP state
13-02-2022-19-46-54tile error, WIP state
13-02-2022-19-46-54tile error, WIP state
13-02-2022-19-46-54tile error, WIP state
13-02-2022-19-46-54tile error, WIP state
13-02-2022-19-46-54tile error, WIP state
13-02-2022-19-46-54tile error, WIP state
13-02-2022-19-46-54tile error, WIP state
13-02-2022-19-46-54tile error, WIP state
13-02-2022-19-46-56tile error, WIP state
13-02-2022-19-46-56tile error, WIP state
13-02-2022-19-46-57tile error, WIP state
13-02-2022-19-46-57tile error, WIP state
13-02-2022-19-46-57tile error, WIP state
13-02-2022-19-46-57tile error, WIP state
13-02-2022-19-46-57tile error, WIP state
13-02-2022-19-46-57tile error, WIP state
13-02-2022-19-46-57tile error, WIP state
13-02-2022-19-46-57tile error, WIP state
13-02-2022-19-46-57tile error, WIP state
13-02-2022-19-46-57tile error, WIP state
13-02-2022-19-46-57tile error, WIP state
13-02-2022-19-46-57tile error, WIP state
13-02-2022-19-46-57tile error, WIP state
13-02-2022-19-46-57tile error, WIP state
13-02-2022-19-46-57tile error, WIP state
13-02-2022-19-46-58tile error, WIP state
13-02-2022-19-46-58tile error, WIP state
13-02-2022-19-46-58tile error, WIP state
13-02-2022-19-46-58tile error, WIP state
13-02-2022-19-46-58tile error, WIP state
13-02-2022-19-46-58tile error, WIP state
13-02-2022-19-46-58tile error, WIP state
13-02-2022-19-46-58tile error, WIP state
13-02-2022-19-46-58tile error, WIP state
13-02-2022-19-46-58tile error, WIP state
13-02-2022-19-46-58tile error, WIP state
13-02-2022-19-46-58tile error, WIP state
13-02-2022-19-46-58tile error, WIP state
13-02-2022-19-46-58tile error, WIP state
13-02-2022-19-46-58tile error, WIP state
13-02-2022-19-46-58tile error, WIP state
13-02-2022-19-46-58tile error, WIP state
13-02-2022-19-46-58tile error, WIP state
13-02-2022-19-46-58tile error, WIP state
13-02-2022-19-47-03tile error, WIP state
13-02-2022-19-47-03tile error, WIP state
13-02-2022-19-47-04tile error, WIP state
13-02-2022-19-47-04tile error, WIP state
13-02-2022-19-47-04tile error, WIP state
13-02-2022-19-47-04tile error, WIP state
13-02-2022-19-47-04tile error, WIP state
13-02-2022-19-47-04tile error, WIP state
13-02-2022-19-47-04tile error, WIP state
13-02-2022-19-47-04tile error, WIP state
13-02-2022-19-47-04tile error, WIP state
13-02-2022-19-47-04tile error, WIP state
13-02-2022-19-47-04tile error, WIP state
13-02-2022-19-47-04tile error, WIP state
13-02-2022-19-47-04tile error, WIP state
13-02-2022-19-47-04tile error, WIP state
13-02-2022-19-47-05tile error, WIP state
13-02-2022-19-47-05tile error, WIP state
13-02-2022-19-47-05tile error, WIP state
13-02-2022-19-47-05tile error, WIP state
13-02-2022-19-47-05tile error, WIP state
13-02-2022-19-47-05tile error, WIP state
13-02-2022-19-47-05tile error, WIP state
13-02-2022-19-47-05tile error, WIP state
13-02-2022-19-47-05tile error, WIP state
13-02-2022-19-47-05tile error, WIP state
13-02-2022-19-47-05tile error, WIP state
13-02-2022-19-47-05tile error, WIP state
13-02-2022-19-47-05tile error, WIP state
13-02-2022-19-47-05tile error, WIP state
13-02-2022-19-47-05tile error, WIP state
13-02-2022-19-47-05tile error, WIP state
13-02-2022-19-47-05tile error, WIP state
13-02-2022-19-47-05tile error, WIP state
13-02-2022-19-47-05tile error, WIP state
13-02-2022-19-47-06tile error, WIP state
13-02-2022-19-47-07tile error, WIP state
13-02-2022-19-47-07tile error, WIP state
13-02-2022-19-47-08tile error, WIP state
13-02-2022-19-47-08tile error, WIP state
13-02-2022-19-47-08tile error, WIP state
13-02-2022-19-47-08tile error, WIP state
13-02-2022-19-47-08tile error, WIP state
13-02-2022-19-47-08tile error, WIP state
13-02-2022-19-47-08tile error, WIP state
13-02-2022-19-47-08tile error, WIP state
13-02-2022-19-47-08tile error, WIP state
13-02-2022-19-47-08tile error, WIP state
13-02-2022-19-47-08tile error, WIP state
13-02-2022-19-47-08tile error, WIP state
13-02-2022-19-47-09tile error, WIP state
13-02-2022-19-47-09tile error, WIP state
13-02-2022-19-47-09tile error, WIP state
13-02-2022-19-47-09tile error, WIP state
13-02-2022-19-47-09tile error, WIP state
13-02-2022-19-47-09tile error, WIP state
13-02-2022-19-47-09tile error, WIP state
13-02-2022-19-47-09tile error, WIP state
13-02-2022-19-47-09tile error, WIP state
13-02-2022-19-47-09tile error, WIP state
13-02-2022-19-47-09tile error, WIP state
13-02-2022-19-47-09tile error, WIP state
13-02-2022-19-47-09tile error, WIP state
13-02-2022-19-47-09tile error, WIP state
13-02-2022-19-47-09tile error, WIP state
13-02-2022-19-47-09tile error, WIP state
13-02-2022-19-47-09tile error, WIP state
13-02-2022-19-47-09tile error, WIP state
13-02-2022-19-47-09tile error, WIP state
13-02-2022-19-47-09tile error, WIP state
13-02-2022-19-47-10tile error, WIP state
13-02-2022-19-47-10tile error, WIP state
13-02-2022-19-47-11tile error, WIP state
13-02-2022-19-47-11tile error, WIP state
13-02-2022-19-47-11tile error, WIP state
13-02-2022-19-47-12tile error, WIP state
13-02-2022-19-47-12tile error, WIP state
13-02-2022-19-47-12tile error, WIP state
13-02-2022-19-47-12tile error, WIP state
13-02-2022-19-47-12tile error, WIP state
13-02-2022-19-47-12tile error, WIP state
13-02-2022-19-47-12tile error, WIP state
13-02-2022-19-47-13tile error, WIP state
13-02-2022-19-47-13tile error, WIP state
13-02-2022-19-47-13tile error, WIP state
13-02-2022-19-47-13tile error, WIP state
13-02-2022-19-47-13tile error, WIP state
13-02-2022-19-47-13tile error, WIP state
13-02-2022-19-47-13tile error, WIP state
13-02-2022-19-47-13tile error, WIP state
13-02-2022-19-47-13tile error, WIP state
13-02-2022-19-47-13tile error, WIP state
13-02-2022-19-47-13tile error, WIP state
13-02-2022-19-47-13tile error, WIP state
13-02-2022-19-47-13tile error, WIP state
13-02-2022-19-47-13tile error, WIP state
13-02-2022-19-47-13tile error, WIP state
13-02-2022-19-47-13tile error, WIP state
13-02-2022-19-47-13tile error, WIP state
13-02-2022-19-47-13tile error, WIP state
13-02-2022-19-47-13tile error, WIP state
13-02-2022-19-47-13tile error, WIP state
13-02-2022-19-47-14tile error, WIP state
13-02-2022-19-47-14tile error, WIP state
13-02-2022-19-47-14tile error, WIP state
13-02-2022-19-47-14tile error, WIP state
13-02-2022-19-47-14tile error, WIP state
13-02-2022-19-47-14tile error, WIP state
13-02-2022-19-47-15tile error, WIP state
13-02-2022-19-47-15tile error, WIP state
13-02-2022-19-47-16tile error, WIP state
13-02-2022-19-47-16tile error, WIP state
13-02-2022-19-47-16tile error, WIP state
13-02-2022-19-47-16tile error, WIP state
13-02-2022-19-47-16tile error, WIP state
13-02-2022-19-47-16tile error, WIP state
13-02-2022-19-47-16tile error, WIP state
13-02-2022-19-47-16tile error, WIP state
13-02-2022-19-47-16tile error, WIP state
13-02-2022-19-47-16tile error, WIP state
13-02-2022-19-47-17tile error, WIP state
13-02-2022-19-47-17tile error, WIP state
13-02-2022-19-47-17tile error, WIP state
13-02-2022-19-47-17tile error, WIP state
13-02-2022-19-47-17tile error, WIP state
13-02-2022-19-47-17tile error, WIP state
13-02-2022-19-47-17tile error, WIP state
13-02-2022-19-47-17tile error, WIP state
13-02-2022-19-47-17tile error, WIP state
13-02-2022-19-47-17tile error, WIP state
13-02-2022-19-47-17tile error, WIP state
13-02-2022-19-47-17tile error, WIP state
13-02-2022-19-47-17tile error, WIP state
13-02-2022-19-47-17tile error, WIP state
13-02-2022-19-47-17tile error, WIP state
13-02-2022-19-47-17tile error, WIP state
13-02-2022-19-47-17tile error, WIP state
13-02-2022-19-47-17tile error, WIP state
13-02-2022-19-47-17tile error, WIP state
13-02-2022-19-47-18tile error, WIP state
13-02-2022-19-47-18tile error, WIP state
13-02-2022-19-47-18tile error, WIP state
13-02-2022-19-47-18tile error, WIP state
13-02-2022-19-47-18tile error, WIP state
13-02-2022-19-47-19tile error, WIP state
13-02-2022-19-47-20tile error, WIP state
13-02-2022-19-47-20tile error, WIP state
13-02-2022-19-47-20tile error, WIP state
13-02-2022-19-47-20tile error, WIP state
13-02-2022-19-47-20tile error, WIP state
13-02-2022-19-47-20tile error, WIP state
13-02-2022-19-47-20tile error, WIP state
13-02-2022-19-47-21tile error, WIP state
13-02-2022-19-47-21tile error, WIP state
13-02-2022-19-47-21tile error, WIP state
13-02-2022-19-47-21tile error, WIP state
13-02-2022-19-47-21tile error, WIP state
13-02-2022-19-47-21tile error, WIP state
13-02-2022-19-47-21tile error, WIP state
13-02-2022-19-47-21tile error, WIP state
13-02-2022-19-47-21tile error, WIP state
13-02-2022-19-47-21tile error, WIP state
13-02-2022-19-47-21tile error, WIP state
13-02-2022-19-47-21tile error, WIP state
13-02-2022-19-47-21tile error, WIP state
13-02-2022-19-47-21tile error, WIP state
13-02-2022-19-47-21tile error, WIP state
13-02-2022-19-47-21tile error, WIP state
13-02-2022-19-47-21tile error, WIP state
13-02-2022-19-47-21tile error, WIP state
13-02-2022-19-47-22tile error, WIP state
13-02-2022-19-47-22tile error, WIP state
13-02-2022-19-47-22tile error, WIP state
13-02-2022-19-47-22tile error, WIP state
13-02-2022-19-47-22tile error, WIP state
13-02-2022-19-47-22tile error, WIP state
13-02-2022-19-47-22tile error, WIP state
13-02-2022-19-47-22tile error, WIP state
13-02-2022-19-47-22tile error, WIP state
13-02-2022-19-47-22tile error, WIP state
13-02-2022-19-47-24tile error, WIP state
13-02-2022-19-47-24tile error, WIP state
13-02-2022-19-47-25tile error, WIP state
13-02-2022-19-47-25tile error, WIP state
13-02-2022-19-47-25tile error, WIP state
13-02-2022-19-47-25tile error, WIP state
13-02-2022-19-47-25tile error, WIP state
13-02-2022-19-47-25tile error, WIP state
13-02-2022-19-47-25tile error, WIP state
13-02-2022-19-47-25tile error, WIP state
13-02-2022-19-47-25tile error, WIP state
13-02-2022-19-47-25tile error, WIP state
13-02-2022-19-47-25tile error, WIP state
13-02-2022-19-47-25tile error, WIP state
13-02-2022-19-47-25tile error, WIP state
13-02-2022-19-47-25tile error, WIP state
13-02-2022-19-47-25tile error, WIP state
13-02-2022-19-47-25tile error, WIP state
13-02-2022-19-47-26tile error, WIP state
13-02-2022-19-47-26tile error, WIP state
13-02-2022-19-47-26tile error, WIP state
13-02-2022-19-47-26tile error, WIP state
13-02-2022-19-47-26tile error, WIP state
13-02-2022-19-47-26tile error, WIP state
13-02-2022-19-47-26tile error, WIP state
13-02-2022-19-47-26tile error, WIP state
13-02-2022-19-47-26tile error, WIP state
13-02-2022-19-47-26tile error, WIP state
13-02-2022-19-47-26tile error, WIP state
13-02-2022-19-47-26tile error, WIP state
13-02-2022-19-47-26tile error, WIP state
13-02-2022-19-47-26tile error, WIP state
13-02-2022-19-47-26tile error, WIP state
13-02-2022-19-47-26tile error, WIP state
13-02-2022-19-47-26tile error, WIP state
13-02-2022-19-47-26tile error, WIP state
13-02-2022-19-47-28tile error, WIP state
13-02-2022-19-47-28tile error, WIP state
13-02-2022-19-47-28tile error, WIP state
13-02-2022-19-47-29tile error, WIP state
13-02-2022-19-47-29tile error, WIP state
13-02-2022-19-47-29tile error, WIP state
13-02-2022-19-47-29tile error, WIP state
13-02-2022-19-47-29tile error, WIP state
13-02-2022-19-47-29tile error, WIP state
13-02-2022-19-47-29tile error, WIP state
13-02-2022-19-47-29tile error, WIP state
13-02-2022-19-47-29tile error, WIP state
13-02-2022-19-47-30tile error, WIP state
13-02-2022-19-47-30tile error, WIP state
13-02-2022-19-47-30tile error, WIP state
13-02-2022-19-47-30tile error, WIP state
13-02-2022-19-47-30tile error, WIP state
13-02-2022-19-47-30tile error, WIP state
13-02-2022-19-47-30tile error, WIP state
13-02-2022-19-47-30tile error, WIP state
13-02-2022-19-47-30tile error, WIP state
13-02-2022-19-47-30tile error, WIP state
13-02-2022-19-47-30tile error, WIP state
13-02-2022-19-47-30tile error, WIP state
13-02-2022-19-47-30tile error, WIP state
13-02-2022-19-47-30tile error, WIP state
13-02-2022-19-47-30tile error, WIP state
13-02-2022-19-47-30tile error, WIP state
13-02-2022-19-47-30tile error, WIP state
13-02-2022-19-47-30tile error, WIP state
13-02-2022-19-47-30tile error, WIP state
13-02-2022-19-47-30tile error, WIP state
13-02-2022-19-47-31tile error, WIP state
13-02-2022-19-47-31tile error, WIP state
13-02-2022-19-47-31tile error, WIP state
13-02-2022-19-47-31tile error, WIP state
13-02-2022-19-47-32tile error, WIP state
13-02-2022-19-47-32tile error, WIP state
13-02-2022-19-47-33tile error, WIP state
13-02-2022-19-47-33tile error, WIP state
13-02-2022-19-47-33tile error, WIP state
13-02-2022-19-47-33tile error, WIP state
13-02-2022-19-47-33tile error, WIP state
13-02-2022-19-47-33tile error, WIP state
13-02-2022-19-47-33tile error, WIP state
13-02-2022-19-47-33tile error, WIP state
13-02-2022-19-47-33tile error, WIP state
13-02-2022-19-47-33tile error, WIP state
13-02-2022-19-47-33tile error, WIP state
13-02-2022-19-47-33tile error, WIP state
13-02-2022-19-47-33tile error, WIP state
13-02-2022-19-47-33tile error, WIP state
13-02-2022-19-47-34tile error, WIP state
13-02-2022-19-47-34tile error, WIP state
13-02-2022-19-47-34tile error, WIP state
13-02-2022-19-47-34tile error, WIP state
13-02-2022-19-47-34tile error, WIP state
13-02-2022-19-47-34tile error, WIP state
13-02-2022-19-47-34tile error, WIP state
13-02-2022-19-47-34tile error, WIP state
13-02-2022-19-47-34tile error, WIP state
13-02-2022-19-47-34tile error, WIP state
13-02-2022-19-47-34tile error, WIP state
13-02-2022-19-47-34tile error, WIP state
13-02-2022-19-47-34tile error, WIP state
13-02-2022-19-47-34tile error, WIP state
13-02-2022-19-47-35tile error, WIP state
13-02-2022-19-47-35tile error, WIP state
13-02-2022-19-47-35tile error, WIP state
13-02-2022-19-47-35tile error, WIP state
13-02-2022-19-47-35tile error, WIP state
13-02-2022-19-47-35tile error, WIP state
13-02-2022-19-47-37tile error, WIP state
13-02-2022-19-47-37tile error, WIP state
13-02-2022-19-47-37tile error, WIP state
13-02-2022-19-47-38tile error, WIP state
13-02-2022-19-47-38tile error, WIP state
13-02-2022-19-47-38tile error, WIP state
13-02-2022-19-47-38tile error, WIP state
13-02-2022-19-47-38tile error, WIP state
13-02-2022-19-47-38tile error, WIP state
13-02-2022-19-47-38tile error, WIP state
13-02-2022-19-47-38tile error, WIP state
13-02-2022-19-47-38tile error, WIP state
13-02-2022-19-47-38tile error, WIP state
13-02-2022-19-47-38tile error, WIP state
13-02-2022-19-47-39tile error, WIP state
13-02-2022-19-47-39tile error, WIP state
13-02-2022-19-47-39tile error, WIP state
13-02-2022-19-47-39tile error, WIP state
13-02-2022-19-47-39tile error, WIP state
13-02-2022-19-47-39tile error, WIP state
13-02-2022-19-47-39tile error, WIP state
13-02-2022-19-47-39tile error, WIP state
13-02-2022-19-47-39tile error, WIP state
13-02-2022-19-47-39tile error, WIP state
13-02-2022-19-47-39tile error, WIP state
13-02-2022-19-47-39tile error, WIP state
13-02-2022-19-47-39tile error, WIP state
13-02-2022-19-47-39tile error, WIP state
13-02-2022-19-47-39tile error, WIP state
13-02-2022-19-47-39tile error, WIP state
13-02-2022-19-47-40tile error, WIP state
13-02-2022-19-47-40tile error, WIP state
13-02-2022-19-47-40tile error, WIP state
13-02-2022-19-47-40tile error, WIP state
13-02-2022-19-47-40tile error, WIP state
13-02-2022-19-47-40tile error, WIP state
13-02-2022-19-47-42tile error, WIP state
13-02-2022-19-47-42tile error, WIP state
13-02-2022-19-47-42tile error, WIP state
13-02-2022-19-47-42tile error, WIP state
13-02-2022-19-47-42tile error, WIP state
13-02-2022-19-47-43tile error, WIP state
13-02-2022-19-47-43tile error, WIP state
13-02-2022-19-47-43tile error, WIP state
13-02-2022-19-47-43tile error, WIP state
13-02-2022-19-47-43tile error, WIP state
13-02-2022-19-47-43tile error, WIP state
13-02-2022-19-47-43tile error, WIP state
13-02-2022-19-47-43tile error, WIP state
13-02-2022-19-47-43tile error, WIP state
13-02-2022-19-47-43tile error, WIP state
13-02-2022-19-47-43tile error, WIP state
13-02-2022-19-47-43tile error, WIP state
13-02-2022-19-47-43tile error, WIP state
13-02-2022-19-47-43tile error, WIP state
13-02-2022-19-47-43tile error, WIP state
13-02-2022-19-47-44tile error, WIP state
13-02-2022-19-47-44tile error, WIP state
13-02-2022-19-47-44tile error, WIP state
13-02-2022-19-47-44tile error, WIP state
13-02-2022-19-47-44tile error, WIP state
13-02-2022-19-47-44tile error, WIP state
13-02-2022-19-47-44tile error, WIP state
13-02-2022-19-47-44tile error, WIP state
13-02-2022-19-47-44tile error, WIP state
13-02-2022-19-47-44tile error, WIP state
13-02-2022-19-47-44tile error, WIP state
13-02-2022-19-47-44tile error, WIP state
13-02-2022-19-47-44tile error, WIP state
13-02-2022-19-47-44tile error, WIP state
13-02-2022-19-47-44tile error, WIP state
13-02-2022-19-47-44tile error, WIP state
13-02-2022-19-47-47tile error, WIP state
13-02-2022-19-47-47tile error, WIP state
13-02-2022-19-47-47tile error, WIP state
13-02-2022-19-47-48tile error, WIP state
13-02-2022-19-47-48tile error, WIP state
13-02-2022-19-47-48tile error, WIP state
13-02-2022-19-47-48tile error, WIP state
13-02-2022-19-47-48tile error, WIP state
13-02-2022-19-47-48tile error, WIP state
13-02-2022-19-47-48tile error, WIP state
13-02-2022-19-47-48tile error, WIP state
13-02-2022-19-47-48tile error, WIP state
13-02-2022-19-47-48tile error, WIP state
13-02-2022-19-47-48tile error, WIP state
13-02-2022-19-47-48tile error, WIP state
13-02-2022-19-47-48tile error, WIP state
13-02-2022-19-47-48tile error, WIP state
13-02-2022-19-47-49tile error, WIP state
13-02-2022-19-47-49tile error, WIP state
13-02-2022-19-47-49tile error, WIP state
13-02-2022-19-47-49tile error, WIP state
13-02-2022-19-47-49tile error, WIP state
13-02-2022-19-47-49tile error, WIP state
13-02-2022-19-47-49tile error, WIP state
13-02-2022-19-47-49tile error, WIP state
13-02-2022-19-47-49tile error, WIP state
13-02-2022-19-47-49tile error, WIP state
13-02-2022-19-47-49tile error, WIP state
13-02-2022-19-47-49tile error, WIP state
13-02-2022-19-47-49tile error, WIP state
13-02-2022-19-47-49tile error, WIP state
13-02-2022-19-47-49tile error, WIP state
13-02-2022-19-47-49tile error, WIP state
13-02-2022-19-47-49tile error, WIP state
13-02-2022-19-47-49tile error, WIP state
13-02-2022-19-47-50tile error, WIP state
13-02-2022-19-47-52tile error, WIP state
13-02-2022-19-47-52tile error, WIP state
13-02-2022-19-47-52tile error, WIP state
13-02-2022-19-47-52tile error, WIP state
13-02-2022-19-47-52tile error, WIP state
13-02-2022-19-47-53tile error, WIP state
13-02-2022-19-47-53tile error, WIP state
13-02-2022-19-47-53tile error, WIP state
13-02-2022-19-47-53tile error, WIP state
13-02-2022-19-47-53tile error, WIP state
13-02-2022-19-47-53tile error, WIP state
13-02-2022-19-47-53tile error, WIP state
13-02-2022-19-47-53tile error, WIP state
13-02-2022-19-47-53tile error, WIP state
13-02-2022-19-47-53tile error, WIP state
13-02-2022-19-47-53tile error, WIP state
13-02-2022-19-47-53tile error, WIP state
13-02-2022-19-47-53tile error, WIP state
13-02-2022-19-47-53tile error, WIP state
13-02-2022-19-47-53tile error, WIP state
13-02-2022-19-47-53tile error, WIP state
13-02-2022-19-47-54tile error, WIP state
13-02-2022-19-47-54tile error, WIP state
13-02-2022-19-47-54tile error, WIP state
13-02-2022-19-47-54tile error, WIP state
13-02-2022-19-47-51tile error, WIP state
13-02-2022-19-47-51tile error, WIP state
13-02-2022-19-47-51tile error, WIP state
13-02-2022-19-47-51tile error, WIP state
13-02-2022-19-47-51tile error, WIP state
13-02-2022-19-47-51tile error, WIP state
13-02-2022-19-47-51tile error, WIP state
13-02-2022-19-47-51tile error, WIP state
13-02-2022-19-47-51tile error, WIP state
13-02-2022-19-47-51tile error, WIP state
13-02-2022-19-47-51tile error, WIP state
13-02-2022-19-47-52tile error, WIP state
13-02-2022-19-47-52tile error, WIP state
13-02-2022-19-47-53tile error, WIP state
13-02-2022-19-47-53tile error, WIP state
13-02-2022-19-47-53tile error, WIP state
13-02-2022-19-47-54tile error, WIP state
13-02-2022-19-47-54tile error, WIP state
13-02-2022-19-47-54tile error, WIP state
13-02-2022-19-47-54tile error, WIP state
13-02-2022-19-47-54tile error, WIP state
13-02-2022-19-47-55tile error, WIP state
13-02-2022-19-47-55tile error, WIP state
13-02-2022-19-47-55tile error, WIP state
13-02-2022-19-47-55tile error, WIP state
13-02-2022-19-47-55tile error, WIP state
13-02-2022-19-47-55tile error, WIP state
13-02-2022-19-47-56tile error, WIP state
13-02-2022-19-47-56tile error, WIP state
13-02-2022-19-47-57tile error, WIP state
13-02-2022-19-47-57tile error, WIP state
13-02-2022-19-47-57tile error, WIP state
13-02-2022-19-47-58tile error, WIP state
13-02-2022-19-47-58tile error, WIP state
13-02-2022-19-47-58tile error, WIP state
13-02-2022-19-47-58tile error, WIP state
13-02-2022-19-47-58tile error, WIP state
13-02-2022-19-47-54tile error, WIP state
13-02-2022-19-47-54tile error, WIP state
13-02-2022-19-47-54tile error, WIP state
13-02-2022-19-47-54tile error, WIP state
13-02-2022-19-47-54tile error, WIP state
13-02-2022-19-47-54tile error, WIP state
13-02-2022-19-47-54tile error, WIP state
13-02-2022-19-47-54tile error, WIP state
13-02-2022-19-47-54tile error, WIP state
13-02-2022-19-47-54tile error, WIP state
13-02-2022-19-47-55tile error, WIP state
13-02-2022-19-47-57tile error, WIP state
13-02-2022-19-47-57tile error, WIP state
13-02-2022-19-47-57tile error, WIP state
13-02-2022-19-47-57tile error, WIP state
13-02-2022-19-47-58tile error, WIP state
13-02-2022-19-47-58tile error, WIP state
13-02-2022-19-47-58tile error, WIP state
13-02-2022-19-47-58tile error, WIP state
13-02-2022-19-47-58tile error, WIP state
13-02-2022-19-47-58tile error, WIP state
13-02-2022-19-47-58tile error, WIP state
13-02-2022-19-47-58tile error, WIP state
13-02-2022-19-47-58tile error, WIP state
13-02-2022-19-47-58tile error, WIP state
13-02-2022-19-47-58tile error, WIP state
13-02-2022-19-47-59tile error, WIP state
13-02-2022-19-47-59tile error, WIP state
13-02-2022-19-47-59tile error, WIP state
13-02-2022-19-47-59tile error, WIP state
13-02-2022-19-47-59tile error, WIP state
13-02-2022-19-47-59tile error, WIP state
13-02-2022-19-47-59tile error, WIP state
13-02-2022-19-47-59tile error, WIP state
13-02-2022-19-47-59tile error, WIP state
13-02-2022-19-47-59tile error, WIP state
13-02-2022-19-47-59tile error, WIP state
13-02-2022-19-47-59tile error, WIP state
13-02-2022-19-47-59tile error, WIP state
13-02-2022-19-47-59tile error, WIP state
13-02-2022-19-47-59tile error, WIP state
13-02-2022-19-47-59tile error, WIP state
13-02-2022-19-47-59tile error, WIP state
13-02-2022-19-47-59tile error, WIP state
13-02-2022-19-47-59tile error, WIP state
13-02-2022-19-48-00tile error, WIP state
13-02-2022-19-48-00tile error, WIP state
13-02-2022-19-48-01tile error, WIP state
13-02-2022-19-48-02tile error, WIP state
13-02-2022-19-48-02tile error, WIP state
13-02-2022-19-48-02tile error, WIP state
13-02-2022-19-48-02tile error, WIP state
13-02-2022-19-48-02tile error, WIP state
13-02-2022-19-48-02tile error, WIP state
13-02-2022-19-48-03tile error, WIP state
13-02-2022-19-48-03tile error, WIP state
13-02-2022-19-48-03tile error, WIP state
13-02-2022-19-48-03tile error, WIP state
13-02-2022-19-48-03tile error, WIP state
13-02-2022-19-48-03tile error, WIP state
13-02-2022-19-48-03tile error, WIP state
13-02-2022-19-48-03tile error, WIP state
13-02-2022-19-48-03tile error, WIP state
13-02-2022-19-48-03tile error, WIP state
13-02-2022-19-48-03tile error, WIP state
13-02-2022-19-48-03tile error, WIP state
13-02-2022-19-48-03tile error, WIP state
13-02-2022-19-48-03tile error, WIP state
13-02-2022-19-48-03tile error, WIP state
13-02-2022-19-48-03tile error, WIP state
13-02-2022-19-48-03tile error, WIP state
13-02-2022-19-48-03tile error, WIP state
13-02-2022-19-48-04tile error, WIP state
13-02-2022-19-48-04tile error, WIP state
13-02-2022-19-48-04tile error, WIP state
13-02-2022-19-48-04tile error, WIP state
13-02-2022-19-48-04tile error, WIP state
13-02-2022-19-48-04tile error, WIP state
13-02-2022-19-48-04tile error, WIP state
13-02-2022-19-48-04tile error, WIP state
13-02-2022-19-48-04tile error, WIP state
13-02-2022-19-48-04tile error, WIP state
13-02-2022-19-48-04tile error, WIP state
13-02-2022-19-48-06tile error, WIP state
13-02-2022-19-48-06tile error, WIP state
13-02-2022-19-48-06tile error, WIP state
13-02-2022-19-48-07tile error, WIP state
13-02-2022-19-48-07tile error, WIP state
13-02-2022-19-48-07tile error, WIP state
13-02-2022-19-48-07tile error, WIP state
13-02-2022-19-48-07tile error, WIP state
13-02-2022-19-48-07tile error, WIP state
13-02-2022-19-48-07tile error, WIP state
13-02-2022-19-48-07tile error, WIP state
13-02-2022-19-48-07tile error, WIP state
13-02-2022-19-48-07tile error, WIP state
13-02-2022-19-48-07tile error, WIP state
13-02-2022-19-48-07tile error, WIP state
13-02-2022-19-48-07tile error, WIP state
13-02-2022-19-48-07tile error, WIP state
13-02-2022-19-48-07tile error, WIP state
13-02-2022-19-48-08tile error, WIP state
13-02-2022-19-48-08tile error, WIP state
13-02-2022-19-48-08tile error, WIP state
13-02-2022-19-48-08tile error, WIP state
13-02-2022-19-48-08tile error, WIP state
13-02-2022-19-48-08tile error, WIP state
13-02-2022-19-48-08tile error, WIP state
13-02-2022-19-48-08tile error, WIP state
13-02-2022-19-48-08tile error, WIP state
13-02-2022-19-48-08tile error, WIP state
13-02-2022-19-48-08tile error, WIP state
13-02-2022-19-48-08tile error, WIP state
13-02-2022-19-48-08tile error, WIP state
13-02-2022-19-48-08tile error, WIP state
13-02-2022-19-48-08tile error, WIP state
13-02-2022-19-48-08tile error, WIP state
13-02-2022-19-48-08tile error, WIP state
13-02-2022-19-48-08tile error, WIP state
13-02-2022-19-48-10tile error, WIP state
13-02-2022-19-48-11tile error, WIP state
13-02-2022-19-48-11tile error, WIP state
13-02-2022-19-48-11tile error, WIP state
13-02-2022-19-48-11tile error, WIP state
13-02-2022-19-48-11tile error, WIP state
13-02-2022-19-48-11tile error, WIP state
13-02-2022-19-48-11tile error, WIP state
13-02-2022-19-48-11tile error, WIP state
13-02-2022-19-48-11tile error, WIP state
13-02-2022-19-48-11tile error, WIP state
13-02-2022-19-48-11tile error, WIP state
13-02-2022-19-48-11tile error, WIP state
13-02-2022-19-48-12tile error, WIP state
13-02-2022-19-48-12tile error, WIP state
13-02-2022-19-48-12tile error, WIP state
13-02-2022-19-48-12tile error, WIP state
13-02-2022-19-48-12tile error, WIP state
13-02-2022-19-48-12tile error, WIP state
13-02-2022-19-48-12tile error, WIP state
13-02-2022-19-48-12tile error, WIP state
13-02-2022-19-48-12tile error, WIP state
13-02-2022-19-48-12tile error, WIP state
13-02-2022-19-48-12tile error, WIP state
13-02-2022-19-48-12tile error, WIP state
13-02-2022-19-48-12tile error, WIP state
13-02-2022-19-48-12tile error, WIP state
13-02-2022-19-48-12tile error, WIP state
13-02-2022-19-48-12tile error, WIP state
13-02-2022-19-48-12tile error, WIP state
13-02-2022-19-48-12tile error, WIP state
13-02-2022-19-48-13tile error, WIP state
13-02-2022-19-48-13tile error, WIP state
13-02-2022-19-48-13tile error, WIP state
13-02-2022-19-48-13tile error, WIP state
13-02-2022-19-48-13tile error, WIP state
13-02-2022-19-48-15tile error, WIP state
13-02-2022-19-48-15tile error, WIP state
13-02-2022-19-48-15tile error, WIP state
13-02-2022-19-48-15tile error, WIP state
13-02-2022-19-48-15tile error, WIP state
13-02-2022-19-48-15tile error, WIP state
13-02-2022-19-48-15tile error, WIP state
13-02-2022-19-48-15tile error, WIP state
13-02-2022-19-48-15tile error, WIP state
13-02-2022-19-48-16tile error, WIP state
13-02-2022-19-48-16tile error, WIP state
13-02-2022-19-48-16tile error, WIP state
13-02-2022-19-48-16tile error, WIP state
13-02-2022-19-48-16tile error, WIP state
13-02-2022-19-48-16tile error, WIP state
13-02-2022-19-48-16tile error, WIP state
13-02-2022-19-48-16tile error, WIP state
13-02-2022-19-48-16tile error, WIP state
13-02-2022-19-48-16tile error, WIP state
13-02-2022-19-48-16tile error, WIP state
13-02-2022-19-48-16tile error, WIP state
13-02-2022-19-48-17tile error, WIP state
13-02-2022-19-48-17tile error, WIP state
13-02-2022-19-48-17tile error, WIP state
13-02-2022-19-48-17tile error, WIP state
13-02-2022-19-48-17tile error, WIP state
13-02-2022-19-48-17tile error, WIP state
13-02-2022-19-48-17tile error, WIP state
13-02-2022-19-48-17tile error, WIP state
13-02-2022-19-48-17tile error, WIP state
13-02-2022-19-48-17tile error, WIP state
13-02-2022-19-48-17tile error, WIP state
13-02-2022-19-48-17tile error, WIP state
13-02-2022-19-48-17tile error, WIP state
13-02-2022-19-48-17tile error, WIP state
13-02-2022-19-48-17tile error, WIP state
13-02-2022-19-48-19tile error, WIP state
13-02-2022-19-48-19tile error, WIP state
13-02-2022-19-48-20tile error, WIP state
13-02-2022-19-48-20tile error, WIP state
13-02-2022-19-48-20tile error, WIP state
13-02-2022-19-48-20tile error, WIP state
13-02-2022-19-48-20tile error, WIP state
13-02-2022-19-48-20tile error, WIP state
13-02-2022-19-48-20tile error, WIP state
13-02-2022-19-48-20tile error, WIP state
13-02-2022-19-48-20tile error, WIP state
13-02-2022-19-48-20tile error, WIP state
13-02-2022-19-48-20tile error, WIP state
13-02-2022-19-48-21tile error, WIP state
13-02-2022-19-48-21tile error, WIP state
13-02-2022-19-48-21tile error, WIP state
13-02-2022-19-48-21tile error, WIP state
13-02-2022-19-48-21tile error, WIP state
13-02-2022-19-48-21tile error, WIP state
13-02-2022-19-48-21tile error, WIP state
13-02-2022-19-48-21tile error, WIP state
13-02-2022-19-48-21tile error, WIP state
13-02-2022-19-48-21tile error, WIP state
13-02-2022-19-48-21tile error, WIP state
13-02-2022-19-48-21tile error, WIP state
13-02-2022-19-48-21tile error, WIP state
13-02-2022-19-48-21tile error, WIP state
13-02-2022-19-48-21tile error, WIP state
13-02-2022-19-48-21tile error, WIP state
13-02-2022-19-48-21tile error, WIP state
13-02-2022-19-48-21tile error, WIP state
13-02-2022-19-48-21tile error, WIP state
13-02-2022-19-48-22tile error, WIP state
13-02-2022-19-48-22tile error, WIP state
13-02-2022-19-48-22tile error, WIP state
13-02-2022-19-48-22tile error, WIP state
13-02-2022-19-48-23tile error, WIP state
13-02-2022-19-48-24tile error, WIP state
13-02-2022-19-48-24tile error, WIP state
13-02-2022-19-48-24tile error, WIP state
13-02-2022-19-48-24tile error, WIP state
13-02-2022-19-48-24tile error, WIP state
13-02-2022-19-48-24tile error, WIP state
13-02-2022-19-48-24tile error, WIP state
13-02-2022-19-48-25tile error, WIP state
13-02-2022-19-48-25tile error, WIP state
13-02-2022-19-48-25tile error, WIP state
13-02-2022-19-48-25tile error, WIP state
13-02-2022-19-48-25tile error, WIP state
13-02-2022-19-48-25tile error, WIP state
13-02-2022-19-48-25tile error, WIP state
13-02-2022-19-48-25tile error, WIP state
13-02-2022-19-48-25tile error, WIP state
13-02-2022-19-48-25tile error, WIP state
13-02-2022-19-48-25tile error, WIP state
13-02-2022-19-48-25tile error, WIP state
13-02-2022-19-48-25tile error, WIP state
13-02-2022-19-48-25tile error, WIP state
13-02-2022-19-48-25tile error, WIP state
13-02-2022-19-48-25tile error, WIP state
13-02-2022-19-48-25tile error, WIP state
13-02-2022-19-48-25tile error, WIP state
13-02-2022-19-48-25tile error, WIP state
13-02-2022-19-48-26tile error, WIP state
13-02-2022-19-48-26tile error, WIP state
13-02-2022-19-48-26tile error, WIP state
13-02-2022-19-48-26tile error, WIP state
13-02-2022-19-48-26tile error, WIP state
13-02-2022-19-48-26tile error, WIP state
13-02-2022-19-48-26tile error, WIP state
13-02-2022-19-48-26tile error, WIP state
13-02-2022-19-48-26tile error, WIP state
13-02-2022-19-48-28tile error, WIP state
13-02-2022-19-48-28tile error, WIP state
13-02-2022-19-48-28tile error, WIP state
13-02-2022-19-48-28tile error, WIP state
13-02-2022-19-48-29tile error, WIP state
13-02-2022-19-48-29tile error, WIP state
13-02-2022-19-48-29tile error, WIP state
13-02-2022-19-48-29tile error, WIP state
13-02-2022-19-48-29tile error, WIP state
13-02-2022-19-48-29tile error, WIP state
13-02-2022-19-48-29tile error, WIP state
13-02-2022-19-48-29tile error, WIP state
13-02-2022-19-48-29tile error, WIP state
13-02-2022-19-48-29tile error, WIP state
13-02-2022-19-48-29tile error, WIP state
13-02-2022-19-48-29tile error, WIP state
13-02-2022-19-48-29tile error, WIP state
13-02-2022-19-48-29tile error, WIP state
13-02-2022-19-48-29tile error, WIP state
13-02-2022-19-48-30tile error, WIP state
13-02-2022-19-48-30tile error, WIP state
13-02-2022-19-48-30tile error, WIP state
13-02-2022-19-48-30tile error, WIP state
13-02-2022-19-48-30tile error, WIP state
13-02-2022-19-48-30tile error, WIP state
13-02-2022-19-48-30tile error, WIP state
13-02-2022-19-48-30tile error, WIP state
13-02-2022-19-48-30tile error, WIP state
13-02-2022-19-48-30tile error, WIP state
13-02-2022-19-48-30tile error, WIP state
13-02-2022-19-48-30tile error, WIP state
13-02-2022-19-48-30tile error, WIP state
13-02-2022-19-48-30tile error, WIP state
13-02-2022-19-48-30tile error, WIP state
13-02-2022-19-48-30tile error, WIP state
13-02-2022-19-48-30tile error, WIP state
13-02-2022-19-48-34tile error, WIP state
13-02-2022-19-48-35tile error, WIP state
13-02-2022-19-48-35tile error, WIP state
13-02-2022-19-48-35tile error, WIP state
13-02-2022-19-48-35tile error, WIP state
13-02-2022-19-48-35tile error, WIP state
13-02-2022-19-48-35tile error, WIP state
13-02-2022-19-48-35tile error, WIP state
13-02-2022-19-48-35tile error, WIP state
13-02-2022-19-48-35tile error, WIP state
13-02-2022-19-48-35tile error, WIP state
13-02-2022-19-48-35tile error, WIP state
13-02-2022-19-48-36tile error, WIP state
13-02-2022-19-48-36tile error, WIP state
13-02-2022-19-48-36tile error, WIP state
13-02-2022-19-48-36tile error, WIP state
13-02-2022-19-48-36tile error, WIP state
13-02-2022-19-48-36tile error, WIP state
13-02-2022-19-48-36tile error, WIP state
13-02-2022-19-48-36tile error, WIP state
13-02-2022-19-48-36tile error, WIP state
13-02-2022-19-48-36tile error, WIP state
13-02-2022-19-48-36tile error, WIP state
13-02-2022-19-48-36tile error, WIP state
13-02-2022-19-48-36tile error, WIP state
13-02-2022-19-48-36tile error, WIP state
13-02-2022-19-48-36tile error, WIP state
13-02-2022-19-48-36tile error, WIP state
13-02-2022-19-48-36tile error, WIP state
13-02-2022-19-48-36tile error, WIP state
13-02-2022-19-48-36tile error, WIP state
13-02-2022-19-48-37tile error, WIP state
13-02-2022-19-48-37tile error, WIP state
13-02-2022-19-48-37tile error, WIP state
13-02-2022-19-48-37tile error, WIP state
13-02-2022-19-48-37tile error, WIP state
13-02-2022-19-48-39tile error, WIP state
13-02-2022-19-48-39tile error, WIP state
13-02-2022-19-48-39tile error, WIP state
13-02-2022-19-48-39tile error, WIP state
13-02-2022-19-48-40tile error, WIP state
13-02-2022-19-48-40tile error, WIP state
13-02-2022-19-48-40tile error, WIP state
13-02-2022-19-48-40tile error, WIP state
13-02-2022-19-48-40tile error, WIP state
13-02-2022-19-48-40tile error, WIP state
13-02-2022-19-48-40tile error, WIP state
13-02-2022-19-48-40tile error, WIP state
13-02-2022-19-48-40tile error, WIP state
13-02-2022-19-48-40tile error, WIP state
13-02-2022-19-48-40tile error, WIP state
13-02-2022-19-48-40tile error, WIP state
13-02-2022-19-48-40tile error, WIP state
13-02-2022-19-48-40tile error, WIP state
13-02-2022-19-48-40tile error, WIP state
13-02-2022-19-48-41tile error, WIP state
13-02-2022-19-48-41tile error, WIP state
13-02-2022-19-48-41tile error, WIP state
13-02-2022-19-48-41tile error, WIP state
13-02-2022-19-48-41tile error, WIP state
13-02-2022-19-48-41tile error, WIP state
13-02-2022-19-48-41tile error, WIP state
13-02-2022-19-48-41tile error, WIP state
13-02-2022-19-48-41tile error, WIP state
13-02-2022-19-48-41tile error, WIP state
13-02-2022-19-48-41tile error, WIP state
13-02-2022-19-48-41tile error, WIP state
13-02-2022-19-48-41tile error, WIP state
13-02-2022-19-48-42tile error, WIP state
13-02-2022-19-48-42tile error, WIP state
13-02-2022-19-48-42tile error, WIP state
13-02-2022-19-48-42tile error, WIP state
13-02-2022-19-48-44tile error, WIP state
13-02-2022-19-48-44tile error, WIP state
13-02-2022-19-48-44tile error, WIP state
13-02-2022-19-48-44tile error, WIP state
13-02-2022-19-48-45tile error, WIP state
13-02-2022-19-48-45tile error, WIP state
13-02-2022-19-48-45tile error, WIP state
13-02-2022-19-48-45tile error, WIP state
13-02-2022-19-48-45tile error, WIP state
13-02-2022-19-48-45tile error, WIP state
13-02-2022-19-48-45tile error, WIP state
13-02-2022-19-48-45tile error, WIP state
13-02-2022-19-48-45tile error, WIP state
13-02-2022-19-48-45tile error, WIP state
13-02-2022-19-48-45tile error, WIP state
13-02-2022-19-48-45tile error, WIP state
13-02-2022-19-48-45tile error, WIP state
13-02-2022-19-48-46tile error, WIP state
13-02-2022-19-48-46tile error, WIP state
13-02-2022-19-48-46tile error, WIP state
13-02-2022-19-48-46tile error, WIP state
13-02-2022-19-48-46tile error, WIP state
13-02-2022-19-48-46tile error, WIP state
13-02-2022-19-48-46tile error, WIP state
13-02-2022-19-48-46tile error, WIP state
13-02-2022-19-48-46tile error, WIP state
13-02-2022-19-48-46tile error, WIP state
13-02-2022-19-48-52tile error, WIP state
13-02-2022-19-48-52tile error, WIP state
13-02-2022-19-48-53tile error, WIP state
13-02-2022-19-48-53tile error, WIP state
13-02-2022-19-48-53tile error, WIP state
13-02-2022-19-48-53tile error, WIP state
13-02-2022-19-48-53tile error, WIP state
13-02-2022-19-48-53tile error, WIP state
13-02-2022-19-48-53tile error, WIP state
13-02-2022-19-48-53tile error, WIP state
13-02-2022-19-48-53tile error, WIP state
13-02-2022-19-48-53tile error, WIP state
13-02-2022-19-48-53tile error, WIP state
13-02-2022-19-48-53tile error, WIP state
13-02-2022-19-48-53tile error, WIP state
13-02-2022-19-48-53tile error, WIP state
13-02-2022-19-48-54tile error, WIP state
13-02-2022-19-48-54tile error, WIP state
13-02-2022-19-48-54tile error, WIP state
13-02-2022-19-48-54tile error, WIP state
13-02-2022-19-48-54tile error, WIP state
13-02-2022-19-48-54tile error, WIP state
13-02-2022-19-48-54tile error, WIP state
13-02-2022-19-48-54tile error, WIP state
13-02-2022-19-48-54tile error, WIP state
13-02-2022-19-48-54tile error, WIP state
13-02-2022-19-48-54tile error, WIP state
13-02-2022-19-48-54tile error, WIP state
13-02-2022-19-48-54tile error, WIP state
13-02-2022-19-48-54tile error, WIP state
13-02-2022-19-48-54tile error, WIP state
13-02-2022-19-48-54tile error, WIP state
13-02-2022-19-48-54tile error, WIP state
13-02-2022-19-48-54tile error, WIP state
13-02-2022-19-48-54tile error, WIP state
13-02-2022-19-48-54tile error, WIP state
13-02-2022-19-48-56tile error, WIP state
13-02-2022-19-48-57tile error, WIP state
13-02-2022-19-48-57tile error, WIP state
13-02-2022-19-48-57tile error, WIP state
13-02-2022-19-48-57tile error, WIP state
13-02-2022-19-48-57tile error, WIP state
13-02-2022-19-48-57tile error, WIP state
13-02-2022-19-48-57tile error, WIP state
13-02-2022-19-48-57tile error, WIP state
13-02-2022-19-48-58tile error, WIP state
13-02-2022-19-48-58tile error, WIP state
13-02-2022-19-48-58tile error, WIP state
13-02-2022-19-48-58tile error, WIP state
13-02-2022-19-48-58tile error, WIP state
13-02-2022-19-48-58tile error, WIP state
13-02-2022-19-48-58tile error, WIP state
13-02-2022-19-48-58tile error, WIP state
13-02-2022-19-48-58tile error, WIP state
13-02-2022-19-48-58tile error, WIP state
13-02-2022-19-48-58tile error, WIP state
13-02-2022-19-48-58tile error, WIP state
13-02-2022-19-48-58tile error, WIP state
13-02-2022-19-48-58tile error, WIP state
13-02-2022-19-48-58tile error, WIP state
13-02-2022-19-48-58tile error, WIP state
13-02-2022-19-48-58tile error, WIP state
13-02-2022-19-48-58tile error, WIP state
13-02-2022-19-48-58tile error, WIP state
13-02-2022-19-48-59tile error, WIP state
13-02-2022-19-48-59tile error, WIP state
13-02-2022-19-48-59tile error, WIP state
13-02-2022-19-48-59tile error, WIP state
13-02-2022-19-48-59tile error, WIP state
13-02-2022-19-48-59tile error, WIP state
13-02-2022-19-48-59tile error, WIP state
13-02-2022-19-48-59tile error, WIP state
13-02-2022-19-49-01tile error, WIP state
13-02-2022-19-49-01tile error, WIP state
13-02-2022-19-49-01tile error, WIP state
13-02-2022-19-49-02tile error, WIP state
13-02-2022-19-49-02tile error, WIP state
13-02-2022-19-49-02tile error, WIP state
13-02-2022-19-49-02tile error, WIP state
13-02-2022-19-49-02tile error, WIP state
13-02-2022-19-49-02tile error, WIP state
13-02-2022-19-49-02tile error, WIP state
13-02-2022-19-49-02tile error, WIP state
13-02-2022-19-49-02tile error, WIP state
13-02-2022-19-49-02tile error, WIP state
13-02-2022-19-49-02tile error, WIP state
13-02-2022-19-49-02tile error, WIP state
13-02-2022-19-49-02tile error, WIP state
13-02-2022-19-49-02tile error, WIP state
13-02-2022-19-49-02tile error, WIP state
13-02-2022-19-49-02tile error, WIP state
13-02-2022-19-49-02tile error, WIP state
13-02-2022-19-49-03tile error, WIP state
13-02-2022-19-49-03tile error, WIP state
13-02-2022-19-49-03tile error, WIP state
13-02-2022-19-49-03tile error, WIP state
13-02-2022-19-49-03tile error, WIP state
13-02-2022-19-49-03tile error, WIP state
13-02-2022-19-49-03tile error, WIP state
13-02-2022-19-49-03tile error, WIP state
13-02-2022-19-49-03tile error, WIP state
13-02-2022-19-49-03tile error, WIP state
13-02-2022-19-49-03tile error, WIP state
13-02-2022-19-49-03tile error, WIP state
13-02-2022-19-49-03tile error, WIP state
13-02-2022-19-49-03tile error, WIP state
13-02-2022-19-49-03tile error, WIP state
13-02-2022-19-49-03tile error, WIP state
13-02-2022-19-49-05tile error, WIP state
13-02-2022-19-49-06tile error, WIP state
13-02-2022-19-49-06tile error, WIP state
13-02-2022-19-49-06tile error, WIP state
13-02-2022-19-49-06tile error, WIP state
13-02-2022-19-49-06tile error, WIP state
13-02-2022-19-49-06tile error, WIP state
13-02-2022-19-49-06tile error, WIP state
13-02-2022-19-49-06tile error, WIP state
13-02-2022-19-49-06tile error, WIP state
13-02-2022-19-49-06tile error, WIP state
13-02-2022-19-49-07tile error, WIP state
13-02-2022-19-49-07tile error, WIP state
13-02-2022-19-49-07tile error, WIP state
13-02-2022-19-49-07tile error, WIP state
13-02-2022-19-49-07tile error, WIP state
13-02-2022-19-49-07tile error, WIP state
13-02-2022-19-49-07tile error, WIP state
13-02-2022-19-49-07tile error, WIP state
13-02-2022-19-49-07tile error, WIP state
13-02-2022-19-49-07tile error, WIP state
13-02-2022-19-49-07tile error, WIP state
13-02-2022-19-49-07tile error, WIP state
13-02-2022-19-49-07tile error, WIP state
13-02-2022-19-49-07tile error, WIP state
13-02-2022-19-49-07tile error, WIP state
13-02-2022-19-49-07tile error, WIP state
13-02-2022-19-49-07tile error, WIP state
13-02-2022-19-49-08tile error, WIP state
13-02-2022-19-49-08tile error, WIP state
13-02-2022-19-49-08tile error, WIP state
13-02-2022-19-49-08tile error, WIP state
13-02-2022-19-49-08tile error, WIP state
13-02-2022-19-49-08tile error, WIP state
13-02-2022-19-49-08tile error, WIP state
13-02-2022-19-49-08tile error, WIP state
13-02-2022-19-48-46tile error, WIP state
13-02-2022-19-48-46tile error, WIP state
13-02-2022-19-48-46tile error, WIP state
13-02-2022-19-48-46tile error, WIP state
13-02-2022-19-48-46tile error, WIP state
13-02-2022-19-48-46tile error, WIP state
13-02-2022-19-48-47tile error, WIP state
13-02-2022-19-48-47tile error, WIP state
13-02-2022-19-48-47tile error, WIP state
13-02-2022-19-48-49tile error, WIP state
13-02-2022-19-48-49tile error, WIP state
13-02-2022-19-48-49tile error, WIP state
13-02-2022-19-48-49tile error, WIP state
13-02-2022-19-48-49tile error, WIP state
13-02-2022-19-48-50tile error, WIP state
13-02-2022-19-48-50tile error, WIP state
13-02-2022-19-48-50tile error, WIP state
13-02-2022-19-48-50tile error, WIP state
13-02-2022-19-48-50tile error, WIP state
13-02-2022-19-48-50tile error, WIP state
13-02-2022-19-48-50tile error, WIP state
13-02-2022-19-48-50tile error, WIP state
13-02-2022-19-48-50tile error, WIP state
13-02-2022-19-48-50tile error, WIP state
13-02-2022-19-48-50tile error, WIP state
13-02-2022-19-48-50tile error, WIP state
13-02-2022-19-48-50tile error, WIP state
13-02-2022-19-48-50tile error, WIP state
13-02-2022-19-48-50tile error, WIP state
13-02-2022-19-48-50tile error, WIP state
13-02-2022-19-48-50tile error, WIP state
13-02-2022-19-48-51tile error, WIP state
13-02-2022-19-48-51tile error, WIP state
13-02-2022-19-48-51tile error, WIP state
13-02-2022-19-48-51tile error, WIP state
13-02-2022-19-48-51tile error, WIP state
13-02-2022-19-48-51tile error, WIP state
13-02-2022-19-48-51tile error, WIP state
13-02-2022-19-48-51tile error, WIP state
13-02-2022-19-48-51tile error, WIP state
13-02-2022-19-48-51tile error, WIP state
13-02-2022-19-48-51tile error, WIP state
13-02-2022-19-48-51tile error, WIP state
13-02-2022-19-48-51tile error, WIP state
13-02-2022-19-48-51tile error, WIP state
13-02-2022-19-48-53tile error, WIP state
13-02-2022-19-48-54tile error, WIP state
13-02-2022-19-48-54tile error, WIP state
13-02-2022-19-48-54tile error, WIP state
13-02-2022-19-48-54tile error, WIP state
13-02-2022-19-48-54tile error, WIP state
13-02-2022-19-48-55tile error, WIP state
13-02-2022-19-48-55tile error, WIP state
13-02-2022-19-48-55tile error, WIP state
13-02-2022-19-48-55tile error, WIP state
13-02-2022-19-48-55tile error, WIP state
13-02-2022-19-48-55tile error, WIP state
13-02-2022-19-48-55tile error, WIP state
13-02-2022-19-48-55tile error, WIP state
13-02-2022-19-48-55tile error, WIP state
13-02-2022-19-48-55tile error, WIP state
13-02-2022-19-48-55tile error, WIP state
13-02-2022-19-48-55tile error, WIP state
13-02-2022-19-48-55tile error, WIP state
13-02-2022-19-48-55tile error, WIP state
13-02-2022-19-48-55tile error, WIP state
13-02-2022-19-48-55tile error, WIP state
13-02-2022-19-48-55tile error, WIP state
13-02-2022-19-48-56tile error, WIP state
13-02-2022-19-48-56tile error, WIP state
13-02-2022-19-48-56tile error, WIP state
13-02-2022-19-48-56tile error, WIP state
13-02-2022-19-48-56tile error, WIP state
13-02-2022-19-48-56tile error, WIP state
13-02-2022-19-48-56tile error, WIP state
13-02-2022-19-48-56tile error, WIP state
13-02-2022-19-48-56tile error, WIP state
13-02-2022-19-48-56tile error, WIP state
13-02-2022-19-48-56tile error, WIP state
13-02-2022-19-48-56tile error, WIP state
13-02-2022-19-48-56tile error, WIP state
13-02-2022-19-48-58tile error, WIP state
13-02-2022-19-48-59tile error, WIP state
13-02-2022-19-48-59tile error, WIP state
13-02-2022-19-48-59tile error, WIP state
13-02-2022-19-48-59tile error, WIP state
13-02-2022-19-48-59tile error, WIP state
13-02-2022-19-48-59tile error, WIP state
13-02-2022-19-48-59tile error, WIP state
13-02-2022-19-48-59tile error, WIP state
13-02-2022-19-49-00tile error, WIP state
13-02-2022-19-49-00tile error, WIP state
13-02-2022-19-49-00tile error, WIP state
13-02-2022-19-49-00tile error, WIP state
13-02-2022-19-49-00tile error, WIP state
13-02-2022-19-49-00tile error, WIP state
13-02-2022-19-49-00tile error, WIP state
13-02-2022-19-49-00tile error, WIP state
13-02-2022-19-49-00tile error, WIP state
13-02-2022-19-49-00tile error, WIP state
13-02-2022-19-49-00tile error, WIP state
13-02-2022-19-49-00tile error, WIP state
13-02-2022-19-49-00tile error, WIP state
13-02-2022-19-49-00tile error, WIP state
13-02-2022-19-49-00tile error, WIP state
13-02-2022-19-49-00tile error, WIP state
13-02-2022-19-49-01tile error, WIP state
13-02-2022-19-49-01tile error, WIP state
13-02-2022-19-49-01tile error, WIP state
13-02-2022-19-49-01tile error, WIP state
13-02-2022-19-49-01tile error, WIP state
13-02-2022-19-49-01tile error, WIP state
13-02-2022-19-49-01tile error, WIP state
13-02-2022-19-49-01tile error, WIP state
13-02-2022-19-49-01tile error, WIP state
13-02-2022-19-49-01tile error, WIP state
13-02-2022-19-49-01tile error, WIP state
13-02-2022-19-49-03tile error, WIP state
13-02-2022-19-49-03tile error, WIP state
13-02-2022-19-49-04tile error, WIP state
13-02-2022-19-49-04tile error, WIP state
13-02-2022-19-49-04tile error, WIP state
13-02-2022-19-49-04tile error, WIP state
13-02-2022-19-49-04tile error, WIP state
13-02-2022-19-49-04tile error, WIP state
13-02-2022-19-49-05tile error, WIP state
13-02-2022-19-49-05tile error, WIP state
13-02-2022-19-49-05tile error, WIP state
13-02-2022-19-49-05tile error, WIP state
13-02-2022-19-49-05tile error, WIP state
13-02-2022-19-49-05tile error, WIP state
13-02-2022-19-49-05tile error, WIP state
13-02-2022-19-49-05tile error, WIP state
13-02-2022-19-49-05tile error, WIP state
13-02-2022-19-49-05tile error, WIP state
13-02-2022-19-49-05tile error, WIP state
13-02-2022-19-49-05tile error, WIP state
13-02-2022-19-49-05tile error, WIP state
13-02-2022-19-49-05tile error, WIP state
13-02-2022-19-49-05tile error, WIP state
13-02-2022-19-49-05tile error, WIP state
13-02-2022-19-49-05tile error, WIP state
13-02-2022-19-49-06tile error, WIP state
13-02-2022-19-49-06tile error, WIP state
13-02-2022-19-49-06tile error, WIP state
13-02-2022-19-49-06tile error, WIP state
13-02-2022-19-49-06tile error, WIP state
13-02-2022-19-49-06tile error, WIP state
13-02-2022-19-49-06tile error, WIP state
13-02-2022-19-49-06tile error, WIP state
13-02-2022-19-49-06tile error, WIP state
13-02-2022-19-49-06tile error, WIP state
13-02-2022-19-49-06tile error, WIP state
13-02-2022-19-49-08tile error, WIP state
13-02-2022-19-49-08tile error, WIP state
13-02-2022-19-49-08tile error, WIP state
13-02-2022-19-49-09tile error, WIP state
13-02-2022-19-49-09tile error, WIP state
13-02-2022-19-49-09tile error, WIP state
13-02-2022-19-49-09tile error, WIP state
13-02-2022-19-49-09tile error, WIP state
13-02-2022-19-49-09tile error, WIP state
13-02-2022-19-49-09tile error, WIP state
13-02-2022-19-49-09tile error, WIP state
13-02-2022-19-49-09tile error, WIP state
13-02-2022-19-49-09tile error, WIP state
13-02-2022-19-49-09tile error, WIP state
13-02-2022-19-49-09tile error, WIP state
13-02-2022-19-49-09tile error, WIP state
13-02-2022-19-49-09tile error, WIP state
13-02-2022-19-49-10tile error, WIP state
13-02-2022-19-49-10tile error, WIP state
13-02-2022-19-49-10tile error, WIP state
13-02-2022-19-49-10tile error, WIP state
13-02-2022-19-49-10tile error, WIP state
13-02-2022-19-49-10tile error, WIP state
13-02-2022-19-49-10tile error, WIP state
13-02-2022-19-49-10tile error, WIP state
13-02-2022-19-49-10tile error, WIP state
13-02-2022-19-49-10tile error, WIP state
13-02-2022-19-49-10tile error, WIP state
13-02-2022-19-49-10tile error, WIP state
13-02-2022-19-49-10tile error, WIP state
13-02-2022-19-49-10tile error, WIP state
13-02-2022-19-49-10tile error, WIP state
13-02-2022-19-49-10tile error, WIP state
13-02-2022-19-49-10tile error, WIP state
13-02-2022-19-49-10tile error, WIP state
13-02-2022-19-49-10tile error, WIP state
13-02-2022-19-49-13tile error, WIP state
13-02-2022-19-49-13tile error, WIP state
13-02-2022-19-49-13tile error, WIP state
13-02-2022-19-49-13tile error, WIP state
13-02-2022-19-49-13tile error, WIP state
13-02-2022-19-49-14tile error, WIP state
13-02-2022-19-49-14tile error, WIP state
13-02-2022-19-49-14tile error, WIP state
13-02-2022-19-49-14tile error, WIP state
13-02-2022-19-49-14tile error, WIP state
13-02-2022-19-49-14tile error, WIP state
13-02-2022-19-49-14tile error, WIP state
13-02-2022-19-49-14tile error, WIP state
13-02-2022-19-49-14tile error, WIP state
13-02-2022-19-49-14tile error, WIP state
13-02-2022-19-49-15tile error, WIP state
13-02-2022-19-49-15tile error, WIP state
13-02-2022-19-49-15tile error, WIP state
13-02-2022-19-49-15tile error, WIP state
13-02-2022-19-49-15tile error, WIP state
13-02-2022-19-49-15tile error, WIP state
13-02-2022-19-49-15tile error, WIP state
13-02-2022-19-49-15tile error, WIP state
13-02-2022-19-49-15tile error, WIP state
13-02-2022-19-49-15tile error, WIP state
13-02-2022-19-49-15tile error, WIP state
13-02-2022-19-49-15tile error, WIP state
13-02-2022-19-49-15tile error, WIP state
13-02-2022-19-49-15tile error, WIP state
13-02-2022-19-49-15tile error, WIP state
13-02-2022-19-49-15tile error, WIP state
13-02-2022-19-49-15tile error, WIP state
13-02-2022-19-49-15tile error, WIP state
13-02-2022-19-49-15tile error, WIP state
13-02-2022-19-49-16tile error, WIP state
13-02-2022-19-49-16tile error, WIP state
13-02-2022-19-49-17tile error, WIP state
13-02-2022-19-49-17tile error, WIP state
13-02-2022-19-49-18tile error, WIP state
13-02-2022-19-49-18tile error, WIP state
13-02-2022-19-49-18tile error, WIP state
13-02-2022-19-49-18tile error, WIP state
13-02-2022-19-49-18tile error, WIP state
13-02-2022-19-49-18tile error, WIP state
13-02-2022-19-49-18tile error, WIP state
13-02-2022-19-49-18tile error, WIP state
13-02-2022-19-49-18tile error, WIP state
13-02-2022-19-49-18tile error, WIP state
13-02-2022-19-49-19tile error, WIP state
13-02-2022-19-49-19tile error, WIP state
13-02-2022-19-49-19tile error, WIP state
13-02-2022-19-49-19tile error, WIP state
13-02-2022-19-49-19tile error, WIP state
13-02-2022-19-49-19tile error, WIP state
13-02-2022-19-49-19tile error, WIP state
13-02-2022-19-49-19tile error, WIP state
13-02-2022-19-49-19tile error, WIP state
13-02-2022-19-49-19tile error, WIP state
13-02-2022-19-49-19tile error, WIP state
13-02-2022-19-49-19tile error, WIP state
13-02-2022-19-49-19tile error, WIP state
13-02-2022-19-49-19tile error, WIP state
13-02-2022-19-49-19tile error, WIP state
13-02-2022-19-49-19tile error, WIP state
13-02-2022-19-49-19tile error, WIP state
13-02-2022-19-49-19tile error, WIP state
13-02-2022-19-49-19tile error, WIP state
13-02-2022-19-49-19tile error, WIP state
13-02-2022-19-49-20tile error, WIP state
13-02-2022-19-49-20tile error, WIP state
13-02-2022-19-49-20tile error, WIP state
13-02-2022-19-49-20tile error, WIP state
13-02-2022-19-49-21tile error, WIP state
13-02-2022-19-49-22tile error, WIP state
13-02-2022-19-49-22tile error, WIP state
13-02-2022-19-49-22tile error, WIP state
13-02-2022-19-49-22tile error, WIP state
13-02-2022-19-49-22tile error, WIP state
13-02-2022-19-49-23tile error, WIP state
13-02-2022-19-49-23tile error, WIP state
13-02-2022-19-49-23tile error, WIP state
13-02-2022-19-49-23tile error, WIP state
13-02-2022-19-49-23tile error, WIP state
13-02-2022-19-49-23tile error, WIP state
13-02-2022-19-49-23tile error, WIP state
13-02-2022-19-49-23tile error, WIP state
13-02-2022-19-49-23tile error, WIP state
13-02-2022-19-49-23tile error, WIP state
13-02-2022-19-49-23tile error, WIP state
13-02-2022-19-49-23tile error, WIP state
13-02-2022-19-49-23tile error, WIP state
13-02-2022-19-49-23tile error, WIP state
13-02-2022-19-49-23tile error, WIP state
13-02-2022-19-49-23tile error, WIP state
13-02-2022-19-49-24tile error, WIP state
13-02-2022-19-49-24tile error, WIP state
13-02-2022-19-49-24tile error, WIP state
13-02-2022-19-49-24tile error, WIP state
13-02-2022-19-49-24tile error, WIP state
13-02-2022-19-49-24tile error, WIP state
13-02-2022-19-49-24tile error, WIP state
13-02-2022-19-49-24tile error, WIP state
13-02-2022-19-49-24tile error, WIP state
13-02-2022-19-49-24tile error, WIP state
13-02-2022-19-49-24tile error, WIP state
13-02-2022-19-49-24tile error, WIP state
13-02-2022-19-49-24tile error, WIP state
13-02-2022-19-49-24tile error, WIP state
13-02-2022-19-49-26tile error, WIP state
13-02-2022-19-49-26tile error, WIP state
13-02-2022-19-49-26tile error, WIP state
13-02-2022-19-49-27tile error, WIP state
13-02-2022-19-49-27tile error, WIP state
13-02-2022-19-49-27tile error, WIP state
13-02-2022-19-49-27tile error, WIP state
13-02-2022-19-49-27tile error, WIP state
13-02-2022-19-49-27tile error, WIP state
13-02-2022-19-49-27tile error, WIP state
13-02-2022-19-49-27tile error, WIP state
13-02-2022-19-49-27tile error, WIP state
13-02-2022-19-49-27tile error, WIP state
13-02-2022-19-49-27tile error, WIP state
13-02-2022-19-49-27tile error, WIP state
13-02-2022-19-49-28tile error, WIP state
13-02-2022-19-49-28tile error, WIP state
13-02-2022-19-49-28tile error, WIP state
13-02-2022-19-49-28tile error, WIP state
13-02-2022-19-49-28tile error, WIP state
13-02-2022-19-49-28tile error, WIP state
13-02-2022-19-49-28tile error, WIP state
13-02-2022-19-49-28tile error, WIP state
13-02-2022-19-49-28tile error, WIP state
13-02-2022-19-49-28tile error, WIP state
13-02-2022-19-49-28tile error, WIP state
13-02-2022-19-49-28tile error, WIP state
13-02-2022-19-49-28tile error, WIP state
13-02-2022-19-49-28tile error, WIP state
13-02-2022-19-49-28tile error, WIP state
13-02-2022-19-49-28tile error, WIP state
13-02-2022-19-49-28tile error, WIP state
13-02-2022-19-49-28tile error, WIP state
13-02-2022-19-49-28tile error, WIP state
13-02-2022-19-49-29tile error, WIP state
13-02-2022-19-49-29tile error, WIP state
13-02-2022-19-49-31tile error, WIP state
13-02-2022-19-49-31tile error, WIP state
13-02-2022-19-49-31tile error, WIP state
13-02-2022-19-49-31tile error, WIP state
13-02-2022-19-49-31tile error, WIP state
13-02-2022-19-49-32tile error, WIP state
13-02-2022-19-49-32tile error, WIP state
13-02-2022-19-49-32tile error, WIP state
13-02-2022-19-49-32tile error, WIP state
13-02-2022-19-49-32tile error, WIP state
13-02-2022-19-49-32tile error, WIP state
13-02-2022-19-49-32tile error, WIP state
13-02-2022-19-49-32tile error, WIP state
13-02-2022-19-49-32tile error, WIP state
13-02-2022-19-49-32tile error, WIP state
13-02-2022-19-49-32tile error, WIP state
13-02-2022-19-49-32tile error, WIP state
13-02-2022-19-49-32tile error, WIP state
13-02-2022-19-49-32tile error, WIP state
13-02-2022-19-49-32tile error, WIP state
13-02-2022-19-49-32tile error, WIP state
13-02-2022-19-49-32tile error, WIP state
13-02-2022-19-49-33tile error, WIP state
13-02-2022-19-49-33tile error, WIP state
13-02-2022-19-49-33tile error, WIP state
13-02-2022-19-49-33tile error, WIP state
13-02-2022-19-49-33tile error, WIP state
13-02-2022-19-49-33tile error, WIP state
13-02-2022-19-49-33tile error, WIP state
13-02-2022-19-49-33tile error, WIP state
13-02-2022-19-49-33tile error, WIP state
13-02-2022-19-49-33tile error, WIP state
13-02-2022-19-49-33tile error, WIP state
13-02-2022-19-49-33tile error, WIP state
13-02-2022-19-49-33tile error, WIP state
13-02-2022-19-49-33tile error, WIP state
13-02-2022-19-49-35tile error, WIP state
13-02-2022-19-49-36tile error, WIP state
13-02-2022-19-49-36tile error, WIP state
13-02-2022-19-49-36tile error, WIP state
13-02-2022-19-49-36tile error, WIP state
13-02-2022-19-49-36tile error, WIP state
13-02-2022-19-49-36tile error, WIP state
13-02-2022-19-49-36tile error, WIP state
13-02-2022-19-49-36tile error, WIP state
13-02-2022-19-49-37tile error, WIP state
13-02-2022-19-49-37tile error, WIP state
13-02-2022-19-49-37tile error, WIP state
13-02-2022-19-49-37tile error, WIP state
13-02-2022-19-49-37tile error, WIP state
13-02-2022-19-49-37tile error, WIP state
13-02-2022-19-49-37tile error, WIP state
13-02-2022-19-49-37tile error, WIP state
13-02-2022-19-49-37tile error, WIP state
13-02-2022-19-49-37tile error, WIP state
13-02-2022-19-49-37tile error, WIP state
13-02-2022-19-49-37tile error, WIP state
13-02-2022-19-49-37tile error, WIP state
13-02-2022-19-49-37tile error, WIP state
13-02-2022-19-49-37tile error, WIP state
13-02-2022-19-49-37tile error, WIP state
13-02-2022-19-49-37tile error, WIP state
13-02-2022-19-49-37tile error, WIP state
13-02-2022-19-49-38tile error, WIP state
13-02-2022-19-49-38tile error, WIP state
13-02-2022-19-49-38tile error, WIP state
13-02-2022-19-49-38tile error, WIP state
13-02-2022-19-49-38tile error, WIP state
13-02-2022-19-49-38tile error, WIP state
13-02-2022-19-49-38tile error, WIP state
13-02-2022-19-49-38tile error, WIP state
13-02-2022-19-49-38tile error, WIP state
13-02-2022-19-49-40tile error, WIP state
13-02-2022-19-49-40tile error, WIP state
13-02-2022-19-49-40tile error, WIP state
13-02-2022-19-49-40tile error, WIP state
13-02-2022-19-49-41tile error, WIP state
13-02-2022-19-49-41tile error, WIP state
13-02-2022-19-49-41tile error, WIP state
13-02-2022-19-49-41tile error, WIP state
13-02-2022-19-49-41tile error, WIP state
13-02-2022-19-49-41tile error, WIP state
13-02-2022-19-49-41tile error, WIP state
13-02-2022-19-49-41tile error, WIP state
13-02-2022-19-49-41tile error, WIP state
13-02-2022-19-49-41tile error, WIP state
13-02-2022-19-49-41tile error, WIP state
13-02-2022-19-49-42tile error, WIP state
13-02-2022-19-49-42tile error, WIP state
13-02-2022-19-49-42tile error, WIP state
13-02-2022-19-49-42tile error, WIP state
13-02-2022-19-49-42tile error, WIP state
13-02-2022-19-49-42tile error, WIP state
13-02-2022-19-49-42tile error, WIP state
13-02-2022-19-49-42tile error, WIP state
13-02-2022-19-49-42tile error, WIP state
13-02-2022-19-49-42tile error, WIP state
13-02-2022-19-49-42tile error, WIP state
13-02-2022-19-49-42tile error, WIP state
13-02-2022-19-49-42tile error, WIP state
13-02-2022-19-49-42tile error, WIP state
13-02-2022-19-49-42tile error, WIP state
13-02-2022-19-49-42tile error, WIP state
13-02-2022-19-49-42tile error, WIP state
13-02-2022-19-49-42tile error, WIP state
13-02-2022-19-49-43tile error, WIP state
13-02-2022-19-49-43tile error, WIP state
13-02-2022-19-49-43tile error, WIP state
13-02-2022-19-49-44tile error, WIP state
13-02-2022-19-49-45tile error, WIP state
13-02-2022-19-49-45tile error, WIP state
13-02-2022-19-49-45tile error, WIP state
13-02-2022-19-49-45tile error, WIP state
13-02-2022-19-49-45tile error, WIP state
13-02-2022-19-49-45tile error, WIP state
13-02-2022-19-49-45tile error, WIP state
13-02-2022-19-49-45tile error, WIP state
13-02-2022-19-49-46tile error, WIP state
13-02-2022-19-49-46tile error, WIP state
13-02-2022-19-49-46tile error, WIP state
13-02-2022-19-49-46tile error, WIP state
13-02-2022-19-49-46tile error, WIP state
13-02-2022-19-49-46tile error, WIP state
13-02-2022-19-49-46tile error, WIP state
13-02-2022-19-49-46tile error, WIP state
13-02-2022-19-49-46tile error, WIP state
13-02-2022-19-49-46tile error, WIP state
13-02-2022-19-49-46tile error, WIP state
13-02-2022-19-49-46tile error, WIP state
13-02-2022-19-49-46tile error, WIP state
13-02-2022-19-49-46tile error, WIP state
13-02-2022-19-49-46tile error, WIP state
13-02-2022-19-49-46tile error, WIP state
13-02-2022-19-49-46tile error, WIP state
13-02-2022-19-49-46tile error, WIP state
13-02-2022-19-49-46tile error, WIP state
13-02-2022-19-49-47tile error, WIP state
13-02-2022-19-49-47tile error, WIP state
13-02-2022-19-49-47tile error, WIP state
13-02-2022-19-49-47tile error, WIP state
13-02-2022-19-49-47tile error, WIP state
13-02-2022-19-49-47tile error, WIP state
13-02-2022-19-49-47tile error, WIP state
13-02-2022-19-49-47tile error, WIP state
13-02-2022-19-49-49tile error, WIP state
13-02-2022-19-49-49tile error, WIP state
13-02-2022-19-49-49tile error, WIP state
13-02-2022-19-49-49tile error, WIP state
13-02-2022-19-49-49tile error, WIP state
13-02-2022-19-49-50tile error, WIP state
13-02-2022-19-49-50tile error, WIP state
13-02-2022-19-49-50tile error, WIP state
13-02-2022-19-49-50tile error, WIP state
13-02-2022-19-49-50tile error, WIP state
13-02-2022-19-49-50tile error, WIP state
13-02-2022-19-49-50tile error, WIP state
13-02-2022-19-49-50tile error, WIP state
13-02-2022-19-49-50tile error, WIP state
13-02-2022-19-49-50tile error, WIP state
13-02-2022-19-49-50tile error, WIP state
13-02-2022-19-49-50tile error, WIP state
13-02-2022-19-49-50tile error, WIP state
13-02-2022-19-49-50tile error, WIP state
13-02-2022-19-49-50tile error, WIP state
13-02-2022-19-49-50tile error, WIP state
13-02-2022-19-49-50tile error, WIP state
13-02-2022-19-49-50tile error, WIP state
13-02-2022-19-49-51tile error, WIP state
13-02-2022-19-49-51tile error, WIP state
13-02-2022-19-49-51tile error, WIP state
13-02-2022-19-49-51tile error, WIP state
13-02-2022-19-49-51tile error, WIP state
13-02-2022-19-49-51tile error, WIP state
13-02-2022-19-49-51tile error, WIP state
13-02-2022-19-49-51tile error, WIP state
13-02-2022-19-49-51tile error, WIP state
13-02-2022-19-49-51tile error, WIP state
13-02-2022-19-49-51tile error, WIP state
13-02-2022-19-49-51tile error, WIP state
13-02-2022-19-49-51tile error, WIP state
13-02-2022-19-49-53tile error, WIP state
13-02-2022-19-49-53tile error, WIP state
13-02-2022-19-49-54tile error, WIP state
13-02-2022-19-49-54tile error, WIP state
13-02-2022-19-49-54tile error, WIP state
13-02-2022-19-49-54tile error, WIP state
13-02-2022-19-49-54tile error, WIP state
13-02-2022-19-49-54tile error, WIP state
13-02-2022-19-49-54tile error, WIP state
13-02-2022-19-49-54tile error, WIP state
13-02-2022-19-49-54tile error, WIP state
13-02-2022-19-49-54tile error, WIP state
13-02-2022-19-49-54tile error, WIP state
13-02-2022-19-49-54tile error, WIP state
13-02-2022-19-49-54tile error, WIP state
13-02-2022-19-49-55tile error, WIP state
13-02-2022-19-49-55tile error, WIP state
13-02-2022-19-49-55tile error, WIP state
13-02-2022-19-49-55tile error, WIP state
13-02-2022-19-49-55tile error, WIP state
13-02-2022-19-49-55tile error, WIP state
13-02-2022-19-49-55tile error, WIP state
13-02-2022-19-49-55tile error, WIP state
13-02-2022-19-49-55tile error, WIP state
13-02-2022-19-49-55tile error, WIP state
13-02-2022-19-49-55tile error, WIP state
13-02-2022-19-49-55tile error, WIP state
13-02-2022-19-49-55tile error, WIP state
13-02-2022-19-49-55tile error, WIP state
13-02-2022-19-49-55tile error, WIP state
13-02-2022-19-49-55tile error, WIP state
13-02-2022-19-49-55tile error, WIP state
13-02-2022-19-49-56tile error, WIP state
13-02-2022-19-49-56tile error, WIP state
13-02-2022-19-49-56tile error, WIP state
13-02-2022-19-49-56tile error, WIP state
13-02-2022-19-49-57tile error, WIP state
13-02-2022-19-49-58tile error, WIP state
13-02-2022-19-49-58tile error, WIP state
13-02-2022-19-49-58tile error, WIP state
13-02-2022-19-49-58tile error, WIP state
13-02-2022-19-49-58tile error, WIP state
13-02-2022-19-49-59tile error, WIP state
13-02-2022-19-49-59tile error, WIP state
13-02-2022-19-49-59tile error, WIP state
13-02-2022-19-49-59tile error, WIP state
13-02-2022-19-49-59tile error, WIP state
13-02-2022-19-49-59tile error, WIP state
13-02-2022-19-49-59tile error, WIP state
13-02-2022-19-49-59tile error, WIP state
13-02-2022-19-49-59tile error, WIP state
13-02-2022-19-49-59tile error, WIP state
13-02-2022-19-49-59tile error, WIP state
13-02-2022-19-49-59tile error, WIP state
13-02-2022-19-49-59tile error, WIP state
13-02-2022-19-49-59tile error, WIP state
13-02-2022-19-49-59tile error, WIP state
13-02-2022-19-49-59tile error, WIP state
13-02-2022-19-49-59tile error, WIP state
13-02-2022-19-49-59tile error, WIP state
13-02-2022-19-50-00tile error, WIP state
13-02-2022-19-50-00tile error, WIP state
13-02-2022-19-50-00tile error, WIP state
13-02-2022-19-50-00tile error, WIP state
13-02-2022-19-50-00tile error, WIP state
13-02-2022-19-50-00tile error, WIP state
13-02-2022-19-50-00tile error, WIP state
13-02-2022-19-50-00tile error, WIP state
13-02-2022-19-50-00tile error, WIP state
13-02-2022-19-50-00tile error, WIP state
13-02-2022-19-50-00tile error, WIP state
13-02-2022-19-50-00tile error, WIP state
13-02-2022-19-50-02tile error, WIP state
13-02-2022-19-50-02tile error, WIP state
13-02-2022-19-50-03tile error, WIP state
13-02-2022-19-50-03tile error, WIP state
13-02-2022-19-50-03tile error, WIP state
13-02-2022-19-50-03tile error, WIP state
13-02-2022-19-50-03tile error, WIP state
13-02-2022-19-50-03tile error, WIP state
13-02-2022-19-50-03tile error, WIP state
13-02-2022-19-50-03tile error, WIP state
13-02-2022-19-50-03tile error, WIP state
13-02-2022-19-50-03tile error, WIP state
13-02-2022-19-50-03tile error, WIP state
13-02-2022-19-50-04tile error, WIP state
13-02-2022-19-50-04tile error, WIP state
13-02-2022-19-50-04tile error, WIP state
13-02-2022-19-50-04tile error, WIP state
13-02-2022-19-50-04tile error, WIP state
13-02-2022-19-50-04tile error, WIP state
13-02-2022-19-50-04tile error, WIP state
13-02-2022-19-50-04tile error, WIP state
13-02-2022-19-50-04tile error, WIP state
13-02-2022-19-50-04tile error, WIP state
13-02-2022-19-50-04tile error, WIP state
13-02-2022-19-50-04tile error, WIP state
13-02-2022-19-50-04tile error, WIP state
13-02-2022-19-50-04tile error, WIP state
13-02-2022-19-50-04tile error, WIP state
13-02-2022-19-50-04tile error, WIP state
13-02-2022-19-50-04tile error, WIP state
13-02-2022-19-50-04tile error, WIP state
13-02-2022-19-50-05tile error, WIP state
13-02-2022-19-50-05tile error, WIP state
13-02-2022-19-50-05tile error, WIP state
13-02-2022-19-50-05tile error, WIP state
13-02-2022-19-50-05tile error, WIP state
13-02-2022-19-50-07tile error, WIP state
13-02-2022-19-50-07tile error, WIP state
13-02-2022-19-50-07tile error, WIP state
13-02-2022-19-50-08tile error, WIP state
13-02-2022-19-50-08tile error, WIP state
13-02-2022-19-50-08tile error, WIP state
13-02-2022-19-50-08tile error, WIP state
13-02-2022-19-50-08tile error, WIP state
13-02-2022-19-50-08tile error, WIP state
13-02-2022-19-50-08tile error, WIP state
13-02-2022-19-50-08tile error, WIP state
13-02-2022-19-50-08tile error, WIP state
13-02-2022-19-50-08tile error, WIP state
13-02-2022-19-50-08tile error, WIP state
13-02-2022-19-50-08tile error, WIP state
13-02-2022-19-50-08tile error, WIP state
13-02-2022-19-50-09tile error, WIP state
13-02-2022-19-50-09tile error, WIP state
13-02-2022-19-50-09tile error, WIP state
13-02-2022-19-50-09tile error, WIP state
13-02-2022-19-50-09tile error, WIP state
13-02-2022-19-50-09tile error, WIP state
13-02-2022-19-50-09tile error, WIP state
13-02-2022-19-50-09tile error, WIP state
13-02-2022-19-50-09tile error, WIP state
13-02-2022-19-50-09tile error, WIP state
13-02-2022-19-50-09tile error, WIP state
13-02-2022-19-50-09tile error, WIP state
13-02-2022-19-50-09tile error, WIP state
13-02-2022-19-50-09tile error, WIP state
13-02-2022-19-50-09tile error, WIP state
13-02-2022-19-50-09tile error, WIP state
13-02-2022-19-50-09tile error, WIP state
13-02-2022-19-50-09tile error, WIP state
13-02-2022-19-50-10tile error, WIP state
13-02-2022-19-50-10tile error, WIP state
13-02-2022-19-50-11tile error, WIP state
13-02-2022-19-50-12tile error, WIP state
13-02-2022-19-50-12tile error, WIP state
13-02-2022-19-50-12tile error, WIP state
13-02-2022-19-50-12tile error, WIP state
13-02-2022-19-50-12tile error, WIP state
13-02-2022-19-50-12tile error, WIP state
13-02-2022-19-50-12tile error, WIP state
13-02-2022-19-50-13tile error, WIP state
13-02-2022-19-50-13tile error, WIP state
13-02-2022-19-50-13tile error, WIP state
13-02-2022-19-50-13tile error, WIP state
13-02-2022-19-50-13tile error, WIP state
13-02-2022-19-50-13tile error, WIP state
13-02-2022-19-50-13tile error, WIP state
13-02-2022-19-50-13tile error, WIP state
13-02-2022-19-50-13tile error, WIP state
13-02-2022-19-50-13tile error, WIP state
13-02-2022-19-50-13tile error, WIP state
13-02-2022-19-50-13tile error, WIP state
13-02-2022-19-50-13tile error, WIP state
13-02-2022-19-50-13tile error, WIP state
13-02-2022-19-50-13tile error, WIP state
13-02-2022-19-50-13tile error, WIP state
13-02-2022-19-50-13tile error, WIP state
13-02-2022-19-50-13tile error, WIP state
13-02-2022-19-50-13tile error, WIP state
13-02-2022-19-50-14tile error, WIP state
13-02-2022-19-50-14tile error, WIP state
13-02-2022-19-50-14tile error, WIP state
13-02-2022-19-50-14tile error, WIP state
13-02-2022-19-50-14tile error, WIP state
13-02-2022-19-50-14tile error, WIP state
13-02-2022-19-50-14tile error, WIP state
13-02-2022-19-50-14tile error, WIP state
13-02-2022-19-50-14tile error, WIP state
13-02-2022-19-50-16tile error, WIP state
13-02-2022-19-50-16tile error, WIP state
13-02-2022-19-50-17tile error, WIP state
13-02-2022-19-50-17tile error, WIP state
13-02-2022-19-50-17tile error, WIP state
13-02-2022-19-50-17tile error, WIP state
13-02-2022-19-50-17tile error, WIP state
13-02-2022-19-50-17tile error, WIP state
13-02-2022-19-50-17tile error, WIP state
13-02-2022-19-50-17tile error, WIP state
13-02-2022-19-50-17tile error, WIP state
13-02-2022-19-50-17tile error, WIP state
13-02-2022-19-50-17tile error, WIP state
13-02-2022-19-50-17tile error, WIP state
13-02-2022-19-50-17tile error, WIP state
13-02-2022-19-50-17tile error, WIP state
13-02-2022-19-50-18tile error, WIP state
13-02-2022-19-50-18tile error, WIP state
13-02-2022-19-50-18tile error, WIP state
13-02-2022-19-50-18tile error, WIP state
13-02-2022-19-50-18tile error, WIP state
13-02-2022-19-50-18tile error, WIP state
13-02-2022-19-50-18tile error, WIP state
13-02-2022-19-50-18tile error, WIP state
13-02-2022-19-50-18tile error, WIP state
13-02-2022-19-50-18tile error, WIP state
13-02-2022-19-50-18tile error, WIP state
13-02-2022-19-50-18tile error, WIP state
13-02-2022-19-50-18tile error, WIP state
13-02-2022-19-50-18tile error, WIP state
13-02-2022-19-50-18tile error, WIP state
13-02-2022-19-50-18tile error, WIP state
13-02-2022-19-50-18tile error, WIP state
13-02-2022-19-50-18tile error, WIP state
13-02-2022-19-50-18tile error, WIP state
13-02-2022-19-50-18tile error, WIP state
13-02-2022-19-50-41tile error, WIP state
13-02-2022-19-50-41tile error, WIP state
13-02-2022-19-50-41tile error, WIP state
13-02-2022-19-50-41tile error, WIP state
13-02-2022-19-50-41tile error, WIP state
13-02-2022-19-50-41tile error, WIP state
13-02-2022-19-50-41tile error, WIP state
13-02-2022-19-50-41tile error, WIP state
13-02-2022-19-50-41tile error, WIP state
13-02-2022-19-50-41tile error, WIP state
13-02-2022-19-50-41tile error, WIP state
13-02-2022-19-50-41tile error, WIP state
13-02-2022-19-50-41tile error, WIP state
13-02-2022-19-50-41tile error, WIP state
13-02-2022-19-50-41tile error, WIP state
13-02-2022-19-50-41tile error, WIP state
13-02-2022-19-50-41tile error, WIP state
13-02-2022-19-50-41tile error, WIP state
13-02-2022-19-50-41tile error, WIP state
13-02-2022-19-50-41tile error, WIP state
13-02-2022-19-50-41tile error, WIP state
13-02-2022-19-50-42tile error, WIP state
13-02-2022-19-50-42tile error, WIP state
13-02-2022-19-50-42tile error, WIP state
13-02-2022-19-50-42tile error, WIP state
13-02-2022-19-50-42tile error, WIP state
13-02-2022-19-50-42tile error, WIP state
13-02-2022-19-50-42tile error, WIP state
13-02-2022-19-50-42tile error, WIP state
13-02-2022-19-50-42tile error, WIP state
13-02-2022-19-50-42tile error, WIP state
13-02-2022-19-50-42tile error, WIP state
13-02-2022-19-50-42tile error, WIP state
13-02-2022-19-50-42tile error, WIP state
13-02-2022-19-50-42tile error, WIP state
13-02-2022-19-50-42tile error, WIP state
13-02-2022-19-50-46tile error, WIP state
13-02-2022-19-50-46tile error, WIP state
13-02-2022-19-50-46tile error, WIP state
13-02-2022-19-50-46tile error, WIP state
13-02-2022-19-50-47tile error, WIP state
13-02-2022-19-50-47tile error, WIP state
13-02-2022-19-50-47tile error, WIP state
13-02-2022-19-50-47tile error, WIP state
13-02-2022-19-50-47tile error, WIP state
13-02-2022-19-50-47tile error, WIP state
13-02-2022-19-50-47tile error, WIP state
13-02-2022-19-50-47tile error, WIP state
13-02-2022-19-50-47tile error, WIP state
13-02-2022-19-50-47tile error, WIP state
13-02-2022-19-50-47tile error, WIP state
13-02-2022-19-50-47tile error, WIP state
13-02-2022-19-50-47tile error, WIP state
13-02-2022-19-50-47tile error, WIP state
13-02-2022-19-50-47tile error, WIP state
13-02-2022-19-50-47tile error, WIP state
13-02-2022-19-50-47tile error, WIP state
13-02-2022-19-50-47tile error, WIP state
13-02-2022-19-50-47tile error, WIP state
13-02-2022-19-50-47tile error, WIP state
13-02-2022-19-50-47tile error, WIP state
13-02-2022-19-50-47tile error, WIP state
13-02-2022-19-50-48tile error, WIP state
13-02-2022-19-50-48tile error, WIP state
13-02-2022-19-50-48tile error, WIP state
13-02-2022-19-50-48tile error, WIP state
13-02-2022-19-50-48tile error, WIP state
13-02-2022-19-50-48tile error, WIP state
13-02-2022-19-50-48tile error, WIP state
13-02-2022-19-50-48tile error, WIP state
13-02-2022-19-50-48tile error, WIP state
13-02-2022-19-50-48tile error, WIP state
13-02-2022-19-51-00tile error, WIP state
13-02-2022-19-51-01tile error, WIP state
13-02-2022-19-51-01tile error, WIP state
13-02-2022-19-51-01tile error, WIP state
13-02-2022-19-51-01tile error, WIP state
13-02-2022-19-51-01tile error, WIP state
13-02-2022-19-51-01tile error, WIP state
13-02-2022-19-51-01tile error, WIP state
13-02-2022-19-51-01tile error, WIP state
13-02-2022-19-51-01tile error, WIP state
13-02-2022-19-51-01tile error, WIP state
13-02-2022-19-51-01tile error, WIP state
13-02-2022-19-51-01tile error, WIP state
13-02-2022-19-51-01tile error, WIP state
13-02-2022-19-51-01tile error, WIP state
13-02-2022-19-51-01tile error, WIP state
13-02-2022-19-51-01tile error, WIP state
13-02-2022-19-51-01tile error, WIP state
13-02-2022-19-51-01tile error, WIP state
13-02-2022-19-51-02tile error, WIP state
13-02-2022-19-51-02tile error, WIP state
13-02-2022-19-51-02tile error, WIP state
13-02-2022-19-51-02tile error, WIP state
13-02-2022-19-51-02tile error, WIP state
13-02-2022-19-51-02tile error, WIP state
13-02-2022-19-51-02tile error, WIP state
13-02-2022-19-51-02tile error, WIP state
13-02-2022-19-51-02tile error, WIP state
13-02-2022-19-51-02tile error, WIP state
13-02-2022-19-51-02tile error, WIP state
13-02-2022-19-51-02tile error, WIP state
13-02-2022-19-51-02tile error, WIP state
13-02-2022-19-51-02tile error, WIP state
13-02-2022-19-51-02tile error, WIP state
13-02-2022-19-51-02tile error, WIP state
13-02-2022-19-51-02tile error, WIP state
13-02-2022-19-51-22tile error, WIP state
13-02-2022-19-51-22tile error, WIP state
13-02-2022-19-51-22tile error, WIP state
13-02-2022-19-51-22tile error, WIP state
13-02-2022-19-51-22tile error, WIP state
13-02-2022-19-51-23tile error, WIP state
13-02-2022-19-51-23tile error, WIP state
13-02-2022-19-51-23tile error, WIP state
13-02-2022-19-51-23tile error, WIP state
13-02-2022-19-51-23tile error, WIP state
13-02-2022-19-51-23tile error, WIP state
13-02-2022-19-51-23tile error, WIP state
13-02-2022-19-51-23tile error, WIP state
13-02-2022-19-51-23tile error, WIP state
13-02-2022-19-51-23tile error, WIP state
13-02-2022-19-51-23tile error, WIP state
13-02-2022-19-51-23tile error, WIP state
13-02-2022-19-51-23tile error, WIP state
13-02-2022-19-51-23tile error, WIP state
13-02-2022-19-51-23tile error, WIP state
13-02-2022-19-51-23tile error, WIP state
13-02-2022-19-51-23tile error, WIP state
13-02-2022-19-51-23tile error, WIP state
13-02-2022-19-51-23tile error, WIP state
13-02-2022-19-51-23tile error, WIP state
13-02-2022-19-51-23tile error, WIP state
13-02-2022-19-51-23tile error, WIP state
13-02-2022-19-51-24tile error, WIP state
13-02-2022-19-51-24tile error, WIP state
13-02-2022-19-51-24tile error, WIP state
13-02-2022-19-51-24tile error, WIP state
13-02-2022-19-51-24tile error, WIP state
13-02-2022-19-51-24tile error, WIP state
13-02-2022-19-51-24tile error, WIP state
13-02-2022-19-51-24tile error, WIP state
13-02-2022-19-51-24tile error, WIP state
13-02-2022-19-51-26tile error, WIP state
13-02-2022-19-51-26tile error, WIP state
13-02-2022-19-51-26tile error, WIP state
13-02-2022-19-51-26tile error, WIP state
13-02-2022-19-51-27tile error, WIP state
13-02-2022-19-51-27tile error, WIP state
13-02-2022-19-51-27tile error, WIP state
13-02-2022-19-51-27tile error, WIP state
13-02-2022-19-51-27tile error, WIP state
13-02-2022-19-51-27tile error, WIP state
13-02-2022-19-51-27tile error, WIP state
13-02-2022-19-51-27tile error, WIP state
13-02-2022-19-51-27tile error, WIP state
13-02-2022-19-51-27tile error, WIP state
13-02-2022-19-51-27tile error, WIP state
13-02-2022-19-51-27tile error, WIP state
13-02-2022-19-51-27tile error, WIP state
13-02-2022-19-51-27tile error, WIP state
13-02-2022-19-51-27tile error, WIP state
13-02-2022-19-51-27tile error, WIP state
13-02-2022-19-51-27tile error, WIP state
13-02-2022-19-51-27tile error, WIP state
13-02-2022-19-51-27tile error, WIP state
13-02-2022-19-51-27tile error, WIP state
13-02-2022-19-51-27tile error, WIP state
13-02-2022-19-51-27tile error, WIP state
13-02-2022-19-51-28tile error, WIP state
13-02-2022-19-51-28tile error, WIP state
13-02-2022-19-51-28tile error, WIP state
13-02-2022-19-51-28tile error, WIP state
13-02-2022-19-51-28tile error, WIP state
13-02-2022-19-51-28tile error, WIP state
13-02-2022-19-51-28tile error, WIP state
13-02-2022-19-51-28tile error, WIP state
13-02-2022-19-51-28tile error, WIP state
13-02-2022-19-51-28tile error, WIP state
13-02-2022-19-51-30tile error, WIP state
13-02-2022-19-51-30tile error, WIP state
13-02-2022-19-51-30tile error, WIP state
13-02-2022-19-51-30tile error, WIP state
13-02-2022-19-51-30tile error, WIP state
13-02-2022-19-51-30tile error, WIP state
13-02-2022-19-51-30tile error, WIP state
13-02-2022-19-51-30tile error, WIP state
13-02-2022-19-51-30tile error, WIP state
13-02-2022-19-51-30tile error, WIP state
13-02-2022-19-51-31tile error, WIP state
13-02-2022-19-51-31tile error, WIP state
13-02-2022-19-51-31tile error, WIP state
13-02-2022-19-51-31tile error, WIP state
13-02-2022-19-51-31tile error, WIP state
13-02-2022-19-51-31tile error, WIP state
13-02-2022-19-51-31tile error, WIP state
13-02-2022-19-51-31tile error, WIP state
13-02-2022-19-51-31tile error, WIP state
13-02-2022-19-51-31tile error, WIP state
13-02-2022-19-51-31tile error, WIP state
13-02-2022-19-51-31tile error, WIP state
13-02-2022-19-51-32tile error, WIP state
13-02-2022-19-51-32tile error, WIP state
13-02-2022-19-51-32tile error, WIP state
13-02-2022-19-51-32tile error, WIP state
13-02-2022-19-51-32tile error, WIP state
13-02-2022-19-51-32tile error, WIP state
13-02-2022-19-51-32tile error, WIP state
13-02-2022-19-51-32tile error, WIP state
13-02-2022-19-51-32tile error, WIP state
13-02-2022-19-51-32tile error, WIP state
13-02-2022-19-51-33tile error, WIP state
13-02-2022-19-51-33tile error, WIP state
13-02-2022-19-51-33tile error, WIP state
13-02-2022-19-51-33tile error, WIP state
13-02-2022-19-51-35tile error, WIP state
13-02-2022-19-51-35tile error, WIP state
13-02-2022-19-51-35tile error, WIP state
13-02-2022-19-51-35tile error, WIP state
13-02-2022-19-51-36tile error, WIP state
13-02-2022-19-51-36tile error, WIP state
13-02-2022-19-51-36tile error, WIP state
13-02-2022-19-51-36tile error, WIP state
13-02-2022-19-51-36tile error, WIP state
13-02-2022-19-51-36tile error, WIP state
13-02-2022-19-51-36tile error, WIP state
13-02-2022-19-51-36tile error, WIP state
13-02-2022-19-51-36tile error, WIP state
13-02-2022-19-51-36tile error, WIP state
13-02-2022-19-51-36tile error, WIP state
13-02-2022-19-51-36tile error, WIP state
13-02-2022-19-51-36tile error, WIP state
13-02-2022-19-51-36tile error, WIP state
13-02-2022-19-51-36tile error, WIP state
13-02-2022-19-51-36tile error, WIP state
13-02-2022-19-51-36tile error, WIP state
13-02-2022-19-51-36tile error, WIP state
13-02-2022-19-51-36tile error, WIP state
13-02-2022-19-51-37tile error, WIP state
13-02-2022-19-51-37tile error, WIP state
13-02-2022-19-51-37tile error, WIP state
13-02-2022-19-51-37tile error, WIP state
13-02-2022-19-51-37tile error, WIP state
13-02-2022-19-51-37tile error, WIP state
13-02-2022-19-51-37tile error, WIP state
13-02-2022-19-51-37tile error, WIP state
13-02-2022-19-51-37tile error, WIP state
13-02-2022-19-51-37tile error, WIP state
13-02-2022-19-51-37tile error, WIP state
13-02-2022-19-51-37tile error, WIP state
13-02-2022-19-51-37tile error, WIP state
13-02-2022-19-51-40tile error, WIP state
13-02-2022-19-51-40tile error, WIP state
13-02-2022-19-51-40tile error, WIP state
13-02-2022-19-51-40tile error, WIP state
13-02-2022-19-51-40tile error, WIP state
13-02-2022-19-51-41tile error, WIP state
13-02-2022-19-51-41tile error, WIP state
13-02-2022-19-51-41tile error, WIP state
13-02-2022-19-51-41tile error, WIP state
13-02-2022-19-51-41tile error, WIP state
13-02-2022-19-51-41tile error, WIP state
13-02-2022-19-51-41tile error, WIP state
13-02-2022-19-51-41tile error, WIP state
13-02-2022-19-51-41tile error, WIP state
13-02-2022-19-51-41tile error, WIP state
13-02-2022-19-51-41tile error, WIP state
13-02-2022-19-51-41tile error, WIP state
13-02-2022-19-51-41tile error, WIP state
13-02-2022-19-51-41tile error, WIP state
13-02-2022-19-51-41tile error, WIP state
13-02-2022-19-51-41tile error, WIP state
13-02-2022-19-51-41tile error, WIP state
13-02-2022-19-51-41tile error, WIP state
13-02-2022-19-51-41tile error, WIP state
13-02-2022-19-51-41tile error, WIP state
13-02-2022-19-51-42tile error, WIP state
13-02-2022-19-51-42tile error, WIP state
13-02-2022-19-51-42tile error, WIP state
13-02-2022-19-51-42tile error, WIP state
13-02-2022-19-51-42tile error, WIP state
13-02-2022-19-51-42tile error, WIP state
13-02-2022-19-51-42tile error, WIP state
13-02-2022-19-51-42tile error, WIP state
13-02-2022-19-51-42tile error, WIP state
13-02-2022-19-51-42tile error, WIP state
13-02-2022-19-51-42tile error, WIP state
13-02-2022-19-51-44tile error, WIP state
13-02-2022-19-51-44tile error, WIP state
13-02-2022-19-51-44tile error, WIP state
13-02-2022-19-51-44tile error, WIP state
13-02-2022-19-51-44tile error, WIP state
13-02-2022-19-51-44tile error, WIP state
13-02-2022-19-51-44tile error, WIP state
13-02-2022-19-51-44tile error, WIP state
13-02-2022-19-51-44tile error, WIP state
13-02-2022-19-51-45tile error, WIP state
13-02-2022-19-51-45tile error, WIP state
13-02-2022-19-51-45tile error, WIP state
13-02-2022-19-51-45tile error, WIP state
13-02-2022-19-51-45tile error, WIP state
13-02-2022-19-51-45tile error, WIP state
13-02-2022-19-51-45tile error, WIP state
13-02-2022-19-51-45tile error, WIP state
13-02-2022-19-51-45tile error, WIP state
13-02-2022-19-51-45tile error, WIP state
13-02-2022-19-51-46tile error, WIP state
13-02-2022-19-51-46tile error, WIP state
13-02-2022-19-51-46tile error, WIP state
13-02-2022-19-51-46tile error, WIP state
13-02-2022-19-51-46tile error, WIP state
13-02-2022-19-51-46tile error, WIP state
13-02-2022-19-51-46tile error, WIP state
13-02-2022-19-51-46tile error, WIP state
13-02-2022-19-51-46tile error, WIP state
13-02-2022-19-51-46tile error, WIP state
13-02-2022-19-51-46tile error, WIP state
13-02-2022-19-51-46tile error, WIP state
13-02-2022-19-51-46tile error, WIP state
13-02-2022-19-51-46tile error, WIP state
13-02-2022-19-51-46tile error, WIP state
13-02-2022-19-51-46tile error, WIP state
13-02-2022-19-51-46tile error, WIP state
13-02-2022-19-51-49tile error, WIP state
13-02-2022-19-51-49tile error, WIP state
13-02-2022-19-51-49tile error, WIP state
13-02-2022-19-51-49tile error, WIP state
13-02-2022-19-51-49tile error, WIP state
13-02-2022-19-51-49tile error, WIP state
13-02-2022-19-51-49tile error, WIP state
13-02-2022-19-51-49tile error, WIP state
13-02-2022-19-51-49tile error, WIP state
13-02-2022-19-51-49tile error, WIP state
13-02-2022-19-51-50tile error, WIP state
13-02-2022-19-51-50tile error, WIP state
13-02-2022-19-51-50tile error, WIP state
13-02-2022-19-51-50tile error, WIP state
13-02-2022-19-51-50tile error, WIP state
13-02-2022-19-51-50tile error, WIP state
13-02-2022-19-51-50tile error, WIP state
13-02-2022-19-51-50tile error, WIP state
13-02-2022-19-51-50tile error, WIP state
13-02-2022-19-51-50tile error, WIP state
13-02-2022-19-51-50tile error, WIP state
13-02-2022-19-51-50tile error, WIP state
13-02-2022-19-51-50tile error, WIP state
13-02-2022-19-51-51tile error, WIP state
13-02-2022-19-51-51tile error, WIP state
13-02-2022-19-51-51tile error, WIP state
13-02-2022-19-51-51tile error, WIP state
13-02-2022-19-51-51tile error, WIP state
13-02-2022-19-51-51tile error, WIP state
13-02-2022-19-51-51tile error, WIP state
13-02-2022-19-51-51tile error, WIP state
13-02-2022-19-51-51tile error, WIP state
13-02-2022-19-51-51tile error, WIP state
13-02-2022-19-51-51tile error, WIP state
13-02-2022-19-51-51tile error, WIP state
13-02-2022-19-51-51tile error, WIP state
13-02-2022-19-51-54tile error, WIP state
13-02-2022-19-51-54tile error, WIP state
13-02-2022-19-51-55tile error, WIP state
13-02-2022-19-51-55tile error, WIP state
13-02-2022-19-51-55tile error, WIP state
13-02-2022-19-51-55tile error, WIP state
13-02-2022-19-51-55tile error, WIP state
13-02-2022-19-51-55tile error, WIP state
13-02-2022-19-51-55tile error, WIP state
13-02-2022-19-51-55tile error, WIP state
13-02-2022-19-51-55tile error, WIP state
13-02-2022-19-51-55tile error, WIP state
13-02-2022-19-51-55tile error, WIP state
13-02-2022-19-51-55tile error, WIP state
13-02-2022-19-51-55tile error, WIP state
13-02-2022-19-51-55tile error, WIP state
13-02-2022-19-51-55tile error, WIP state
13-02-2022-19-51-55tile error, WIP state
13-02-2022-19-51-55tile error, WIP state
13-02-2022-19-51-55tile error, WIP state
13-02-2022-19-51-55tile error, WIP state
13-02-2022-19-51-56tile error, WIP state
13-02-2022-19-51-56tile error, WIP state
13-02-2022-19-51-56tile error, WIP state
13-02-2022-19-51-56tile error, WIP state
13-02-2022-19-51-56tile error, WIP state
13-02-2022-19-51-56tile error, WIP state
13-02-2022-19-51-56tile error, WIP state
13-02-2022-19-51-56tile error, WIP state
13-02-2022-19-51-56tile error, WIP state
13-02-2022-19-51-56tile error, WIP state
13-02-2022-19-51-56tile error, WIP state
13-02-2022-19-51-56tile error, WIP state
13-02-2022-19-51-56tile error, WIP state
13-02-2022-19-51-56tile error, WIP state
13-02-2022-19-51-56tile error, WIP state
13-02-2022-19-51-58tile error, WIP state
13-02-2022-19-51-58tile error, WIP state
13-02-2022-19-51-58tile error, WIP state
13-02-2022-19-51-58tile error, WIP state
13-02-2022-19-51-58tile error, WIP state
13-02-2022-19-51-58tile error, WIP state
13-02-2022-19-51-59tile error, WIP state
13-02-2022-19-51-59tile error, WIP state
13-02-2022-19-51-59tile error, WIP state
13-02-2022-19-51-59tile error, WIP state
13-02-2022-19-51-59tile error, WIP state
13-02-2022-19-52-00tile error, WIP state
13-02-2022-19-52-00tile error, WIP state
13-02-2022-19-52-00tile error, WIP state
13-02-2022-19-52-00tile error, WIP state
13-02-2022-19-52-00tile error, WIP state
13-02-2022-19-52-00tile error, WIP state
13-02-2022-19-52-00tile error, WIP state
13-02-2022-19-52-00tile error, WIP state
13-02-2022-19-52-00tile error, WIP state
13-02-2022-19-52-00tile error, WIP state
13-02-2022-19-52-00tile error, WIP state
13-02-2022-19-52-00tile error, WIP state
13-02-2022-19-52-00tile error, WIP state
13-02-2022-19-52-00tile error, WIP state
13-02-2022-19-52-00tile error, WIP state
13-02-2022-19-52-00tile error, WIP state
13-02-2022-19-52-00tile error, WIP state
13-02-2022-19-52-01tile error, WIP state
13-02-2022-19-52-01tile error, WIP state
13-02-2022-19-52-01tile error, WIP state
13-02-2022-19-52-01tile error, WIP state
13-02-2022-19-52-01tile error, WIP state
13-02-2022-19-52-01tile error, WIP state
13-02-2022-19-52-01tile error, WIP state
13-02-2022-19-52-01tile error, WIP state
13-02-2022-19-52-04tile error, WIP state
13-02-2022-19-52-04tile error, WIP state
13-02-2022-19-52-05tile error, WIP state
13-02-2022-19-52-05tile error, WIP state
13-02-2022-19-52-05tile error, WIP state
13-02-2022-19-52-05tile error, WIP state
13-02-2022-19-52-05tile error, WIP state
13-02-2022-19-52-05tile error, WIP state
13-02-2022-19-52-05tile error, WIP state
13-02-2022-19-52-05tile error, WIP state
13-02-2022-19-52-05tile error, WIP state
13-02-2022-19-52-05tile error, WIP state
13-02-2022-19-52-05tile error, WIP state
13-02-2022-19-52-05tile error, WIP state
13-02-2022-19-52-05tile error, WIP state
13-02-2022-19-52-05tile error, WIP state
13-02-2022-19-52-06tile error, WIP state
13-02-2022-19-52-06tile error, WIP state
13-02-2022-19-52-06tile error, WIP state
13-02-2022-19-52-06tile error, WIP state
13-02-2022-19-52-06tile error, WIP state
13-02-2022-19-52-06tile error, WIP state
13-02-2022-19-52-06tile error, WIP state
13-02-2022-19-52-06tile error, WIP state
13-02-2022-19-52-06tile error, WIP state
13-02-2022-19-52-06tile error, WIP state
13-02-2022-19-52-06tile error, WIP state
13-02-2022-19-52-06tile error, WIP state
13-02-2022-19-52-06tile error, WIP state
13-02-2022-19-52-06tile error, WIP state
13-02-2022-19-52-06tile error, WIP state
13-02-2022-19-52-06tile error, WIP state
13-02-2022-19-52-06tile error, WIP state
13-02-2022-19-52-06tile error, WIP state
13-02-2022-19-52-07tile error, WIP state
13-02-2022-19-52-07tile error, WIP state
13-02-2022-19-52-08tile error, WIP state
13-02-2022-19-52-09tile error, WIP state
13-02-2022-19-52-09tile error, WIP state
13-02-2022-19-52-09tile error, WIP state
13-02-2022-19-52-09tile error, WIP state
13-02-2022-19-52-09tile error, WIP state
13-02-2022-19-52-10tile error, WIP state
13-02-2022-19-52-10tile error, WIP state
13-02-2022-19-52-10tile error, WIP state
13-02-2022-19-52-10tile error, WIP state
13-02-2022-19-52-10tile error, WIP state
13-02-2022-19-52-10tile error, WIP state
13-02-2022-19-52-10tile error, WIP state
13-02-2022-19-52-10tile error, WIP state
13-02-2022-19-52-10tile error, WIP state
13-02-2022-19-52-10tile error, WIP state
13-02-2022-19-52-10tile error, WIP state
13-02-2022-19-52-10tile error, WIP state
13-02-2022-19-52-10tile error, WIP state
13-02-2022-19-52-10tile error, WIP state
13-02-2022-19-52-10tile error, WIP state
13-02-2022-19-52-10tile error, WIP state
13-02-2022-19-52-10tile error, WIP state
13-02-2022-19-52-10tile error, WIP state
13-02-2022-19-52-10tile error, WIP state
13-02-2022-19-52-10tile error, WIP state
13-02-2022-19-52-11tile error, WIP state
13-02-2022-19-52-11tile error, WIP state
13-02-2022-19-52-11tile error, WIP state
13-02-2022-19-52-11tile error, WIP state
13-02-2022-19-52-11tile error, WIP state
13-02-2022-19-52-11tile error, WIP state
13-02-2022-19-52-11tile error, WIP state
13-02-2022-19-52-11tile error, WIP state
13-02-2022-19-52-11tile error, WIP state
13-02-2022-19-52-11tile error, WIP state
13-02-2022-19-52-14tile error, WIP state
13-02-2022-19-52-15tile error, WIP state
13-02-2022-19-52-15tile error, WIP state
13-02-2022-19-52-15tile error, WIP state
13-02-2022-19-52-15tile error, WIP state
13-02-2022-19-52-15tile error, WIP state
13-02-2022-19-52-15tile error, WIP state
13-02-2022-19-52-15tile error, WIP state
13-02-2022-19-52-15tile error, WIP state
13-02-2022-19-52-15tile error, WIP state
13-02-2022-19-52-15tile error, WIP state
13-02-2022-19-52-15tile error, WIP state
13-02-2022-19-52-15tile error, WIP state
13-02-2022-19-52-15tile error, WIP state
13-02-2022-19-52-15tile error, WIP state
13-02-2022-19-52-15tile error, WIP state
13-02-2022-19-52-15tile error, WIP state
13-02-2022-19-52-15tile error, WIP state
13-02-2022-19-52-15tile error, WIP state
13-02-2022-19-52-15tile error, WIP state
13-02-2022-19-52-16tile error, WIP state
13-02-2022-19-52-16tile error, WIP state
13-02-2022-19-52-16tile error, WIP state
13-02-2022-19-52-16tile error, WIP state
13-02-2022-19-52-16tile error, WIP state
13-02-2022-19-52-16tile error, WIP state
13-02-2022-19-52-16tile error, WIP state
13-02-2022-19-52-16tile error, WIP state
13-02-2022-19-52-16tile error, WIP state
13-02-2022-19-52-16tile error, WIP state
13-02-2022-19-52-16tile error, WIP state
13-02-2022-19-52-16tile error, WIP state
13-02-2022-19-52-16tile error, WIP state
13-02-2022-19-52-16tile error, WIP state
13-02-2022-19-52-16tile error, WIP state
13-02-2022-19-52-16tile error, WIP state
13-02-2022-19-52-18tile error, WIP state
13-02-2022-19-52-18tile error, WIP state
13-02-2022-19-52-18tile error, WIP state
13-02-2022-19-52-18tile error, WIP state
13-02-2022-19-52-18tile error, WIP state
13-02-2022-19-52-18tile error, WIP state
13-02-2022-19-52-18tile error, WIP state
13-02-2022-19-52-18tile error, WIP state
13-02-2022-19-52-18tile error, WIP state
13-02-2022-19-52-19tile error, WIP state
13-02-2022-19-52-19tile error, WIP state
13-02-2022-19-52-19tile error, WIP state
13-02-2022-19-52-19tile error, WIP state
13-02-2022-19-52-19tile error, WIP state
13-02-2022-19-52-19tile error, WIP state
13-02-2022-19-52-19tile error, WIP state
13-02-2022-19-52-19tile error, WIP state
13-02-2022-19-52-19tile error, WIP state
13-02-2022-19-52-19tile error, WIP state
13-02-2022-19-52-20tile error, WIP state
13-02-2022-19-52-20tile error, WIP state
13-02-2022-19-52-20tile error, WIP state
13-02-2022-19-52-20tile error, WIP state
13-02-2022-19-52-20tile error, WIP state
13-02-2022-19-52-20tile error, WIP state
13-02-2022-19-52-20tile error, WIP state
13-02-2022-19-52-20tile error, WIP state
13-02-2022-19-52-20tile error, WIP state
13-02-2022-19-52-20tile error, WIP state
13-02-2022-19-52-20tile error, WIP state
13-02-2022-19-52-20tile error, WIP state
13-02-2022-19-52-20tile error, WIP state
13-02-2022-19-52-21tile error, WIP state
13-02-2022-19-52-21tile error, WIP state
13-02-2022-19-52-21tile error, WIP state
13-02-2022-19-52-21tile error, WIP state
13-02-2022-19-52-24tile error, WIP state
13-02-2022-19-52-24tile error, WIP state
13-02-2022-19-52-24tile error, WIP state
13-02-2022-19-52-24tile error, WIP state
13-02-2022-19-52-25tile error, WIP state
13-02-2022-19-52-25tile error, WIP state
13-02-2022-19-52-25tile error, WIP state
13-02-2022-19-52-25tile error, WIP state
13-02-2022-19-52-25tile error, WIP state
13-02-2022-19-52-25tile error, WIP state
13-02-2022-19-52-25tile error, WIP state
13-02-2022-19-52-25tile error, WIP state
13-02-2022-19-52-25tile error, WIP state
13-02-2022-19-52-25tile error, WIP state
13-02-2022-19-52-25tile error, WIP state
13-02-2022-19-52-25tile error, WIP state
13-02-2022-19-52-25tile error, WIP state
13-02-2022-19-52-25tile error, WIP state
13-02-2022-19-52-25tile error, WIP state
13-02-2022-19-52-26tile error, WIP state
13-02-2022-19-52-26tile error, WIP state
13-02-2022-19-52-26tile error, WIP state
13-02-2022-19-52-26tile error, WIP state
13-02-2022-19-52-26tile error, WIP state
13-02-2022-19-52-26tile error, WIP state
13-02-2022-19-52-26tile error, WIP state
13-02-2022-19-52-26tile error, WIP state
13-02-2022-19-52-26tile error, WIP state
13-02-2022-19-52-26tile error, WIP state
13-02-2022-19-52-26tile error, WIP state
13-02-2022-19-52-26tile error, WIP state
13-02-2022-19-52-26tile error, WIP state
13-02-2022-19-52-26tile error, WIP state
13-02-2022-19-52-26tile error, WIP state
13-02-2022-19-52-26tile error, WIP state
13-02-2022-19-52-26tile error, WIP state
13-02-2022-19-52-28tile error, WIP state
13-02-2022-19-52-28tile error, WIP state
13-02-2022-19-52-28tile error, WIP state
13-02-2022-19-52-28tile error, WIP state
13-02-2022-19-52-28tile error, WIP state
13-02-2022-19-52-28tile error, WIP state
13-02-2022-19-52-28tile error, WIP state
13-02-2022-19-52-29tile error, WIP state
13-02-2022-19-52-29tile error, WIP state
13-02-2022-19-52-29tile error, WIP state
13-02-2022-19-52-29tile error, WIP state
13-02-2022-19-52-29tile error, WIP state
13-02-2022-19-52-29tile error, WIP state
13-02-2022-19-52-29tile error, WIP state
13-02-2022-19-52-29tile error, WIP state
13-02-2022-19-52-29tile error, WIP state
13-02-2022-19-52-29tile error, WIP state
13-02-2022-19-52-29tile error, WIP state
13-02-2022-19-52-29tile error, WIP state
13-02-2022-19-52-29tile error, WIP state
13-02-2022-19-52-30tile error, WIP state
13-02-2022-19-52-30tile error, WIP state
13-02-2022-19-52-30tile error, WIP state
13-02-2022-19-52-30tile error, WIP state
13-02-2022-19-52-30tile error, WIP state
13-02-2022-19-52-30tile error, WIP state
13-02-2022-19-52-30tile error, WIP state
13-02-2022-19-52-30tile error, WIP state
13-02-2022-19-52-30tile error, WIP state
13-02-2022-19-52-30tile error, WIP state
13-02-2022-19-52-31tile error, WIP state
13-02-2022-19-52-31tile error, WIP state
13-02-2022-19-52-31tile error, WIP state
13-02-2022-19-52-31tile error, WIP state
13-02-2022-19-52-31tile error, WIP state
13-02-2022-19-52-31tile error, WIP state
13-02-2022-19-52-33tile error, WIP state
13-02-2022-19-52-33tile error, WIP state
13-02-2022-19-52-34tile error, WIP state
13-02-2022-19-52-34tile error, WIP state
13-02-2022-19-52-34tile error, WIP state
13-02-2022-19-52-34tile error, WIP state
13-02-2022-19-52-34tile error, WIP state
13-02-2022-19-52-34tile error, WIP state
13-02-2022-19-52-34tile error, WIP state
13-02-2022-19-52-34tile error, WIP state
13-02-2022-19-52-34tile error, WIP state
13-02-2022-19-52-34tile error, WIP state
13-02-2022-19-52-34tile error, WIP state
13-02-2022-19-52-34tile error, WIP state
13-02-2022-19-52-34tile error, WIP state
13-02-2022-19-52-34tile error, WIP state
13-02-2022-19-52-34tile error, WIP state
13-02-2022-19-52-34tile error, WIP state
13-02-2022-19-52-35tile error, WIP state
13-02-2022-19-52-35tile error, WIP state
13-02-2022-19-52-35tile error, WIP state
13-02-2022-19-52-35tile error, WIP state
13-02-2022-19-52-35tile error, WIP state
13-02-2022-19-52-35tile error, WIP state
13-02-2022-19-52-35tile error, WIP state
13-02-2022-19-52-35tile error, WIP state
13-02-2022-19-52-35tile error, WIP state
13-02-2022-19-52-35tile error, WIP state
13-02-2022-19-52-35tile error, WIP state
13-02-2022-19-52-35tile error, WIP state
13-02-2022-19-52-35tile error, WIP state
13-02-2022-19-52-35tile error, WIP state
13-02-2022-19-52-35tile error, WIP state
13-02-2022-19-52-35tile error, WIP state
13-02-2022-19-52-35tile error, WIP state
13-02-2022-19-52-35tile error, WIP state
13-02-2022-19-52-37tile error, WIP state
13-02-2022-19-52-37tile error, WIP state
13-02-2022-19-52-37tile error, WIP state
13-02-2022-19-52-37tile error, WIP state
13-02-2022-19-52-37tile error, WIP state
13-02-2022-19-52-37tile error, WIP state
13-02-2022-19-52-37tile error, WIP state
13-02-2022-19-52-38tile error, WIP state
13-02-2022-19-52-38tile error, WIP state
13-02-2022-19-52-38tile error, WIP state
13-02-2022-19-52-38tile error, WIP state
13-02-2022-19-52-38tile error, WIP state
13-02-2022-19-52-38tile error, WIP state
13-02-2022-19-52-38tile error, WIP state
13-02-2022-19-52-38tile error, WIP state
13-02-2022-19-52-38tile error, WIP state
13-02-2022-19-52-38tile error, WIP state
13-02-2022-19-52-38tile error, WIP state
13-02-2022-19-52-38tile error, WIP state
13-02-2022-19-52-39tile error, WIP state
13-02-2022-19-52-39tile error, WIP state
13-02-2022-19-52-39tile error, WIP state
13-02-2022-19-52-39tile error, WIP state
13-02-2022-19-52-39tile error, WIP state
13-02-2022-19-52-39tile error, WIP state
13-02-2022-19-52-39tile error, WIP state
13-02-2022-19-52-39tile error, WIP state
13-02-2022-19-52-39tile error, WIP state
13-02-2022-19-52-39tile error, WIP state
13-02-2022-19-52-39tile error, WIP state
13-02-2022-19-52-39tile error, WIP state
13-02-2022-19-52-40tile error, WIP state
13-02-2022-19-52-40tile error, WIP state
13-02-2022-19-52-40tile error, WIP state
13-02-2022-19-52-40tile error, WIP state
13-02-2022-19-52-40tile error, WIP state
13-02-2022-19-52-41tile error, WIP state
13-02-2022-19-52-41tile error, WIP state
13-02-2022-19-52-42tile error, WIP state
13-02-2022-19-52-42tile error, WIP state
13-02-2022-19-52-42tile error, WIP state
13-02-2022-19-52-42tile error, WIP state
13-02-2022-19-52-42tile error, WIP state
13-02-2022-19-52-42tile error, WIP state
13-02-2022-19-52-42tile error, WIP state
13-02-2022-19-52-42tile error, WIP state
13-02-2022-19-52-42tile error, WIP state
13-02-2022-19-52-42tile error, WIP state
13-02-2022-19-52-42tile error, WIP state
13-02-2022-19-52-42tile error, WIP state
13-02-2022-19-52-43tile error, WIP state
13-02-2022-19-52-43tile error, WIP state
13-02-2022-19-52-43tile error, WIP state
13-02-2022-19-52-43tile error, WIP state
13-02-2022-19-52-43tile error, WIP state
13-02-2022-19-52-43tile error, WIP state
13-02-2022-19-52-43tile error, WIP state
13-02-2022-19-52-43tile error, WIP state
13-02-2022-19-52-43tile error, WIP state
13-02-2022-19-52-43tile error, WIP state
13-02-2022-19-52-43tile error, WIP state
13-02-2022-19-52-43tile error, WIP state
13-02-2022-19-52-43tile error, WIP state
13-02-2022-19-52-43tile error, WIP state
13-02-2022-19-52-43tile error, WIP state
13-02-2022-19-52-43tile error, WIP state
13-02-2022-19-52-43tile error, WIP state
13-02-2022-19-52-43tile error, WIP state
13-02-2022-19-52-43tile error, WIP state
13-02-2022-19-52-43tile error, WIP state
13-02-2022-19-52-44tile error, WIP state
13-02-2022-19-52-44tile error, WIP state
13-02-2022-19-52-46tile error, WIP state
13-02-2022-19-52-46tile error, WIP state
13-02-2022-19-52-46tile error, WIP state
13-02-2022-19-52-46tile error, WIP state
13-02-2022-19-52-46tile error, WIP state
13-02-2022-19-52-46tile error, WIP state
13-02-2022-19-52-46tile error, WIP state
13-02-2022-19-52-47tile error, WIP state
13-02-2022-19-52-47tile error, WIP state
13-02-2022-19-52-47tile error, WIP state
13-02-2022-19-52-47tile error, WIP state
13-02-2022-19-52-47tile error, WIP state
13-02-2022-19-52-47tile error, WIP state
13-02-2022-19-52-47tile error, WIP state
13-02-2022-19-52-47tile error, WIP state
13-02-2022-19-52-47tile error, WIP state
13-02-2022-19-52-47tile error, WIP state
13-02-2022-19-52-47tile error, WIP state
13-02-2022-19-52-47tile error, WIP state
13-02-2022-19-52-47tile error, WIP state
13-02-2022-19-52-47tile error, WIP state
13-02-2022-19-52-47tile error, WIP state
13-02-2022-19-52-47tile error, WIP state
13-02-2022-19-52-47tile error, WIP state
13-02-2022-19-52-48tile error, WIP state
13-02-2022-19-52-48tile error, WIP state
13-02-2022-19-52-48tile error, WIP state
13-02-2022-19-52-48tile error, WIP state
13-02-2022-19-52-48tile error, WIP state
13-02-2022-19-52-48tile error, WIP state
13-02-2022-19-52-48tile error, WIP state
13-02-2022-19-52-48tile error, WIP state
13-02-2022-19-52-48tile error, WIP state
13-02-2022-19-52-48tile error, WIP state
13-02-2022-19-52-48tile error, WIP state
13-02-2022-19-52-48tile error, WIP state
13-02-2022-19-52-50tile error, WIP state
13-02-2022-19-52-50tile error, WIP state
13-02-2022-19-52-50tile error, WIP state
13-02-2022-19-52-51tile error, WIP state
13-02-2022-19-52-51tile error, WIP state
13-02-2022-19-52-51tile error, WIP state
13-02-2022-19-52-51tile error, WIP state
13-02-2022-19-52-51tile error, WIP state
13-02-2022-19-52-51tile error, WIP state
13-02-2022-19-52-51tile error, WIP state
13-02-2022-19-52-51tile error, WIP state
13-02-2022-19-52-51tile error, WIP state
13-02-2022-19-52-51tile error, WIP state
13-02-2022-19-52-52tile error, WIP state
13-02-2022-19-52-52tile error, WIP state
13-02-2022-19-52-52tile error, WIP state
13-02-2022-19-52-52tile error, WIP state
13-02-2022-19-52-52tile error, WIP state
13-02-2022-19-52-52tile error, WIP state
13-02-2022-19-52-52tile error, WIP state
13-02-2022-19-52-52tile error, WIP state
13-02-2022-19-52-52tile error, WIP state
13-02-2022-19-52-52tile error, WIP state
13-02-2022-19-52-52tile error, WIP state
13-02-2022-19-52-52tile error, WIP state
13-02-2022-19-52-52tile error, WIP state
13-02-2022-19-52-52tile error, WIP state
13-02-2022-19-52-52tile error, WIP state
13-02-2022-19-52-52tile error, WIP state
13-02-2022-19-52-52tile error, WIP state
13-02-2022-19-52-52tile error, WIP state
13-02-2022-19-52-52tile error, WIP state
13-02-2022-19-52-53tile error, WIP state
13-02-2022-19-52-53tile error, WIP state
13-02-2022-19-52-53tile error, WIP state
13-02-2022-19-52-53tile error, WIP state
13-02-2022-19-52-55tile error, WIP state
13-02-2022-19-52-55tile error, WIP state
13-02-2022-19-52-55tile error, WIP state
13-02-2022-19-52-55tile error, WIP state
13-02-2022-19-52-55tile error, WIP state
13-02-2022-19-52-55tile error, WIP state
13-02-2022-19-52-55tile error, WIP state
13-02-2022-19-52-55tile error, WIP state
13-02-2022-19-52-55tile error, WIP state
13-02-2022-19-52-55tile error, WIP state
13-02-2022-19-52-55tile error, WIP state
13-02-2022-19-52-56tile error, WIP state
13-02-2022-19-52-56tile error, WIP state
13-02-2022-19-52-56tile error, WIP state
13-02-2022-19-52-56tile error, WIP state
13-02-2022-19-52-56tile error, WIP state
13-02-2022-19-52-56tile error, WIP state
13-02-2022-19-52-56tile error, WIP state
13-02-2022-19-52-56tile error, WIP state
13-02-2022-19-52-56tile error, WIP state
13-02-2022-19-52-56tile error, WIP state
13-02-2022-19-52-56tile error, WIP state
13-02-2022-19-52-56tile error, WIP state
13-02-2022-19-52-57tile error, WIP state
13-02-2022-19-52-57tile error, WIP state
13-02-2022-19-52-57tile error, WIP state
13-02-2022-19-52-57tile error, WIP state
13-02-2022-19-52-57tile error, WIP state
13-02-2022-19-52-57tile error, WIP state
13-02-2022-19-52-57tile error, WIP state
13-02-2022-19-52-57tile error, WIP state
13-02-2022-19-52-57tile error, WIP state
13-02-2022-19-52-57tile error, WIP state
13-02-2022-19-52-57tile error, WIP state
13-02-2022-19-52-57tile error, WIP state
13-02-2022-19-52-57tile error, WIP state
13-02-2022-19-52-59tile error, WIP state
13-02-2022-19-52-59tile error, WIP state
13-02-2022-19-52-59tile error, WIP state
13-02-2022-19-52-59tile error, WIP state
13-02-2022-19-52-59tile error, WIP state
13-02-2022-19-53-00tile error, WIP state
13-02-2022-19-53-00tile error, WIP state
13-02-2022-19-53-00tile error, WIP state
13-02-2022-19-53-00tile error, WIP state
13-02-2022-19-53-00tile error, WIP state
13-02-2022-19-53-00tile error, WIP state
13-02-2022-19-53-00tile error, WIP state
13-02-2022-19-53-00tile error, WIP state
13-02-2022-19-53-00tile error, WIP state
13-02-2022-19-53-00tile error, WIP state
13-02-2022-19-53-00tile error, WIP state
13-02-2022-19-53-00tile error, WIP state
13-02-2022-19-53-00tile error, WIP state
13-02-2022-19-53-00tile error, WIP state
13-02-2022-19-53-00tile error, WIP state
13-02-2022-19-53-00tile error, WIP state
13-02-2022-19-53-00tile error, WIP state
13-02-2022-19-53-00tile error, WIP state
13-02-2022-19-53-00tile error, WIP state
13-02-2022-19-53-00tile error, WIP state
13-02-2022-19-53-01tile error, WIP state
13-02-2022-19-53-01tile error, WIP state
13-02-2022-19-53-01tile error, WIP state
13-02-2022-19-53-01tile error, WIP state
13-02-2022-19-53-01tile error, WIP state
13-02-2022-19-53-01tile error, WIP state
13-02-2022-19-53-01tile error, WIP state
13-02-2022-19-53-01tile error, WIP state
13-02-2022-19-53-01tile error, WIP state
13-02-2022-19-53-01tile error, WIP state
13-02-2022-19-53-01tile error, WIP state
13-02-2022-19-53-03tile error, WIP state
13-02-2022-19-53-03tile error, WIP state
13-02-2022-19-53-03tile error, WIP state
13-02-2022-19-53-04tile error, WIP state
13-02-2022-19-53-04tile error, WIP state
13-02-2022-19-53-04tile error, WIP state
13-02-2022-19-53-04tile error, WIP state
13-02-2022-19-53-04tile error, WIP state
13-02-2022-19-53-04tile error, WIP state
13-02-2022-19-53-04tile error, WIP state
13-02-2022-19-53-04tile error, WIP state
13-02-2022-19-53-04tile error, WIP state
13-02-2022-19-53-04tile error, WIP state
13-02-2022-19-53-04tile error, WIP state
13-02-2022-19-53-04tile error, WIP state
13-02-2022-19-53-04tile error, WIP state
13-02-2022-19-53-04tile error, WIP state
13-02-2022-19-53-05tile error, WIP state
13-02-2022-19-53-05tile error, WIP state
13-02-2022-19-53-05tile error, WIP state
13-02-2022-19-53-05tile error, WIP state
13-02-2022-19-53-05tile error, WIP state
13-02-2022-19-53-05tile error, WIP state
13-02-2022-19-53-05tile error, WIP state
13-02-2022-19-53-05tile error, WIP state
13-02-2022-19-53-05tile error, WIP state
13-02-2022-19-53-05tile error, WIP state
13-02-2022-19-53-05tile error, WIP state
13-02-2022-19-53-05tile error, WIP state
13-02-2022-19-53-05tile error, WIP state
13-02-2022-19-53-05tile error, WIP state
13-02-2022-19-53-05tile error, WIP state
13-02-2022-19-53-05tile error, WIP state
13-02-2022-19-53-05tile error, WIP state
13-02-2022-19-53-05tile error, WIP state
13-02-2022-19-53-05tile error, WIP state
13-02-2022-19-53-07tile error, WIP state
13-02-2022-19-53-07tile error, WIP state
13-02-2022-19-53-07tile error, WIP state
13-02-2022-19-53-07tile error, WIP state
13-02-2022-19-53-07tile error, WIP state
13-02-2022-19-53-07tile error, WIP state
13-02-2022-19-53-07tile error, WIP state
13-02-2022-19-53-07tile error, WIP state
13-02-2022-19-53-07tile error, WIP state
13-02-2022-19-53-08tile error, WIP state
13-02-2022-19-53-08tile error, WIP state
13-02-2022-19-53-08tile error, WIP state
13-02-2022-19-53-08tile error, WIP state
13-02-2022-19-53-08tile error, WIP state
13-02-2022-19-53-08tile error, WIP state
13-02-2022-19-53-08tile error, WIP state
13-02-2022-19-53-09tile error, WIP state
13-02-2022-19-53-09tile error, WIP state
13-02-2022-19-53-09tile error, WIP state
13-02-2022-19-53-09tile error, WIP state
13-02-2022-19-53-09tile error, WIP state
13-02-2022-19-53-09tile error, WIP state
13-02-2022-19-53-09tile error, WIP state
13-02-2022-19-53-09tile error, WIP state
13-02-2022-19-53-09tile error, WIP state
13-02-2022-19-53-09tile error, WIP state
13-02-2022-19-53-09tile error, WIP state
13-02-2022-19-53-09tile error, WIP state
13-02-2022-19-53-09tile error, WIP state
13-02-2022-19-53-09tile error, WIP state
13-02-2022-19-53-09tile error, WIP state
13-02-2022-19-53-09tile error, WIP state
13-02-2022-19-53-09tile error, WIP state
13-02-2022-19-53-09tile error, WIP state
13-02-2022-19-53-09tile error, WIP state
13-02-2022-19-53-09tile error, WIP state
13-02-2022-19-53-11tile error, WIP state
13-02-2022-19-53-11tile error, WIP state
13-02-2022-19-53-11tile error, WIP state
13-02-2022-19-53-12tile error, WIP state
13-02-2022-19-53-12tile error, WIP state
13-02-2022-19-53-12tile error, WIP state
13-02-2022-19-53-12tile error, WIP state
13-02-2022-19-53-12tile error, WIP state
13-02-2022-19-53-12tile error, WIP state
13-02-2022-19-53-12tile error, WIP state
13-02-2022-19-53-12tile error, WIP state
13-02-2022-19-53-12tile error, WIP state
13-02-2022-19-53-13tile error, WIP state
13-02-2022-19-53-13tile error, WIP state
13-02-2022-19-53-13tile error, WIP state
13-02-2022-19-53-13tile error, WIP state
13-02-2022-19-53-13tile error, WIP state
13-02-2022-19-53-13tile error, WIP state
13-02-2022-19-53-13tile error, WIP state
13-02-2022-19-53-13tile error, WIP state
13-02-2022-19-53-13tile error, WIP state
13-02-2022-19-53-13tile error, WIP state
13-02-2022-19-53-13tile error, WIP state
13-02-2022-19-53-13tile error, WIP state
13-02-2022-19-53-13tile error, WIP state
13-02-2022-19-53-13tile error, WIP state
13-02-2022-19-53-13tile error, WIP state
13-02-2022-19-53-13tile error, WIP state
13-02-2022-19-53-13tile error, WIP state
13-02-2022-19-53-13tile error, WIP state
13-02-2022-19-53-13tile error, WIP state
13-02-2022-19-53-14tile error, WIP state
13-02-2022-19-53-14tile error, WIP state
13-02-2022-19-53-14tile error, WIP state
13-02-2022-19-53-14tile error, WIP state
13-02-2022-19-53-14tile error, WIP state
13-02-2022-19-53-15tile error, WIP state
13-02-2022-19-53-16tile error, WIP state
13-02-2022-19-53-16tile error, WIP state
13-02-2022-19-53-16tile error, WIP state
13-02-2022-19-53-16tile error, WIP state
13-02-2022-19-53-16tile error, WIP state
13-02-2022-19-53-16tile error, WIP state
13-02-2022-19-53-16tile error, WIP state
13-02-2022-19-53-16tile error, WIP state
13-02-2022-19-53-16tile error, WIP state
13-02-2022-19-53-16tile error, WIP state
13-02-2022-19-53-16tile error, WIP state
13-02-2022-19-53-16tile error, WIP state
13-02-2022-19-53-17tile error, WIP state
13-02-2022-19-53-17tile error, WIP state
13-02-2022-19-53-17tile error, WIP state
13-02-2022-19-53-17tile error, WIP state
13-02-2022-19-53-17tile error, WIP state
13-02-2022-19-53-17tile error, WIP state
13-02-2022-19-53-17tile error, WIP state
13-02-2022-19-53-17tile error, WIP state
13-02-2022-19-53-17tile error, WIP state
13-02-2022-19-53-17tile error, WIP state
13-02-2022-19-53-17tile error, WIP state
13-02-2022-19-53-17tile error, WIP state
13-02-2022-19-53-17tile error, WIP state
13-02-2022-19-53-17tile error, WIP state
13-02-2022-19-53-17tile error, WIP state
13-02-2022-19-53-18tile error, WIP state
13-02-2022-19-53-18tile error, WIP state
13-02-2022-19-53-18tile error, WIP state
13-02-2022-19-53-18tile error, WIP state
13-02-2022-19-53-18tile error, WIP state
13-02-2022-19-53-18tile error, WIP state
13-02-2022-19-53-18tile error, WIP state
13-02-2022-19-53-18tile error, WIP state
13-02-2022-19-53-20tile error, WIP state
13-02-2022-19-53-20tile error, WIP state
13-02-2022-19-53-20tile error, WIP state
13-02-2022-19-53-20tile error, WIP state
13-02-2022-19-53-20tile error, WIP state
13-02-2022-19-53-20tile error, WIP state
13-02-2022-19-53-20tile error, WIP state
13-02-2022-19-53-20tile error, WIP state
13-02-2022-19-53-20tile error, WIP state
13-02-2022-19-53-20tile error, WIP state
13-02-2022-19-53-20tile error, WIP state
13-02-2022-19-53-20tile error, WIP state
13-02-2022-19-53-21tile error, WIP state
13-02-2022-19-53-21tile error, WIP state
13-02-2022-19-53-21tile error, WIP state
13-02-2022-19-53-21tile error, WIP state
13-02-2022-19-53-21tile error, WIP state
13-02-2022-19-53-21tile error, WIP state
13-02-2022-19-53-21tile error, WIP state
13-02-2022-19-53-21tile error, WIP state
13-02-2022-19-53-21tile error, WIP state
13-02-2022-19-53-22tile error, WIP state
13-02-2022-19-53-22tile error, WIP state
13-02-2022-19-53-22tile error, WIP state
13-02-2022-19-53-22tile error, WIP state
13-02-2022-19-53-22tile error, WIP state
13-02-2022-19-53-22tile error, WIP state
13-02-2022-19-53-22tile error, WIP state
13-02-2022-19-53-22tile error, WIP state
13-02-2022-19-53-22tile error, WIP state
13-02-2022-19-53-22tile error, WIP state
13-02-2022-19-53-22tile error, WIP state
13-02-2022-19-53-22tile error, WIP state
13-02-2022-19-53-22tile error, WIP state
13-02-2022-19-53-22tile error, WIP state
13-02-2022-19-53-22tile error, WIP state
13-02-2022-19-53-24tile error, WIP state
13-02-2022-19-53-24tile error, WIP state
13-02-2022-19-53-24tile error, WIP state
13-02-2022-19-53-24tile error, WIP state
13-02-2022-19-53-24tile error, WIP state
13-02-2022-19-53-24tile error, WIP state
13-02-2022-19-53-24tile error, WIP state
13-02-2022-19-53-24tile error, WIP state
13-02-2022-19-53-24tile error, WIP state
13-02-2022-19-53-24tile error, WIP state
13-02-2022-19-53-24tile error, WIP state
13-02-2022-19-53-24tile error, WIP state
13-02-2022-19-53-25tile error, WIP state
13-02-2022-19-53-25tile error, WIP state
13-02-2022-19-53-25tile error, WIP state
13-02-2022-19-53-25tile error, WIP state
13-02-2022-19-53-25tile error, WIP state
13-02-2022-19-53-25tile error, WIP state
13-02-2022-19-53-25tile error, WIP state
13-02-2022-19-53-25tile error, WIP state
13-02-2022-19-53-25tile error, WIP state
13-02-2022-19-53-26tile error, WIP state
13-02-2022-19-53-26tile error, WIP state
13-02-2022-19-53-26tile error, WIP state
13-02-2022-19-53-26tile error, WIP state
13-02-2022-19-53-26tile error, WIP state
13-02-2022-19-53-26tile error, WIP state
13-02-2022-19-53-26tile error, WIP state
13-02-2022-19-53-26tile error, WIP state
13-02-2022-19-53-26tile error, WIP state
13-02-2022-19-53-26tile error, WIP state
13-02-2022-19-53-26tile error, WIP state
13-02-2022-19-53-26tile error, WIP state
13-02-2022-19-53-26tile error, WIP state
13-02-2022-19-53-26tile error, WIP state
13-02-2022-19-53-26tile error, WIP state
13-02-2022-19-53-28tile error, WIP state
13-02-2022-19-53-28tile error, WIP state
13-02-2022-19-53-28tile error, WIP state
13-02-2022-19-53-28tile error, WIP state
13-02-2022-19-53-28tile error, WIP state
13-02-2022-19-53-28tile error, WIP state
13-02-2022-19-53-28tile error, WIP state
13-02-2022-19-53-28tile error, WIP state
13-02-2022-19-53-28tile error, WIP state
13-02-2022-19-53-29tile error, WIP state
13-02-2022-19-53-29tile error, WIP state
13-02-2022-19-53-29tile error, WIP state
13-02-2022-19-53-29tile error, WIP state
13-02-2022-19-53-29tile error, WIP state
13-02-2022-19-53-30tile error, WIP state
13-02-2022-19-53-30tile error, WIP state
13-02-2022-19-53-30tile error, WIP state
13-02-2022-19-53-30tile error, WIP state
13-02-2022-19-53-30tile error, WIP state
13-02-2022-19-53-30tile error, WIP state
13-02-2022-19-53-30tile error, WIP state
13-02-2022-19-53-30tile error, WIP state
13-02-2022-19-53-30tile error, WIP state
13-02-2022-19-53-30tile error, WIP state
13-02-2022-19-53-30tile error, WIP state
13-02-2022-19-53-30tile error, WIP state
13-02-2022-19-53-30tile error, WIP state
13-02-2022-19-53-30tile error, WIP state
13-02-2022-19-53-30tile error, WIP state
13-02-2022-19-53-30tile error, WIP state
13-02-2022-19-53-30tile error, WIP state
13-02-2022-19-53-31tile error, WIP state
13-02-2022-19-53-31tile error, WIP state
13-02-2022-19-53-31tile error, WIP state
13-02-2022-19-53-31tile error, WIP state
13-02-2022-19-53-31tile error, WIP state
13-02-2022-19-53-32tile error, WIP state
13-02-2022-19-53-32tile error, WIP state
13-02-2022-19-53-32tile error, WIP state
13-02-2022-19-53-33tile error, WIP state
13-02-2022-19-53-33tile error, WIP state
13-02-2022-19-53-33tile error, WIP state
13-02-2022-19-53-33tile error, WIP state
13-02-2022-19-53-33tile error, WIP state
13-02-2022-19-53-33tile error, WIP state
13-02-2022-19-53-33tile error, WIP state
13-02-2022-19-53-33tile error, WIP state
13-02-2022-19-53-34tile error, WIP state
13-02-2022-19-53-34tile error, WIP state
13-02-2022-19-53-34tile error, WIP state
13-02-2022-19-53-34tile error, WIP state
13-02-2022-19-53-34tile error, WIP state
13-02-2022-19-53-34tile error, WIP state
13-02-2022-19-53-34tile error, WIP state
13-02-2022-19-53-34tile error, WIP state
13-02-2022-19-53-34tile error, WIP state
13-02-2022-19-53-34tile error, WIP state
13-02-2022-19-53-34tile error, WIP state
13-02-2022-19-53-34tile error, WIP state
13-02-2022-19-53-34tile error, WIP state
13-02-2022-19-53-34tile error, WIP state
13-02-2022-19-53-34tile error, WIP state
13-02-2022-19-53-34tile error, WIP state
13-02-2022-19-53-34tile error, WIP state
13-02-2022-19-53-34tile error, WIP state
13-02-2022-19-53-34tile error, WIP state
13-02-2022-19-53-34tile error, WIP state
13-02-2022-19-53-35tile error, WIP state
13-02-2022-19-53-35tile error, WIP state
13-02-2022-19-53-35tile error, WIP state
13-02-2022-19-53-35tile error, WIP state
13-02-2022-19-53-35tile error, WIP state
13-02-2022-19-53-37tile error, WIP state
13-02-2022-19-53-37tile error, WIP state
13-02-2022-19-53-37tile error, WIP state
13-02-2022-19-53-37tile error, WIP state
13-02-2022-19-53-37tile error, WIP state
13-02-2022-19-53-37tile error, WIP state
13-02-2022-19-53-37tile error, WIP state
13-02-2022-19-53-37tile error, WIP state
13-02-2022-19-53-37tile error, WIP state
13-02-2022-19-53-37tile error, WIP state
13-02-2022-19-53-37tile error, WIP state
13-02-2022-19-53-37tile error, WIP state
13-02-2022-19-53-37tile error, WIP state
13-02-2022-19-53-37tile error, WIP state
13-02-2022-19-53-37tile error, WIP state
13-02-2022-19-53-37tile error, WIP state
13-02-2022-19-53-37tile error, WIP state
13-02-2022-19-53-37tile error, WIP state
13-02-2022-19-53-38tile error, WIP state
13-02-2022-19-53-38tile error, WIP state
13-02-2022-19-53-38tile error, WIP state
13-02-2022-19-53-38tile error, WIP state
13-02-2022-19-53-38tile error, WIP state
13-02-2022-19-53-38tile error, WIP state
13-02-2022-19-53-39tile error, WIP state
13-02-2022-19-53-39tile error, WIP state
13-02-2022-19-53-39tile error, WIP state
13-02-2022-19-53-39tile error, WIP state
13-02-2022-19-53-39tile error, WIP state
13-02-2022-19-53-39tile error, WIP state
13-02-2022-19-53-39tile error, WIP state
13-02-2022-19-53-39tile error, WIP state
13-02-2022-19-53-39tile error, WIP state
13-02-2022-19-53-39tile error, WIP state
13-02-2022-19-53-39tile error, WIP state
13-02-2022-19-53-39tile error, WIP state
13-02-2022-19-53-41tile error, WIP state
13-02-2022-19-53-41tile error, WIP state
13-02-2022-19-53-41tile error, WIP state
13-02-2022-19-53-41tile error, WIP state
13-02-2022-19-53-41tile error, WIP state
13-02-2022-19-53-42tile error, WIP state
13-02-2022-19-53-42tile error, WIP state
13-02-2022-19-53-42tile error, WIP state
13-02-2022-19-53-42tile error, WIP state
13-02-2022-19-53-42tile error, WIP state
13-02-2022-19-53-42tile error, WIP state
13-02-2022-19-53-42tile error, WIP state
13-02-2022-19-53-42tile error, WIP state
13-02-2022-19-53-42tile error, WIP state
13-02-2022-19-53-42tile error, WIP state
13-02-2022-19-53-42tile error, WIP state
13-02-2022-19-53-42tile error, WIP state
13-02-2022-19-53-42tile error, WIP state
13-02-2022-19-53-42tile error, WIP state
13-02-2022-19-53-42tile error, WIP state
13-02-2022-19-53-42tile error, WIP state
13-02-2022-19-53-42tile error, WIP state
13-02-2022-19-53-42tile error, WIP state
13-02-2022-19-53-42tile error, WIP state
13-02-2022-19-53-43tile error, WIP state
13-02-2022-19-53-43tile error, WIP state
13-02-2022-19-53-43tile error, WIP state
13-02-2022-19-53-43tile error, WIP state
13-02-2022-19-53-43tile error, WIP state
13-02-2022-19-53-43tile error, WIP state
13-02-2022-19-53-43tile error, WIP state
13-02-2022-19-53-43tile error, WIP state
13-02-2022-19-53-43tile error, WIP state
13-02-2022-19-53-43tile error, WIP state
13-02-2022-19-53-43tile error, WIP state
13-02-2022-19-53-43tile error, WIP state
13-02-2022-19-53-45tile error, WIP state
13-02-2022-19-53-45tile error, WIP state
13-02-2022-19-53-45tile error, WIP state
13-02-2022-19-53-45tile error, WIP state
13-02-2022-19-53-45tile error, WIP state
13-02-2022-19-53-45tile error, WIP state
13-02-2022-19-53-45tile error, WIP state
13-02-2022-19-53-45tile error, WIP state
13-02-2022-19-53-45tile error, WIP state
13-02-2022-19-53-45tile error, WIP state
13-02-2022-19-53-46tile error, WIP state
13-02-2022-19-53-46tile error, WIP state
13-02-2022-19-53-46tile error, WIP state
13-02-2022-19-53-46tile error, WIP state
13-02-2022-19-53-46tile error, WIP state
13-02-2022-19-53-46tile error, WIP state
13-02-2022-19-53-47tile error, WIP state
13-02-2022-19-53-47tile error, WIP state
13-02-2022-19-53-47tile error, WIP state
13-02-2022-19-53-47tile error, WIP state
13-02-2022-19-53-47tile error, WIP state
13-02-2022-19-53-47tile error, WIP state
13-02-2022-19-53-47tile error, WIP state
13-02-2022-19-53-47tile error, WIP state
13-02-2022-19-53-47tile error, WIP state
13-02-2022-19-53-47tile error, WIP state
13-02-2022-19-53-47tile error, WIP state
13-02-2022-19-53-47tile error, WIP state
13-02-2022-19-53-47tile error, WIP state
13-02-2022-19-53-47tile error, WIP state
13-02-2022-19-53-47tile error, WIP state
13-02-2022-19-53-47tile error, WIP state
13-02-2022-19-53-47tile error, WIP state
13-02-2022-19-53-47tile error, WIP state
13-02-2022-19-53-47tile error, WIP state
13-02-2022-19-53-47tile error, WIP state
13-02-2022-19-53-50tile error, WIP state
13-02-2022-19-53-50tile error, WIP state
13-02-2022-19-53-50tile error, WIP state
13-02-2022-19-53-50tile error, WIP state
13-02-2022-19-53-51tile error, WIP state
13-02-2022-19-53-51tile error, WIP state
13-02-2022-19-53-51tile error, WIP state
13-02-2022-19-53-51tile error, WIP state
13-02-2022-19-53-51tile error, WIP state
13-02-2022-19-53-51tile error, WIP state
13-02-2022-19-53-51tile error, WIP state
13-02-2022-19-53-51tile error, WIP state
13-02-2022-19-53-51tile error, WIP state
13-02-2022-19-53-51tile error, WIP state
13-02-2022-19-53-51tile error, WIP state
13-02-2022-19-53-51tile error, WIP state
13-02-2022-19-53-51tile error, WIP state
13-02-2022-19-53-51tile error, WIP state
13-02-2022-19-53-51tile error, WIP state
13-02-2022-19-53-51tile error, WIP state
13-02-2022-19-53-51tile error, WIP state
13-02-2022-19-53-51tile error, WIP state
13-02-2022-19-53-51tile error, WIP state
13-02-2022-19-53-52tile error, WIP state
13-02-2022-19-53-52tile error, WIP state
13-02-2022-19-53-52tile error, WIP state
13-02-2022-19-53-52tile error, WIP state
13-02-2022-19-53-52tile error, WIP state
13-02-2022-19-53-52tile error, WIP state
13-02-2022-19-53-52tile error, WIP state
13-02-2022-19-53-52tile error, WIP state
13-02-2022-19-53-52tile error, WIP state
13-02-2022-19-53-52tile error, WIP state
13-02-2022-19-53-52tile error, WIP state
13-02-2022-19-53-52tile error, WIP state
13-02-2022-19-53-52tile error, WIP state
13-02-2022-19-53-54tile error, WIP state
13-02-2022-19-53-54tile error, WIP state
13-02-2022-19-53-54tile error, WIP state
13-02-2022-19-53-54tile error, WIP state
13-02-2022-19-53-54tile error, WIP state
13-02-2022-19-53-54tile error, WIP state
13-02-2022-19-53-54tile error, WIP state
13-02-2022-19-53-54tile error, WIP state
13-02-2022-19-53-54tile error, WIP state
13-02-2022-19-53-54tile error, WIP state
13-02-2022-19-53-55tile error, WIP state
13-02-2022-19-53-55tile error, WIP state
13-02-2022-19-53-55tile error, WIP state
13-02-2022-19-53-55tile error, WIP state
13-02-2022-19-53-56tile error, WIP state
13-02-2022-19-53-56tile error, WIP state
13-02-2022-19-53-56tile error, WIP state
13-02-2022-19-53-56tile error, WIP state
13-02-2022-19-53-56tile error, WIP state
13-02-2022-19-53-56tile error, WIP state
13-02-2022-19-53-56tile error, WIP state
13-02-2022-19-53-56tile error, WIP state
13-02-2022-19-53-56tile error, WIP state
13-02-2022-19-53-56tile error, WIP state
13-02-2022-19-53-56tile error, WIP state
13-02-2022-19-53-56tile error, WIP state
13-02-2022-19-53-56tile error, WIP state
13-02-2022-19-53-56tile error, WIP state
13-02-2022-19-53-56tile error, WIP state
13-02-2022-19-53-56tile error, WIP state
13-02-2022-19-53-56tile error, WIP state
13-02-2022-19-53-56tile error, WIP state
13-02-2022-19-53-56tile error, WIP state
13-02-2022-19-53-56tile error, WIP state
13-02-2022-19-53-57tile error, WIP state
13-02-2022-19-53-57tile error, WIP state
13-02-2022-19-53-58tile error, WIP state
13-02-2022-19-53-58tile error, WIP state
13-02-2022-19-53-58tile error, WIP state
13-02-2022-19-53-58tile error, WIP state
13-02-2022-19-53-58tile error, WIP state
13-02-2022-19-53-58tile error, WIP state
13-02-2022-19-53-58tile error, WIP state
13-02-2022-19-53-58tile error, WIP state
13-02-2022-19-53-59tile error, WIP state
13-02-2022-19-53-59tile error, WIP state
13-02-2022-19-53-59tile error, WIP state
13-02-2022-19-53-59tile error, WIP state
13-02-2022-19-53-59tile error, WIP state
13-02-2022-19-53-59tile error, WIP state
13-02-2022-19-53-59tile error, WIP state
13-02-2022-19-53-59tile error, WIP state
13-02-2022-19-53-59tile error, WIP state
13-02-2022-19-53-59tile error, WIP state
13-02-2022-19-53-59tile error, WIP state
13-02-2022-19-53-59tile error, WIP state
13-02-2022-19-53-59tile error, WIP state
13-02-2022-19-53-59tile error, WIP state
13-02-2022-19-54-00tile error, WIP state
13-02-2022-19-54-00tile error, WIP state
13-02-2022-19-54-00tile error, WIP state
13-02-2022-19-54-00tile error, WIP state
13-02-2022-19-54-00tile error, WIP state
13-02-2022-19-54-00tile error, WIP state
13-02-2022-19-54-00tile error, WIP state
13-02-2022-19-54-00tile error, WIP state
13-02-2022-19-54-00tile error, WIP state
13-02-2022-19-54-00tile error, WIP state
13-02-2022-19-54-00tile error, WIP state
13-02-2022-19-54-00tile error, WIP state
13-02-2022-19-54-00tile error, WIP state
13-02-2022-19-54-01tile error, WIP state
13-02-2022-19-54-02tile error, WIP state
13-02-2022-19-54-02tile error, WIP state
13-02-2022-19-54-02tile error, WIP state
13-02-2022-19-54-02tile error, WIP state
13-02-2022-19-54-03tile error, WIP state
13-02-2022-19-54-03tile error, WIP state
13-02-2022-19-54-03tile error, WIP state
13-02-2022-19-54-03tile error, WIP state
13-02-2022-19-54-03tile error, WIP state
13-02-2022-19-54-03tile error, WIP state
13-02-2022-19-54-03tile error, WIP state
13-02-2022-19-54-03tile error, WIP state
13-02-2022-19-54-03tile error, WIP state
13-02-2022-19-54-03tile error, WIP state
13-02-2022-19-54-03tile error, WIP state
13-02-2022-19-54-03tile error, WIP state
13-02-2022-19-54-03tile error, WIP state
13-02-2022-19-54-03tile error, WIP state
13-02-2022-19-54-03tile error, WIP state
13-02-2022-19-54-03tile error, WIP state
13-02-2022-19-54-03tile error, WIP state
13-02-2022-19-54-04tile error, WIP state
13-02-2022-19-54-04tile error, WIP state
13-02-2022-19-54-04tile error, WIP state
13-02-2022-19-54-04tile error, WIP state
13-02-2022-19-54-04tile error, WIP state
13-02-2022-19-54-04tile error, WIP state
13-02-2022-19-54-04tile error, WIP state
13-02-2022-19-54-05tile error, WIP state
13-02-2022-19-54-05tile error, WIP state
13-02-2022-19-54-05tile error, WIP state
13-02-2022-19-54-05tile error, WIP state
13-02-2022-19-54-05tile error, WIP state
13-02-2022-19-54-05tile error, WIP state
13-02-2022-19-54-05tile error, WIP state
13-02-2022-19-54-05tile error, WIP state
13-02-2022-19-54-07tile error, WIP state
13-02-2022-19-54-07tile error, WIP state
13-02-2022-19-54-07tile error, WIP state
13-02-2022-19-54-07tile error, WIP state
13-02-2022-19-54-07tile error, WIP state
13-02-2022-19-54-07tile error, WIP state
13-02-2022-19-54-07tile error, WIP state
13-02-2022-19-54-07tile error, WIP state
13-02-2022-19-54-07tile error, WIP state
13-02-2022-19-54-07tile error, WIP state
13-02-2022-19-54-07tile error, WIP state
13-02-2022-19-54-07tile error, WIP state
13-02-2022-19-54-07tile error, WIP state
13-02-2022-19-54-07tile error, WIP state
13-02-2022-19-54-07tile error, WIP state
13-02-2022-19-54-07tile error, WIP state
13-02-2022-19-54-07tile error, WIP state
13-02-2022-19-54-07tile error, WIP state
13-02-2022-19-54-07tile error, WIP state
13-02-2022-19-54-08tile error, WIP state
13-02-2022-19-54-08tile error, WIP state
13-02-2022-19-54-08tile error, WIP state
13-02-2022-19-54-08tile error, WIP state
13-02-2022-19-54-08tile error, WIP state
13-02-2022-19-54-08tile error, WIP state
13-02-2022-19-54-08tile error, WIP state
13-02-2022-19-54-08tile error, WIP state
13-02-2022-19-54-09tile error, WIP state
13-02-2022-19-54-09tile error, WIP state
13-02-2022-19-54-09tile error, WIP state
13-02-2022-19-54-09tile error, WIP state
13-02-2022-19-54-09tile error, WIP state
13-02-2022-19-54-09tile error, WIP state
13-02-2022-19-54-09tile error, WIP state
13-02-2022-19-54-09tile error, WIP state
13-02-2022-19-54-09tile error, WIP state
13-02-2022-19-54-11tile error, WIP state
13-02-2022-19-54-11tile error, WIP state
13-02-2022-19-54-11tile error, WIP state
13-02-2022-19-54-11tile error, WIP state
13-02-2022-19-54-11tile error, WIP state
13-02-2022-19-54-11tile error, WIP state
13-02-2022-19-54-11tile error, WIP state
13-02-2022-19-54-11tile error, WIP state
13-02-2022-19-54-11tile error, WIP state
13-02-2022-19-54-11tile error, WIP state
13-02-2022-19-54-12tile error, WIP state
13-02-2022-19-54-12tile error, WIP state
13-02-2022-19-54-12tile error, WIP state
13-02-2022-19-54-12tile error, WIP state
13-02-2022-19-54-12tile error, WIP state
13-02-2022-19-54-12tile error, WIP state
13-02-2022-19-54-12tile error, WIP state
13-02-2022-19-54-12tile error, WIP state
13-02-2022-19-54-12tile error, WIP state
13-02-2022-19-54-13tile error, WIP state
13-02-2022-19-54-13tile error, WIP state
13-02-2022-19-54-13tile error, WIP state
13-02-2022-19-54-13tile error, WIP state
13-02-2022-19-54-13tile error, WIP state
13-02-2022-19-54-13tile error, WIP state
13-02-2022-19-54-13tile error, WIP state
13-02-2022-19-54-13tile error, WIP state
13-02-2022-19-54-13tile error, WIP state
13-02-2022-19-54-13tile error, WIP state
13-02-2022-19-54-13tile error, WIP state
13-02-2022-19-54-13tile error, WIP state
13-02-2022-19-54-13tile error, WIP state
13-02-2022-19-54-13tile error, WIP state
13-02-2022-19-54-13tile error, WIP state
13-02-2022-19-54-13tile error, WIP state
13-02-2022-19-54-13tile error, WIP state
13-02-2022-19-54-15tile error, WIP state
13-02-2022-19-54-15tile error, WIP state
13-02-2022-19-54-15tile error, WIP state
13-02-2022-19-54-15tile error, WIP state
13-02-2022-19-54-15tile error, WIP state
13-02-2022-19-54-15tile error, WIP state
13-02-2022-19-54-15tile error, WIP state
13-02-2022-19-54-15tile error, WIP state
13-02-2022-19-54-15tile error, WIP state
13-02-2022-19-54-15tile error, WIP state
13-02-2022-19-54-15tile error, WIP state
13-02-2022-19-54-16tile error, WIP state
13-02-2022-19-54-16tile error, WIP state
13-02-2022-19-54-16tile error, WIP state
13-02-2022-19-54-16tile error, WIP state
13-02-2022-19-54-16tile error, WIP state
13-02-2022-19-54-16tile error, WIP state
13-02-2022-19-54-16tile error, WIP state
13-02-2022-19-54-16tile error, WIP state
13-02-2022-19-54-17tile error, WIP state
13-02-2022-19-54-17tile error, WIP state
13-02-2022-19-54-17tile error, WIP state
13-02-2022-19-54-17tile error, WIP state
13-02-2022-19-54-17tile error, WIP state
13-02-2022-19-54-17tile error, WIP state
13-02-2022-19-54-17tile error, WIP state
13-02-2022-19-54-17tile error, WIP state
13-02-2022-19-54-17tile error, WIP state
13-02-2022-19-54-17tile error, WIP state
13-02-2022-19-54-17tile error, WIP state
13-02-2022-19-54-17tile error, WIP state
13-02-2022-19-54-17tile error, WIP state
13-02-2022-19-54-17tile error, WIP state
13-02-2022-19-54-17tile error, WIP state
13-02-2022-19-54-17tile error, WIP state
13-02-2022-19-54-17tile error, WIP state
13-02-2022-19-54-19tile error, WIP state
13-02-2022-19-54-19tile error, WIP state
13-02-2022-19-54-19tile error, WIP state
13-02-2022-19-54-19tile error, WIP state
13-02-2022-19-54-19tile error, WIP state
13-02-2022-19-54-19tile error, WIP state
13-02-2022-19-54-19tile error, WIP state
13-02-2022-19-54-19tile error, WIP state
13-02-2022-19-54-20tile error, WIP state
13-02-2022-19-54-20tile error, WIP state
13-02-2022-19-54-20tile error, WIP state
13-02-2022-19-54-20tile error, WIP state
13-02-2022-19-54-20tile error, WIP state
13-02-2022-19-54-21tile error, WIP state
13-02-2022-19-54-21tile error, WIP state
13-02-2022-19-54-21tile error, WIP state
13-02-2022-19-54-21tile error, WIP state
13-02-2022-19-54-21tile error, WIP state
13-02-2022-19-54-21tile error, WIP state
13-02-2022-19-54-21tile error, WIP state
13-02-2022-19-54-21tile error, WIP state
13-02-2022-19-54-21tile error, WIP state
13-02-2022-19-54-21tile error, WIP state
13-02-2022-19-54-21tile error, WIP state
13-02-2022-19-54-21tile error, WIP state
13-02-2022-19-54-21tile error, WIP state
13-02-2022-19-54-21tile error, WIP state
13-02-2022-19-54-21tile error, WIP state
13-02-2022-19-54-21tile error, WIP state
13-02-2022-19-54-21tile error, WIP state
13-02-2022-19-54-21tile error, WIP state
13-02-2022-19-54-21tile error, WIP state
13-02-2022-19-54-22tile error, WIP state
13-02-2022-19-54-22tile error, WIP state
13-02-2022-19-54-22tile error, WIP state
13-02-2022-19-54-22tile error, WIP state
13-02-2022-19-54-23tile error, WIP state
13-02-2022-19-54-23tile error, WIP state
13-02-2022-19-54-23tile error, WIP state
13-02-2022-19-54-23tile error, WIP state
13-02-2022-19-54-23tile error, WIP state
13-02-2022-19-54-24tile error, WIP state
13-02-2022-19-54-24tile error, WIP state
13-02-2022-19-54-24tile error, WIP state
13-02-2022-19-54-24tile error, WIP state
13-02-2022-19-54-24tile error, WIP state
13-02-2022-19-54-24tile error, WIP state
13-02-2022-19-54-24tile error, WIP state
13-02-2022-19-54-24tile error, WIP state
13-02-2022-19-54-24tile error, WIP state
13-02-2022-19-54-25tile error, WIP state
13-02-2022-19-54-25tile error, WIP state
13-02-2022-19-54-25tile error, WIP state
13-02-2022-19-54-25tile error, WIP state
13-02-2022-19-54-25tile error, WIP state
13-02-2022-19-54-25tile error, WIP state
13-02-2022-19-54-25tile error, WIP state
13-02-2022-19-54-25tile error, WIP state
13-02-2022-19-54-25tile error, WIP state
13-02-2022-19-54-25tile error, WIP state
13-02-2022-19-54-25tile error, WIP state
13-02-2022-19-54-25tile error, WIP state
13-02-2022-19-54-25tile error, WIP state
13-02-2022-19-54-25tile error, WIP state
13-02-2022-19-54-25tile error, WIP state
13-02-2022-19-54-25tile error, WIP state
13-02-2022-19-54-25tile error, WIP state
13-02-2022-19-54-26tile error, WIP state
13-02-2022-19-54-26tile error, WIP state
13-02-2022-19-54-26tile error, WIP state
13-02-2022-19-54-26tile error, WIP state
13-02-2022-19-54-26tile error, WIP state
13-02-2022-19-54-28tile error, WIP state
13-02-2022-19-54-28tile error, WIP state
13-02-2022-19-54-28tile error, WIP state
13-02-2022-19-54-28tile error, WIP state
13-02-2022-19-54-28tile error, WIP state
13-02-2022-19-54-28tile error, WIP state
13-02-2022-19-54-29tile error, WIP state
13-02-2022-19-54-29tile error, WIP state
13-02-2022-19-54-29tile error, WIP state
13-02-2022-19-54-29tile error, WIP state
13-02-2022-19-54-29tile error, WIP state
13-02-2022-19-54-29tile error, WIP state
13-02-2022-19-54-29tile error, WIP state
13-02-2022-19-54-29tile error, WIP state
13-02-2022-19-54-29tile error, WIP state
13-02-2022-19-54-29tile error, WIP state
13-02-2022-19-54-29tile error, WIP state
13-02-2022-19-54-29tile error, WIP state
13-02-2022-19-54-29tile error, WIP state
13-02-2022-19-54-29tile error, WIP state
13-02-2022-19-54-29tile error, WIP state
13-02-2022-19-54-29tile error, WIP state
13-02-2022-19-54-29tile error, WIP state
13-02-2022-19-54-29tile error, WIP state
13-02-2022-19-54-29tile error, WIP state
13-02-2022-19-54-29tile error, WIP state
13-02-2022-19-54-29tile error, WIP state
13-02-2022-19-54-30tile error, WIP state
13-02-2022-19-54-30tile error, WIP state
13-02-2022-19-54-30tile error, WIP state
13-02-2022-19-54-30tile error, WIP state
13-02-2022-19-54-30tile error, WIP state
13-02-2022-19-54-30tile error, WIP state
13-02-2022-19-54-30tile error, WIP state
13-02-2022-19-54-30tile error, WIP state
13-02-2022-19-54-30tile error, WIP state
13-02-2022-19-54-32tile error, WIP state
13-02-2022-19-54-32tile error, WIP state
13-02-2022-19-54-32tile error, WIP state
13-02-2022-19-54-32tile error, WIP state
13-02-2022-19-54-32tile error, WIP state
13-02-2022-19-54-32tile error, WIP state
13-02-2022-19-54-32tile error, WIP state
13-02-2022-19-54-32tile error, WIP state
13-02-2022-19-54-32tile error, WIP state
13-02-2022-19-54-32tile error, WIP state
13-02-2022-19-54-33tile error, WIP state
13-02-2022-19-54-33tile error, WIP state
13-02-2022-19-54-33tile error, WIP state
13-02-2022-19-54-33tile error, WIP state
13-02-2022-19-54-33tile error, WIP state
13-02-2022-19-54-33tile error, WIP state
13-02-2022-19-54-33tile error, WIP state
13-02-2022-19-54-33tile error, WIP state
13-02-2022-19-54-33tile error, WIP state
13-02-2022-19-54-33tile error, WIP state
13-02-2022-19-54-33tile error, WIP state
13-02-2022-19-54-33tile error, WIP state
13-02-2022-19-54-34tile error, WIP state
13-02-2022-19-54-34tile error, WIP state
13-02-2022-19-54-34tile error, WIP state
13-02-2022-19-54-34tile error, WIP state
13-02-2022-19-54-34tile error, WIP state
13-02-2022-19-54-34tile error, WIP state
13-02-2022-19-54-34tile error, WIP state
13-02-2022-19-54-34tile error, WIP state
13-02-2022-19-54-34tile error, WIP state
13-02-2022-19-54-34tile error, WIP state
13-02-2022-19-54-34tile error, WIP state
13-02-2022-19-54-34tile error, WIP state
13-02-2022-19-54-34tile error, WIP state
13-02-2022-19-54-34tile error, WIP state
13-02-2022-19-54-38tile error, WIP state
13-02-2022-19-54-38tile error, WIP state
13-02-2022-19-54-38tile error, WIP state
13-02-2022-19-54-38tile error, WIP state
13-02-2022-19-54-38tile error, WIP state
13-02-2022-19-54-38tile error, WIP state
13-02-2022-19-54-38tile error, WIP state
13-02-2022-19-54-38tile error, WIP state
13-02-2022-19-54-38tile error, WIP state
13-02-2022-19-54-38tile error, WIP state
13-02-2022-19-54-38tile error, WIP state
13-02-2022-19-54-38tile error, WIP state
13-02-2022-19-54-38tile error, WIP state
13-02-2022-19-54-38tile error, WIP state
13-02-2022-19-54-38tile error, WIP state
13-02-2022-19-54-38tile error, WIP state
13-02-2022-19-54-38tile error, WIP state
13-02-2022-19-54-38tile error, WIP state
13-02-2022-19-54-39tile error, WIP state
13-02-2022-19-54-39tile error, WIP state
13-02-2022-19-54-39tile error, WIP state
13-02-2022-19-54-39tile error, WIP state
13-02-2022-19-54-39tile error, WIP state
13-02-2022-19-54-39tile error, WIP state
13-02-2022-19-54-39tile error, WIP state
13-02-2022-19-54-39tile error, WIP state
13-02-2022-19-54-39tile error, WIP state
13-02-2022-19-54-39tile error, WIP state
13-02-2022-19-54-39tile error, WIP state
13-02-2022-19-54-39tile error, WIP state
13-02-2022-19-54-39tile error, WIP state
13-02-2022-19-54-39tile error, WIP state
13-02-2022-19-54-39tile error, WIP state
13-02-2022-19-54-39tile error, WIP state
13-02-2022-19-54-39tile error, WIP state
13-02-2022-19-54-39tile error, WIP state
13-02-2022-19-54-42tile error, WIP state
13-02-2022-19-54-42tile error, WIP state
13-02-2022-19-54-42tile error, WIP state
13-02-2022-19-54-42tile error, WIP state
13-02-2022-19-54-42tile error, WIP state
13-02-2022-19-54-43tile error, WIP state
13-02-2022-19-54-43tile error, WIP state
13-02-2022-19-54-43tile error, WIP state
13-02-2022-19-54-43tile error, WIP state
13-02-2022-19-54-43tile error, WIP state
13-02-2022-19-54-43tile error, WIP state
13-02-2022-19-54-43tile error, WIP state
13-02-2022-19-54-43tile error, WIP state
13-02-2022-19-54-43tile error, WIP state
13-02-2022-19-54-43tile error, WIP state
13-02-2022-19-54-43tile error, WIP state
13-02-2022-19-54-43tile error, WIP state
13-02-2022-19-54-43tile error, WIP state
13-02-2022-19-54-43tile error, WIP state
13-02-2022-19-54-43tile error, WIP state
13-02-2022-19-54-43tile error, WIP state
13-02-2022-19-54-43tile error, WIP state
13-02-2022-19-54-44tile error, WIP state
13-02-2022-19-54-44tile error, WIP state
13-02-2022-19-54-44tile error, WIP state
13-02-2022-19-54-44tile error, WIP state
13-02-2022-19-54-44tile error, WIP state
13-02-2022-19-54-44tile error, WIP state
13-02-2022-19-54-44tile error, WIP state
13-02-2022-19-54-44tile error, WIP state
13-02-2022-19-54-44tile error, WIP state
13-02-2022-19-54-44tile error, WIP state
13-02-2022-19-54-44tile error, WIP state
13-02-2022-19-54-44tile error, WIP state
13-02-2022-19-54-44tile error, WIP state
13-02-2022-19-54-44tile error, WIP state
13-02-2022-19-54-46tile error, WIP state
13-02-2022-19-54-46tile error, WIP state
13-02-2022-19-54-46tile error, WIP state
13-02-2022-19-54-46tile error, WIP state
13-02-2022-19-54-47tile error, WIP state
13-02-2022-19-54-47tile error, WIP state
13-02-2022-19-54-47tile error, WIP state
13-02-2022-19-54-47tile error, WIP state
13-02-2022-19-54-47tile error, WIP state
13-02-2022-19-54-47tile error, WIP state
13-02-2022-19-54-47tile error, WIP state
13-02-2022-19-54-47tile error, WIP state
13-02-2022-19-54-47tile error, WIP state
13-02-2022-19-54-47tile error, WIP state
13-02-2022-19-54-48tile error, WIP state
13-02-2022-19-54-48tile error, WIP state
13-02-2022-19-54-48tile error, WIP state
13-02-2022-19-54-48tile error, WIP state
13-02-2022-19-54-48tile error, WIP state
13-02-2022-19-54-48tile error, WIP state
13-02-2022-19-54-48tile error, WIP state
13-02-2022-19-54-48tile error, WIP state
13-02-2022-19-54-48tile error, WIP state
13-02-2022-19-54-48tile error, WIP state
13-02-2022-19-54-48tile error, WIP state
13-02-2022-19-54-48tile error, WIP state
13-02-2022-19-54-48tile error, WIP state
13-02-2022-19-54-48tile error, WIP state
13-02-2022-19-54-48tile error, WIP state
13-02-2022-19-54-48tile error, WIP state
13-02-2022-19-54-48tile error, WIP state
13-02-2022-19-54-48tile error, WIP state
13-02-2022-19-54-48tile error, WIP state
13-02-2022-19-54-48tile error, WIP state
13-02-2022-19-54-48tile error, WIP state
13-02-2022-19-54-49tile error, WIP state
13-02-2022-19-54-50tile error, WIP state
13-02-2022-19-54-50tile error, WIP state
13-02-2022-19-54-50tile error, WIP state
13-02-2022-19-54-50tile error, WIP state
13-02-2022-19-54-50tile error, WIP state
13-02-2022-19-54-51tile error, WIP state
13-02-2022-19-54-51tile error, WIP state
13-02-2022-19-54-51tile error, WIP state
13-02-2022-19-54-51tile error, WIP state
13-02-2022-19-54-51tile error, WIP state
13-02-2022-19-54-51tile error, WIP state
13-02-2022-19-54-51tile error, WIP state
13-02-2022-19-54-51tile error, WIP state
13-02-2022-19-54-51tile error, WIP state
13-02-2022-19-54-51tile error, WIP state
13-02-2022-19-54-51tile error, WIP state
13-02-2022-19-54-51tile error, WIP state
13-02-2022-19-54-51tile error, WIP state
13-02-2022-19-54-51tile error, WIP state
13-02-2022-19-54-51tile error, WIP state
13-02-2022-19-54-51tile error, WIP state
13-02-2022-19-54-51tile error, WIP state
13-02-2022-19-54-52tile error, WIP state
13-02-2022-19-54-52tile error, WIP state
13-02-2022-19-54-52tile error, WIP state
13-02-2022-19-54-52tile error, WIP state
13-02-2022-19-54-52tile error, WIP state
13-02-2022-19-54-52tile error, WIP state
13-02-2022-19-54-52tile error, WIP state
13-02-2022-19-54-52tile error, WIP state
13-02-2022-19-54-52tile error, WIP state
13-02-2022-19-54-52tile error, WIP state
13-02-2022-19-54-52tile error, WIP state
13-02-2022-19-54-53tile error, WIP state
13-02-2022-19-54-53tile error, WIP state
13-02-2022-19-54-53tile error, WIP state
13-02-2022-19-54-55tile error, WIP state
13-02-2022-19-54-55tile error, WIP state
13-02-2022-19-54-55tile error, WIP state
13-02-2022-19-54-55tile error, WIP state
13-02-2022-19-54-55tile error, WIP state
13-02-2022-19-54-56tile error, WIP state
13-02-2022-19-54-56tile error, WIP state
13-02-2022-19-54-56tile error, WIP state
13-02-2022-19-54-56tile error, WIP state
13-02-2022-19-54-56tile error, WIP state
13-02-2022-19-54-56tile error, WIP state
13-02-2022-19-54-56tile error, WIP state
13-02-2022-19-54-56tile error, WIP state
13-02-2022-19-54-56tile error, WIP state
13-02-2022-19-54-56tile error, WIP state
13-02-2022-19-54-56tile error, WIP state
13-02-2022-19-54-56tile error, WIP state
13-02-2022-19-54-56tile error, WIP state
13-02-2022-19-54-56tile error, WIP state
13-02-2022-19-54-56tile error, WIP state
13-02-2022-19-54-56tile error, WIP state
13-02-2022-19-54-56tile error, WIP state
13-02-2022-19-54-56tile error, WIP state
13-02-2022-19-54-56tile error, WIP state
13-02-2022-19-54-57tile error, WIP state
13-02-2022-19-54-57tile error, WIP state
13-02-2022-19-54-57tile error, WIP state
13-02-2022-19-54-57tile error, WIP state
13-02-2022-19-54-57tile error, WIP state
13-02-2022-19-54-57tile error, WIP state
13-02-2022-19-54-57tile error, WIP state
13-02-2022-19-54-57tile error, WIP state
13-02-2022-19-54-57tile error, WIP state
13-02-2022-19-54-57tile error, WIP state
13-02-2022-19-54-57tile error, WIP state
13-02-2022-19-54-57tile error, WIP state
13-02-2022-19-54-59tile error, WIP state
13-02-2022-19-54-59tile error, WIP state
13-02-2022-19-54-59tile error, WIP state
13-02-2022-19-54-59tile error, WIP state
13-02-2022-19-55-00tile error, WIP state
13-02-2022-19-55-00tile error, WIP state
13-02-2022-19-55-00tile error, WIP state
13-02-2022-19-55-00tile error, WIP state
13-02-2022-19-55-00tile error, WIP state
13-02-2022-19-55-00tile error, WIP state
13-02-2022-19-55-00tile error, WIP state
13-02-2022-19-55-00tile error, WIP state
13-02-2022-19-55-00tile error, WIP state
13-02-2022-19-55-00tile error, WIP state
13-02-2022-19-55-01tile error, WIP state
13-02-2022-19-55-01tile error, WIP state
13-02-2022-19-55-01tile error, WIP state
13-02-2022-19-55-01tile error, WIP state
13-02-2022-19-55-01tile error, WIP state
13-02-2022-19-55-01tile error, WIP state
13-02-2022-19-55-01tile error, WIP state
13-02-2022-19-55-01tile error, WIP state
13-02-2022-19-55-01tile error, WIP state
13-02-2022-19-55-01tile error, WIP state
13-02-2022-19-55-01tile error, WIP state
13-02-2022-19-55-01tile error, WIP state
13-02-2022-19-55-01tile error, WIP state
13-02-2022-19-55-01tile error, WIP state
13-02-2022-19-55-01tile error, WIP state
13-02-2022-19-55-01tile error, WIP state
13-02-2022-19-55-01tile error, WIP state
13-02-2022-19-55-01tile error, WIP state
13-02-2022-19-55-02tile error, WIP state
13-02-2022-19-55-02tile error, WIP state
13-02-2022-19-55-02tile error, WIP state
13-02-2022-19-55-02tile error, WIP state
13-02-2022-19-55-04tile error, WIP state
13-02-2022-19-55-05tile error, WIP state
13-02-2022-19-55-05tile error, WIP state
13-02-2022-19-55-05tile error, WIP state
13-02-2022-19-55-05tile error, WIP state
13-02-2022-19-55-05tile error, WIP state
13-02-2022-19-55-05tile error, WIP state
13-02-2022-19-55-05tile error, WIP state
13-02-2022-19-55-05tile error, WIP state
13-02-2022-19-55-05tile error, WIP state
13-02-2022-19-55-05tile error, WIP state
13-02-2022-19-55-05tile error, WIP state
13-02-2022-19-55-05tile error, WIP state
13-02-2022-19-55-05tile error, WIP state
13-02-2022-19-55-06tile error, WIP state
13-02-2022-19-55-06tile error, WIP state
13-02-2022-19-55-06tile error, WIP state
13-02-2022-19-55-06tile error, WIP state
13-02-2022-19-55-06tile error, WIP state
13-02-2022-19-55-06tile error, WIP state
13-02-2022-19-55-06tile error, WIP state
13-02-2022-19-55-06tile error, WIP state
13-02-2022-19-55-06tile error, WIP state
13-02-2022-19-55-06tile error, WIP state
13-02-2022-19-55-06tile error, WIP state
13-02-2022-19-55-06tile error, WIP state
13-02-2022-19-55-06tile error, WIP state
13-02-2022-19-55-06tile error, WIP state
13-02-2022-19-55-06tile error, WIP state
13-02-2022-19-55-06tile error, WIP state
13-02-2022-19-55-06tile error, WIP state
13-02-2022-19-55-06tile error, WIP state
13-02-2022-19-55-06tile error, WIP state
13-02-2022-19-55-06tile error, WIP state
13-02-2022-19-55-07tile error, WIP state
13-02-2022-19-55-07tile error, WIP state
13-02-2022-19-55-08tile error, WIP state
13-02-2022-19-55-08tile error, WIP state
13-02-2022-19-55-08tile error, WIP state
13-02-2022-19-55-09tile error, WIP state
13-02-2022-19-55-09tile error, WIP state
13-02-2022-19-55-09tile error, WIP state
13-02-2022-19-55-09tile error, WIP state
13-02-2022-19-55-09tile error, WIP state
13-02-2022-19-55-09tile error, WIP state
13-02-2022-19-55-09tile error, WIP state
13-02-2022-19-55-09tile error, WIP state
13-02-2022-19-55-09tile error, WIP state
13-02-2022-19-55-09tile error, WIP state
13-02-2022-19-55-09tile error, WIP state
13-02-2022-19-55-09tile error, WIP state
13-02-2022-19-55-09tile error, WIP state
13-02-2022-19-55-09tile error, WIP state
13-02-2022-19-55-09tile error, WIP state
13-02-2022-19-55-09tile error, WIP state
13-02-2022-19-55-10tile error, WIP state
13-02-2022-19-55-10tile error, WIP state
13-02-2022-19-55-10tile error, WIP state
13-02-2022-19-55-10tile error, WIP state
13-02-2022-19-55-10tile error, WIP state
13-02-2022-19-55-10tile error, WIP state
13-02-2022-19-55-10tile error, WIP state
13-02-2022-19-55-10tile error, WIP state
13-02-2022-19-55-10tile error, WIP state
13-02-2022-19-55-10tile error, WIP state
13-02-2022-19-55-10tile error, WIP state
13-02-2022-19-55-11tile error, WIP state
13-02-2022-19-55-11tile error, WIP state
13-02-2022-19-55-11tile error, WIP state
13-02-2022-19-55-11tile error, WIP state
13-02-2022-19-55-11tile error, WIP state
13-02-2022-19-55-11tile error, WIP state
13-02-2022-19-55-13tile error, WIP state
13-02-2022-19-55-13tile error, WIP state
13-02-2022-19-55-13tile error, WIP state
13-02-2022-19-55-13tile error, WIP state
13-02-2022-19-55-13tile error, WIP state
13-02-2022-19-55-13tile error, WIP state
13-02-2022-19-55-13tile error, WIP state
13-02-2022-19-55-13tile error, WIP state
13-02-2022-19-55-13tile error, WIP state
13-02-2022-19-55-13tile error, WIP state
13-02-2022-19-55-13tile error, WIP state
13-02-2022-19-55-14tile error, WIP state
13-02-2022-19-55-14tile error, WIP state
13-02-2022-19-55-14tile error, WIP state
13-02-2022-19-55-14tile error, WIP state
13-02-2022-19-55-14tile error, WIP state
13-02-2022-19-55-14tile error, WIP state
13-02-2022-19-55-14tile error, WIP state
13-02-2022-19-55-14tile error, WIP state
13-02-2022-19-55-14tile error, WIP state
13-02-2022-19-55-14tile error, WIP state
13-02-2022-19-55-14tile error, WIP state
13-02-2022-19-55-14tile error, WIP state
13-02-2022-19-55-14tile error, WIP state
13-02-2022-19-55-15tile error, WIP state
13-02-2022-19-55-15tile error, WIP state
13-02-2022-19-55-15tile error, WIP state
13-02-2022-19-55-15tile error, WIP state
13-02-2022-19-55-15tile error, WIP state
13-02-2022-19-55-15tile error, WIP state
13-02-2022-19-55-15tile error, WIP state
13-02-2022-19-55-15tile error, WIP state
13-02-2022-19-55-15tile error, WIP state
13-02-2022-19-55-15tile error, WIP state
13-02-2022-19-55-15tile error, WIP state
13-02-2022-19-55-15tile error, WIP state
13-02-2022-19-55-17tile error, WIP state
13-02-2022-19-55-17tile error, WIP state
13-02-2022-19-55-17tile error, WIP state
13-02-2022-19-55-17tile error, WIP state
13-02-2022-19-55-17tile error, WIP state
13-02-2022-19-55-17tile error, WIP state
13-02-2022-19-55-17tile error, WIP state
13-02-2022-19-55-17tile error, WIP state
13-02-2022-19-55-17tile error, WIP state
13-02-2022-19-55-17tile error, WIP state
13-02-2022-19-55-17tile error, WIP state
13-02-2022-19-55-18tile error, WIP state
13-02-2022-19-55-18tile error, WIP state
13-02-2022-19-55-18tile error, WIP state
13-02-2022-19-55-18tile error, WIP state
13-02-2022-19-55-18tile error, WIP state
13-02-2022-19-55-18tile error, WIP state
13-02-2022-19-55-18tile error, WIP state
13-02-2022-19-55-18tile error, WIP state
13-02-2022-19-55-18tile error, WIP state
13-02-2022-19-55-18tile error, WIP state
13-02-2022-19-55-18tile error, WIP state
13-02-2022-19-55-18tile error, WIP state
13-02-2022-19-55-18tile error, WIP state
13-02-2022-19-55-19tile error, WIP state
13-02-2022-19-55-19tile error, WIP state
13-02-2022-19-55-19tile error, WIP state
13-02-2022-19-55-19tile error, WIP state
13-02-2022-19-55-19tile error, WIP state
13-02-2022-19-55-19tile error, WIP state
13-02-2022-19-55-19tile error, WIP state
13-02-2022-19-55-19tile error, WIP state
13-02-2022-19-55-19tile error, WIP state
13-02-2022-19-55-19tile error, WIP state
13-02-2022-19-55-19tile error, WIP state
13-02-2022-19-55-19tile error, WIP state
13-02-2022-19-55-22tile error, WIP state
13-02-2022-19-55-22tile error, WIP state
13-02-2022-19-55-22tile error, WIP state
13-02-2022-19-55-22tile error, WIP state
13-02-2022-19-55-22tile error, WIP state
13-02-2022-19-55-22tile error, WIP state
13-02-2022-19-55-22tile error, WIP state
13-02-2022-19-55-22tile error, WIP state
13-02-2022-19-55-22tile error, WIP state
13-02-2022-19-55-22tile error, WIP state
13-02-2022-19-55-22tile error, WIP state
13-02-2022-19-55-22tile error, WIP state
13-02-2022-19-55-23tile error, WIP state
13-02-2022-19-55-23tile error, WIP state
13-02-2022-19-55-23tile error, WIP state
13-02-2022-19-55-23tile error, WIP state
13-02-2022-19-55-23tile error, WIP state
13-02-2022-19-55-23tile error, WIP state
13-02-2022-19-55-23tile error, WIP state
13-02-2022-19-55-23tile error, WIP state
13-02-2022-19-55-23tile error, WIP state
13-02-2022-19-55-23tile error, WIP state
13-02-2022-19-55-24tile error, WIP state
13-02-2022-19-55-24tile error, WIP state
13-02-2022-19-55-24tile error, WIP state
13-02-2022-19-55-24tile error, WIP state
13-02-2022-19-55-24tile error, WIP state
13-02-2022-19-55-24tile error, WIP state
13-02-2022-19-55-24tile error, WIP state
13-02-2022-19-55-24tile error, WIP state
13-02-2022-19-55-24tile error, WIP state
13-02-2022-19-55-24tile error, WIP state
13-02-2022-19-55-24tile error, WIP state
13-02-2022-19-55-24tile error, WIP state
13-02-2022-19-55-24tile error, WIP state
13-02-2022-19-55-24tile error, WIP state
13-02-2022-19-55-26tile error, WIP state
13-02-2022-19-55-26tile error, WIP state
13-02-2022-19-55-26tile error, WIP state
13-02-2022-19-55-26tile error, WIP state
13-02-2022-19-55-26tile error, WIP state
13-02-2022-19-55-27tile error, WIP state
13-02-2022-19-55-27tile error, WIP state
13-02-2022-19-55-27tile error, WIP state
13-02-2022-19-55-27tile error, WIP state
13-02-2022-19-55-27tile error, WIP state
13-02-2022-19-55-27tile error, WIP state
13-02-2022-19-55-27tile error, WIP state
13-02-2022-19-55-27tile error, WIP state
13-02-2022-19-55-27tile error, WIP state
13-02-2022-19-55-28tile error, WIP state
13-02-2022-19-55-28tile error, WIP state
13-02-2022-19-55-28tile error, WIP state
13-02-2022-19-55-28tile error, WIP state
13-02-2022-19-55-28tile error, WIP state
13-02-2022-19-55-28tile error, WIP state
13-02-2022-19-55-28tile error, WIP state
13-02-2022-19-55-28tile error, WIP state
13-02-2022-19-55-28tile error, WIP state
13-02-2022-19-55-28tile error, WIP state
13-02-2022-19-55-28tile error, WIP state
13-02-2022-19-55-28tile error, WIP state
13-02-2022-19-55-28tile error, WIP state
13-02-2022-19-55-28tile error, WIP state
13-02-2022-19-55-28tile error, WIP state
13-02-2022-19-55-28tile error, WIP state
13-02-2022-19-55-28tile error, WIP state
13-02-2022-19-55-28tile error, WIP state
13-02-2022-19-55-29tile error, WIP state
13-02-2022-19-55-29tile error, WIP state
13-02-2022-19-55-29tile error, WIP state
13-02-2022-19-55-29tile error, WIP state
13-02-2022-19-55-32tile error, WIP state
13-02-2022-19-55-32tile error, WIP state
13-02-2022-19-55-32tile error, WIP state
13-02-2022-19-55-32tile error, WIP state
13-02-2022-19-55-32tile error, WIP state
13-02-2022-19-55-33tile error, WIP state
13-02-2022-19-55-33tile error, WIP state
13-02-2022-19-55-33tile error, WIP state
13-02-2022-19-55-33tile error, WIP state
13-02-2022-19-55-33tile error, WIP state
13-02-2022-19-55-33tile error, WIP state
13-02-2022-19-55-33tile error, WIP state
13-02-2022-19-55-33tile error, WIP state
13-02-2022-19-55-33tile error, WIP state
13-02-2022-19-55-33tile error, WIP state
13-02-2022-19-55-33tile error, WIP state
13-02-2022-19-55-33tile error, WIP state
13-02-2022-19-55-33tile error, WIP state
13-02-2022-19-55-33tile error, WIP state
13-02-2022-19-55-33tile error, WIP state
13-02-2022-19-55-33tile error, WIP state
13-02-2022-19-55-33tile error, WIP state
13-02-2022-19-55-33tile error, WIP state
13-02-2022-19-55-33tile error, WIP state
13-02-2022-19-55-33tile error, WIP state
13-02-2022-19-55-34tile error, WIP state
13-02-2022-19-55-34tile error, WIP state
13-02-2022-19-55-34tile error, WIP state
13-02-2022-19-55-34tile error, WIP state
13-02-2022-19-55-34tile error, WIP state
13-02-2022-19-55-34tile error, WIP state
13-02-2022-19-55-34tile error, WIP state
13-02-2022-19-55-34tile error, WIP state
13-02-2022-19-55-34tile error, WIP state
13-02-2022-19-55-34tile error, WIP state
13-02-2022-19-55-34tile error, WIP state
13-02-2022-19-55-36tile error, WIP state
13-02-2022-19-55-36tile error, WIP state
13-02-2022-19-55-37tile error, WIP state
13-02-2022-19-55-37tile error, WIP state
13-02-2022-19-55-37tile error, WIP state
13-02-2022-19-55-37tile error, WIP state
13-02-2022-19-55-37tile error, WIP state
13-02-2022-19-55-37tile error, WIP state
13-02-2022-19-55-37tile error, WIP state
13-02-2022-19-55-37tile error, WIP state
13-02-2022-19-55-37tile error, WIP state
13-02-2022-19-55-37tile error, WIP state
13-02-2022-19-55-37tile error, WIP state
13-02-2022-19-55-37tile error, WIP state
13-02-2022-19-55-37tile error, WIP state
13-02-2022-19-55-37tile error, WIP state
13-02-2022-19-55-37tile error, WIP state
13-02-2022-19-55-37tile error, WIP state
13-02-2022-19-55-37tile error, WIP state
13-02-2022-19-55-38tile error, WIP state
13-02-2022-19-55-38tile error, WIP state
13-02-2022-19-55-38tile error, WIP state
13-02-2022-19-55-38tile error, WIP state
13-02-2022-19-55-38tile error, WIP state
13-02-2022-19-55-38tile error, WIP state
13-02-2022-19-55-38tile error, WIP state
13-02-2022-19-55-38tile error, WIP state
13-02-2022-19-55-38tile error, WIP state
13-02-2022-19-55-38tile error, WIP state
13-02-2022-19-55-38tile error, WIP state
13-02-2022-19-55-38tile error, WIP state
13-02-2022-19-55-38tile error, WIP state
13-02-2022-19-55-38tile error, WIP state
13-02-2022-19-55-38tile error, WIP state
13-02-2022-19-55-38tile error, WIP state
13-02-2022-19-55-38tile error, WIP state
13-02-2022-19-55-40tile error, WIP state
13-02-2022-19-55-40tile error, WIP state
13-02-2022-19-55-40tile error, WIP state
13-02-2022-19-55-40tile error, WIP state
13-02-2022-19-55-40tile error, WIP state
13-02-2022-19-55-40tile error, WIP state
13-02-2022-19-55-41tile error, WIP state
13-02-2022-19-55-41tile error, WIP state
13-02-2022-19-55-41tile error, WIP state
13-02-2022-19-55-41tile error, WIP state
13-02-2022-19-55-41tile error, WIP state
13-02-2022-19-55-41tile error, WIP state
13-02-2022-19-55-42tile error, WIP state
13-02-2022-19-55-42tile error, WIP state
13-02-2022-19-55-42tile error, WIP state
13-02-2022-19-55-42tile error, WIP state
13-02-2022-19-55-42tile error, WIP state
13-02-2022-19-55-42tile error, WIP state
13-02-2022-19-55-42tile error, WIP state
13-02-2022-19-55-42tile error, WIP state
13-02-2022-19-55-42tile error, WIP state
13-02-2022-19-55-42tile error, WIP state
13-02-2022-19-55-42tile error, WIP state
13-02-2022-19-55-42tile error, WIP state
13-02-2022-19-55-42tile error, WIP state
13-02-2022-19-55-42tile error, WIP state
13-02-2022-19-55-42tile error, WIP state
13-02-2022-19-55-42tile error, WIP state
13-02-2022-19-55-42tile error, WIP state
13-02-2022-19-55-42tile error, WIP state
13-02-2022-19-55-42tile error, WIP state
13-02-2022-19-55-42tile error, WIP state
13-02-2022-19-55-43tile error, WIP state
13-02-2022-19-55-43tile error, WIP state
13-02-2022-19-55-43tile error, WIP state
13-02-2022-19-55-43tile error, WIP state
13-02-2022-19-55-44tile error, WIP state
13-02-2022-19-55-44tile error, WIP state
13-02-2022-19-55-44tile error, WIP state
13-02-2022-19-55-44tile error, WIP state
13-02-2022-19-55-45tile error, WIP state
13-02-2022-19-55-45tile error, WIP state
13-02-2022-19-55-45tile error, WIP state
13-02-2022-19-55-45tile error, WIP state
13-02-2022-19-55-45tile error, WIP state
13-02-2022-19-55-45tile error, WIP state
13-02-2022-19-55-45tile error, WIP state
13-02-2022-19-55-45tile error, WIP state
13-02-2022-19-55-45tile error, WIP state
13-02-2022-19-55-45tile error, WIP state
13-02-2022-19-55-45tile error, WIP state
13-02-2022-19-55-45tile error, WIP state
13-02-2022-19-55-45tile error, WIP state
13-02-2022-19-55-45tile error, WIP state
13-02-2022-19-55-45tile error, WIP state
13-02-2022-19-55-45tile error, WIP state
13-02-2022-19-55-45tile error, WIP state
13-02-2022-19-55-46tile error, WIP state
13-02-2022-19-55-46tile error, WIP state
13-02-2022-19-55-46tile error, WIP state
13-02-2022-19-55-46tile error, WIP state
13-02-2022-19-55-46tile error, WIP state
13-02-2022-19-55-46tile error, WIP state
13-02-2022-19-55-46tile error, WIP state
13-02-2022-19-55-46tile error, WIP state
13-02-2022-19-55-46tile error, WIP state
13-02-2022-19-55-47tile error, WIP state
13-02-2022-19-55-47tile error, WIP state
13-02-2022-19-55-47tile error, WIP state
13-02-2022-19-55-47tile error, WIP state
13-02-2022-19-55-47tile error, WIP state
13-02-2022-19-55-47tile error, WIP state
13-02-2022-19-55-49tile error, WIP state
13-02-2022-19-55-49tile error, WIP state
13-02-2022-19-55-49tile error, WIP state
13-02-2022-19-55-49tile error, WIP state
13-02-2022-19-55-49tile error, WIP state
13-02-2022-19-55-49tile error, WIP state
13-02-2022-19-55-49tile error, WIP state
13-02-2022-19-55-49tile error, WIP state
13-02-2022-19-55-49tile error, WIP state
13-02-2022-19-55-49tile error, WIP state
13-02-2022-19-55-49tile error, WIP state
13-02-2022-19-55-49tile error, WIP state
13-02-2022-19-55-49tile error, WIP state
13-02-2022-19-55-49tile error, WIP state
13-02-2022-19-55-49tile error, WIP state
13-02-2022-19-55-49tile error, WIP state
13-02-2022-19-55-49tile error, WIP state
13-02-2022-19-55-49tile error, WIP state
13-02-2022-19-55-50tile error, WIP state
13-02-2022-19-55-50tile error, WIP state
13-02-2022-19-55-50tile error, WIP state
13-02-2022-19-55-50tile error, WIP state
13-02-2022-19-55-50tile error, WIP state
13-02-2022-19-55-50tile error, WIP state
13-02-2022-19-55-51tile error, WIP state
13-02-2022-19-55-51tile error, WIP state
13-02-2022-19-55-51tile error, WIP state
13-02-2022-19-55-51tile error, WIP state
13-02-2022-19-55-51tile error, WIP state
13-02-2022-19-55-51tile error, WIP state
13-02-2022-19-55-51tile error, WIP state
13-02-2022-19-55-51tile error, WIP state
13-02-2022-19-55-51tile error, WIP state
13-02-2022-19-55-51tile error, WIP state
13-02-2022-19-55-51tile error, WIP state
13-02-2022-19-55-51tile error, WIP state
13-02-2022-19-55-53tile error, WIP state
13-02-2022-19-55-53tile error, WIP state
13-02-2022-19-55-53tile error, WIP state
13-02-2022-19-55-53tile error, WIP state
13-02-2022-19-55-53tile error, WIP state
13-02-2022-19-55-53tile error, WIP state
13-02-2022-19-55-53tile error, WIP state
13-02-2022-19-55-53tile error, WIP state
13-02-2022-19-55-53tile error, WIP state
13-02-2022-19-55-53tile error, WIP state
13-02-2022-19-55-54tile error, WIP state
13-02-2022-19-55-54tile error, WIP state
13-02-2022-19-55-54tile error, WIP state
13-02-2022-19-55-54tile error, WIP state
13-02-2022-19-55-54tile error, WIP state
13-02-2022-19-55-54tile error, WIP state
13-02-2022-19-55-54tile error, WIP state
13-02-2022-19-55-54tile error, WIP state
13-02-2022-19-55-54tile error, WIP state
13-02-2022-19-55-54tile error, WIP state
13-02-2022-19-55-54tile error, WIP state
13-02-2022-19-55-54tile error, WIP state
13-02-2022-19-55-54tile error, WIP state
13-02-2022-19-55-54tile error, WIP state
13-02-2022-19-55-55tile error, WIP state
13-02-2022-19-55-55tile error, WIP state
13-02-2022-19-55-55tile error, WIP state
13-02-2022-19-55-55tile error, WIP state
13-02-2022-19-55-55tile error, WIP state
13-02-2022-19-55-55tile error, WIP state
13-02-2022-19-55-55tile error, WIP state
13-02-2022-19-55-55tile error, WIP state
13-02-2022-19-55-55tile error, WIP state
13-02-2022-19-55-55tile error, WIP state
13-02-2022-19-55-55tile error, WIP state
13-02-2022-19-55-55tile error, WIP state
13-02-2022-19-55-57tile error, WIP state
13-02-2022-19-55-57tile error, WIP state
13-02-2022-19-55-57tile error, WIP state
13-02-2022-19-55-57tile error, WIP state
13-02-2022-19-55-57tile error, WIP state
13-02-2022-19-55-57tile error, WIP state
13-02-2022-19-55-57tile error, WIP state
13-02-2022-19-55-57tile error, WIP state
13-02-2022-19-55-57tile error, WIP state
13-02-2022-19-55-57tile error, WIP state
13-02-2022-19-55-58tile error, WIP state
13-02-2022-19-55-58tile error, WIP state
13-02-2022-19-55-58tile error, WIP state
13-02-2022-19-55-58tile error, WIP state
13-02-2022-19-55-58tile error, WIP state
13-02-2022-19-55-58tile error, WIP state
13-02-2022-19-55-58tile error, WIP state
13-02-2022-19-55-58tile error, WIP state
13-02-2022-19-55-58tile error, WIP state
13-02-2022-19-55-58tile error, WIP state
13-02-2022-19-55-58tile error, WIP state
13-02-2022-19-55-58tile error, WIP state
13-02-2022-19-55-59tile error, WIP state
13-02-2022-19-55-59tile error, WIP state
13-02-2022-19-55-59tile error, WIP state
13-02-2022-19-55-59tile error, WIP state
13-02-2022-19-55-59tile error, WIP state
13-02-2022-19-55-59tile error, WIP state
13-02-2022-19-55-59tile error, WIP state
13-02-2022-19-55-59tile error, WIP state
13-02-2022-19-55-59tile error, WIP state
13-02-2022-19-55-59tile error, WIP state
13-02-2022-19-55-59tile error, WIP state
13-02-2022-19-55-59tile error, WIP state
13-02-2022-19-55-59tile error, WIP state
13-02-2022-19-56-00tile error, WIP state
13-02-2022-19-56-01tile error, WIP state
13-02-2022-19-56-01tile error, WIP state
13-02-2022-19-56-01tile error, WIP state
13-02-2022-19-56-01tile error, WIP state
13-02-2022-19-56-01tile error, WIP state
13-02-2022-19-56-01tile error, WIP state
13-02-2022-19-56-01tile error, WIP state
13-02-2022-19-56-01tile error, WIP state
13-02-2022-19-56-02tile error, WIP state
13-02-2022-19-56-02tile error, WIP state
13-02-2022-19-56-02tile error, WIP state
13-02-2022-19-56-02tile error, WIP state
13-02-2022-19-56-02tile error, WIP state
13-02-2022-19-56-02tile error, WIP state
13-02-2022-19-56-02tile error, WIP state
13-02-2022-19-56-02tile error, WIP state
13-02-2022-19-56-02tile error, WIP state
13-02-2022-19-56-02tile error, WIP state
13-02-2022-19-56-02tile error, WIP state
13-02-2022-19-56-02tile error, WIP state
13-02-2022-19-56-02tile error, WIP state
13-02-2022-19-56-02tile error, WIP state
13-02-2022-19-56-03tile error, WIP state
13-02-2022-19-56-03tile error, WIP state
13-02-2022-19-56-03tile error, WIP state
13-02-2022-19-56-03tile error, WIP state
13-02-2022-19-56-03tile error, WIP state
13-02-2022-19-56-03tile error, WIP state
13-02-2022-19-56-03tile error, WIP state
13-02-2022-19-56-03tile error, WIP state
13-02-2022-19-56-03tile error, WIP state
13-02-2022-19-56-03tile error, WIP state
13-02-2022-19-56-03tile error, WIP state
13-02-2022-19-56-03tile error, WIP state
13-02-2022-19-56-03tile error, WIP state
13-02-2022-19-56-04tile error, WIP state
13-02-2022-19-56-05tile error, WIP state
13-02-2022-19-56-05tile error, WIP state
13-02-2022-19-56-05tile error, WIP state
13-02-2022-19-56-05tile error, WIP state
13-02-2022-19-56-06tile error, WIP state
13-02-2022-19-56-06tile error, WIP state
13-02-2022-19-56-06tile error, WIP state
13-02-2022-19-56-06tile error, WIP state
13-02-2022-19-56-06tile error, WIP state
13-02-2022-19-56-06tile error, WIP state
13-02-2022-19-56-06tile error, WIP state
13-02-2022-19-56-06tile error, WIP state
13-02-2022-19-56-06tile error, WIP state
13-02-2022-19-56-06tile error, WIP state
13-02-2022-19-56-06tile error, WIP state
13-02-2022-19-56-06tile error, WIP state
13-02-2022-19-56-06tile error, WIP state
13-02-2022-19-56-06tile error, WIP state
13-02-2022-19-56-06tile error, WIP state
13-02-2022-19-56-06tile error, WIP state
13-02-2022-19-56-07tile error, WIP state
13-02-2022-19-56-07tile error, WIP state
13-02-2022-19-56-07tile error, WIP state
13-02-2022-19-56-07tile error, WIP state
13-02-2022-19-56-07tile error, WIP state
13-02-2022-19-56-07tile error, WIP state
13-02-2022-19-56-07tile error, WIP state
13-02-2022-19-56-07tile error, WIP state
13-02-2022-19-56-07tile error, WIP state
13-02-2022-19-56-08tile error, WIP state
13-02-2022-19-56-08tile error, WIP state
13-02-2022-19-56-08tile error, WIP state
13-02-2022-19-56-08tile error, WIP state
13-02-2022-19-56-08tile error, WIP state
13-02-2022-19-56-08tile error, WIP state
13-02-2022-19-56-08tile error, WIP state
13-02-2022-19-56-09tile error, WIP state
13-02-2022-19-56-10tile error, WIP state
13-02-2022-19-56-10tile error, WIP state
13-02-2022-19-56-10tile error, WIP state
13-02-2022-19-56-10tile error, WIP state
13-02-2022-19-56-10tile error, WIP state
13-02-2022-19-56-10tile error, WIP state
13-02-2022-19-56-10tile error, WIP state
13-02-2022-19-56-10tile error, WIP state
13-02-2022-19-56-10tile error, WIP state
13-02-2022-19-56-10tile error, WIP state
13-02-2022-19-56-10tile error, WIP state
13-02-2022-19-56-11tile error, WIP state
13-02-2022-19-56-11tile error, WIP state
13-02-2022-19-56-11tile error, WIP state
13-02-2022-19-56-11tile error, WIP state
13-02-2022-19-56-11tile error, WIP state
13-02-2022-19-56-11tile error, WIP state
13-02-2022-19-56-11tile error, WIP state
13-02-2022-19-56-11tile error, WIP state
13-02-2022-19-56-11tile error, WIP state
13-02-2022-19-56-11tile error, WIP state
13-02-2022-19-56-11tile error, WIP state
13-02-2022-19-56-11tile error, WIP state
13-02-2022-19-56-11tile error, WIP state
13-02-2022-19-56-11tile error, WIP state
13-02-2022-19-56-11tile error, WIP state
13-02-2022-19-56-12tile error, WIP state
13-02-2022-19-56-12tile error, WIP state
13-02-2022-19-56-12tile error, WIP state
13-02-2022-19-56-12tile error, WIP state
13-02-2022-19-56-12tile error, WIP state
13-02-2022-19-56-12tile error, WIP state
13-02-2022-19-56-12tile error, WIP state
13-02-2022-19-56-12tile error, WIP state
13-02-2022-19-56-12tile error, WIP state
13-02-2022-19-56-14tile error, WIP state
13-02-2022-19-56-14tile error, WIP state
13-02-2022-19-56-14tile error, WIP state
13-02-2022-19-56-14tile error, WIP state
13-02-2022-19-56-14tile error, WIP state
13-02-2022-19-56-14tile error, WIP state
13-02-2022-19-56-14tile error, WIP state
13-02-2022-19-56-14tile error, WIP state
13-02-2022-19-56-14tile error, WIP state
13-02-2022-19-56-14tile error, WIP state
13-02-2022-19-56-14tile error, WIP state
13-02-2022-19-56-15tile error, WIP state
13-02-2022-19-56-15tile error, WIP state
13-02-2022-19-56-15tile error, WIP state
13-02-2022-19-56-15tile error, WIP state
13-02-2022-19-56-15tile error, WIP state
13-02-2022-19-56-15tile error, WIP state
13-02-2022-19-56-15tile error, WIP state
13-02-2022-19-56-15tile error, WIP state
13-02-2022-19-56-15tile error, WIP state
13-02-2022-19-56-15tile error, WIP state
13-02-2022-19-56-16tile error, WIP state
13-02-2022-19-56-16tile error, WIP state
13-02-2022-19-56-16tile error, WIP state
13-02-2022-19-56-16tile error, WIP state
13-02-2022-19-56-16tile error, WIP state
13-02-2022-19-56-16tile error, WIP state
13-02-2022-19-56-16tile error, WIP state
13-02-2022-19-56-16tile error, WIP state
13-02-2022-19-56-16tile error, WIP state
13-02-2022-19-56-16tile error, WIP state
13-02-2022-19-56-16tile error, WIP state
13-02-2022-19-56-16tile error, WIP state
13-02-2022-19-56-16tile error, WIP state
13-02-2022-19-56-16tile error, WIP state
13-02-2022-19-56-16tile error, WIP state
13-02-2022-19-56-18tile error, WIP state
13-02-2022-19-56-18tile error, WIP state
13-02-2022-19-56-18tile error, WIP state
13-02-2022-19-56-18tile error, WIP state
13-02-2022-19-56-18tile error, WIP state
13-02-2022-19-56-18tile error, WIP state
13-02-2022-19-56-18tile error, WIP state
13-02-2022-19-56-18tile error, WIP state
13-02-2022-19-56-18tile error, WIP state
13-02-2022-19-56-18tile error, WIP state
13-02-2022-19-56-18tile error, WIP state
13-02-2022-19-56-18tile error, WIP state
13-02-2022-19-56-19tile error, WIP state
13-02-2022-19-56-19tile error, WIP state
13-02-2022-19-56-19tile error, WIP state
13-02-2022-19-56-19tile error, WIP state
13-02-2022-19-56-19tile error, WIP state
13-02-2022-19-56-19tile error, WIP state
13-02-2022-19-56-19tile error, WIP state
13-02-2022-19-56-19tile error, WIP state
13-02-2022-19-56-19tile error, WIP state
13-02-2022-19-56-19tile error, WIP state
13-02-2022-19-56-19tile error, WIP state
13-02-2022-19-56-19tile error, WIP state
13-02-2022-19-56-20tile error, WIP state
13-02-2022-19-56-20tile error, WIP state
13-02-2022-19-56-20tile error, WIP state
13-02-2022-19-56-20tile error, WIP state
13-02-2022-19-56-20tile error, WIP state
13-02-2022-19-56-20tile error, WIP state
13-02-2022-19-56-20tile error, WIP state
13-02-2022-19-56-20tile error, WIP state
13-02-2022-19-56-20tile error, WIP state
13-02-2022-19-56-20tile error, WIP state
13-02-2022-19-56-20tile error, WIP state
13-02-2022-19-56-20tile error, WIP state
13-02-2022-19-56-22tile error, WIP state
13-02-2022-19-56-22tile error, WIP state
13-02-2022-19-56-22tile error, WIP state
13-02-2022-19-56-22tile error, WIP state
13-02-2022-19-56-22tile error, WIP state
13-02-2022-19-56-22tile error, WIP state
13-02-2022-19-56-22tile error, WIP state
13-02-2022-19-56-22tile error, WIP state
13-02-2022-19-56-22tile error, WIP state
13-02-2022-19-56-23tile error, WIP state
13-02-2022-19-56-23tile error, WIP state
13-02-2022-19-56-23tile error, WIP state
13-02-2022-19-56-23tile error, WIP state
13-02-2022-19-56-23tile error, WIP state
13-02-2022-19-56-23tile error, WIP state
13-02-2022-19-56-23tile error, WIP state
13-02-2022-19-56-23tile error, WIP state
13-02-2022-19-56-23tile error, WIP state
13-02-2022-19-56-23tile error, WIP state
13-02-2022-19-56-24tile error, WIP state
13-02-2022-19-56-24tile error, WIP state
13-02-2022-19-56-24tile error, WIP state
13-02-2022-19-56-24tile error, WIP state
13-02-2022-19-56-24tile error, WIP state
13-02-2022-19-56-24tile error, WIP state
13-02-2022-19-56-24tile error, WIP state
13-02-2022-19-56-24tile error, WIP state
13-02-2022-19-56-24tile error, WIP state
13-02-2022-19-56-24tile error, WIP state
13-02-2022-19-56-24tile error, WIP state
13-02-2022-19-56-24tile error, WIP state
13-02-2022-19-56-24tile error, WIP state
13-02-2022-19-56-24tile error, WIP state
13-02-2022-19-56-25tile error, WIP state
13-02-2022-19-56-25tile error, WIP state
13-02-2022-19-56-25tile error, WIP state
13-02-2022-19-56-26tile error, WIP state
13-02-2022-19-56-26tile error, WIP state
13-02-2022-19-56-26tile error, WIP state
13-02-2022-19-56-26tile error, WIP state
13-02-2022-19-56-26tile error, WIP state
13-02-2022-19-56-27tile error, WIP state
13-02-2022-19-56-27tile error, WIP state
13-02-2022-19-56-27tile error, WIP state
13-02-2022-19-56-27tile error, WIP state
13-02-2022-19-56-27tile error, WIP state
13-02-2022-19-56-27tile error, WIP state
13-02-2022-19-56-27tile error, WIP state
13-02-2022-19-56-27tile error, WIP state
13-02-2022-19-56-27tile error, WIP state
13-02-2022-19-56-28tile error, WIP state
13-02-2022-19-56-28tile error, WIP state
13-02-2022-19-56-28tile error, WIP state
13-02-2022-19-56-28tile error, WIP state
13-02-2022-19-56-28tile error, WIP state
13-02-2022-19-56-28tile error, WIP state
13-02-2022-19-56-28tile error, WIP state
13-02-2022-19-56-28tile error, WIP state
13-02-2022-19-56-28tile error, WIP state
13-02-2022-19-56-28tile error, WIP state
13-02-2022-19-56-28tile error, WIP state
13-02-2022-19-56-28tile error, WIP state
13-02-2022-19-56-28tile error, WIP state
13-02-2022-19-56-28tile error, WIP state
13-02-2022-19-56-28tile error, WIP state
13-02-2022-19-56-28tile error, WIP state
13-02-2022-19-56-28tile error, WIP state
13-02-2022-19-56-29tile error, WIP state
13-02-2022-19-56-29tile error, WIP state
13-02-2022-19-56-29tile error, WIP state
13-02-2022-19-56-29tile error, WIP state
13-02-2022-19-56-29tile error, WIP state
13-02-2022-19-56-30tile error, WIP state
13-02-2022-19-56-31tile error, WIP state
13-02-2022-19-56-31tile error, WIP state
13-02-2022-19-56-31tile error, WIP state
13-02-2022-19-56-31tile error, WIP state
13-02-2022-19-56-31tile error, WIP state
13-02-2022-19-56-31tile error, WIP state
13-02-2022-19-56-31tile error, WIP state
13-02-2022-19-56-31tile error, WIP state
13-02-2022-19-56-31tile error, WIP state
13-02-2022-19-56-31tile error, WIP state
13-02-2022-19-56-31tile error, WIP state
13-02-2022-19-56-32tile error, WIP state
13-02-2022-19-56-32tile error, WIP state
13-02-2022-19-56-32tile error, WIP state
13-02-2022-19-56-32tile error, WIP state
13-02-2022-19-56-32tile error, WIP state
13-02-2022-19-56-32tile error, WIP state
13-02-2022-19-56-32tile error, WIP state
13-02-2022-19-56-32tile error, WIP state
13-02-2022-19-56-32tile error, WIP state
13-02-2022-19-56-32tile error, WIP state
13-02-2022-19-56-32tile error, WIP state
13-02-2022-19-56-32tile error, WIP state
13-02-2022-19-56-33tile error, WIP state
13-02-2022-19-56-33tile error, WIP state
13-02-2022-19-56-33tile error, WIP state
13-02-2022-19-56-33tile error, WIP state
13-02-2022-19-56-33tile error, WIP state
13-02-2022-19-56-33tile error, WIP state
13-02-2022-19-56-33tile error, WIP state
13-02-2022-19-56-33tile error, WIP state
13-02-2022-19-56-33tile error, WIP state
13-02-2022-19-56-33tile error, WIP state
13-02-2022-19-56-33tile error, WIP state
13-02-2022-19-56-33tile error, WIP state
13-02-2022-19-56-35tile error, WIP state
13-02-2022-19-56-35tile error, WIP state
13-02-2022-19-56-35tile error, WIP state
13-02-2022-19-56-35tile error, WIP state
13-02-2022-19-56-35tile error, WIP state
13-02-2022-19-56-35tile error, WIP state
13-02-2022-19-56-35tile error, WIP state
13-02-2022-19-56-35tile error, WIP state
13-02-2022-19-56-35tile error, WIP state
13-02-2022-19-56-35tile error, WIP state
13-02-2022-19-56-35tile error, WIP state
13-02-2022-19-56-36tile error, WIP state
13-02-2022-19-56-36tile error, WIP state
13-02-2022-19-56-36tile error, WIP state
13-02-2022-19-56-36tile error, WIP state
13-02-2022-19-56-36tile error, WIP state
13-02-2022-19-56-36tile error, WIP state
13-02-2022-19-56-36tile error, WIP state
13-02-2022-19-56-36tile error, WIP state
13-02-2022-19-56-36tile error, WIP state
13-02-2022-19-56-36tile error, WIP state
13-02-2022-19-56-36tile error, WIP state
13-02-2022-19-56-36tile error, WIP state
13-02-2022-19-56-37tile error, WIP state
13-02-2022-19-56-37tile error, WIP state
13-02-2022-19-56-37tile error, WIP state
13-02-2022-19-56-37tile error, WIP state
13-02-2022-19-56-37tile error, WIP state
13-02-2022-19-56-37tile error, WIP state
13-02-2022-19-56-37tile error, WIP state
13-02-2022-19-56-37tile error, WIP state
13-02-2022-19-56-37tile error, WIP state
13-02-2022-19-56-37tile error, WIP state
13-02-2022-19-56-37tile error, WIP state
13-02-2022-19-56-37tile error, WIP state
13-02-2022-19-56-37tile error, WIP state
13-02-2022-19-56-39tile error, WIP state
13-02-2022-19-56-39tile error, WIP state
13-02-2022-19-56-39tile error, WIP state
13-02-2022-19-56-39tile error, WIP state
13-02-2022-19-56-39tile error, WIP state
13-02-2022-19-56-39tile error, WIP state
13-02-2022-19-56-39tile error, WIP state
13-02-2022-19-56-39tile error, WIP state
13-02-2022-19-56-39tile error, WIP state
13-02-2022-19-56-40tile error, WIP state
13-02-2022-19-56-40tile error, WIP state
13-02-2022-19-56-40tile error, WIP state
13-02-2022-19-56-40tile error, WIP state
13-02-2022-19-56-40tile error, WIP state
13-02-2022-19-56-41tile error, WIP state
13-02-2022-19-56-41tile error, WIP state
13-02-2022-19-56-41tile error, WIP state
13-02-2022-19-56-41tile error, WIP state
13-02-2022-19-56-41tile error, WIP state
13-02-2022-19-56-41tile error, WIP state
13-02-2022-19-56-41tile error, WIP state
13-02-2022-19-56-41tile error, WIP state
13-02-2022-19-56-41tile error, WIP state
13-02-2022-19-56-41tile error, WIP state
13-02-2022-19-56-41tile error, WIP state
13-02-2022-19-56-41tile error, WIP state
13-02-2022-19-56-41tile error, WIP state
13-02-2022-19-56-41tile error, WIP state
13-02-2022-19-56-41tile error, WIP state
13-02-2022-19-56-41tile error, WIP state
13-02-2022-19-56-41tile error, WIP state
13-02-2022-19-56-41tile error, WIP state
13-02-2022-19-56-41tile error, WIP state
13-02-2022-19-56-41tile error, WIP state
13-02-2022-19-56-42tile error, WIP state
13-02-2022-19-56-42tile error, WIP state
13-02-2022-19-56-45tile error, WIP state
13-02-2022-19-56-45tile error, WIP state
13-02-2022-19-56-45tile error, WIP state
13-02-2022-19-56-45tile error, WIP state
13-02-2022-19-56-45tile error, WIP state
13-02-2022-19-56-45tile error, WIP state
13-02-2022-19-56-45tile error, WIP state
13-02-2022-19-56-45tile error, WIP state
13-02-2022-19-56-45tile error, WIP state
13-02-2022-19-56-45tile error, WIP state
13-02-2022-19-56-45tile error, WIP state
13-02-2022-19-56-46tile error, WIP state
13-02-2022-19-56-46tile error, WIP state
13-02-2022-19-56-46tile error, WIP state
13-02-2022-19-56-46tile error, WIP state
13-02-2022-19-56-46tile error, WIP state
13-02-2022-19-56-46tile error, WIP state
13-02-2022-19-56-46tile error, WIP state
13-02-2022-19-56-46tile error, WIP state
13-02-2022-19-56-46tile error, WIP state
13-02-2022-19-56-46tile error, WIP state
13-02-2022-19-56-46tile error, WIP state
13-02-2022-19-56-46tile error, WIP state
13-02-2022-19-56-46tile error, WIP state
13-02-2022-19-56-46tile error, WIP state
13-02-2022-19-56-46tile error, WIP state
13-02-2022-19-56-46tile error, WIP state
13-02-2022-19-56-46tile error, WIP state
13-02-2022-19-56-46tile error, WIP state
13-02-2022-19-56-46tile error, WIP state
13-02-2022-19-56-46tile error, WIP state
13-02-2022-19-56-47tile error, WIP state
13-02-2022-19-56-47tile error, WIP state
13-02-2022-19-56-47tile error, WIP state
13-02-2022-19-56-47tile error, WIP state
13-02-2022-19-56-47tile error, WIP state
13-02-2022-19-56-49tile error, WIP state
13-02-2022-19-56-49tile error, WIP state
13-02-2022-19-56-49tile error, WIP state
13-02-2022-19-56-49tile error, WIP state
13-02-2022-19-56-49tile error, WIP state
13-02-2022-19-56-50tile error, WIP state
13-02-2022-19-56-50tile error, WIP state
13-02-2022-19-56-50tile error, WIP state
13-02-2022-19-56-50tile error, WIP state
13-02-2022-19-56-50tile error, WIP state
13-02-2022-19-56-50tile error, WIP state
13-02-2022-19-56-50tile error, WIP state
13-02-2022-19-56-50tile error, WIP state
13-02-2022-19-56-50tile error, WIP state
13-02-2022-19-56-50tile error, WIP state
13-02-2022-19-56-50tile error, WIP state
13-02-2022-19-56-50tile error, WIP state
13-02-2022-19-56-50tile error, WIP state
13-02-2022-19-56-50tile error, WIP state
13-02-2022-19-56-50tile error, WIP state
13-02-2022-19-56-50tile error, WIP state
13-02-2022-19-56-50tile error, WIP state
13-02-2022-19-56-50tile error, WIP state
13-02-2022-19-56-50tile error, WIP state
13-02-2022-19-56-50tile error, WIP state
13-02-2022-19-56-51tile error, WIP state
13-02-2022-19-56-51tile error, WIP state
13-02-2022-19-56-51tile error, WIP state
13-02-2022-19-56-51tile error, WIP state
13-02-2022-19-56-51tile error, WIP state
13-02-2022-19-56-51tile error, WIP state
13-02-2022-19-56-51tile error, WIP state
13-02-2022-19-56-51tile error, WIP state
13-02-2022-19-56-51tile error, WIP state
13-02-2022-19-56-51tile error, WIP state
13-02-2022-19-56-51tile error, WIP state
13-02-2022-19-56-53tile error, WIP state
13-02-2022-19-56-53tile error, WIP state
13-02-2022-19-56-53tile error, WIP state
13-02-2022-19-56-53tile error, WIP state
13-02-2022-19-56-53tile error, WIP state
13-02-2022-19-56-53tile error, WIP state
13-02-2022-19-56-53tile error, WIP state
13-02-2022-19-56-53tile error, WIP state
13-02-2022-19-56-53tile error, WIP state
13-02-2022-19-56-53tile error, WIP state
13-02-2022-19-56-53tile error, WIP state
13-02-2022-19-56-53tile error, WIP state
13-02-2022-19-56-54tile error, WIP state
13-02-2022-19-56-54tile error, WIP state
13-02-2022-19-56-54tile error, WIP state
13-02-2022-19-56-54tile error, WIP state
13-02-2022-19-56-54tile error, WIP state
13-02-2022-19-56-54tile error, WIP state
13-02-2022-19-56-54tile error, WIP state
13-02-2022-19-56-54tile error, WIP state
13-02-2022-19-56-54tile error, WIP state
13-02-2022-19-56-54tile error, WIP state
13-02-2022-19-56-54tile error, WIP state
13-02-2022-19-56-54tile error, WIP state
13-02-2022-19-56-55tile error, WIP state
13-02-2022-19-56-55tile error, WIP state
13-02-2022-19-56-55tile error, WIP state
13-02-2022-19-56-55tile error, WIP state
13-02-2022-19-56-55tile error, WIP state
13-02-2022-19-56-55tile error, WIP state
13-02-2022-19-56-55tile error, WIP state
13-02-2022-19-56-55tile error, WIP state
13-02-2022-19-56-55tile error, WIP state
13-02-2022-19-56-55tile error, WIP state
13-02-2022-19-56-55tile error, WIP state
13-02-2022-19-56-55tile error, WIP state
13-02-2022-19-56-57tile error, WIP state
13-02-2022-19-56-57tile error, WIP state
13-02-2022-19-56-57tile error, WIP state
13-02-2022-19-56-57tile error, WIP state
13-02-2022-19-56-57tile error, WIP state
13-02-2022-19-56-57tile error, WIP state
13-02-2022-19-56-57tile error, WIP state
13-02-2022-19-56-57tile error, WIP state
13-02-2022-19-56-57tile error, WIP state
13-02-2022-19-56-57tile error, WIP state
13-02-2022-19-56-57tile error, WIP state
13-02-2022-19-56-58tile error, WIP state
13-02-2022-19-56-58tile error, WIP state
13-02-2022-19-56-58tile error, WIP state
13-02-2022-19-56-58tile error, WIP state
13-02-2022-19-56-58tile error, WIP state
13-02-2022-19-56-59tile error, WIP state
13-02-2022-19-56-59tile error, WIP state
13-02-2022-19-56-59tile error, WIP state
13-02-2022-19-56-59tile error, WIP state
13-02-2022-19-56-59tile error, WIP state
13-02-2022-19-56-59tile error, WIP state
13-02-2022-19-56-59tile error, WIP state
13-02-2022-19-56-59tile error, WIP state
13-02-2022-19-56-59tile error, WIP state
13-02-2022-19-56-59tile error, WIP state
13-02-2022-19-56-59tile error, WIP state
13-02-2022-19-56-59tile error, WIP state
13-02-2022-19-56-59tile error, WIP state
13-02-2022-19-56-59tile error, WIP state
13-02-2022-19-56-59tile error, WIP state
13-02-2022-19-56-59tile error, WIP state
13-02-2022-19-56-59tile error, WIP state
13-02-2022-19-56-59tile error, WIP state
13-02-2022-19-57-00tile error, WIP state
13-02-2022-19-57-00tile error, WIP state
13-02-2022-19-57-03tile error, WIP state
13-02-2022-19-57-03tile error, WIP state
13-02-2022-19-57-03tile error, WIP state
13-02-2022-19-57-03tile error, WIP state
13-02-2022-19-57-03tile error, WIP state
13-02-2022-19-57-03tile error, WIP state
13-02-2022-19-57-03tile error, WIP state
13-02-2022-19-57-03tile error, WIP state
13-02-2022-19-57-03tile error, WIP state
13-02-2022-19-57-03tile error, WIP state
13-02-2022-19-57-03tile error, WIP state
13-02-2022-19-57-03tile error, WIP state
13-02-2022-19-57-03tile error, WIP state
13-02-2022-19-57-03tile error, WIP state
13-02-2022-19-57-04tile error, WIP state
13-02-2022-19-57-04tile error, WIP state
13-02-2022-19-57-04tile error, WIP state
13-02-2022-19-57-04tile error, WIP state
13-02-2022-19-57-04tile error, WIP state
13-02-2022-19-57-04tile error, WIP state
13-02-2022-19-57-04tile error, WIP state
13-02-2022-19-57-04tile error, WIP state
13-02-2022-19-57-04tile error, WIP state
13-02-2022-19-57-04tile error, WIP state
13-02-2022-19-57-04tile error, WIP state
13-02-2022-19-57-04tile error, WIP state
13-02-2022-19-57-04tile error, WIP state
13-02-2022-19-57-04tile error, WIP state
13-02-2022-19-57-04tile error, WIP state
13-02-2022-19-57-04tile error, WIP state
13-02-2022-19-57-04tile error, WIP state
13-02-2022-19-57-04tile error, WIP state
13-02-2022-19-57-04tile error, WIP state
13-02-2022-19-57-04tile error, WIP state
13-02-2022-19-57-05tile error, WIP state
13-02-2022-19-57-05tile error, WIP state
13-02-2022-19-57-07tile error, WIP state
13-02-2022-19-57-07tile error, WIP state
13-02-2022-19-57-07tile error, WIP state
13-02-2022-19-57-07tile error, WIP state
13-02-2022-19-57-07tile error, WIP state
13-02-2022-19-57-07tile error, WIP state
13-02-2022-19-57-07tile error, WIP state
13-02-2022-19-57-07tile error, WIP state
13-02-2022-19-57-07tile error, WIP state
13-02-2022-19-57-07tile error, WIP state
13-02-2022-19-57-07tile error, WIP state
13-02-2022-19-57-07tile error, WIP state
13-02-2022-19-57-07tile error, WIP state
13-02-2022-19-57-07tile error, WIP state
13-02-2022-19-57-07tile error, WIP state
13-02-2022-19-57-07tile error, WIP state
13-02-2022-19-57-07tile error, WIP state
13-02-2022-19-57-07tile error, WIP state
13-02-2022-19-57-08tile error, WIP state
13-02-2022-19-57-08tile error, WIP state
13-02-2022-19-57-08tile error, WIP state
13-02-2022-19-57-08tile error, WIP state
13-02-2022-19-57-08tile error, WIP state
13-02-2022-19-57-08tile error, WIP state
13-02-2022-19-57-09tile error, WIP state
13-02-2022-19-57-09tile error, WIP state
13-02-2022-19-57-09tile error, WIP state
13-02-2022-19-57-09tile error, WIP state
13-02-2022-19-57-09tile error, WIP state
13-02-2022-19-57-09tile error, WIP state
13-02-2022-19-57-09tile error, WIP state
13-02-2022-19-57-09tile error, WIP state
13-02-2022-19-57-09tile error, WIP state
13-02-2022-19-57-09tile error, WIP state
13-02-2022-19-57-09tile error, WIP state
13-02-2022-19-57-09tile error, WIP state
13-02-2022-19-57-11tile error, WIP state
13-02-2022-19-57-11tile error, WIP state
13-02-2022-19-57-11tile error, WIP state
13-02-2022-19-57-11tile error, WIP state
13-02-2022-19-57-11tile error, WIP state
13-02-2022-19-57-11tile error, WIP state
13-02-2022-19-57-11tile error, WIP state
13-02-2022-19-57-11tile error, WIP state
13-02-2022-19-57-11tile error, WIP state
13-02-2022-19-57-11tile error, WIP state
13-02-2022-19-57-11tile error, WIP state
13-02-2022-19-57-11tile error, WIP state
13-02-2022-19-57-12tile error, WIP state
13-02-2022-19-57-12tile error, WIP state
13-02-2022-19-57-12tile error, WIP state
13-02-2022-19-57-12tile error, WIP state
13-02-2022-19-57-12tile error, WIP state
13-02-2022-19-57-12tile error, WIP state
13-02-2022-19-57-12tile error, WIP state
13-02-2022-19-57-12tile error, WIP state
13-02-2022-19-57-12tile error, WIP state
13-02-2022-19-57-12tile error, WIP state
13-02-2022-19-57-12tile error, WIP state
13-02-2022-19-57-13tile error, WIP state
13-02-2022-19-57-13tile error, WIP state
13-02-2022-19-57-13tile error, WIP state
13-02-2022-19-57-13tile error, WIP state
13-02-2022-19-57-13tile error, WIP state
13-02-2022-19-57-13tile error, WIP state
13-02-2022-19-57-13tile error, WIP state
13-02-2022-19-57-13tile error, WIP state
13-02-2022-19-57-13tile error, WIP state
13-02-2022-19-57-13tile error, WIP state
13-02-2022-19-57-13tile error, WIP state
13-02-2022-19-57-13tile error, WIP state
13-02-2022-19-57-13tile error, WIP state
13-02-2022-19-57-15tile error, WIP state
13-02-2022-19-57-15tile error, WIP state
13-02-2022-19-57-16tile error, WIP state
13-02-2022-19-57-16tile error, WIP state
13-02-2022-19-57-16tile error, WIP state
13-02-2022-19-57-16tile error, WIP state
13-02-2022-19-57-16tile error, WIP state
13-02-2022-19-57-16tile error, WIP state
13-02-2022-19-57-16tile error, WIP state
13-02-2022-19-57-16tile error, WIP state
13-02-2022-19-57-16tile error, WIP state
13-02-2022-19-57-16tile error, WIP state
13-02-2022-19-57-16tile error, WIP state
13-02-2022-19-57-16tile error, WIP state
13-02-2022-19-57-16tile error, WIP state
13-02-2022-19-57-16tile error, WIP state
13-02-2022-19-57-17tile error, WIP state
13-02-2022-19-57-17tile error, WIP state
13-02-2022-19-57-17tile error, WIP state
13-02-2022-19-57-17tile error, WIP state
13-02-2022-19-57-17tile error, WIP state
13-02-2022-19-57-17tile error, WIP state
13-02-2022-19-57-17tile error, WIP state
13-02-2022-19-57-17tile error, WIP state
13-02-2022-19-57-17tile error, WIP state
13-02-2022-19-57-17tile error, WIP state
13-02-2022-19-57-17tile error, WIP state
13-02-2022-19-57-17tile error, WIP state
13-02-2022-19-57-17tile error, WIP state
13-02-2022-19-57-17tile error, WIP state
13-02-2022-19-57-17tile error, WIP state
13-02-2022-19-57-17tile error, WIP state
13-02-2022-19-57-17tile error, WIP state
13-02-2022-19-57-17tile error, WIP state
13-02-2022-19-57-17tile error, WIP state
13-02-2022-19-57-18tile error, WIP state
13-02-2022-19-57-19tile error, WIP state
13-02-2022-19-57-19tile error, WIP state
13-02-2022-19-57-19tile error, WIP state
13-02-2022-19-57-19tile error, WIP state
13-02-2022-19-57-19tile error, WIP state
13-02-2022-19-57-19tile error, WIP state
13-02-2022-19-57-19tile error, WIP state
13-02-2022-19-57-19tile error, WIP state
13-02-2022-19-57-20tile error, WIP state
13-02-2022-19-57-20tile error, WIP state
13-02-2022-19-57-20tile error, WIP state
13-02-2022-19-57-20tile error, WIP state
13-02-2022-19-57-20tile error, WIP state
13-02-2022-19-57-20tile error, WIP state
13-02-2022-19-57-20tile error, WIP state
13-02-2022-19-57-20tile error, WIP state
13-02-2022-19-57-20tile error, WIP state
13-02-2022-19-57-20tile error, WIP state
13-02-2022-19-57-20tile error, WIP state
13-02-2022-19-57-20tile error, WIP state
13-02-2022-19-57-20tile error, WIP state
13-02-2022-19-57-20tile error, WIP state
13-02-2022-19-57-21tile error, WIP state
13-02-2022-19-57-21tile error, WIP state
13-02-2022-19-57-21tile error, WIP state
13-02-2022-19-57-21tile error, WIP state
13-02-2022-19-57-21tile error, WIP state
13-02-2022-19-57-21tile error, WIP state
13-02-2022-19-57-21tile error, WIP state
13-02-2022-19-57-21tile error, WIP state
13-02-2022-19-57-21tile error, WIP state
13-02-2022-19-57-21tile error, WIP state
13-02-2022-19-57-21tile error, WIP state
13-02-2022-19-57-21tile error, WIP state
13-02-2022-19-57-21tile error, WIP state
13-02-2022-19-57-22tile error, WIP state
13-02-2022-19-57-23tile error, WIP state
13-02-2022-19-57-24tile error, WIP state
13-02-2022-19-57-24tile error, WIP state
13-02-2022-19-57-24tile error, WIP state
13-02-2022-19-57-24tile error, WIP state
13-02-2022-19-57-24tile error, WIP state
13-02-2022-19-57-24tile error, WIP state
13-02-2022-19-57-24tile error, WIP state
13-02-2022-19-57-24tile error, WIP state
13-02-2022-19-57-24tile error, WIP state
13-02-2022-19-57-24tile error, WIP state
13-02-2022-19-57-24tile error, WIP state
13-02-2022-19-57-24tile error, WIP state
13-02-2022-19-57-25tile error, WIP state
13-02-2022-19-57-25tile error, WIP state
13-02-2022-19-57-25tile error, WIP state
13-02-2022-19-57-25tile error, WIP state
13-02-2022-19-57-25tile error, WIP state
13-02-2022-19-57-25tile error, WIP state
13-02-2022-19-57-25tile error, WIP state
13-02-2022-19-57-25tile error, WIP state
13-02-2022-19-57-25tile error, WIP state
13-02-2022-19-57-25tile error, WIP state
13-02-2022-19-57-25tile error, WIP state
13-02-2022-19-57-25tile error, WIP state
13-02-2022-19-57-25tile error, WIP state
13-02-2022-19-57-25tile error, WIP state
13-02-2022-19-57-25tile error, WIP state
13-02-2022-19-57-25tile error, WIP state
13-02-2022-19-57-25tile error, WIP state
13-02-2022-19-57-25tile error, WIP state
13-02-2022-19-57-25tile error, WIP state
13-02-2022-19-57-25tile error, WIP state
13-02-2022-19-57-26tile error, WIP state
13-02-2022-19-57-26tile error, WIP state
13-02-2022-19-57-26tile error, WIP state
13-02-2022-19-57-27tile error, WIP state
13-02-2022-19-57-28tile error, WIP state
13-02-2022-19-57-28tile error, WIP state
13-02-2022-19-57-28tile error, WIP state
13-02-2022-19-57-28tile error, WIP state
13-02-2022-19-57-28tile error, WIP state
13-02-2022-19-57-28tile error, WIP state
13-02-2022-19-57-28tile error, WIP state
13-02-2022-19-57-28tile error, WIP state
13-02-2022-19-57-28tile error, WIP state
13-02-2022-19-57-28tile error, WIP state
13-02-2022-19-57-28tile error, WIP state
13-02-2022-19-57-28tile error, WIP state
13-02-2022-19-57-29tile error, WIP state
13-02-2022-19-57-29tile error, WIP state
13-02-2022-19-57-29tile error, WIP state
13-02-2022-19-57-29tile error, WIP state
13-02-2022-19-57-29tile error, WIP state
13-02-2022-19-57-29tile error, WIP state
13-02-2022-19-57-29tile error, WIP state
13-02-2022-19-57-29tile error, WIP state
13-02-2022-19-57-29tile error, WIP state
13-02-2022-19-57-29tile error, WIP state
13-02-2022-19-57-29tile error, WIP state
13-02-2022-19-57-29tile error, WIP state
13-02-2022-19-57-29tile error, WIP state
13-02-2022-19-57-29tile error, WIP state
13-02-2022-19-57-30tile error, WIP state
13-02-2022-19-57-30tile error, WIP state
13-02-2022-19-57-30tile error, WIP state
13-02-2022-19-57-30tile error, WIP state
13-02-2022-19-57-30tile error, WIP state
13-02-2022-19-57-30tile error, WIP state
13-02-2022-19-57-30tile error, WIP state
13-02-2022-19-57-30tile error, WIP state
13-02-2022-19-57-30tile error, WIP state
13-02-2022-19-57-32tile error, WIP state
13-02-2022-19-57-32tile error, WIP state
13-02-2022-19-57-32tile error, WIP state
13-02-2022-19-57-32tile error, WIP state
13-02-2022-19-57-33tile error, WIP state
13-02-2022-19-57-33tile error, WIP state
13-02-2022-19-57-33tile error, WIP state
13-02-2022-19-57-33tile error, WIP state
13-02-2022-19-57-33tile error, WIP state
13-02-2022-19-57-33tile error, WIP state
13-02-2022-19-57-33tile error, WIP state
13-02-2022-19-57-33tile error, WIP state
13-02-2022-19-57-33tile error, WIP state
13-02-2022-19-57-33tile error, WIP state
13-02-2022-19-57-33tile error, WIP state
13-02-2022-19-57-33tile error, WIP state
13-02-2022-19-57-33tile error, WIP state
13-02-2022-19-57-33tile error, WIP state
13-02-2022-19-57-33tile error, WIP state
13-02-2022-19-57-33tile error, WIP state
13-02-2022-19-57-33tile error, WIP state
13-02-2022-19-57-33tile error, WIP state
13-02-2022-19-57-34tile error, WIP state
13-02-2022-19-57-34tile error, WIP state
13-02-2022-19-57-34tile error, WIP state
13-02-2022-19-57-34tile error, WIP state
13-02-2022-19-57-34tile error, WIP state
13-02-2022-19-57-34tile error, WIP state
13-02-2022-19-57-34tile error, WIP state
13-02-2022-19-57-34tile error, WIP state
13-02-2022-19-57-34tile error, WIP state
13-02-2022-19-57-34tile error, WIP state
13-02-2022-19-57-34tile error, WIP state
13-02-2022-19-57-34tile error, WIP state
13-02-2022-19-57-34tile error, WIP state
13-02-2022-19-57-34tile error, WIP state
13-02-2022-19-57-36tile error, WIP state
13-02-2022-19-57-36tile error, WIP state
13-02-2022-19-57-36tile error, WIP state
13-02-2022-19-57-36tile error, WIP state
13-02-2022-19-57-36tile error, WIP state
13-02-2022-19-57-36tile error, WIP state
13-02-2022-19-57-36tile error, WIP state
13-02-2022-19-57-36tile error, WIP state
13-02-2022-19-57-36tile error, WIP state
13-02-2022-19-57-36tile error, WIP state
13-02-2022-19-57-36tile error, WIP state
13-02-2022-19-57-37tile error, WIP state
13-02-2022-19-57-37tile error, WIP state
13-02-2022-19-57-37tile error, WIP state
13-02-2022-19-57-37tile error, WIP state
13-02-2022-19-57-37tile error, WIP state
13-02-2022-19-57-37tile error, WIP state
13-02-2022-19-57-37tile error, WIP state
13-02-2022-19-57-37tile error, WIP state
13-02-2022-19-57-37tile error, WIP state
13-02-2022-19-57-37tile error, WIP state
13-02-2022-19-57-37tile error, WIP state
13-02-2022-19-57-37tile error, WIP state
13-02-2022-19-57-37tile error, WIP state
13-02-2022-19-57-38tile error, WIP state
13-02-2022-19-57-38tile error, WIP state
13-02-2022-19-57-38tile error, WIP state
13-02-2022-19-57-38tile error, WIP state
13-02-2022-19-57-38tile error, WIP state
13-02-2022-19-57-38tile error, WIP state
13-02-2022-19-57-38tile error, WIP state
13-02-2022-19-57-38tile error, WIP state
13-02-2022-19-57-38tile error, WIP state
13-02-2022-19-57-38tile error, WIP state
13-02-2022-19-57-38tile error, WIP state
13-02-2022-19-57-38tile error, WIP state
13-02-2022-19-57-40tile error, WIP state
13-02-2022-19-57-40tile error, WIP state
13-02-2022-19-57-40tile error, WIP state
13-02-2022-19-57-40tile error, WIP state
13-02-2022-19-57-40tile error, WIP state
13-02-2022-19-57-40tile error, WIP state
13-02-2022-19-57-40tile error, WIP state
13-02-2022-19-57-41tile error, WIP state
13-02-2022-19-57-41tile error, WIP state
13-02-2022-19-57-41tile error, WIP state
13-02-2022-19-57-41tile error, WIP state
13-02-2022-19-57-41tile error, WIP state
13-02-2022-19-57-41tile error, WIP state
13-02-2022-19-57-42tile error, WIP state
13-02-2022-19-57-42tile error, WIP state
13-02-2022-19-57-42tile error, WIP state
13-02-2022-19-57-42tile error, WIP state
13-02-2022-19-57-42tile error, WIP state
13-02-2022-19-57-42tile error, WIP state
13-02-2022-19-57-42tile error, WIP state
13-02-2022-19-57-42tile error, WIP state
13-02-2022-19-57-42tile error, WIP state
13-02-2022-19-57-42tile error, WIP state
13-02-2022-19-57-42tile error, WIP state
13-02-2022-19-57-42tile error, WIP state
13-02-2022-19-57-42tile error, WIP state
13-02-2022-19-57-42tile error, WIP state
13-02-2022-19-57-42tile error, WIP state
13-02-2022-19-57-42tile error, WIP state
13-02-2022-19-57-42tile error, WIP state
13-02-2022-19-57-42tile error, WIP state
13-02-2022-19-57-42tile error, WIP state
13-02-2022-19-57-42tile error, WIP state
13-02-2022-19-57-43tile error, WIP state
13-02-2022-19-57-43tile error, WIP state
13-02-2022-19-57-43tile error, WIP state
13-02-2022-19-57-45tile error, WIP state
13-02-2022-19-57-45tile error, WIP state
13-02-2022-19-57-45tile error, WIP state
13-02-2022-19-57-46tile error, WIP state
13-02-2022-19-57-46tile error, WIP state
13-02-2022-19-57-46tile error, WIP state
13-02-2022-19-57-46tile error, WIP state
13-02-2022-19-57-46tile error, WIP state
13-02-2022-19-57-46tile error, WIP state
13-02-2022-19-57-46tile error, WIP state
13-02-2022-19-57-46tile error, WIP state
13-02-2022-19-57-46tile error, WIP state
13-02-2022-19-57-46tile error, WIP state
13-02-2022-19-57-46tile error, WIP state
13-02-2022-19-57-46tile error, WIP state
13-02-2022-19-57-46tile error, WIP state
13-02-2022-19-57-46tile error, WIP state
13-02-2022-19-57-46tile error, WIP state
13-02-2022-19-57-46tile error, WIP state
13-02-2022-19-57-47tile error, WIP state
13-02-2022-19-57-47tile error, WIP state
13-02-2022-19-57-47tile error, WIP state
13-02-2022-19-57-47tile error, WIP state
13-02-2022-19-57-47tile error, WIP state
13-02-2022-19-57-47tile error, WIP state
13-02-2022-19-57-47tile error, WIP state
13-02-2022-19-57-47tile error, WIP state
13-02-2022-19-57-47tile error, WIP state
13-02-2022-19-57-47tile error, WIP state
13-02-2022-19-57-47tile error, WIP state
13-02-2022-19-57-47tile error, WIP state
13-02-2022-19-57-47tile error, WIP state
13-02-2022-19-57-47tile error, WIP state
13-02-2022-19-57-47tile error, WIP state
13-02-2022-19-57-47tile error, WIP state
13-02-2022-19-57-47tile error, WIP state
13-02-2022-19-57-49tile error, WIP state
13-02-2022-19-57-49tile error, WIP state
13-02-2022-19-57-49tile error, WIP state
13-02-2022-19-57-49tile error, WIP state
13-02-2022-19-57-49tile error, WIP state
13-02-2022-19-57-49tile error, WIP state
13-02-2022-19-57-49tile error, WIP state
13-02-2022-19-57-49tile error, WIP state
13-02-2022-19-57-50tile error, WIP state
13-02-2022-19-57-50tile error, WIP state
13-02-2022-19-57-50tile error, WIP state
13-02-2022-19-57-50tile error, WIP state
13-02-2022-19-57-50tile error, WIP state
13-02-2022-19-57-50tile error, WIP state
13-02-2022-19-57-50tile error, WIP state
13-02-2022-19-57-50tile error, WIP state
13-02-2022-19-57-50tile error, WIP state
13-02-2022-19-57-50tile error, WIP state
13-02-2022-19-57-50tile error, WIP state
13-02-2022-19-57-50tile error, WIP state
13-02-2022-19-57-50tile error, WIP state
13-02-2022-19-57-50tile error, WIP state
13-02-2022-19-57-51tile error, WIP state
13-02-2022-19-57-51tile error, WIP state
13-02-2022-19-57-51tile error, WIP state
13-02-2022-19-57-51tile error, WIP state
13-02-2022-19-57-51tile error, WIP state
13-02-2022-19-57-51tile error, WIP state
13-02-2022-19-57-51tile error, WIP state
13-02-2022-19-57-51tile error, WIP state
13-02-2022-19-57-51tile error, WIP state
13-02-2022-19-57-51tile error, WIP state
13-02-2022-19-57-52tile error, WIP state
13-02-2022-19-57-52tile error, WIP state
13-02-2022-19-57-52tile error, WIP state
13-02-2022-19-57-52tile error, WIP state
13-02-2022-19-57-53tile error, WIP state
13-02-2022-19-57-53tile error, WIP state
13-02-2022-19-57-53tile error, WIP state
13-02-2022-19-57-53tile error, WIP state
13-02-2022-19-57-54tile error, WIP state
13-02-2022-19-57-54tile error, WIP state
13-02-2022-19-57-54tile error, WIP state
13-02-2022-19-57-54tile error, WIP state
13-02-2022-19-57-54tile error, WIP state
13-02-2022-19-57-54tile error, WIP state
13-02-2022-19-57-54tile error, WIP state
13-02-2022-19-57-54tile error, WIP state
13-02-2022-19-57-54tile error, WIP state
13-02-2022-19-57-54tile error, WIP state
13-02-2022-19-57-55tile error, WIP state
13-02-2022-19-57-55tile error, WIP state
13-02-2022-19-57-55tile error, WIP state
13-02-2022-19-57-55tile error, WIP state
13-02-2022-19-57-55tile error, WIP state
13-02-2022-19-57-55tile error, WIP state
13-02-2022-19-57-55tile error, WIP state
13-02-2022-19-57-55tile error, WIP state
13-02-2022-19-57-55tile error, WIP state
13-02-2022-19-57-55tile error, WIP state
13-02-2022-19-57-55tile error, WIP state
13-02-2022-19-57-55tile error, WIP state
13-02-2022-19-57-55tile error, WIP state
13-02-2022-19-57-55tile error, WIP state
13-02-2022-19-57-55tile error, WIP state
13-02-2022-19-57-55tile error, WIP state
13-02-2022-19-57-55tile error, WIP state
13-02-2022-19-57-55tile error, WIP state
13-02-2022-19-57-56tile error, WIP state
13-02-2022-19-57-56tile error, WIP state
13-02-2022-19-57-56tile error, WIP state
13-02-2022-19-57-56tile error, WIP state
13-02-2022-19-57-58tile error, WIP state
13-02-2022-19-57-58tile error, WIP state
13-02-2022-19-57-58tile error, WIP state
13-02-2022-19-57-58tile error, WIP state
13-02-2022-19-57-58tile error, WIP state
13-02-2022-19-57-58tile error, WIP state
13-02-2022-19-57-58tile error, WIP state
13-02-2022-19-57-58tile error, WIP state
13-02-2022-19-57-58tile error, WIP state
13-02-2022-19-57-58tile error, WIP state
13-02-2022-19-57-58tile error, WIP state
13-02-2022-19-57-58tile error, WIP state
13-02-2022-19-57-58tile error, WIP state
13-02-2022-19-57-58tile error, WIP state
13-02-2022-19-57-59tile error, WIP state
13-02-2022-19-57-59tile error, WIP state
13-02-2022-19-57-59tile error, WIP state
13-02-2022-19-57-59tile error, WIP state
13-02-2022-19-57-59tile error, WIP state
13-02-2022-19-57-59tile error, WIP state
13-02-2022-19-57-59tile error, WIP state
13-02-2022-19-57-59tile error, WIP state
13-02-2022-19-57-59tile error, WIP state
13-02-2022-19-57-59tile error, WIP state
13-02-2022-19-57-59tile error, WIP state
13-02-2022-19-58-00tile error, WIP state
13-02-2022-19-58-00tile error, WIP state
13-02-2022-19-58-00tile error, WIP state
13-02-2022-19-58-00tile error, WIP state
13-02-2022-19-58-00tile error, WIP state
13-02-2022-19-58-00tile error, WIP state
13-02-2022-19-58-00tile error, WIP state
13-02-2022-19-58-00tile error, WIP state
13-02-2022-19-58-00tile error, WIP state
13-02-2022-19-58-00tile error, WIP state
13-02-2022-19-58-00tile error, WIP state
13-02-2022-19-58-02tile error, WIP state
13-02-2022-19-58-02tile error, WIP state
13-02-2022-19-58-02tile error, WIP state
13-02-2022-19-58-02tile error, WIP state
13-02-2022-19-58-02tile error, WIP state
13-02-2022-19-58-02tile error, WIP state
13-02-2022-19-58-02tile error, WIP state
13-02-2022-19-58-02tile error, WIP state
13-02-2022-19-58-02tile error, WIP state
13-02-2022-19-58-02tile error, WIP state
13-02-2022-19-58-02tile error, WIP state
13-02-2022-19-58-03tile error, WIP state
13-02-2022-19-58-03tile error, WIP state
13-02-2022-19-58-03tile error, WIP state
13-02-2022-19-58-03tile error, WIP state
13-02-2022-19-58-03tile error, WIP state
13-02-2022-19-58-03tile error, WIP state
13-02-2022-19-58-03tile error, WIP state
13-02-2022-19-58-03tile error, WIP state
13-02-2022-19-58-03tile error, WIP state
13-02-2022-19-58-03tile error, WIP state
13-02-2022-19-58-03tile error, WIP state
13-02-2022-19-58-03tile error, WIP state
13-02-2022-19-58-03tile error, WIP state
13-02-2022-19-58-03tile error, WIP state
13-02-2022-19-58-04tile error, WIP state
13-02-2022-19-58-04tile error, WIP state
13-02-2022-19-58-04tile error, WIP state
13-02-2022-19-58-04tile error, WIP state
13-02-2022-19-58-04tile error, WIP state
13-02-2022-19-58-04tile error, WIP state
13-02-2022-19-58-04tile error, WIP state
13-02-2022-19-58-04tile error, WIP state
13-02-2022-19-58-04tile error, WIP state
13-02-2022-19-58-04tile error, WIP state
13-02-2022-19-58-04tile error, WIP state
13-02-2022-19-58-06tile error, WIP state
13-02-2022-19-58-06tile error, WIP state
13-02-2022-19-58-06tile error, WIP state
13-02-2022-19-58-06tile error, WIP state
13-02-2022-19-58-06tile error, WIP state
13-02-2022-19-58-06tile error, WIP state
13-02-2022-19-58-06tile error, WIP state
13-02-2022-19-58-06tile error, WIP state
13-02-2022-19-58-06tile error, WIP state
13-02-2022-19-58-06tile error, WIP state
13-02-2022-19-58-06tile error, WIP state
13-02-2022-19-58-07tile error, WIP state
13-02-2022-19-58-07tile error, WIP state
13-02-2022-19-58-07tile error, WIP state
13-02-2022-19-58-07tile error, WIP state
13-02-2022-19-58-07tile error, WIP state
13-02-2022-19-58-08tile error, WIP state
13-02-2022-19-58-08tile error, WIP state
13-02-2022-19-58-08tile error, WIP state
13-02-2022-19-58-08tile error, WIP state
13-02-2022-19-58-08tile error, WIP state
13-02-2022-19-58-08tile error, WIP state
13-02-2022-19-58-08tile error, WIP state
13-02-2022-19-58-08tile error, WIP state
13-02-2022-19-58-08tile error, WIP state
13-02-2022-19-58-08tile error, WIP state
13-02-2022-19-58-08tile error, WIP state
13-02-2022-19-58-08tile error, WIP state
13-02-2022-19-58-08tile error, WIP state
13-02-2022-19-58-08tile error, WIP state
13-02-2022-19-58-08tile error, WIP state
13-02-2022-19-58-08tile error, WIP state
13-02-2022-19-58-08tile error, WIP state
13-02-2022-19-58-08tile error, WIP state
13-02-2022-19-58-08tile error, WIP state
13-02-2022-19-58-08tile error, WIP state
13-02-2022-19-58-10tile error, WIP state
13-02-2022-19-58-11tile error, WIP state
13-02-2022-19-58-11tile error, WIP state
13-02-2022-19-58-11tile error, WIP state
13-02-2022-19-58-11tile error, WIP state
13-02-2022-19-58-11tile error, WIP state
13-02-2022-19-58-11tile error, WIP state
13-02-2022-19-58-11tile error, WIP state
13-02-2022-19-58-11tile error, WIP state
13-02-2022-19-58-11tile error, WIP state
13-02-2022-19-58-11tile error, WIP state
13-02-2022-19-58-11tile error, WIP state
13-02-2022-19-58-11tile error, WIP state
13-02-2022-19-58-11tile error, WIP state
13-02-2022-19-58-12tile error, WIP state
13-02-2022-19-58-12tile error, WIP state
13-02-2022-19-58-12tile error, WIP state
13-02-2022-19-58-12tile error, WIP state
13-02-2022-19-58-12tile error, WIP state
13-02-2022-19-58-12tile error, WIP state
13-02-2022-19-58-12tile error, WIP state
13-02-2022-19-58-12tile error, WIP state
13-02-2022-19-58-12tile error, WIP state
13-02-2022-19-58-12tile error, WIP state
13-02-2022-19-58-12tile error, WIP state
13-02-2022-19-58-12tile error, WIP state
13-02-2022-19-58-12tile error, WIP state
13-02-2022-19-58-12tile error, WIP state
13-02-2022-19-58-12tile error, WIP state
13-02-2022-19-58-12tile error, WIP state
13-02-2022-19-58-12tile error, WIP state
13-02-2022-19-58-12tile error, WIP state
13-02-2022-19-58-12tile error, WIP state
13-02-2022-19-58-12tile error, WIP state
13-02-2022-19-58-13tile error, WIP state
13-02-2022-19-58-13tile error, WIP state
13-02-2022-19-58-14tile error, WIP state
13-02-2022-19-58-14tile error, WIP state
13-02-2022-19-58-14tile error, WIP state
13-02-2022-19-58-14tile error, WIP state
13-02-2022-19-58-14tile error, WIP state
13-02-2022-19-58-15tile error, WIP state
13-02-2022-19-58-15tile error, WIP state
13-02-2022-19-58-15tile error, WIP state
13-02-2022-19-58-15tile error, WIP state
13-02-2022-19-58-15tile error, WIP state
13-02-2022-19-58-15tile error, WIP state
13-02-2022-19-58-15tile error, WIP state
13-02-2022-19-58-15tile error, WIP state
13-02-2022-19-58-15tile error, WIP state
13-02-2022-19-58-15tile error, WIP state
13-02-2022-19-58-15tile error, WIP state
13-02-2022-19-58-16tile error, WIP state
13-02-2022-19-58-16tile error, WIP state
13-02-2022-19-58-16tile error, WIP state
13-02-2022-19-58-16tile error, WIP state
13-02-2022-19-58-16tile error, WIP state
13-02-2022-19-58-16tile error, WIP state
13-02-2022-19-58-16tile error, WIP state
13-02-2022-19-58-16tile error, WIP state
13-02-2022-19-58-16tile error, WIP state
13-02-2022-19-58-16tile error, WIP state
13-02-2022-19-58-16tile error, WIP state
13-02-2022-19-58-16tile error, WIP state
13-02-2022-19-58-16tile error, WIP state
13-02-2022-19-58-16tile error, WIP state
13-02-2022-19-58-16tile error, WIP state
13-02-2022-19-58-16tile error, WIP state
13-02-2022-19-58-17tile error, WIP state
13-02-2022-19-58-17tile error, WIP state
13-02-2022-19-58-17tile error, WIP state
13-02-2022-19-58-17tile error, WIP state
13-02-2022-19-58-19tile error, WIP state
13-02-2022-19-58-19tile error, WIP state
13-02-2022-19-58-19tile error, WIP state
13-02-2022-19-58-19tile error, WIP state
13-02-2022-19-58-19tile error, WIP state
13-02-2022-19-58-19tile error, WIP state
13-02-2022-19-58-19tile error, WIP state
13-02-2022-19-58-19tile error, WIP state
13-02-2022-19-58-19tile error, WIP state
13-02-2022-19-58-19tile error, WIP state
13-02-2022-19-58-19tile error, WIP state
13-02-2022-19-58-19tile error, WIP state
13-02-2022-19-58-20tile error, WIP state
13-02-2022-19-58-20tile error, WIP state
13-02-2022-19-58-20tile error, WIP state
13-02-2022-19-58-20tile error, WIP state
13-02-2022-19-58-20tile error, WIP state
13-02-2022-19-58-20tile error, WIP state
13-02-2022-19-58-20tile error, WIP state
13-02-2022-19-58-20tile error, WIP state
13-02-2022-19-58-20tile error, WIP state
13-02-2022-19-58-20tile error, WIP state
13-02-2022-19-58-20tile error, WIP state
13-02-2022-19-58-20tile error, WIP state
13-02-2022-19-58-20tile error, WIP state
13-02-2022-19-58-20tile error, WIP state
13-02-2022-19-58-20tile error, WIP state
13-02-2022-19-58-21tile error, WIP state
13-02-2022-19-58-21tile error, WIP state
13-02-2022-19-58-21tile error, WIP state
13-02-2022-19-58-21tile error, WIP state
13-02-2022-19-58-21tile error, WIP state
13-02-2022-19-58-21tile error, WIP state
13-02-2022-19-58-21tile error, WIP state
13-02-2022-19-58-21tile error, WIP state
13-02-2022-19-58-21tile error, WIP state
13-02-2022-19-58-23tile error, WIP state
13-02-2022-19-58-23tile error, WIP state
13-02-2022-19-58-23tile error, WIP state
13-02-2022-19-58-23tile error, WIP state
13-02-2022-19-58-23tile error, WIP state
13-02-2022-19-58-23tile error, WIP state
13-02-2022-19-58-23tile error, WIP state
13-02-2022-19-58-23tile error, WIP state
13-02-2022-19-58-23tile error, WIP state
13-02-2022-19-58-23tile error, WIP state
13-02-2022-19-58-23tile error, WIP state
13-02-2022-19-58-23tile error, WIP state
13-02-2022-19-58-23tile error, WIP state
13-02-2022-19-58-23tile error, WIP state
13-02-2022-19-58-23tile error, WIP state
13-02-2022-19-58-24tile error, WIP state
13-02-2022-19-58-24tile error, WIP state
13-02-2022-19-58-24tile error, WIP state
13-02-2022-19-58-24tile error, WIP state
13-02-2022-19-58-24tile error, WIP state
13-02-2022-19-58-24tile error, WIP state
13-02-2022-19-58-24tile error, WIP state
13-02-2022-19-58-24tile error, WIP state
13-02-2022-19-58-24tile error, WIP state
13-02-2022-19-58-25tile error, WIP state
13-02-2022-19-58-25tile error, WIP state
13-02-2022-19-58-25tile error, WIP state
13-02-2022-19-58-25tile error, WIP state
13-02-2022-19-58-25tile error, WIP state
13-02-2022-19-58-25tile error, WIP state
13-02-2022-19-58-25tile error, WIP state
13-02-2022-19-58-25tile error, WIP state
13-02-2022-19-58-25tile error, WIP state
13-02-2022-19-58-25tile error, WIP state
13-02-2022-19-58-25tile error, WIP state
13-02-2022-19-58-25tile error, WIP state
13-02-2022-19-58-27tile error, WIP state
13-02-2022-19-58-27tile error, WIP state
13-02-2022-19-58-27tile error, WIP state
13-02-2022-19-58-28tile error, WIP state
13-02-2022-19-58-28tile error, WIP state
13-02-2022-19-58-28tile error, WIP state
13-02-2022-19-58-28tile error, WIP state
13-02-2022-19-58-28tile error, WIP state
13-02-2022-19-58-28tile error, WIP state
13-02-2022-19-58-28tile error, WIP state
13-02-2022-19-58-28tile error, WIP state
13-02-2022-19-58-28tile error, WIP state
13-02-2022-19-58-28tile error, WIP state
13-02-2022-19-58-28tile error, WIP state
13-02-2022-19-58-28tile error, WIP state
13-02-2022-19-58-28tile error, WIP state
13-02-2022-19-58-28tile error, WIP state
13-02-2022-19-58-28tile error, WIP state
13-02-2022-19-58-28tile error, WIP state
13-02-2022-19-58-28tile error, WIP state
13-02-2022-19-58-29tile error, WIP state
13-02-2022-19-58-29tile error, WIP state
13-02-2022-19-58-29tile error, WIP state
13-02-2022-19-58-29tile error, WIP state
13-02-2022-19-58-29tile error, WIP state
13-02-2022-19-58-29tile error, WIP state
13-02-2022-19-58-29tile error, WIP state
13-02-2022-19-58-29tile error, WIP state
13-02-2022-19-58-29tile error, WIP state
13-02-2022-19-58-29tile error, WIP state
13-02-2022-19-58-29tile error, WIP state
13-02-2022-19-58-29tile error, WIP state
13-02-2022-19-58-29tile error, WIP state
13-02-2022-19-58-29tile error, WIP state
13-02-2022-19-58-29tile error, WIP state
13-02-2022-19-58-29tile error, WIP state
13-02-2022-19-58-31tile error, WIP state
13-02-2022-19-58-31tile error, WIP state
13-02-2022-19-58-31tile error, WIP state
13-02-2022-19-58-31tile error, WIP state
13-02-2022-19-58-31tile error, WIP state
13-02-2022-19-58-31tile error, WIP state
13-02-2022-19-58-31tile error, WIP state
13-02-2022-19-58-31tile error, WIP state
13-02-2022-19-58-32tile error, WIP state
13-02-2022-19-58-32tile error, WIP state
13-02-2022-19-58-32tile error, WIP state
13-02-2022-19-58-32tile error, WIP state
13-02-2022-19-58-32tile error, WIP state
13-02-2022-19-58-32tile error, WIP state
13-02-2022-19-58-33tile error, WIP state
13-02-2022-19-58-33tile error, WIP state
13-02-2022-19-58-33tile error, WIP state
13-02-2022-19-58-33tile error, WIP state
13-02-2022-19-58-33tile error, WIP state
13-02-2022-19-58-33tile error, WIP state
13-02-2022-19-58-33tile error, WIP state
13-02-2022-19-58-33tile error, WIP state
13-02-2022-19-58-33tile error, WIP state
13-02-2022-19-58-33tile error, WIP state
13-02-2022-19-58-33tile error, WIP state
13-02-2022-19-58-33tile error, WIP state
13-02-2022-19-58-33tile error, WIP state
13-02-2022-19-58-33tile error, WIP state
13-02-2022-19-58-33tile error, WIP state
13-02-2022-19-58-33tile error, WIP state
13-02-2022-19-58-33tile error, WIP state
13-02-2022-19-58-33tile error, WIP state
13-02-2022-19-58-34tile error, WIP state
13-02-2022-19-58-34tile error, WIP state
13-02-2022-19-58-34tile error, WIP state
13-02-2022-19-58-34tile error, WIP state
13-02-2022-19-58-36tile error, WIP state
13-02-2022-19-58-36tile error, WIP state
13-02-2022-19-58-36tile error, WIP state
13-02-2022-19-58-36tile error, WIP state
13-02-2022-19-58-36tile error, WIP state
13-02-2022-19-58-36tile error, WIP state
13-02-2022-19-58-36tile error, WIP state
13-02-2022-19-58-36tile error, WIP state
13-02-2022-19-58-36tile error, WIP state
13-02-2022-19-58-36tile error, WIP state
13-02-2022-19-58-37tile error, WIP state
13-02-2022-19-58-37tile error, WIP state
13-02-2022-19-58-37tile error, WIP state
13-02-2022-19-58-37tile error, WIP state
13-02-2022-19-58-37tile error, WIP state
13-02-2022-19-58-37tile error, WIP state
13-02-2022-19-58-37tile error, WIP state
13-02-2022-19-58-37tile error, WIP state
13-02-2022-19-58-37tile error, WIP state
13-02-2022-19-58-37tile error, WIP state
13-02-2022-19-58-38tile error, WIP state
13-02-2022-19-58-38tile error, WIP state
13-02-2022-19-58-38tile error, WIP state
13-02-2022-19-58-38tile error, WIP state
13-02-2022-19-58-38tile error, WIP state
13-02-2022-19-58-38tile error, WIP state
13-02-2022-19-58-38tile error, WIP state
13-02-2022-19-58-38tile error, WIP state
13-02-2022-19-58-38tile error, WIP state
13-02-2022-19-58-38tile error, WIP state
13-02-2022-19-58-38tile error, WIP state
13-02-2022-19-58-38tile error, WIP state
13-02-2022-19-58-38tile error, WIP state
13-02-2022-19-58-38tile error, WIP state
13-02-2022-19-58-38tile error, WIP state
13-02-2022-19-58-38tile error, WIP state
13-02-2022-19-58-40tile error, WIP state
13-02-2022-19-58-40tile error, WIP state
13-02-2022-19-58-40tile error, WIP state
13-02-2022-19-58-40tile error, WIP state
13-02-2022-19-58-41tile error, WIP state
13-02-2022-19-58-41tile error, WIP state
13-02-2022-19-58-41tile error, WIP state
13-02-2022-19-58-41tile error, WIP state
13-02-2022-19-58-41tile error, WIP state
13-02-2022-19-58-41tile error, WIP state
13-02-2022-19-58-41tile error, WIP state
13-02-2022-19-58-42tile error, WIP state
13-02-2022-19-58-42tile error, WIP state
13-02-2022-19-58-42tile error, WIP state
13-02-2022-19-58-42tile error, WIP state
13-02-2022-19-58-42tile error, WIP state
13-02-2022-19-58-42tile error, WIP state
13-02-2022-19-58-42tile error, WIP state
13-02-2022-19-58-42tile error, WIP state
13-02-2022-19-58-42tile error, WIP state
13-02-2022-19-58-42tile error, WIP state
13-02-2022-19-58-42tile error, WIP state
13-02-2022-19-58-42tile error, WIP state
13-02-2022-19-58-42tile error, WIP state
13-02-2022-19-58-42tile error, WIP state
13-02-2022-19-58-42tile error, WIP state
13-02-2022-19-58-42tile error, WIP state
13-02-2022-19-58-42tile error, WIP state
13-02-2022-19-58-42tile error, WIP state
13-02-2022-19-58-42tile error, WIP state
13-02-2022-19-58-42tile error, WIP state
13-02-2022-19-58-43tile error, WIP state
13-02-2022-19-58-43tile error, WIP state
13-02-2022-19-58-43tile error, WIP state
13-02-2022-19-58-43tile error, WIP state
13-02-2022-19-58-43tile error, WIP state
13-02-2022-19-58-45tile error, WIP state
13-02-2022-19-58-45tile error, WIP state
13-02-2022-19-58-45tile error, WIP state
13-02-2022-19-58-45tile error, WIP state
13-02-2022-19-58-45tile error, WIP state
13-02-2022-19-58-45tile error, WIP state
13-02-2022-19-58-45tile error, WIP state
13-02-2022-19-58-45tile error, WIP state
13-02-2022-19-58-45tile error, WIP state
13-02-2022-19-58-45tile error, WIP state
13-02-2022-19-58-46tile error, WIP state
13-02-2022-19-58-46tile error, WIP state
13-02-2022-19-58-46tile error, WIP state
13-02-2022-19-58-46tile error, WIP state
13-02-2022-19-58-46tile error, WIP state
13-02-2022-19-58-46tile error, WIP state
13-02-2022-19-58-46tile error, WIP state
13-02-2022-19-58-46tile error, WIP state
13-02-2022-19-58-46tile error, WIP state
13-02-2022-19-58-46tile error, WIP state
13-02-2022-19-58-47tile error, WIP state
13-02-2022-19-58-47tile error, WIP state
13-02-2022-19-58-47tile error, WIP state
13-02-2022-19-58-47tile error, WIP state
13-02-2022-19-58-47tile error, WIP state
13-02-2022-19-58-47tile error, WIP state
13-02-2022-19-58-47tile error, WIP state
13-02-2022-19-58-47tile error, WIP state
13-02-2022-19-58-47tile error, WIP state
13-02-2022-19-58-47tile error, WIP state
13-02-2022-19-58-47tile error, WIP state
13-02-2022-19-58-47tile error, WIP state
13-02-2022-19-58-47tile error, WIP state
13-02-2022-19-58-47tile error, WIP state
13-02-2022-19-58-47tile error, WIP state
13-02-2022-19-58-47tile error, WIP state
13-02-2022-19-58-49tile error, WIP state
13-02-2022-19-58-49tile error, WIP state
13-02-2022-19-58-49tile error, WIP state
13-02-2022-19-58-49tile error, WIP state
13-02-2022-19-58-49tile error, WIP state
13-02-2022-19-58-49tile error, WIP state
13-02-2022-19-58-49tile error, WIP state
13-02-2022-19-58-49tile error, WIP state
13-02-2022-19-58-50tile error, WIP state
13-02-2022-19-58-50tile error, WIP state
13-02-2022-19-58-50tile error, WIP state
13-02-2022-19-58-50tile error, WIP state
13-02-2022-19-58-50tile error, WIP state
13-02-2022-19-58-50tile error, WIP state
13-02-2022-19-58-50tile error, WIP state
13-02-2022-19-58-50tile error, WIP state
13-02-2022-19-58-50tile error, WIP state
13-02-2022-19-58-50tile error, WIP state
13-02-2022-19-58-50tile error, WIP state
13-02-2022-19-58-50tile error, WIP state
13-02-2022-19-58-50tile error, WIP state
13-02-2022-19-58-51tile error, WIP state
13-02-2022-19-58-51tile error, WIP state
13-02-2022-19-58-51tile error, WIP state
13-02-2022-19-58-51tile error, WIP state
13-02-2022-19-58-51tile error, WIP state
13-02-2022-19-58-51tile error, WIP state
13-02-2022-19-58-51tile error, WIP state
13-02-2022-19-58-51tile error, WIP state
13-02-2022-19-58-51tile error, WIP state
13-02-2022-19-58-52tile error, WIP state
13-02-2022-19-58-52tile error, WIP state
13-02-2022-19-58-52tile error, WIP state
13-02-2022-19-58-52tile error, WIP state
13-02-2022-19-58-52tile error, WIP state
13-02-2022-19-58-52tile error, WIP state
13-02-2022-19-58-53tile error, WIP state
13-02-2022-19-58-53tile error, WIP state
13-02-2022-19-58-53tile error, WIP state
13-02-2022-19-58-53tile error, WIP state
13-02-2022-19-58-53tile error, WIP state
13-02-2022-19-58-54tile error, WIP state
13-02-2022-19-58-54tile error, WIP state
13-02-2022-19-58-54tile error, WIP state
13-02-2022-19-58-54tile error, WIP state
13-02-2022-19-58-54tile error, WIP state
13-02-2022-19-58-54tile error, WIP state
13-02-2022-19-58-54tile error, WIP state
13-02-2022-19-58-54tile error, WIP state
13-02-2022-19-58-54tile error, WIP state
13-02-2022-19-58-55tile error, WIP state
13-02-2022-19-58-55tile error, WIP state
13-02-2022-19-58-55tile error, WIP state
13-02-2022-19-58-55tile error, WIP state
13-02-2022-19-58-55tile error, WIP state
13-02-2022-19-58-55tile error, WIP state
13-02-2022-19-58-55tile error, WIP state
13-02-2022-19-58-55tile error, WIP state
13-02-2022-19-58-55tile error, WIP state
13-02-2022-19-58-55tile error, WIP state
13-02-2022-19-58-55tile error, WIP state
13-02-2022-19-58-55tile error, WIP state
13-02-2022-19-58-55tile error, WIP state
13-02-2022-19-58-55tile error, WIP state
13-02-2022-19-58-55tile error, WIP state
13-02-2022-19-58-55tile error, WIP state
13-02-2022-19-58-55tile error, WIP state
13-02-2022-19-58-55tile error, WIP state
13-02-2022-19-58-55tile error, WIP state
13-02-2022-19-58-56tile error, WIP state
13-02-2022-19-58-56tile error, WIP state
13-02-2022-19-58-56tile error, WIP state
13-02-2022-19-58-57tile error, WIP state
13-02-2022-19-58-57tile error, WIP state
13-02-2022-19-58-58tile error, WIP state
13-02-2022-19-58-58tile error, WIP state
13-02-2022-19-58-58tile error, WIP state
13-02-2022-19-58-58tile error, WIP state
13-02-2022-19-58-58tile error, WIP state
13-02-2022-19-58-58tile error, WIP state
13-02-2022-19-58-59tile error, WIP state
13-02-2022-19-58-59tile error, WIP state
13-02-2022-19-58-59tile error, WIP state
13-02-2022-19-58-59tile error, WIP state
13-02-2022-19-58-59tile error, WIP state
13-02-2022-19-58-59tile error, WIP state
13-02-2022-19-58-59tile error, WIP state
13-02-2022-19-58-59tile error, WIP state
13-02-2022-19-58-59tile error, WIP state
13-02-2022-19-58-59tile error, WIP state
13-02-2022-19-58-59tile error, WIP state
13-02-2022-19-58-59tile error, WIP state
13-02-2022-19-58-59tile error, WIP state
13-02-2022-19-58-59tile error, WIP state
13-02-2022-19-58-59tile error, WIP state
13-02-2022-19-58-59tile error, WIP state
13-02-2022-19-58-59tile error, WIP state
13-02-2022-19-58-59tile error, WIP state
13-02-2022-19-58-59tile error, WIP state
13-02-2022-19-58-59tile error, WIP state
13-02-2022-19-59-00tile error, WIP state
13-02-2022-19-59-00tile error, WIP state
13-02-2022-19-59-00tile error, WIP state
13-02-2022-19-59-00tile error, WIP state
13-02-2022-19-59-00tile error, WIP state
13-02-2022-19-59-00tile error, WIP state
13-02-2022-19-59-00tile error, WIP state
13-02-2022-19-59-00tile error, WIP state
13-02-2022-19-59-02tile error, WIP state
13-02-2022-19-59-02tile error, WIP state
13-02-2022-19-59-02tile error, WIP state
13-02-2022-19-59-02tile error, WIP state
13-02-2022-19-59-02tile error, WIP state
13-02-2022-19-59-02tile error, WIP state
13-02-2022-19-59-02tile error, WIP state
13-02-2022-19-59-02tile error, WIP state
13-02-2022-19-59-02tile error, WIP state
13-02-2022-19-59-02tile error, WIP state
13-02-2022-19-59-02tile error, WIP state
13-02-2022-19-59-03tile error, WIP state
13-02-2022-19-59-03tile error, WIP state
13-02-2022-19-59-03tile error, WIP state
13-02-2022-19-59-03tile error, WIP state
13-02-2022-19-59-03tile error, WIP state
13-02-2022-19-59-03tile error, WIP state
13-02-2022-19-59-03tile error, WIP state
13-02-2022-19-59-03tile error, WIP state
13-02-2022-19-59-03tile error, WIP state
13-02-2022-19-59-03tile error, WIP state
13-02-2022-19-59-03tile error, WIP state
13-02-2022-19-59-03tile error, WIP state
13-02-2022-19-59-04tile error, WIP state
13-02-2022-19-59-04tile error, WIP state
13-02-2022-19-59-04tile error, WIP state
13-02-2022-19-59-04tile error, WIP state
13-02-2022-19-59-04tile error, WIP state
13-02-2022-19-59-04tile error, WIP state
13-02-2022-19-59-04tile error, WIP state
13-02-2022-19-59-04tile error, WIP state
13-02-2022-19-59-04tile error, WIP state
13-02-2022-19-59-04tile error, WIP state
13-02-2022-19-59-04tile error, WIP state
13-02-2022-19-59-04tile error, WIP state
13-02-2022-19-59-04tile error, WIP state
13-02-2022-19-59-06tile error, WIP state
13-02-2022-19-59-06tile error, WIP state
13-02-2022-19-59-06tile error, WIP state
13-02-2022-19-59-06tile error, WIP state
13-02-2022-19-59-06tile error, WIP state
13-02-2022-19-59-06tile error, WIP state
13-02-2022-19-59-06tile error, WIP state
13-02-2022-19-59-06tile error, WIP state
13-02-2022-19-59-06tile error, WIP state
13-02-2022-19-59-06tile error, WIP state
13-02-2022-19-59-06tile error, WIP state
13-02-2022-19-59-07tile error, WIP state
13-02-2022-19-59-07tile error, WIP state
13-02-2022-19-59-07tile error, WIP state
13-02-2022-19-59-07tile error, WIP state
13-02-2022-19-59-08tile error, WIP state
13-02-2022-19-59-08tile error, WIP state
13-02-2022-19-59-08tile error, WIP state
13-02-2022-19-59-08tile error, WIP state
13-02-2022-19-59-08tile error, WIP state
13-02-2022-19-59-08tile error, WIP state
13-02-2022-19-59-08tile error, WIP state
13-02-2022-19-59-08tile error, WIP state
13-02-2022-19-59-08tile error, WIP state
13-02-2022-19-59-08tile error, WIP state
13-02-2022-19-59-08tile error, WIP state
13-02-2022-19-59-08tile error, WIP state
13-02-2022-19-59-08tile error, WIP state
13-02-2022-19-59-08tile error, WIP state
13-02-2022-19-59-08tile error, WIP state
13-02-2022-19-59-08tile error, WIP state
13-02-2022-19-59-08tile error, WIP state
13-02-2022-19-59-08tile error, WIP state
13-02-2022-19-59-08tile error, WIP state
13-02-2022-19-59-08tile error, WIP state
13-02-2022-19-59-09tile error, WIP state
13-02-2022-19-59-12tile error, WIP state
13-02-2022-19-59-12tile error, WIP state
13-02-2022-19-59-12tile error, WIP state
13-02-2022-19-59-12tile error, WIP state
13-02-2022-19-59-12tile error, WIP state
13-02-2022-19-59-12tile error, WIP state
13-02-2022-19-59-12tile error, WIP state
13-02-2022-19-59-12tile error, WIP state
13-02-2022-19-59-12tile error, WIP state
13-02-2022-19-59-12tile error, WIP state
13-02-2022-19-59-12tile error, WIP state
13-02-2022-19-59-12tile error, WIP state
13-02-2022-19-59-13tile error, WIP state
13-02-2022-19-59-13tile error, WIP state
13-02-2022-19-59-13tile error, WIP state
13-02-2022-19-59-13tile error, WIP state
13-02-2022-19-59-13tile error, WIP state
13-02-2022-19-59-13tile error, WIP state
13-02-2022-19-59-13tile error, WIP state
13-02-2022-19-59-13tile error, WIP state
13-02-2022-19-59-13tile error, WIP state
13-02-2022-19-59-13tile error, WIP state
13-02-2022-19-59-13tile error, WIP state
13-02-2022-19-59-13tile error, WIP state
13-02-2022-19-59-13tile error, WIP state
13-02-2022-19-59-13tile error, WIP state
13-02-2022-19-59-13tile error, WIP state
13-02-2022-19-59-13tile error, WIP state
13-02-2022-19-59-13tile error, WIP state
13-02-2022-19-59-13tile error, WIP state
13-02-2022-19-59-13tile error, WIP state
13-02-2022-19-59-14tile error, WIP state
13-02-2022-19-59-14tile error, WIP state
13-02-2022-19-59-14tile error, WIP state
13-02-2022-19-59-14tile error, WIP state
13-02-2022-19-59-14tile error, WIP state
13-02-2022-19-59-16tile error, WIP state
13-02-2022-19-59-16tile error, WIP state
13-02-2022-19-59-16tile error, WIP state
13-02-2022-19-59-16tile error, WIP state
13-02-2022-19-59-16tile error, WIP state
13-02-2022-19-59-16tile error, WIP state
13-02-2022-19-59-16tile error, WIP state
13-02-2022-19-59-16tile error, WIP state
13-02-2022-19-59-16tile error, WIP state
13-02-2022-19-59-16tile error, WIP state
13-02-2022-19-59-16tile error, WIP state
13-02-2022-19-59-16tile error, WIP state
13-02-2022-19-59-17tile error, WIP state
13-02-2022-19-59-17tile error, WIP state
13-02-2022-19-59-17tile error, WIP state
13-02-2022-19-59-17tile error, WIP state
13-02-2022-19-59-17tile error, WIP state
13-02-2022-19-59-17tile error, WIP state
13-02-2022-19-59-17tile error, WIP state
13-02-2022-19-59-17tile error, WIP state
13-02-2022-19-59-17tile error, WIP state
13-02-2022-19-59-17tile error, WIP state
13-02-2022-19-59-17tile error, WIP state
13-02-2022-19-59-17tile error, WIP state
13-02-2022-19-59-17tile error, WIP state
13-02-2022-19-59-17tile error, WIP state
13-02-2022-19-59-18tile error, WIP state
13-02-2022-19-59-18tile error, WIP state
13-02-2022-19-59-18tile error, WIP state
13-02-2022-19-59-18tile error, WIP state
13-02-2022-19-59-18tile error, WIP state
13-02-2022-19-59-18tile error, WIP state
13-02-2022-19-59-18tile error, WIP state
13-02-2022-19-59-18tile error, WIP state
13-02-2022-19-59-18tile error, WIP state
13-02-2022-19-59-18tile error, WIP state
13-02-2022-19-59-20tile error, WIP state
13-02-2022-19-59-20tile error, WIP state
13-02-2022-19-59-20tile error, WIP state
13-02-2022-19-59-20tile error, WIP state
13-02-2022-19-59-20tile error, WIP state
13-02-2022-19-59-20tile error, WIP state
13-02-2022-19-59-20tile error, WIP state
13-02-2022-19-59-20tile error, WIP state
13-02-2022-19-59-20tile error, WIP state
13-02-2022-19-59-20tile error, WIP state
13-02-2022-19-59-20tile error, WIP state
13-02-2022-19-59-20tile error, WIP state
13-02-2022-19-59-21tile error, WIP state
13-02-2022-19-59-21tile error, WIP state
13-02-2022-19-59-21tile error, WIP state
13-02-2022-19-59-21tile error, WIP state
13-02-2022-19-59-21tile error, WIP state
13-02-2022-19-59-21tile error, WIP state
13-02-2022-19-59-21tile error, WIP state
13-02-2022-19-59-21tile error, WIP state
13-02-2022-19-59-21tile error, WIP state
13-02-2022-19-59-21tile error, WIP state
13-02-2022-19-59-22tile error, WIP state
13-02-2022-19-59-22tile error, WIP state
13-02-2022-19-59-22tile error, WIP state
13-02-2022-19-59-22tile error, WIP state
13-02-2022-19-59-22tile error, WIP state
13-02-2022-19-59-22tile error, WIP state
13-02-2022-19-59-22tile error, WIP state
13-02-2022-19-59-22tile error, WIP state
13-02-2022-19-59-22tile error, WIP state
13-02-2022-19-59-22tile error, WIP state
13-02-2022-19-59-22tile error, WIP state
13-02-2022-19-59-22tile error, WIP state
13-02-2022-19-59-22tile error, WIP state
13-02-2022-19-59-22tile error, WIP state
13-02-2022-19-59-24tile error, WIP state
13-02-2022-19-59-24tile error, WIP state
13-02-2022-19-59-24tile error, WIP state
13-02-2022-19-59-24tile error, WIP state
13-02-2022-19-59-24tile error, WIP state
13-02-2022-19-59-24tile error, WIP state
13-02-2022-19-59-24tile error, WIP state
13-02-2022-19-59-24tile error, WIP state
13-02-2022-19-59-24tile error, WIP state
13-02-2022-19-59-24tile error, WIP state
13-02-2022-19-59-25tile error, WIP state
13-02-2022-19-59-25tile error, WIP state
13-02-2022-19-59-25tile error, WIP state
13-02-2022-19-59-25tile error, WIP state
13-02-2022-19-59-25tile error, WIP state
13-02-2022-19-59-26tile error, WIP state
13-02-2022-19-59-26tile error, WIP state
13-02-2022-19-59-26tile error, WIP state
13-02-2022-19-59-26tile error, WIP state
13-02-2022-19-59-26tile error, WIP state
13-02-2022-19-59-26tile error, WIP state
13-02-2022-19-59-26tile error, WIP state
13-02-2022-19-59-26tile error, WIP state
13-02-2022-19-59-26tile error, WIP state
13-02-2022-19-59-26tile error, WIP state
13-02-2022-19-59-26tile error, WIP state
13-02-2022-19-59-26tile error, WIP state
13-02-2022-19-59-26tile error, WIP state
13-02-2022-19-59-26tile error, WIP state
13-02-2022-19-59-26tile error, WIP state
13-02-2022-19-59-26tile error, WIP state
13-02-2022-19-59-26tile error, WIP state
13-02-2022-19-59-26tile error, WIP state
13-02-2022-19-59-26tile error, WIP state
13-02-2022-19-59-26tile error, WIP state
13-02-2022-19-59-27tile error, WIP state
13-02-2022-19-59-29tile error, WIP state
13-02-2022-19-59-29tile error, WIP state
13-02-2022-19-59-29tile error, WIP state
13-02-2022-19-59-29tile error, WIP state
13-02-2022-19-59-30tile error, WIP state
13-02-2022-19-59-30tile error, WIP state
13-02-2022-19-59-30tile error, WIP state
13-02-2022-19-59-30tile error, WIP state
13-02-2022-19-59-30tile error, WIP state
13-02-2022-19-59-30tile error, WIP state
13-02-2022-19-59-30tile error, WIP state
13-02-2022-19-59-30tile error, WIP state
13-02-2022-19-59-30tile error, WIP state
13-02-2022-19-59-30tile error, WIP state
13-02-2022-19-59-30tile error, WIP state
13-02-2022-19-59-30tile error, WIP state
13-02-2022-19-59-30tile error, WIP state
13-02-2022-19-59-30tile error, WIP state
13-02-2022-19-59-30tile error, WIP state
13-02-2022-19-59-30tile error, WIP state
13-02-2022-19-59-30tile error, WIP state
13-02-2022-19-59-30tile error, WIP state
13-02-2022-19-59-30tile error, WIP state
13-02-2022-19-59-31tile error, WIP state
13-02-2022-19-59-31tile error, WIP state
13-02-2022-19-59-31tile error, WIP state
13-02-2022-19-59-31tile error, WIP state
13-02-2022-19-59-31tile error, WIP state
13-02-2022-19-59-31tile error, WIP state
13-02-2022-19-59-31tile error, WIP state
13-02-2022-19-59-31tile error, WIP state
13-02-2022-19-59-31tile error, WIP state
13-02-2022-19-59-31tile error, WIP state
13-02-2022-19-59-31tile error, WIP state
13-02-2022-19-59-31tile error, WIP state
13-02-2022-19-59-31tile error, WIP state
13-02-2022-19-59-33tile error, WIP state
13-02-2022-19-59-33tile error, WIP state
13-02-2022-19-59-33tile error, WIP state
13-02-2022-19-59-33tile error, WIP state
13-02-2022-19-59-33tile error, WIP state
13-02-2022-19-59-33tile error, WIP state
13-02-2022-19-59-33tile error, WIP state
13-02-2022-19-59-33tile error, WIP state
13-02-2022-19-59-33tile error, WIP state
13-02-2022-19-59-33tile error, WIP state
13-02-2022-19-59-33tile error, WIP state
13-02-2022-19-59-34tile error, WIP state
13-02-2022-19-59-34tile error, WIP state
13-02-2022-19-59-34tile error, WIP state
13-02-2022-19-59-34tile error, WIP state
13-02-2022-19-59-34tile error, WIP state
13-02-2022-19-59-34tile error, WIP state
13-02-2022-19-59-35tile error, WIP state
13-02-2022-19-59-35tile error, WIP state
13-02-2022-19-59-35tile error, WIP state
13-02-2022-19-59-35tile error, WIP state
13-02-2022-19-59-35tile error, WIP state
13-02-2022-19-59-35tile error, WIP state
13-02-2022-19-59-35tile error, WIP state
13-02-2022-19-59-35tile error, WIP state
13-02-2022-19-59-35tile error, WIP state
13-02-2022-19-59-35tile error, WIP state
13-02-2022-19-59-35tile error, WIP state
13-02-2022-19-59-35tile error, WIP state
13-02-2022-19-59-35tile error, WIP state
13-02-2022-19-59-35tile error, WIP state
13-02-2022-19-59-35tile error, WIP state
13-02-2022-19-59-35tile error, WIP state
13-02-2022-19-59-35tile error, WIP state
13-02-2022-19-59-35tile error, WIP state
13-02-2022-19-59-35tile error, WIP state
13-02-2022-19-59-37tile error, WIP state
13-02-2022-19-59-37tile error, WIP state
13-02-2022-19-59-37tile error, WIP state
13-02-2022-19-59-37tile error, WIP state
13-02-2022-19-59-37tile error, WIP state
13-02-2022-19-59-37tile error, WIP state
13-02-2022-19-59-37tile error, WIP state
13-02-2022-19-59-37tile error, WIP state
13-02-2022-19-59-37tile error, WIP state
13-02-2022-19-59-38tile error, WIP state
13-02-2022-19-59-38tile error, WIP state
13-02-2022-19-59-38tile error, WIP state
13-02-2022-19-59-38tile error, WIP state
13-02-2022-19-59-38tile error, WIP state
13-02-2022-19-59-38tile error, WIP state
13-02-2022-19-59-38tile error, WIP state
13-02-2022-19-59-38tile error, WIP state
13-02-2022-19-59-38tile error, WIP state
13-02-2022-19-59-38tile error, WIP state
13-02-2022-19-59-38tile error, WIP state
13-02-2022-19-59-38tile error, WIP state
13-02-2022-19-59-38tile error, WIP state
13-02-2022-19-59-39tile error, WIP state
13-02-2022-19-59-39tile error, WIP state
13-02-2022-19-59-39tile error, WIP state
13-02-2022-19-59-39tile error, WIP state
13-02-2022-19-59-39tile error, WIP state
13-02-2022-19-59-39tile error, WIP state
13-02-2022-19-59-39tile error, WIP state
13-02-2022-19-59-39tile error, WIP state
13-02-2022-19-59-39tile error, WIP state
13-02-2022-19-59-39tile error, WIP state
13-02-2022-19-59-39tile error, WIP state
13-02-2022-19-59-39tile error, WIP state
13-02-2022-19-59-39tile error, WIP state
13-02-2022-19-59-40tile error, WIP state
13-02-2022-19-59-41tile error, WIP state
13-02-2022-19-59-42tile error, WIP state
13-02-2022-19-59-42tile error, WIP state
13-02-2022-19-59-42tile error, WIP state
13-02-2022-19-59-42tile error, WIP state
13-02-2022-19-59-42tile error, WIP state
13-02-2022-19-59-42tile error, WIP state
13-02-2022-19-59-42tile error, WIP state
13-02-2022-19-59-42tile error, WIP state
13-02-2022-19-59-42tile error, WIP state
13-02-2022-19-59-42tile error, WIP state
13-02-2022-19-59-43tile error, WIP state
13-02-2022-19-59-43tile error, WIP state
13-02-2022-19-59-43tile error, WIP state
13-02-2022-19-59-43tile error, WIP state
13-02-2022-19-59-43tile error, WIP state
13-02-2022-19-59-43tile error, WIP state
13-02-2022-19-59-43tile error, WIP state
13-02-2022-19-59-43tile error, WIP state
13-02-2022-19-59-43tile error, WIP state
13-02-2022-19-59-43tile error, WIP state
13-02-2022-19-59-43tile error, WIP state
13-02-2022-19-59-43tile error, WIP state
13-02-2022-19-59-43tile error, WIP state
13-02-2022-19-59-43tile error, WIP state
13-02-2022-19-59-43tile error, WIP state
13-02-2022-19-59-43tile error, WIP state
13-02-2022-19-59-43tile error, WIP state
13-02-2022-19-59-43tile error, WIP state
13-02-2022-19-59-43tile error, WIP state
13-02-2022-19-59-43tile error, WIP state
13-02-2022-19-59-44tile error, WIP state
13-02-2022-19-59-44tile error, WIP state
13-02-2022-19-59-44tile error, WIP state
13-02-2022-19-59-44tile error, WIP state
13-02-2022-19-59-44tile error, WIP state
13-02-2022-19-59-46tile error, WIP state
13-02-2022-19-59-46tile error, WIP state
13-02-2022-19-59-46tile error, WIP state
13-02-2022-19-59-46tile error, WIP state
13-02-2022-19-59-46tile error, WIP state
13-02-2022-19-59-46tile error, WIP state
13-02-2022-19-59-47tile error, WIP state
13-02-2022-19-59-47tile error, WIP state
13-02-2022-19-59-47tile error, WIP state
13-02-2022-19-59-47tile error, WIP state
13-02-2022-19-59-47tile error, WIP state
13-02-2022-19-59-47tile error, WIP state
13-02-2022-19-59-47tile error, WIP state
13-02-2022-19-59-47tile error, WIP state
13-02-2022-19-59-47tile error, WIP state
13-02-2022-19-59-47tile error, WIP state
13-02-2022-19-59-47tile error, WIP state
13-02-2022-19-59-47tile error, WIP state
13-02-2022-19-59-47tile error, WIP state
13-02-2022-19-59-47tile error, WIP state
13-02-2022-19-59-47tile error, WIP state
13-02-2022-19-59-47tile error, WIP state
13-02-2022-19-59-47tile error, WIP state
13-02-2022-19-59-47tile error, WIP state
13-02-2022-19-59-47tile error, WIP state
13-02-2022-19-59-47tile error, WIP state
13-02-2022-19-59-48tile error, WIP state
13-02-2022-19-59-48tile error, WIP state
13-02-2022-19-59-48tile error, WIP state
13-02-2022-19-59-48tile error, WIP state
13-02-2022-19-59-48tile error, WIP state
13-02-2022-19-59-48tile error, WIP state
13-02-2022-19-59-48tile error, WIP state
13-02-2022-19-59-48tile error, WIP state
13-02-2022-19-59-48tile error, WIP state
13-02-2022-19-59-48tile error, WIP state
13-02-2022-19-59-50tile error, WIP state
13-02-2022-19-59-50tile error, WIP state
13-02-2022-19-59-50tile error, WIP state
13-02-2022-19-59-50tile error, WIP state
13-02-2022-19-59-50tile error, WIP state
13-02-2022-19-59-50tile error, WIP state
13-02-2022-19-59-50tile error, WIP state
13-02-2022-19-59-50tile error, WIP state
13-02-2022-19-59-50tile error, WIP state
13-02-2022-19-59-50tile error, WIP state
13-02-2022-19-59-50tile error, WIP state
13-02-2022-19-59-50tile error, WIP state
13-02-2022-19-59-50tile error, WIP state
13-02-2022-19-59-51tile error, WIP state
13-02-2022-19-59-51tile error, WIP state
13-02-2022-19-59-51tile error, WIP state
13-02-2022-19-59-51tile error, WIP state
13-02-2022-19-59-51tile error, WIP state
13-02-2022-19-59-51tile error, WIP state
13-02-2022-19-59-51tile error, WIP state
13-02-2022-19-59-51tile error, WIP state
13-02-2022-19-59-51tile error, WIP state
13-02-2022-19-59-51tile error, WIP state
13-02-2022-19-59-52tile error, WIP state
13-02-2022-19-59-52tile error, WIP state
13-02-2022-19-59-52tile error, WIP state
13-02-2022-19-59-52tile error, WIP state
13-02-2022-19-59-52tile error, WIP state
13-02-2022-19-59-52tile error, WIP state
13-02-2022-19-59-52tile error, WIP state
13-02-2022-19-59-52tile error, WIP state
13-02-2022-19-59-52tile error, WIP state
13-02-2022-19-59-52tile error, WIP state
13-02-2022-19-59-52tile error, WIP state
13-02-2022-19-59-52tile error, WIP state
13-02-2022-19-59-52tile error, WIP state
13-02-2022-19-59-54tile error, WIP state
13-02-2022-19-59-54tile error, WIP state
13-02-2022-19-59-54tile error, WIP state
13-02-2022-19-59-54tile error, WIP state
13-02-2022-19-59-54tile error, WIP state
13-02-2022-19-59-54tile error, WIP state
13-02-2022-19-59-54tile error, WIP state
13-02-2022-19-59-54tile error, WIP state
13-02-2022-19-59-54tile error, WIP state
13-02-2022-19-59-54tile error, WIP state
13-02-2022-19-59-54tile error, WIP state
13-02-2022-19-59-55tile error, WIP state
13-02-2022-19-59-55tile error, WIP state
13-02-2022-19-59-55tile error, WIP state
13-02-2022-19-59-55tile error, WIP state
13-02-2022-19-59-55tile error, WIP state
13-02-2022-19-59-55tile error, WIP state
13-02-2022-19-59-55tile error, WIP state
13-02-2022-19-59-55tile error, WIP state
13-02-2022-19-59-55tile error, WIP state
13-02-2022-19-59-55tile error, WIP state
13-02-2022-19-59-55tile error, WIP state
13-02-2022-19-59-56tile error, WIP state
13-02-2022-19-59-56tile error, WIP state
13-02-2022-19-59-56tile error, WIP state
13-02-2022-19-59-56tile error, WIP state
13-02-2022-19-59-56tile error, WIP state
13-02-2022-19-59-56tile error, WIP state
13-02-2022-19-59-56tile error, WIP state
13-02-2022-19-59-56tile error, WIP state
13-02-2022-19-59-56tile error, WIP state
13-02-2022-19-59-56tile error, WIP state
13-02-2022-19-59-56tile error, WIP state
13-02-2022-19-59-56tile error, WIP state
13-02-2022-19-59-56tile error, WIP state
13-02-2022-19-59-56tile error, WIP state
13-02-2022-19-59-58tile error, WIP state
13-02-2022-19-59-58tile error, WIP state
13-02-2022-19-59-58tile error, WIP state
13-02-2022-19-59-58tile error, WIP state
13-02-2022-19-59-58tile error, WIP state
13-02-2022-19-59-58tile error, WIP state
13-02-2022-19-59-58tile error, WIP state
13-02-2022-19-59-58tile error, WIP state
13-02-2022-19-59-59tile error, WIP state
13-02-2022-19-59-59tile error, WIP state
13-02-2022-19-59-59tile error, WIP state
13-02-2022-19-59-59tile error, WIP state
13-02-2022-19-59-59tile error, WIP state
13-02-2022-19-59-59tile error, WIP state
13-02-2022-19-59-59tile error, WIP state
13-02-2022-19-59-59tile error, WIP state
13-02-2022-19-59-59tile error, WIP state
13-02-2022-19-59-59tile error, WIP state
13-02-2022-19-59-59tile error, WIP state
13-02-2022-19-59-59tile error, WIP state
13-02-2022-19-59-59tile error, WIP state
13-02-2022-19-59-59tile error, WIP state
13-02-2022-19-59-59tile error, WIP state
13-02-2022-20-00-00tile error, WIP state
13-02-2022-20-00-00tile error, WIP state
13-02-2022-20-00-00tile error, WIP state
13-02-2022-20-00-00tile error, WIP state
13-02-2022-20-00-00tile error, WIP state
13-02-2022-20-00-00tile error, WIP state
13-02-2022-20-00-00tile error, WIP state
13-02-2022-20-00-00tile error, WIP state
13-02-2022-20-00-00tile error, WIP state
13-02-2022-20-00-00tile error, WIP state
13-02-2022-20-00-01tile error, WIP state
13-02-2022-20-00-01tile error, WIP state
13-02-2022-20-00-01tile error, WIP state
13-02-2022-20-00-02tile error, WIP state
13-02-2022-20-00-02tile error, WIP state
13-02-2022-20-00-02tile error, WIP state
13-02-2022-20-00-02tile error, WIP state
13-02-2022-20-00-03tile error, WIP state
13-02-2022-20-00-03tile error, WIP state
13-02-2022-20-00-03tile error, WIP state
13-02-2022-20-00-03tile error, WIP state
13-02-2022-20-00-03tile error, WIP state
13-02-2022-20-00-03tile error, WIP state
13-02-2022-20-00-03tile error, WIP state
13-02-2022-20-00-03tile error, WIP state
13-02-2022-20-00-03tile error, WIP state
13-02-2022-20-00-03tile error, WIP state
13-02-2022-20-00-03tile error, WIP state
13-02-2022-20-00-03tile error, WIP state
13-02-2022-20-00-03tile error, WIP state
13-02-2022-20-00-03tile error, WIP state
13-02-2022-20-00-03tile error, WIP state
13-02-2022-20-00-03tile error, WIP state
13-02-2022-20-00-03tile error, WIP state
13-02-2022-20-00-04tile error, WIP state
13-02-2022-20-00-04tile error, WIP state
13-02-2022-20-00-04tile error, WIP state
13-02-2022-20-00-04tile error, WIP state
13-02-2022-20-00-04tile error, WIP state
13-02-2022-20-00-04tile error, WIP state
13-02-2022-20-00-04tile error, WIP state
13-02-2022-20-00-04tile error, WIP state
13-02-2022-20-00-04tile error, WIP state
13-02-2022-20-00-04tile error, WIP state
13-02-2022-20-00-04tile error, WIP state
13-02-2022-20-00-05tile error, WIP state
13-02-2022-20-00-05tile error, WIP state
13-02-2022-20-00-05tile error, WIP state
13-02-2022-20-00-05tile error, WIP state
13-02-2022-20-00-06tile error, WIP state
13-02-2022-20-00-07tile error, WIP state
13-02-2022-20-00-07tile error, WIP state
13-02-2022-20-00-07tile error, WIP state
13-02-2022-20-00-07tile error, WIP state
13-02-2022-20-00-07tile error, WIP state
13-02-2022-20-00-07tile error, WIP state
13-02-2022-20-00-07tile error, WIP state
13-02-2022-20-00-07tile error, WIP state
13-02-2022-20-00-07tile error, WIP state
13-02-2022-20-00-07tile error, WIP state
13-02-2022-20-00-07tile error, WIP state
13-02-2022-20-00-07tile error, WIP state
13-02-2022-20-00-07tile error, WIP state
13-02-2022-20-00-07tile error, WIP state
13-02-2022-20-00-07tile error, WIP state
13-02-2022-20-00-08tile error, WIP state
13-02-2022-20-00-08tile error, WIP state
13-02-2022-20-00-08tile error, WIP state
13-02-2022-20-00-08tile error, WIP state
13-02-2022-20-00-08tile error, WIP state
13-02-2022-20-00-08tile error, WIP state
13-02-2022-20-00-08tile error, WIP state
13-02-2022-20-00-09tile error, WIP state
13-02-2022-20-00-09tile error, WIP state
13-02-2022-20-00-09tile error, WIP state
13-02-2022-20-00-09tile error, WIP state
13-02-2022-20-00-09tile error, WIP state
13-02-2022-20-00-09tile error, WIP state
13-02-2022-20-00-09tile error, WIP state
13-02-2022-20-00-09tile error, WIP state
13-02-2022-20-00-09tile error, WIP state
13-02-2022-20-00-09tile error, WIP state
13-02-2022-20-00-09tile error, WIP state
13-02-2022-20-00-09tile error, WIP state
13-02-2022-20-00-09tile error, WIP state
13-02-2022-20-00-11tile error, WIP state
13-02-2022-20-00-11tile error, WIP state
13-02-2022-20-00-12tile error, WIP state
13-02-2022-20-00-12tile error, WIP state
13-02-2022-20-00-12tile error, WIP state
13-02-2022-20-00-12tile error, WIP state
13-02-2022-20-00-12tile error, WIP state
13-02-2022-20-00-12tile error, WIP state
13-02-2022-20-00-12tile error, WIP state
13-02-2022-20-00-12tile error, WIP state
13-02-2022-20-00-12tile error, WIP state
13-02-2022-20-00-12tile error, WIP state
13-02-2022-20-00-12tile error, WIP state
13-02-2022-20-00-13tile error, WIP state
13-02-2022-20-00-13tile error, WIP state
13-02-2022-20-00-13tile error, WIP state
13-02-2022-20-00-13tile error, WIP state
13-02-2022-20-00-13tile error, WIP state
13-02-2022-20-00-13tile error, WIP state
13-02-2022-20-00-13tile error, WIP state
13-02-2022-20-00-13tile error, WIP state
13-02-2022-20-00-13tile error, WIP state
13-02-2022-20-00-13tile error, WIP state
13-02-2022-20-00-13tile error, WIP state
13-02-2022-20-00-13tile error, WIP state
13-02-2022-20-00-13tile error, WIP state
13-02-2022-20-00-13tile error, WIP state
13-02-2022-20-00-13tile error, WIP state
13-02-2022-20-00-13tile error, WIP state
13-02-2022-20-00-13tile error, WIP state
13-02-2022-20-00-13tile error, WIP state
13-02-2022-20-00-13tile error, WIP state
13-02-2022-20-00-13tile error, WIP state
13-02-2022-20-00-14tile error, WIP state
13-02-2022-20-00-14tile error, WIP state
13-02-2022-20-00-14tile error, WIP state
13-02-2022-20-00-16tile error, WIP state
13-02-2022-20-00-16tile error, WIP state
13-02-2022-20-00-16tile error, WIP state
13-02-2022-20-00-16tile error, WIP state
13-02-2022-20-00-16tile error, WIP state
13-02-2022-20-00-16tile error, WIP state
13-02-2022-20-00-17tile error, WIP state
13-02-2022-20-00-17tile error, WIP state
13-02-2022-20-00-17tile error, WIP state
13-02-2022-20-00-17tile error, WIP state
13-02-2022-20-00-17tile error, WIP state
13-02-2022-20-00-17tile error, WIP state
13-02-2022-20-00-17tile error, WIP state
13-02-2022-20-00-17tile error, WIP state
13-02-2022-20-00-17tile error, WIP state
13-02-2022-20-00-17tile error, WIP state
13-02-2022-20-00-17tile error, WIP state
13-02-2022-20-00-17tile error, WIP state
13-02-2022-20-00-17tile error, WIP state
13-02-2022-20-00-17tile error, WIP state
13-02-2022-20-00-17tile error, WIP state
13-02-2022-20-00-17tile error, WIP state
13-02-2022-20-00-17tile error, WIP state
13-02-2022-20-00-17tile error, WIP state
13-02-2022-20-00-17tile error, WIP state
13-02-2022-20-00-17tile error, WIP state
13-02-2022-20-00-17tile error, WIP state
13-02-2022-20-00-18tile error, WIP state
13-02-2022-20-00-18tile error, WIP state
13-02-2022-20-00-18tile error, WIP state
13-02-2022-20-00-18tile error, WIP state
13-02-2022-20-00-18tile error, WIP state
13-02-2022-20-00-18tile error, WIP state
13-02-2022-20-00-18tile error, WIP state
13-02-2022-20-00-18tile error, WIP state
13-02-2022-20-00-18tile error, WIP state
13-02-2022-20-00-20tile error, WIP state
13-02-2022-20-00-20tile error, WIP state
13-02-2022-20-00-20tile error, WIP state
13-02-2022-20-00-20tile error, WIP state
13-02-2022-20-00-20tile error, WIP state
13-02-2022-20-00-20tile error, WIP state
13-02-2022-20-00-20tile error, WIP state
13-02-2022-20-00-20tile error, WIP state
13-02-2022-20-00-20tile error, WIP state
13-02-2022-20-00-20tile error, WIP state
13-02-2022-20-00-20tile error, WIP state
13-02-2022-20-00-20tile error, WIP state
13-02-2022-20-00-21tile error, WIP state
13-02-2022-20-00-21tile error, WIP state
13-02-2022-20-00-21tile error, WIP state
13-02-2022-20-00-21tile error, WIP state
13-02-2022-20-00-21tile error, WIP state
13-02-2022-20-00-21tile error, WIP state
13-02-2022-20-00-21tile error, WIP state
13-02-2022-20-00-21tile error, WIP state
13-02-2022-20-00-21tile error, WIP state
13-02-2022-20-00-21tile error, WIP state
13-02-2022-20-00-21tile error, WIP state
13-02-2022-20-00-21tile error, WIP state
13-02-2022-20-00-22tile error, WIP state
13-02-2022-20-00-22tile error, WIP state
13-02-2022-20-00-22tile error, WIP state
13-02-2022-20-00-22tile error, WIP state
13-02-2022-20-00-22tile error, WIP state
13-02-2022-20-00-22tile error, WIP state
13-02-2022-20-00-22tile error, WIP state
13-02-2022-20-00-22tile error, WIP state
13-02-2022-20-00-22tile error, WIP state
13-02-2022-20-00-22tile error, WIP state
13-02-2022-20-00-22tile error, WIP state
13-02-2022-20-00-22tile error, WIP state
13-02-2022-20-00-24tile error, WIP state
13-02-2022-20-00-24tile error, WIP state
13-02-2022-20-00-24tile error, WIP state
13-02-2022-20-00-24tile error, WIP state
13-02-2022-20-00-24tile error, WIP state
13-02-2022-20-00-24tile error, WIP state
13-02-2022-20-00-24tile error, WIP state
13-02-2022-20-00-24tile error, WIP state
13-02-2022-20-00-24tile error, WIP state
13-02-2022-20-00-24tile error, WIP state
13-02-2022-20-00-24tile error, WIP state
13-02-2022-20-00-25tile error, WIP state
13-02-2022-20-00-25tile error, WIP state
13-02-2022-20-00-25tile error, WIP state
13-02-2022-20-00-25tile error, WIP state
13-02-2022-20-00-25tile error, WIP state
13-02-2022-20-00-25tile error, WIP state
13-02-2022-20-00-25tile error, WIP state
13-02-2022-20-00-25tile error, WIP state
13-02-2022-20-00-25tile error, WIP state
13-02-2022-20-00-25tile error, WIP state
13-02-2022-20-00-26tile error, WIP state
13-02-2022-20-00-26tile error, WIP state
13-02-2022-20-00-26tile error, WIP state
13-02-2022-20-00-26tile error, WIP state
13-02-2022-20-00-26tile error, WIP state
13-02-2022-20-00-26tile error, WIP state
13-02-2022-20-00-26tile error, WIP state
13-02-2022-20-00-26tile error, WIP state
13-02-2022-20-00-26tile error, WIP state
13-02-2022-20-00-26tile error, WIP state
13-02-2022-20-00-26tile error, WIP state
13-02-2022-20-00-26tile error, WIP state
13-02-2022-20-00-26tile error, WIP state
13-02-2022-20-00-26tile error, WIP state
13-02-2022-20-00-26tile error, WIP state
13-02-2022-20-00-28tile error, WIP state
13-02-2022-20-00-28tile error, WIP state
13-02-2022-20-00-29tile error, WIP state
13-02-2022-20-00-29tile error, WIP state
13-02-2022-20-00-29tile error, WIP state
13-02-2022-20-00-29tile error, WIP state
13-02-2022-20-00-29tile error, WIP state
13-02-2022-20-00-29tile error, WIP state
13-02-2022-20-00-29tile error, WIP state
13-02-2022-20-00-29tile error, WIP state
13-02-2022-20-00-29tile error, WIP state
13-02-2022-20-00-29tile error, WIP state
13-02-2022-20-00-29tile error, WIP state
13-02-2022-20-00-29tile error, WIP state
13-02-2022-20-00-29tile error, WIP state
13-02-2022-20-00-29tile error, WIP state
13-02-2022-20-00-29tile error, WIP state
13-02-2022-20-00-30tile error, WIP state
13-02-2022-20-00-30tile error, WIP state
13-02-2022-20-00-30tile error, WIP state
13-02-2022-20-00-30tile error, WIP state
13-02-2022-20-00-30tile error, WIP state
13-02-2022-20-00-30tile error, WIP state
13-02-2022-20-00-30tile error, WIP state
13-02-2022-20-00-30tile error, WIP state
13-02-2022-20-00-30tile error, WIP state
13-02-2022-20-00-30tile error, WIP state
13-02-2022-20-00-30tile error, WIP state
13-02-2022-20-00-30tile error, WIP state
13-02-2022-20-00-30tile error, WIP state
13-02-2022-20-00-30tile error, WIP state
13-02-2022-20-00-30tile error, WIP state
13-02-2022-20-00-30tile error, WIP state
13-02-2022-20-00-30tile error, WIP state
13-02-2022-20-00-30tile error, WIP state
13-02-2022-20-00-30tile error, WIP state
13-02-2022-20-00-32tile error, WIP state
13-02-2022-20-00-32tile error, WIP state
13-02-2022-20-00-32tile error, WIP state
13-02-2022-20-00-33tile error, WIP state
13-02-2022-20-00-33tile error, WIP state
13-02-2022-20-00-33tile error, WIP state
13-02-2022-20-00-33tile error, WIP state
13-02-2022-20-00-33tile error, WIP state
13-02-2022-20-00-33tile error, WIP state
13-02-2022-20-00-33tile error, WIP state
13-02-2022-20-00-34tile error, WIP state
13-02-2022-20-00-34tile error, WIP state
13-02-2022-20-00-34tile error, WIP state
13-02-2022-20-00-34tile error, WIP state
13-02-2022-20-00-34tile error, WIP state
13-02-2022-20-00-34tile error, WIP state
13-02-2022-20-00-34tile error, WIP state
13-02-2022-20-00-34tile error, WIP state
13-02-2022-20-00-34tile error, WIP state
13-02-2022-20-00-34tile error, WIP state
13-02-2022-20-00-34tile error, WIP state
13-02-2022-20-00-34tile error, WIP state
13-02-2022-20-00-34tile error, WIP state
13-02-2022-20-00-34tile error, WIP state
13-02-2022-20-00-34tile error, WIP state
13-02-2022-20-00-34tile error, WIP state
13-02-2022-20-00-35tile error, WIP state
13-02-2022-20-00-35tile error, WIP state
13-02-2022-20-00-35tile error, WIP state
13-02-2022-20-00-35tile error, WIP state
13-02-2022-20-00-35tile error, WIP state
13-02-2022-20-00-35tile error, WIP state
13-02-2022-20-00-35tile error, WIP state
13-02-2022-20-00-35tile error, WIP state
13-02-2022-20-00-35tile error, WIP state
13-02-2022-20-00-35tile error, WIP state
13-02-2022-20-00-36tile error, WIP state
13-02-2022-20-00-37tile error, WIP state
13-02-2022-20-00-37tile error, WIP state
13-02-2022-20-00-37tile error, WIP state
13-02-2022-20-00-37tile error, WIP state
13-02-2022-20-00-37tile error, WIP state
13-02-2022-20-00-37tile error, WIP state
13-02-2022-20-00-37tile error, WIP state
13-02-2022-20-00-37tile error, WIP state
13-02-2022-20-00-37tile error, WIP state
13-02-2022-20-00-37tile error, WIP state
13-02-2022-20-00-37tile error, WIP state
13-02-2022-20-00-38tile error, WIP state
13-02-2022-20-00-38tile error, WIP state
13-02-2022-20-00-38tile error, WIP state
13-02-2022-20-00-38tile error, WIP state
13-02-2022-20-00-38tile error, WIP state
13-02-2022-20-00-38tile error, WIP state
13-02-2022-20-00-38tile error, WIP state
13-02-2022-20-00-38tile error, WIP state
13-02-2022-20-00-38tile error, WIP state
13-02-2022-20-00-38tile error, WIP state
13-02-2022-20-00-38tile error, WIP state
13-02-2022-20-00-38tile error, WIP state
13-02-2022-20-00-38tile error, WIP state
13-02-2022-20-00-38tile error, WIP state
13-02-2022-20-00-38tile error, WIP state
13-02-2022-20-00-39tile error, WIP state
13-02-2022-20-00-39tile error, WIP state
13-02-2022-20-00-39tile error, WIP state
13-02-2022-20-00-39tile error, WIP state
13-02-2022-20-00-39tile error, WIP state
13-02-2022-20-00-39tile error, WIP state
13-02-2022-20-00-39tile error, WIP state
13-02-2022-20-00-39tile error, WIP state
13-02-2022-20-00-39tile error, WIP state
13-02-2022-20-00-41tile error, WIP state
13-02-2022-20-00-41tile error, WIP state
13-02-2022-20-00-41tile error, WIP state
13-02-2022-20-00-41tile error, WIP state
13-02-2022-20-00-42tile error, WIP state
13-02-2022-20-00-42tile error, WIP state
13-02-2022-20-00-42tile error, WIP state
13-02-2022-20-00-42tile error, WIP state
13-02-2022-20-00-42tile error, WIP state
13-02-2022-20-00-42tile error, WIP state
13-02-2022-20-00-42tile error, WIP state
13-02-2022-20-00-42tile error, WIP state
13-02-2022-20-00-42tile error, WIP state
13-02-2022-20-00-42tile error, WIP state
13-02-2022-20-00-42tile error, WIP state
13-02-2022-20-00-42tile error, WIP state
13-02-2022-20-00-42tile error, WIP state
13-02-2022-20-00-42tile error, WIP state
13-02-2022-20-00-42tile error, WIP state
13-02-2022-20-00-43tile error, WIP state
13-02-2022-20-00-43tile error, WIP state
13-02-2022-20-00-43tile error, WIP state
13-02-2022-20-00-43tile error, WIP state
13-02-2022-20-00-43tile error, WIP state
13-02-2022-20-00-43tile error, WIP state
13-02-2022-20-00-43tile error, WIP state
13-02-2022-20-00-43tile error, WIP state
13-02-2022-20-00-43tile error, WIP state
13-02-2022-20-00-43tile error, WIP state
13-02-2022-20-00-43tile error, WIP state
13-02-2022-20-00-43tile error, WIP state
13-02-2022-20-00-43tile error, WIP state
13-02-2022-20-00-43tile error, WIP state
13-02-2022-20-00-43tile error, WIP state
13-02-2022-20-00-43tile error, WIP state
13-02-2022-20-00-43tile error, WIP state
13-02-2022-20-00-46tile error, WIP state
13-02-2022-20-00-46tile error, WIP state
13-02-2022-20-00-46tile error, WIP state
13-02-2022-20-00-46tile error, WIP state
13-02-2022-20-00-46tile error, WIP state
13-02-2022-20-00-46tile error, WIP state
13-02-2022-20-00-46tile error, WIP state
13-02-2022-20-00-46tile error, WIP state
13-02-2022-20-00-47tile error, WIP state
13-02-2022-20-00-47tile error, WIP state
13-02-2022-20-00-47tile error, WIP state
13-02-2022-20-00-47tile error, WIP state
13-02-2022-20-00-47tile error, WIP state
13-02-2022-20-00-47tile error, WIP state
13-02-2022-20-00-47tile error, WIP state
13-02-2022-20-00-47tile error, WIP state
13-02-2022-20-00-47tile error, WIP state
13-02-2022-20-00-47tile error, WIP state
13-02-2022-20-00-47tile error, WIP state
13-02-2022-20-00-47tile error, WIP state
13-02-2022-20-00-47tile error, WIP state
13-02-2022-20-00-47tile error, WIP state
13-02-2022-20-00-47tile error, WIP state
13-02-2022-20-00-47tile error, WIP state
13-02-2022-20-00-47tile error, WIP state
13-02-2022-20-00-47tile error, WIP state
13-02-2022-20-00-47tile error, WIP state
13-02-2022-20-00-47tile error, WIP state
13-02-2022-20-00-48tile error, WIP state
13-02-2022-20-00-48tile error, WIP state
13-02-2022-20-00-48tile error, WIP state
13-02-2022-20-00-48tile error, WIP state
13-02-2022-20-00-48tile error, WIP state
13-02-2022-20-00-48tile error, WIP state
13-02-2022-20-00-48tile error, WIP state
13-02-2022-20-00-48tile error, WIP state
13-02-2022-20-00-50tile error, WIP state
13-02-2022-20-00-50tile error, WIP state
13-02-2022-20-00-50tile error, WIP state
13-02-2022-20-00-50tile error, WIP state
13-02-2022-20-00-50tile error, WIP state
13-02-2022-20-00-50tile error, WIP state
13-02-2022-20-00-50tile error, WIP state
13-02-2022-20-00-50tile error, WIP state
13-02-2022-20-00-50tile error, WIP state
13-02-2022-20-00-50tile error, WIP state
13-02-2022-20-00-50tile error, WIP state
13-02-2022-20-00-50tile error, WIP state
13-02-2022-20-00-51tile error, WIP state
13-02-2022-20-00-51tile error, WIP state
13-02-2022-20-00-51tile error, WIP state
13-02-2022-20-00-51tile error, WIP state
13-02-2022-20-00-51tile error, WIP state
13-02-2022-20-00-51tile error, WIP state
13-02-2022-20-00-51tile error, WIP state
13-02-2022-20-00-51tile error, WIP state
13-02-2022-20-00-51tile error, WIP state
13-02-2022-20-00-52tile error, WIP state
13-02-2022-20-00-52tile error, WIP state
13-02-2022-20-00-52tile error, WIP state
13-02-2022-20-00-52tile error, WIP state
13-02-2022-20-00-52tile error, WIP state
13-02-2022-20-00-52tile error, WIP state
13-02-2022-20-00-52tile error, WIP state
13-02-2022-20-00-52tile error, WIP state
13-02-2022-20-00-52tile error, WIP state
13-02-2022-20-00-52tile error, WIP state
13-02-2022-20-00-52tile error, WIP state
13-02-2022-20-00-52tile error, WIP state
13-02-2022-20-00-52tile error, WIP state
13-02-2022-20-00-52tile error, WIP state
13-02-2022-20-00-52tile error, WIP state
13-02-2022-20-00-54tile error, WIP state
13-02-2022-20-00-54tile error, WIP state
13-02-2022-20-00-54tile error, WIP state
13-02-2022-20-00-54tile error, WIP state
13-02-2022-20-00-54tile error, WIP state
13-02-2022-20-00-54tile error, WIP state
13-02-2022-20-00-54tile error, WIP state
13-02-2022-20-00-54tile error, WIP state
13-02-2022-20-00-54tile error, WIP state
13-02-2022-20-00-54tile error, WIP state
13-02-2022-20-00-54tile error, WIP state
13-02-2022-20-00-55tile error, WIP state
13-02-2022-20-00-55tile error, WIP state
13-02-2022-20-00-55tile error, WIP state
13-02-2022-20-00-55tile error, WIP state
13-02-2022-20-00-55tile error, WIP state
13-02-2022-20-00-55tile error, WIP state
13-02-2022-20-00-55tile error, WIP state
13-02-2022-20-00-55tile error, WIP state
13-02-2022-20-00-55tile error, WIP state
13-02-2022-20-00-56tile error, WIP state
13-02-2022-20-00-56tile error, WIP state
13-02-2022-20-00-56tile error, WIP state
13-02-2022-20-00-56tile error, WIP state
13-02-2022-20-00-56tile error, WIP state
13-02-2022-20-00-56tile error, WIP state
13-02-2022-20-00-56tile error, WIP state
13-02-2022-20-00-56tile error, WIP state
13-02-2022-20-00-56tile error, WIP state
13-02-2022-20-00-56tile error, WIP state
13-02-2022-20-00-56tile error, WIP state
13-02-2022-20-00-56tile error, WIP state
13-02-2022-20-00-56tile error, WIP state
13-02-2022-20-00-56tile error, WIP state
13-02-2022-20-00-56tile error, WIP state
13-02-2022-20-00-56tile error, WIP state
13-02-2022-20-00-58tile error, WIP state
13-02-2022-20-00-58tile error, WIP state
13-02-2022-20-00-58tile error, WIP state
13-02-2022-20-00-58tile error, WIP state
13-02-2022-20-00-58tile error, WIP state
13-02-2022-20-00-58tile error, WIP state
13-02-2022-20-00-58tile error, WIP state
13-02-2022-20-00-58tile error, WIP state
13-02-2022-20-00-59tile error, WIP state
13-02-2022-20-00-59tile error, WIP state
13-02-2022-20-00-59tile error, WIP state
13-02-2022-20-00-59tile error, WIP state
13-02-2022-20-00-59tile error, WIP state
13-02-2022-20-00-59tile error, WIP state
13-02-2022-20-00-59tile error, WIP state
13-02-2022-20-00-59tile error, WIP state
13-02-2022-20-00-59tile error, WIP state
13-02-2022-20-00-59tile error, WIP state
13-02-2022-20-00-59tile error, WIP state
13-02-2022-20-01-00tile error, WIP state
13-02-2022-20-01-00tile error, WIP state
13-02-2022-20-01-00tile error, WIP state
13-02-2022-20-01-00tile error, WIP state
13-02-2022-20-01-00tile error, WIP state
13-02-2022-20-01-00tile error, WIP state
13-02-2022-20-01-00tile error, WIP state
13-02-2022-20-01-00tile error, WIP state
13-02-2022-20-01-00tile error, WIP state
13-02-2022-20-01-00tile error, WIP state
13-02-2022-20-01-00tile error, WIP state
13-02-2022-20-01-00tile error, WIP state
13-02-2022-20-01-01tile error, WIP state
13-02-2022-20-01-01tile error, WIP state
13-02-2022-20-01-01tile error, WIP state
13-02-2022-20-01-01tile error, WIP state
13-02-2022-20-01-01tile error, WIP state
13-02-2022-20-01-02tile error, WIP state
13-02-2022-20-01-02tile error, WIP state
13-02-2022-20-01-02tile error, WIP state
13-02-2022-20-01-02tile error, WIP state
13-02-2022-20-01-02tile error, WIP state
13-02-2022-20-01-03tile error, WIP state
13-02-2022-20-01-03tile error, WIP state
13-02-2022-20-01-03tile error, WIP state
13-02-2022-20-01-03tile error, WIP state
13-02-2022-20-01-03tile error, WIP state
13-02-2022-20-01-03tile error, WIP state
13-02-2022-20-01-03tile error, WIP state
13-02-2022-20-01-03tile error, WIP state
13-02-2022-20-01-03tile error, WIP state
13-02-2022-20-01-03tile error, WIP state
13-02-2022-20-01-03tile error, WIP state
13-02-2022-20-01-03tile error, WIP state
13-02-2022-20-01-03tile error, WIP state
13-02-2022-20-01-03tile error, WIP state
13-02-2022-20-01-03tile error, WIP state
13-02-2022-20-01-03tile error, WIP state
13-02-2022-20-01-03tile error, WIP state
13-02-2022-20-01-04tile error, WIP state
13-02-2022-20-01-04tile error, WIP state
13-02-2022-20-01-04tile error, WIP state
13-02-2022-20-01-04tile error, WIP state
13-02-2022-20-01-04tile error, WIP state
13-02-2022-20-01-04tile error, WIP state
13-02-2022-20-01-04tile error, WIP state
13-02-2022-20-01-04tile error, WIP state
13-02-2022-20-01-04tile error, WIP state
13-02-2022-20-01-04tile error, WIP state
13-02-2022-20-01-05tile error, WIP state
13-02-2022-20-01-05tile error, WIP state
13-02-2022-20-01-05tile error, WIP state
13-02-2022-20-01-05tile error, WIP state
13-02-2022-20-01-07tile error, WIP state
13-02-2022-20-01-07tile error, WIP state
13-02-2022-20-01-07tile error, WIP state
13-02-2022-20-01-07tile error, WIP state
13-02-2022-20-01-07tile error, WIP state
13-02-2022-20-01-07tile error, WIP state
13-02-2022-20-01-07tile error, WIP state
13-02-2022-20-01-07tile error, WIP state
13-02-2022-20-01-07tile error, WIP state
13-02-2022-20-01-07tile error, WIP state
13-02-2022-20-01-07tile error, WIP state
13-02-2022-20-01-08tile error, WIP state
13-02-2022-20-01-08tile error, WIP state
13-02-2022-20-01-08tile error, WIP state
13-02-2022-20-01-08tile error, WIP state
13-02-2022-20-01-08tile error, WIP state
13-02-2022-20-01-08tile error, WIP state
13-02-2022-20-01-08tile error, WIP state
13-02-2022-20-01-08tile error, WIP state
13-02-2022-20-01-08tile error, WIP state
13-02-2022-20-01-08tile error, WIP state
13-02-2022-20-01-08tile error, WIP state
13-02-2022-20-01-08tile error, WIP state
13-02-2022-20-01-08tile error, WIP state
13-02-2022-20-01-08tile error, WIP state
13-02-2022-20-01-09tile error, WIP state
13-02-2022-20-01-09tile error, WIP state
13-02-2022-20-01-09tile error, WIP state
13-02-2022-20-01-09tile error, WIP state
13-02-2022-20-01-09tile error, WIP state
13-02-2022-20-01-09tile error, WIP state
13-02-2022-20-01-09tile error, WIP state
13-02-2022-20-01-09tile error, WIP state
13-02-2022-20-01-09tile error, WIP state
13-02-2022-20-01-09tile error, WIP state
13-02-2022-20-01-09tile error, WIP state
13-02-2022-20-01-11tile error, WIP state
13-02-2022-20-01-11tile error, WIP state
13-02-2022-20-01-11tile error, WIP state
13-02-2022-20-01-11tile error, WIP state
13-02-2022-20-01-11tile error, WIP state
13-02-2022-20-01-11tile error, WIP state
13-02-2022-20-01-11tile error, WIP state
13-02-2022-20-01-11tile error, WIP state
13-02-2022-20-01-11tile error, WIP state
13-02-2022-20-01-11tile error, WIP state
13-02-2022-20-01-11tile error, WIP state
13-02-2022-20-01-11tile error, WIP state
13-02-2022-20-01-11tile error, WIP state
13-02-2022-20-01-12tile error, WIP state
13-02-2022-20-01-12tile error, WIP state
13-02-2022-20-01-12tile error, WIP state
13-02-2022-20-01-12tile error, WIP state
13-02-2022-20-01-12tile error, WIP state
13-02-2022-20-01-12tile error, WIP state
13-02-2022-20-01-12tile error, WIP state
13-02-2022-20-01-12tile error, WIP state
13-02-2022-20-01-12tile error, WIP state
13-02-2022-20-01-12tile error, WIP state
13-02-2022-20-01-13tile error, WIP state
13-02-2022-20-01-13tile error, WIP state
13-02-2022-20-01-13tile error, WIP state
13-02-2022-20-01-13tile error, WIP state
13-02-2022-20-01-13tile error, WIP state
13-02-2022-20-01-13tile error, WIP state
13-02-2022-20-01-13tile error, WIP state
13-02-2022-20-01-13tile error, WIP state
13-02-2022-20-01-13tile error, WIP state
13-02-2022-20-01-13tile error, WIP state
13-02-2022-20-01-13tile error, WIP state
13-02-2022-20-01-13tile error, WIP state
13-02-2022-20-01-13tile error, WIP state
13-02-2022-20-01-15tile error, WIP state
13-02-2022-20-01-15tile error, WIP state
13-02-2022-20-01-15tile error, WIP state
13-02-2022-20-01-15tile error, WIP state
13-02-2022-20-01-15tile error, WIP state
13-02-2022-20-01-15tile error, WIP state
13-02-2022-20-01-15tile error, WIP state
13-02-2022-20-01-15tile error, WIP state
13-02-2022-20-01-15tile error, WIP state
13-02-2022-20-01-15tile error, WIP state
13-02-2022-20-01-16tile error, WIP state
13-02-2022-20-01-16tile error, WIP state
13-02-2022-20-01-16tile error, WIP state
13-02-2022-20-01-16tile error, WIP state
13-02-2022-20-01-16tile error, WIP state
13-02-2022-20-01-16tile error, WIP state
13-02-2022-20-01-17tile error, WIP state
13-02-2022-20-01-17tile error, WIP state
13-02-2022-20-01-17tile error, WIP state
13-02-2022-20-01-17tile error, WIP state
13-02-2022-20-01-17tile error, WIP state
13-02-2022-20-01-17tile error, WIP state
13-02-2022-20-01-17tile error, WIP state
13-02-2022-20-01-17tile error, WIP state
13-02-2022-20-01-17tile error, WIP state
13-02-2022-20-01-17tile error, WIP state
13-02-2022-20-01-17tile error, WIP state
13-02-2022-20-01-17tile error, WIP state
13-02-2022-20-01-17tile error, WIP state
13-02-2022-20-01-17tile error, WIP state
13-02-2022-20-01-17tile error, WIP state
13-02-2022-20-01-17tile error, WIP state
13-02-2022-20-01-17tile error, WIP state
13-02-2022-20-01-17tile error, WIP state
13-02-2022-20-01-17tile error, WIP state
13-02-2022-20-01-17tile error, WIP state
13-02-2022-20-01-19tile error, WIP state
13-02-2022-20-01-19tile error, WIP state
13-02-2022-20-01-19tile error, WIP state
13-02-2022-20-01-19tile error, WIP state
13-02-2022-20-01-19tile error, WIP state
13-02-2022-20-01-19tile error, WIP state
13-02-2022-20-01-19tile error, WIP state
13-02-2022-20-01-20tile error, WIP state
13-02-2022-20-01-20tile error, WIP state
13-02-2022-20-01-20tile error, WIP state
13-02-2022-20-01-20tile error, WIP state
13-02-2022-20-01-20tile error, WIP state
13-02-2022-20-01-20tile error, WIP state
13-02-2022-20-01-20tile error, WIP state
13-02-2022-20-01-21tile error, WIP state
13-02-2022-20-01-21tile error, WIP state
13-02-2022-20-01-21tile error, WIP state
13-02-2022-20-01-21tile error, WIP state
13-02-2022-20-01-21tile error, WIP state
13-02-2022-20-01-21tile error, WIP state
13-02-2022-20-01-21tile error, WIP state
13-02-2022-20-01-21tile error, WIP state
13-02-2022-20-01-21tile error, WIP state
13-02-2022-20-01-21tile error, WIP state
13-02-2022-20-01-21tile error, WIP state
13-02-2022-20-01-21tile error, WIP state
13-02-2022-20-01-21tile error, WIP state
13-02-2022-20-01-21tile error, WIP state
13-02-2022-20-01-21tile error, WIP state
13-02-2022-20-01-21tile error, WIP state
13-02-2022-20-01-21tile error, WIP state
13-02-2022-20-01-21tile error, WIP state
13-02-2022-20-01-21tile error, WIP state
13-02-2022-20-01-22tile error, WIP state
13-02-2022-20-01-22tile error, WIP state
13-02-2022-20-01-22tile error, WIP state
13-02-2022-20-01-23tile error, WIP state
13-02-2022-20-01-23tile error, WIP state
13-02-2022-20-01-23tile error, WIP state
13-02-2022-20-01-23tile error, WIP state
13-02-2022-20-01-23tile error, WIP state
13-02-2022-20-01-24tile error, WIP state
13-02-2022-20-01-24tile error, WIP state
13-02-2022-20-01-24tile error, WIP state
13-02-2022-20-01-24tile error, WIP state
13-02-2022-20-01-24tile error, WIP state
13-02-2022-20-01-24tile error, WIP state
13-02-2022-20-01-24tile error, WIP state
13-02-2022-20-01-24tile error, WIP state
13-02-2022-20-01-24tile error, WIP state
13-02-2022-20-01-24tile error, WIP state
13-02-2022-20-01-24tile error, WIP state
13-02-2022-20-01-24tile error, WIP state
13-02-2022-20-01-24tile error, WIP state
13-02-2022-20-01-24tile error, WIP state
13-02-2022-20-01-24tile error, WIP state
13-02-2022-20-01-24tile error, WIP state
13-02-2022-20-01-25tile error, WIP state
13-02-2022-20-01-25tile error, WIP state
13-02-2022-20-01-25tile error, WIP state
13-02-2022-20-01-25tile error, WIP state
13-02-2022-20-01-25tile error, WIP state
13-02-2022-20-01-25tile error, WIP state
13-02-2022-20-01-25tile error, WIP state
13-02-2022-20-01-25tile error, WIP state
13-02-2022-20-01-26tile error, WIP state
13-02-2022-20-01-26tile error, WIP state
13-02-2022-20-01-26tile error, WIP state
13-02-2022-20-01-26tile error, WIP state
13-02-2022-20-01-26tile error, WIP state
13-02-2022-20-01-26tile error, WIP state
13-02-2022-20-01-26tile error, WIP state
13-02-2022-20-01-27tile error, WIP state
13-02-2022-20-01-28tile error, WIP state
13-02-2022-20-01-28tile error, WIP state
13-02-2022-20-01-28tile error, WIP state
13-02-2022-20-01-28tile error, WIP state
13-02-2022-20-01-28tile error, WIP state
13-02-2022-20-01-28tile error, WIP state
13-02-2022-20-01-28tile error, WIP state
13-02-2022-20-01-28tile error, WIP state
13-02-2022-20-01-28tile error, WIP state
13-02-2022-20-01-28tile error, WIP state
13-02-2022-20-01-28tile error, WIP state
13-02-2022-20-01-28tile error, WIP state
13-02-2022-20-01-29tile error, WIP state
13-02-2022-20-01-29tile error, WIP state
13-02-2022-20-01-29tile error, WIP state
13-02-2022-20-01-29tile error, WIP state
13-02-2022-20-01-29tile error, WIP state
13-02-2022-20-01-29tile error, WIP state
13-02-2022-20-01-29tile error, WIP state
13-02-2022-20-01-29tile error, WIP state
13-02-2022-20-01-29tile error, WIP state
13-02-2022-20-01-29tile error, WIP state
13-02-2022-20-01-29tile error, WIP state
13-02-2022-20-01-29tile error, WIP state
13-02-2022-20-01-29tile error, WIP state
13-02-2022-20-01-29tile error, WIP state
13-02-2022-20-01-30tile error, WIP state
13-02-2022-20-01-30tile error, WIP state
13-02-2022-20-01-30tile error, WIP state
13-02-2022-20-01-30tile error, WIP state
13-02-2022-20-01-30tile error, WIP state
13-02-2022-20-01-30tile error, WIP state
13-02-2022-20-01-30tile error, WIP state
13-02-2022-20-01-30tile error, WIP state
13-02-2022-20-01-30tile error, WIP state
13-02-2022-20-01-32tile error, WIP state
13-02-2022-20-01-32tile error, WIP state
13-02-2022-20-01-32tile error, WIP state
13-02-2022-20-01-32tile error, WIP state
13-02-2022-20-01-32tile error, WIP state
13-02-2022-20-01-32tile error, WIP state
13-02-2022-20-01-32tile error, WIP state
13-02-2022-20-01-32tile error, WIP state
13-02-2022-20-01-32tile error, WIP state
13-02-2022-20-01-32tile error, WIP state
13-02-2022-20-01-32tile error, WIP state
13-02-2022-20-01-32tile error, WIP state
13-02-2022-20-01-33tile error, WIP state
13-02-2022-20-01-33tile error, WIP state
13-02-2022-20-01-33tile error, WIP state
13-02-2022-20-01-33tile error, WIP state
13-02-2022-20-01-33tile error, WIP state
13-02-2022-20-01-33tile error, WIP state
13-02-2022-20-01-33tile error, WIP state
13-02-2022-20-01-33tile error, WIP state
13-02-2022-20-01-33tile error, WIP state
13-02-2022-20-01-34tile error, WIP state
13-02-2022-20-01-34tile error, WIP state
13-02-2022-20-01-34tile error, WIP state
13-02-2022-20-01-34tile error, WIP state
13-02-2022-20-01-34tile error, WIP state
13-02-2022-20-01-34tile error, WIP state
13-02-2022-20-01-34tile error, WIP state
13-02-2022-20-01-34tile error, WIP state
13-02-2022-20-01-34tile error, WIP state
13-02-2022-20-01-34tile error, WIP state
13-02-2022-20-01-34tile error, WIP state
13-02-2022-20-01-34tile error, WIP state
13-02-2022-20-01-34tile error, WIP state
13-02-2022-20-01-34tile error, WIP state
13-02-2022-20-01-34tile error, WIP state
13-02-2022-20-01-38tile error, WIP state
13-02-2022-20-01-38tile error, WIP state
13-02-2022-20-01-38tile error, WIP state
13-02-2022-20-01-38tile error, WIP state
13-02-2022-20-01-38tile error, WIP state
13-02-2022-20-01-38tile error, WIP state
13-02-2022-20-01-38tile error, WIP state
13-02-2022-20-01-38tile error, WIP state
13-02-2022-20-01-38tile error, WIP state
13-02-2022-20-01-38tile error, WIP state
13-02-2022-20-01-38tile error, WIP state
13-02-2022-20-01-38tile error, WIP state
13-02-2022-20-01-38tile error, WIP state
13-02-2022-20-01-38tile error, WIP state
13-02-2022-20-01-38tile error, WIP state
13-02-2022-20-01-38tile error, WIP state
13-02-2022-20-01-38tile error, WIP state
13-02-2022-20-01-38tile error, WIP state
13-02-2022-20-01-39tile error, WIP state
13-02-2022-20-01-39tile error, WIP state
13-02-2022-20-01-39tile error, WIP state
13-02-2022-20-01-39tile error, WIP state
13-02-2022-20-01-39tile error, WIP state
13-02-2022-20-01-39tile error, WIP state
13-02-2022-20-01-39tile error, WIP state
13-02-2022-20-01-39tile error, WIP state
13-02-2022-20-01-39tile error, WIP state
13-02-2022-20-01-39tile error, WIP state
13-02-2022-20-01-39tile error, WIP state
13-02-2022-20-01-39tile error, WIP state
13-02-2022-20-01-39tile error, WIP state
13-02-2022-20-01-39tile error, WIP state
13-02-2022-20-01-39tile error, WIP state
13-02-2022-20-01-39tile error, WIP state
13-02-2022-20-01-39tile error, WIP state
13-02-2022-20-01-40tile error, WIP state
13-02-2022-20-01-43tile error, WIP state
13-02-2022-20-01-43tile error, WIP state
13-02-2022-20-01-43tile error, WIP state
13-02-2022-20-01-43tile error, WIP state
13-02-2022-20-01-43tile error, WIP state
13-02-2022-20-01-43tile error, WIP state
13-02-2022-20-01-43tile error, WIP state
13-02-2022-20-01-43tile error, WIP state
13-02-2022-20-01-43tile error, WIP state
13-02-2022-20-01-43tile error, WIP state
13-02-2022-20-01-43tile error, WIP state
13-02-2022-20-01-43tile error, WIP state
13-02-2022-20-01-43tile error, WIP state
13-02-2022-20-01-43tile error, WIP state
13-02-2022-20-01-43tile error, WIP state
13-02-2022-20-01-43tile error, WIP state
13-02-2022-20-01-43tile error, WIP state
13-02-2022-20-01-43tile error, WIP state
13-02-2022-20-01-44tile error, WIP state
13-02-2022-20-01-44tile error, WIP state
13-02-2022-20-01-44tile error, WIP state
13-02-2022-20-01-44tile error, WIP state
13-02-2022-20-01-44tile error, WIP state
13-02-2022-20-01-44tile error, WIP state
13-02-2022-20-01-44tile error, WIP state
13-02-2022-20-01-44tile error, WIP state
13-02-2022-20-01-44tile error, WIP state
13-02-2022-20-01-44tile error, WIP state
13-02-2022-20-01-44tile error, WIP state
13-02-2022-20-01-44tile error, WIP state
13-02-2022-20-01-44tile error, WIP state
13-02-2022-20-01-44tile error, WIP state
13-02-2022-20-01-44tile error, WIP state
13-02-2022-20-01-45tile error, WIP state
13-02-2022-20-01-45tile error, WIP state
13-02-2022-20-01-45tile error, WIP state
13-02-2022-20-01-48tile error, WIP state
13-02-2022-20-01-48tile error, WIP state
13-02-2022-20-01-48tile error, WIP state
13-02-2022-20-01-48tile error, WIP state
13-02-2022-20-01-48tile error, WIP state
13-02-2022-20-01-48tile error, WIP state
13-02-2022-20-01-48tile error, WIP state
13-02-2022-20-01-48tile error, WIP state
13-02-2022-20-01-48tile error, WIP state
13-02-2022-20-01-48tile error, WIP state
13-02-2022-20-01-48tile error, WIP state
13-02-2022-20-01-48tile error, WIP state
13-02-2022-20-01-48tile error, WIP state
13-02-2022-20-01-48tile error, WIP state
13-02-2022-20-01-48tile error, WIP state
13-02-2022-20-01-48tile error, WIP state
13-02-2022-20-01-48tile error, WIP state
13-02-2022-20-01-49tile error, WIP state
13-02-2022-20-01-49tile error, WIP state
13-02-2022-20-01-49tile error, WIP state
13-02-2022-20-01-49tile error, WIP state
13-02-2022-20-01-49tile error, WIP state
13-02-2022-20-01-49tile error, WIP state
13-02-2022-20-01-49tile error, WIP state
13-02-2022-20-01-49tile error, WIP state
13-02-2022-20-01-49tile error, WIP state
13-02-2022-20-01-49tile error, WIP state
13-02-2022-20-01-49tile error, WIP state
13-02-2022-20-01-49tile error, WIP state
13-02-2022-20-01-49tile error, WIP state
13-02-2022-20-01-49tile error, WIP state
13-02-2022-20-01-49tile error, WIP state
13-02-2022-20-01-49tile error, WIP state
13-02-2022-20-01-49tile error, WIP state
13-02-2022-20-01-49tile error, WIP state
13-02-2022-20-01-49tile error, WIP state
13-02-2022-20-01-57tile error, WIP state
13-02-2022-20-01-57tile error, WIP state
13-02-2022-20-01-57tile error, WIP state
13-02-2022-20-01-57tile error, WIP state
13-02-2022-20-01-57tile error, WIP state
13-02-2022-20-01-57tile error, WIP state
13-02-2022-20-01-57tile error, WIP state
13-02-2022-20-01-57tile error, WIP state
13-02-2022-20-01-57tile error, WIP state
13-02-2022-20-01-57tile error, WIP state
13-02-2022-20-01-57tile error, WIP state
13-02-2022-20-01-57tile error, WIP state
13-02-2022-20-01-57tile error, WIP state
13-02-2022-20-01-57tile error, WIP state
13-02-2022-20-01-57tile error, WIP state
13-02-2022-20-01-57tile error, WIP state
13-02-2022-20-01-57tile error, WIP state
13-02-2022-20-01-57tile error, WIP state
13-02-2022-20-01-58tile error, WIP state
13-02-2022-20-01-58tile error, WIP state
13-02-2022-20-01-58tile error, WIP state
13-02-2022-20-01-58tile error, WIP state
13-02-2022-20-01-58tile error, WIP state
13-02-2022-20-01-58tile error, WIP state
13-02-2022-20-01-58tile error, WIP state
13-02-2022-20-01-58tile error, WIP state
13-02-2022-20-01-58tile error, WIP state
13-02-2022-20-01-58tile error, WIP state
13-02-2022-20-01-58tile error, WIP state
13-02-2022-20-01-58tile error, WIP state
13-02-2022-20-01-58tile error, WIP state
13-02-2022-20-01-58tile error, WIP state
13-02-2022-20-01-58tile error, WIP state
13-02-2022-20-01-58tile error, WIP state
13-02-2022-20-01-58tile error, WIP state
13-02-2022-20-01-58tile error, WIP state
13-02-2022-20-02-02tile error, WIP state
13-02-2022-20-02-02tile error, WIP state
13-02-2022-20-02-02tile error, WIP state
13-02-2022-20-02-02tile error, WIP state
13-02-2022-20-02-02tile error, WIP state
13-02-2022-20-02-02tile error, WIP state
13-02-2022-20-02-02tile error, WIP state
13-02-2022-20-02-02tile error, WIP state
13-02-2022-20-02-02tile error, WIP state
13-02-2022-20-02-02tile error, WIP state
13-02-2022-20-02-02tile error, WIP state
13-02-2022-20-02-02tile error, WIP state
13-02-2022-20-02-02tile error, WIP state
13-02-2022-20-02-02tile error, WIP state
13-02-2022-20-02-02tile error, WIP state
13-02-2022-20-02-02tile error, WIP state
13-02-2022-20-02-02tile error, WIP state
13-02-2022-20-02-03tile error, WIP state
13-02-2022-20-02-03tile error, WIP state
13-02-2022-20-02-03tile error, WIP state
13-02-2022-20-02-03tile error, WIP state
13-02-2022-20-02-03tile error, WIP state
13-02-2022-20-02-03tile error, WIP state
13-02-2022-20-02-03tile error, WIP state
13-02-2022-20-02-04tile error, WIP state
13-02-2022-20-02-04tile error, WIP state
13-02-2022-20-02-04tile error, WIP state
13-02-2022-20-02-04tile error, WIP state
13-02-2022-20-02-04tile error, WIP state
13-02-2022-20-02-04tile error, WIP state
13-02-2022-20-02-04tile error, WIP state
13-02-2022-20-02-04tile error, WIP state
13-02-2022-20-02-04tile error, WIP state
13-02-2022-20-02-04tile error, WIP state
13-02-2022-20-02-04tile error, WIP state
13-02-2022-20-02-04tile error, WIP state
13-02-2022-20-02-12tile error, WIP state
13-02-2022-20-02-12tile error, WIP state
13-02-2022-20-02-12tile error, WIP state
13-02-2022-20-02-12tile error, WIP state
13-02-2022-20-02-12tile error, WIP state
13-02-2022-20-02-12tile error, WIP state
13-02-2022-20-02-12tile error, WIP state
13-02-2022-20-02-12tile error, WIP state
13-02-2022-20-02-12tile error, WIP state
13-02-2022-20-02-12tile error, WIP state
13-02-2022-20-02-12tile error, WIP state
13-02-2022-20-02-12tile error, WIP state
13-02-2022-20-02-12tile error, WIP state
13-02-2022-20-02-12tile error, WIP state
13-02-2022-20-02-12tile error, WIP state
13-02-2022-20-02-12tile error, WIP state
13-02-2022-20-02-12tile error, WIP state
13-02-2022-20-02-12tile error, WIP state
13-02-2022-20-02-13tile error, WIP state
13-02-2022-20-02-13tile error, WIP state
13-02-2022-20-02-13tile error, WIP state
13-02-2022-20-02-13tile error, WIP state
13-02-2022-20-02-13tile error, WIP state
13-02-2022-20-02-13tile error, WIP state
13-02-2022-20-02-13tile error, WIP state
13-02-2022-20-02-13tile error, WIP state
13-02-2022-20-02-13tile error, WIP state
13-02-2022-20-02-13tile error, WIP state
13-02-2022-20-02-13tile error, WIP state
13-02-2022-20-02-13tile error, WIP state
13-02-2022-20-02-13tile error, WIP state
13-02-2022-20-02-13tile error, WIP state
13-02-2022-20-02-13tile error, WIP state
13-02-2022-20-02-13tile error, WIP state
13-02-2022-20-02-13tile error, WIP state
13-02-2022-20-02-13tile error, WIP state
13-02-2022-20-02-17tile error, WIP state
13-02-2022-20-02-17tile error, WIP state
13-02-2022-20-02-17tile error, WIP state
13-02-2022-20-02-17tile error, WIP state
13-02-2022-20-02-17tile error, WIP state
13-02-2022-20-02-17tile error, WIP state
13-02-2022-20-02-17tile error, WIP state
13-02-2022-20-02-17tile error, WIP state
13-02-2022-20-02-17tile error, WIP state
13-02-2022-20-02-17tile error, WIP state
13-02-2022-20-02-17tile error, WIP state
13-02-2022-20-02-17tile error, WIP state
13-02-2022-20-02-17tile error, WIP state
13-02-2022-20-02-17tile error, WIP state
13-02-2022-20-02-17tile error, WIP state
13-02-2022-20-02-17tile error, WIP state
13-02-2022-20-02-17tile error, WIP state
13-02-2022-20-02-17tile error, WIP state
13-02-2022-20-02-18tile error, WIP state
13-02-2022-20-02-18tile error, WIP state
13-02-2022-20-02-18tile error, WIP state
13-02-2022-20-02-18tile error, WIP state
13-02-2022-20-02-18tile error, WIP state
13-02-2022-20-02-18tile error, WIP state
13-02-2022-20-02-18tile error, WIP state
13-02-2022-20-02-18tile error, WIP state
13-02-2022-20-02-18tile error, WIP state
13-02-2022-20-02-18tile error, WIP state
13-02-2022-20-02-18tile error, WIP state
13-02-2022-20-02-18tile error, WIP state
13-02-2022-20-02-18tile error, WIP state
13-02-2022-20-02-18tile error, WIP state
13-02-2022-20-02-18tile error, WIP state
13-02-2022-20-02-18tile error, WIP state
13-02-2022-20-02-18tile error, WIP state
13-02-2022-20-02-18tile error, WIP state
13-02-2022-20-02-26tile error, WIP state
13-02-2022-20-02-26tile error, WIP state
13-02-2022-20-02-26tile error, WIP state
13-02-2022-20-02-26tile error, WIP state
13-02-2022-20-02-26tile error, WIP state
13-02-2022-20-02-26tile error, WIP state
13-02-2022-20-02-26tile error, WIP state
13-02-2022-20-02-26tile error, WIP state
13-02-2022-20-02-26tile error, WIP state
13-02-2022-20-02-26tile error, WIP state
13-02-2022-20-02-26tile error, WIP state
13-02-2022-20-02-26tile error, WIP state
13-02-2022-20-02-26tile error, WIP state
13-02-2022-20-02-26tile error, WIP state
13-02-2022-20-02-26tile error, WIP state
13-02-2022-20-02-26tile error, WIP state
13-02-2022-20-02-26tile error, WIP state
13-02-2022-20-02-26tile error, WIP state
13-02-2022-20-02-27tile error, WIP state
13-02-2022-20-02-27tile error, WIP state
13-02-2022-20-02-27tile error, WIP state
13-02-2022-20-02-27tile error, WIP state
13-02-2022-20-02-27tile error, WIP state
13-02-2022-20-02-27tile error, WIP state
13-02-2022-20-02-27tile error, WIP state
13-02-2022-20-02-27tile error, WIP state
13-02-2022-20-02-27tile error, WIP state
13-02-2022-20-02-27tile error, WIP state
13-02-2022-20-02-27tile error, WIP state
13-02-2022-20-02-27tile error, WIP state
13-02-2022-20-02-27tile error, WIP state
13-02-2022-20-02-27tile error, WIP state
13-02-2022-20-02-27tile error, WIP state
13-02-2022-20-02-27tile error, WIP state
13-02-2022-20-02-27tile error, WIP state
13-02-2022-20-02-27tile error, WIP state
13-02-2022-20-02-31tile error, WIP state
13-02-2022-20-02-31tile error, WIP state
13-02-2022-20-02-31tile error, WIP state
13-02-2022-20-02-31tile error, WIP state
13-02-2022-20-02-31tile error, WIP state
13-02-2022-20-02-31tile error, WIP state
13-02-2022-20-02-31tile error, WIP state
13-02-2022-20-02-31tile error, WIP state
13-02-2022-20-02-31tile error, WIP state
13-02-2022-20-02-31tile error, WIP state
13-02-2022-20-02-31tile error, WIP state
13-02-2022-20-02-31tile error, WIP state
13-02-2022-20-02-31tile error, WIP state
13-02-2022-20-02-31tile error, WIP state
13-02-2022-20-02-31tile error, WIP state
13-02-2022-20-02-31tile error, WIP state
13-02-2022-20-02-31tile error, WIP state
13-02-2022-20-02-32tile error, WIP state
13-02-2022-20-02-32tile error, WIP state
13-02-2022-20-02-32tile error, WIP state
13-02-2022-20-02-32tile error, WIP state
13-02-2022-20-02-32tile error, WIP state
13-02-2022-20-02-32tile error, WIP state
13-02-2022-20-02-32tile error, WIP state
13-02-2022-20-02-32tile error, WIP state
13-02-2022-20-02-32tile error, WIP state
13-02-2022-20-02-32tile error, WIP state
13-02-2022-20-02-32tile error, WIP state
13-02-2022-20-02-32tile error, WIP state
13-02-2022-20-02-32tile error, WIP state
13-02-2022-20-02-32tile error, WIP state
13-02-2022-20-02-32tile error, WIP state
13-02-2022-20-02-32tile error, WIP state
13-02-2022-20-02-32tile error, WIP state
13-02-2022-20-02-32tile error, WIP state
13-02-2022-20-02-32tile error, WIP state
13-02-2022-20-02-40tile error, WIP state
13-02-2022-20-02-40tile error, WIP state
13-02-2022-20-02-40tile error, WIP state
13-02-2022-20-02-40tile error, WIP state
13-02-2022-20-02-40tile error, WIP state
13-02-2022-20-02-40tile error, WIP state
13-02-2022-20-02-40tile error, WIP state
13-02-2022-20-02-40tile error, WIP state
13-02-2022-20-02-40tile error, WIP state
13-02-2022-20-02-40tile error, WIP state
13-02-2022-20-02-40tile error, WIP state
13-02-2022-20-02-40tile error, WIP state
13-02-2022-20-02-40tile error, WIP state
13-02-2022-20-02-40tile error, WIP state
13-02-2022-20-02-40tile error, WIP state
13-02-2022-20-02-40tile error, WIP state
13-02-2022-20-02-40tile error, WIP state
13-02-2022-20-02-40tile error, WIP state
13-02-2022-20-02-40tile error, WIP state
13-02-2022-20-02-41tile error, WIP state
13-02-2022-20-02-41tile error, WIP state
13-02-2022-20-02-41tile error, WIP state
13-02-2022-20-02-41tile error, WIP state
13-02-2022-20-02-41tile error, WIP state
13-02-2022-20-02-41tile error, WIP state
13-02-2022-20-02-41tile error, WIP state
13-02-2022-20-02-41tile error, WIP state
13-02-2022-20-02-41tile error, WIP state
13-02-2022-20-02-41tile error, WIP state
13-02-2022-20-02-41tile error, WIP state
13-02-2022-20-02-41tile error, WIP state
13-02-2022-20-02-41tile error, WIP state
13-02-2022-20-02-41tile error, WIP state
13-02-2022-20-02-41tile error, WIP state
13-02-2022-20-02-41tile error, WIP state
13-02-2022-20-02-41tile error, WIP state
13-02-2022-20-02-45tile error, WIP state
13-02-2022-20-02-45tile error, WIP state
13-02-2022-20-02-45tile error, WIP state
13-02-2022-20-02-45tile error, WIP state
13-02-2022-20-02-45tile error, WIP state
13-02-2022-20-02-45tile error, WIP state
13-02-2022-20-02-45tile error, WIP state
13-02-2022-20-02-45tile error, WIP state
13-02-2022-20-02-45tile error, WIP state
13-02-2022-20-02-45tile error, WIP state
13-02-2022-20-02-45tile error, WIP state
13-02-2022-20-02-45tile error, WIP state
13-02-2022-20-02-45tile error, WIP state
13-02-2022-20-02-45tile error, WIP state
13-02-2022-20-02-45tile error, WIP state
13-02-2022-20-02-45tile error, WIP state
13-02-2022-20-02-45tile error, WIP state
13-02-2022-20-02-45tile error, WIP state
13-02-2022-20-02-46tile error, WIP state
13-02-2022-20-02-46tile error, WIP state
13-02-2022-20-02-46tile error, WIP state
13-02-2022-20-02-46tile error, WIP state
13-02-2022-20-02-46tile error, WIP state
13-02-2022-20-02-46tile error, WIP state
13-02-2022-20-02-46tile error, WIP state
13-02-2022-20-02-47tile error, WIP state
13-02-2022-20-02-47tile error, WIP state
13-02-2022-20-02-47tile error, WIP state
13-02-2022-20-02-47tile error, WIP state
13-02-2022-20-02-47tile error, WIP state
13-02-2022-20-02-47tile error, WIP state
13-02-2022-20-02-47tile error, WIP state
13-02-2022-20-02-47tile error, WIP state
13-02-2022-20-02-47tile error, WIP state
13-02-2022-20-02-47tile error, WIP state
13-02-2022-20-02-47tile error, WIP state
13-02-2022-20-02-50tile error, WIP state
13-02-2022-20-02-50tile error, WIP state
13-02-2022-20-02-50tile error, WIP state
13-02-2022-20-02-50tile error, WIP state
13-02-2022-20-02-50tile error, WIP state
13-02-2022-20-02-50tile error, WIP state
13-02-2022-20-02-50tile error, WIP state
13-02-2022-20-02-50tile error, WIP state
13-02-2022-20-02-50tile error, WIP state
13-02-2022-20-02-50tile error, WIP state
13-02-2022-20-02-50tile error, WIP state
13-02-2022-20-02-50tile error, WIP state
13-02-2022-20-02-50tile error, WIP state
13-02-2022-20-02-50tile error, WIP state
13-02-2022-20-02-50tile error, WIP state
13-02-2022-20-02-50tile error, WIP state
13-02-2022-20-02-50tile error, WIP state
13-02-2022-20-02-51tile error, WIP state
13-02-2022-20-02-51tile error, WIP state
13-02-2022-20-02-51tile error, WIP state
13-02-2022-20-02-51tile error, WIP state
13-02-2022-20-02-51tile error, WIP state
13-02-2022-20-02-51tile error, WIP state
13-02-2022-20-02-51tile error, WIP state
13-02-2022-20-02-51tile error, WIP state
13-02-2022-20-02-51tile error, WIP state
13-02-2022-20-02-51tile error, WIP state
13-02-2022-20-02-51tile error, WIP state
13-02-2022-20-02-51tile error, WIP state
13-02-2022-20-02-51tile error, WIP state
13-02-2022-20-02-51tile error, WIP state
13-02-2022-20-02-51tile error, WIP state
13-02-2022-20-02-51tile error, WIP state
13-02-2022-20-02-51tile error, WIP state
13-02-2022-20-02-51tile error, WIP state
13-02-2022-20-02-51tile error, WIP state
13-02-2022-20-02-59tile error, WIP state
13-02-2022-20-02-59tile error, WIP state
13-02-2022-20-02-59tile error, WIP state
13-02-2022-20-02-59tile error, WIP state
13-02-2022-20-02-59tile error, WIP state
13-02-2022-20-02-59tile error, WIP state
13-02-2022-20-02-59tile error, WIP state
13-02-2022-20-02-59tile error, WIP state
13-02-2022-20-02-59tile error, WIP state
13-02-2022-20-02-59tile error, WIP state
13-02-2022-20-02-59tile error, WIP state
13-02-2022-20-02-59tile error, WIP state
13-02-2022-20-02-59tile error, WIP state
13-02-2022-20-02-59tile error, WIP state
13-02-2022-20-02-59tile error, WIP state
13-02-2022-20-02-59tile error, WIP state
13-02-2022-20-02-59tile error, WIP state
13-02-2022-20-03-00tile error, WIP state
13-02-2022-20-03-00tile error, WIP state
13-02-2022-20-03-00tile error, WIP state
13-02-2022-20-03-00tile error, WIP state
13-02-2022-20-03-00tile error, WIP state
13-02-2022-20-03-00tile error, WIP state
13-02-2022-20-03-00tile error, WIP state
13-02-2022-20-03-00tile error, WIP state
13-02-2022-20-03-00tile error, WIP state
13-02-2022-20-03-00tile error, WIP state
13-02-2022-20-03-00tile error, WIP state
13-02-2022-20-03-00tile error, WIP state
13-02-2022-20-03-00tile error, WIP state
13-02-2022-20-03-00tile error, WIP state
13-02-2022-20-03-00tile error, WIP state
13-02-2022-20-03-00tile error, WIP state
13-02-2022-20-03-00tile error, WIP state
13-02-2022-20-03-00tile error, WIP state
13-02-2022-20-03-00tile error, WIP state
13-02-2022-20-03-04tile error, WIP state
13-02-2022-20-03-04tile error, WIP state
13-02-2022-20-03-04tile error, WIP state
13-02-2022-20-03-04tile error, WIP state
13-02-2022-20-03-04tile error, WIP state
13-02-2022-20-03-04tile error, WIP state
13-02-2022-20-03-04tile error, WIP state
13-02-2022-20-03-04tile error, WIP state
13-02-2022-20-03-04tile error, WIP state
13-02-2022-20-03-04tile error, WIP state
13-02-2022-20-03-04tile error, WIP state
13-02-2022-20-03-04tile error, WIP state
13-02-2022-20-03-04tile error, WIP state
13-02-2022-20-03-04tile error, WIP state
13-02-2022-20-03-04tile error, WIP state
13-02-2022-20-03-04tile error, WIP state
13-02-2022-20-03-04tile error, WIP state
13-02-2022-20-03-04tile error, WIP state
13-02-2022-20-03-04tile error, WIP state
13-02-2022-20-03-05tile error, WIP state
13-02-2022-20-03-05tile error, WIP state
13-02-2022-20-03-05tile error, WIP state
13-02-2022-20-03-05tile error, WIP state
13-02-2022-20-03-05tile error, WIP state
13-02-2022-20-03-05tile error, WIP state
13-02-2022-20-03-05tile error, WIP state
13-02-2022-20-03-05tile error, WIP state
13-02-2022-20-03-05tile error, WIP state
13-02-2022-20-03-05tile error, WIP state
13-02-2022-20-03-05tile error, WIP state
13-02-2022-20-03-05tile error, WIP state
13-02-2022-20-03-05tile error, WIP state
13-02-2022-20-03-05tile error, WIP state
13-02-2022-20-03-05tile error, WIP state
13-02-2022-20-03-05tile error, WIP state
13-02-2022-20-03-05tile error, WIP state
13-02-2022-20-03-14tile error, WIP state
13-02-2022-20-03-14tile error, WIP state
13-02-2022-20-03-14tile error, WIP state
13-02-2022-20-03-14tile error, WIP state
13-02-2022-20-03-14tile error, WIP state
13-02-2022-20-03-14tile error, WIP state
13-02-2022-20-03-14tile error, WIP state
13-02-2022-20-03-14tile error, WIP state
13-02-2022-20-03-14tile error, WIP state
13-02-2022-20-03-14tile error, WIP state
13-02-2022-20-03-14tile error, WIP state
13-02-2022-20-03-14tile error, WIP state
13-02-2022-20-03-14tile error, WIP state
13-02-2022-20-03-14tile error, WIP state
13-02-2022-20-03-14tile error, WIP state
13-02-2022-20-03-14tile error, WIP state
13-02-2022-20-03-14tile error, WIP state
13-02-2022-20-03-14tile error, WIP state
13-02-2022-20-03-15tile error, WIP state
13-02-2022-20-03-15tile error, WIP state
13-02-2022-20-03-15tile error, WIP state
13-02-2022-20-03-15tile error, WIP state
13-02-2022-20-03-15tile error, WIP state
13-02-2022-20-03-15tile error, WIP state
13-02-2022-20-03-15tile error, WIP state
13-02-2022-20-03-15tile error, WIP state
13-02-2022-20-03-15tile error, WIP state
13-02-2022-20-03-15tile error, WIP state
13-02-2022-20-03-15tile error, WIP state
13-02-2022-20-03-15tile error, WIP state
13-02-2022-20-03-15tile error, WIP state
13-02-2022-20-03-15tile error, WIP state
13-02-2022-20-03-15tile error, WIP state
13-02-2022-20-03-15tile error, WIP state
13-02-2022-20-03-15tile error, WIP state
13-02-2022-20-03-15tile error, WIP state
13-02-2022-20-03-24tile error, WIP state
13-02-2022-20-03-24tile error, WIP state
13-02-2022-20-03-24tile error, WIP state
13-02-2022-20-03-24tile error, WIP state
13-02-2022-20-03-24tile error, WIP state
13-02-2022-20-03-24tile error, WIP state
13-02-2022-20-03-24tile error, WIP state
13-02-2022-20-03-24tile error, WIP state
13-02-2022-20-03-24tile error, WIP state
13-02-2022-20-03-24tile error, WIP state
13-02-2022-20-03-24tile error, WIP state
13-02-2022-20-03-24tile error, WIP state
13-02-2022-20-03-24tile error, WIP state
13-02-2022-20-03-24tile error, WIP state
13-02-2022-20-03-24tile error, WIP state
13-02-2022-20-03-24tile error, WIP state
13-02-2022-20-03-24tile error, WIP state
13-02-2022-20-03-25tile error, WIP state
13-02-2022-20-03-25tile error, WIP state
13-02-2022-20-03-25tile error, WIP state
13-02-2022-20-03-25tile error, WIP state
13-02-2022-20-03-25tile error, WIP state
13-02-2022-20-03-25tile error, WIP state
13-02-2022-20-03-25tile error, WIP state
13-02-2022-20-03-25tile error, WIP state
13-02-2022-20-03-25tile error, WIP state
13-02-2022-20-03-25tile error, WIP state
13-02-2022-20-03-25tile error, WIP state
13-02-2022-20-03-25tile error, WIP state
13-02-2022-20-03-25tile error, WIP state
13-02-2022-20-03-25tile error, WIP state
13-02-2022-20-03-25tile error, WIP state
13-02-2022-20-03-25tile error, WIP state
13-02-2022-20-03-25tile error, WIP state
13-02-2022-20-03-25tile error, WIP state
13-02-2022-20-03-25tile error, WIP state
13-02-2022-20-03-29tile error, WIP state
13-02-2022-20-03-29tile error, WIP state
13-02-2022-20-03-29tile error, WIP state
13-02-2022-20-03-29tile error, WIP state
13-02-2022-20-03-29tile error, WIP state
13-02-2022-20-03-29tile error, WIP state
13-02-2022-20-03-29tile error, WIP state
13-02-2022-20-03-29tile error, WIP state
13-02-2022-20-03-29tile error, WIP state
13-02-2022-20-03-29tile error, WIP state
13-02-2022-20-03-29tile error, WIP state
13-02-2022-20-03-29tile error, WIP state
13-02-2022-20-03-29tile error, WIP state
13-02-2022-20-03-29tile error, WIP state
13-02-2022-20-03-29tile error, WIP state
13-02-2022-20-03-29tile error, WIP state
13-02-2022-20-03-29tile error, WIP state
13-02-2022-20-03-30tile error, WIP state
13-02-2022-20-03-30tile error, WIP state
13-02-2022-20-03-30tile error, WIP state
13-02-2022-20-03-30tile error, WIP state
13-02-2022-20-03-30tile error, WIP state
13-02-2022-20-03-30tile error, WIP state
13-02-2022-20-03-30tile error, WIP state
13-02-2022-20-03-30tile error, WIP state
13-02-2022-20-03-31tile error, WIP state
13-02-2022-20-03-31tile error, WIP state
13-02-2022-20-03-31tile error, WIP state
13-02-2022-20-03-31tile error, WIP state
13-02-2022-20-03-31tile error, WIP state
13-02-2022-20-03-31tile error, WIP state
13-02-2022-20-03-31tile error, WIP state
13-02-2022-20-03-31tile error, WIP state
13-02-2022-20-03-31tile error, WIP state
13-02-2022-20-03-31tile error, WIP state
13-02-2022-20-03-31tile error, WIP state
13-02-2022-20-03-34tile error, WIP state
13-02-2022-20-03-34tile error, WIP state
13-02-2022-20-03-34tile error, WIP state
13-02-2022-20-03-34tile error, WIP state
13-02-2022-20-03-34tile error, WIP state
13-02-2022-20-03-34tile error, WIP state
13-02-2022-20-03-34tile error, WIP state
13-02-2022-20-03-34tile error, WIP state
13-02-2022-20-03-34tile error, WIP state
13-02-2022-20-03-34tile error, WIP state
13-02-2022-20-03-34tile error, WIP state
13-02-2022-20-03-34tile error, WIP state
13-02-2022-20-03-34tile error, WIP state
13-02-2022-20-03-34tile error, WIP state
13-02-2022-20-03-34tile error, WIP state
13-02-2022-20-03-34tile error, WIP state
13-02-2022-20-03-35tile error, WIP state
13-02-2022-20-03-35tile error, WIP state
13-02-2022-20-03-35tile error, WIP state
13-02-2022-20-03-35tile error, WIP state
13-02-2022-20-03-35tile error, WIP state
13-02-2022-20-03-35tile error, WIP state
13-02-2022-20-03-35tile error, WIP state
13-02-2022-20-03-35tile error, WIP state
13-02-2022-20-03-35tile error, WIP state
13-02-2022-20-03-35tile error, WIP state
13-02-2022-20-03-35tile error, WIP state
13-02-2022-20-03-35tile error, WIP state
13-02-2022-20-03-35tile error, WIP state
13-02-2022-20-03-35tile error, WIP state
13-02-2022-20-03-35tile error, WIP state
13-02-2022-20-03-35tile error, WIP state
13-02-2022-20-03-35tile error, WIP state
13-02-2022-20-03-35tile error, WIP state
13-02-2022-20-03-35tile error, WIP state
13-02-2022-20-03-35tile error, WIP state
13-02-2022-20-03-43tile error, WIP state
13-02-2022-20-03-43tile error, WIP state
13-02-2022-20-03-43tile error, WIP state
13-02-2022-20-03-43tile error, WIP state
13-02-2022-20-03-43tile error, WIP state
13-02-2022-20-03-43tile error, WIP state
13-02-2022-20-03-43tile error, WIP state
13-02-2022-20-03-43tile error, WIP state
13-02-2022-20-03-43tile error, WIP state
13-02-2022-20-03-43tile error, WIP state
13-02-2022-20-03-43tile error, WIP state
13-02-2022-20-03-43tile error, WIP state
13-02-2022-20-03-43tile error, WIP state
13-02-2022-20-03-43tile error, WIP state
13-02-2022-20-03-43tile error, WIP state
13-02-2022-20-03-44tile error, WIP state
13-02-2022-20-03-44tile error, WIP state
13-02-2022-20-03-44tile error, WIP state
13-02-2022-20-03-44tile error, WIP state
13-02-2022-20-03-44tile error, WIP state
13-02-2022-20-03-44tile error, WIP state
13-02-2022-20-03-44tile error, WIP state
13-02-2022-20-03-44tile error, WIP state
13-02-2022-20-03-44tile error, WIP state
13-02-2022-20-03-44tile error, WIP state
13-02-2022-20-03-44tile error, WIP state
13-02-2022-20-03-44tile error, WIP state
13-02-2022-20-03-44tile error, WIP state
13-02-2022-20-03-44tile error, WIP state
13-02-2022-20-03-44tile error, WIP state
13-02-2022-20-03-44tile error, WIP state
13-02-2022-20-03-44tile error, WIP state
13-02-2022-20-03-44tile error, WIP state
13-02-2022-20-03-44tile error, WIP state
13-02-2022-20-03-44tile error, WIP state
13-02-2022-20-03-44tile error, WIP state
13-02-2022-20-03-48tile error, WIP state
13-02-2022-20-03-48tile error, WIP state
13-02-2022-20-03-48tile error, WIP state
13-02-2022-20-03-48tile error, WIP state
13-02-2022-20-03-48tile error, WIP state
13-02-2022-20-03-48tile error, WIP state
13-02-2022-20-03-48tile error, WIP state
13-02-2022-20-03-48tile error, WIP state
13-02-2022-20-03-48tile error, WIP state
13-02-2022-20-03-48tile error, WIP state
13-02-2022-20-03-48tile error, WIP state
13-02-2022-20-03-48tile error, WIP state
13-02-2022-20-03-48tile error, WIP state
13-02-2022-20-03-48tile error, WIP state
13-02-2022-20-03-48tile error, WIP state
13-02-2022-20-03-48tile error, WIP state
13-02-2022-20-03-48tile error, WIP state
13-02-2022-20-03-48tile error, WIP state
13-02-2022-20-03-48tile error, WIP state
13-02-2022-20-03-49tile error, WIP state
13-02-2022-20-03-49tile error, WIP state
13-02-2022-20-03-49tile error, WIP state
13-02-2022-20-03-49tile error, WIP state
13-02-2022-20-03-49tile error, WIP state
13-02-2022-20-03-49tile error, WIP state
13-02-2022-20-03-49tile error, WIP state
13-02-2022-20-03-49tile error, WIP state
13-02-2022-20-03-49tile error, WIP state
13-02-2022-20-03-49tile error, WIP state
13-02-2022-20-03-49tile error, WIP state
13-02-2022-20-03-49tile error, WIP state
13-02-2022-20-03-49tile error, WIP state
13-02-2022-20-03-49tile error, WIP state
13-02-2022-20-03-49tile error, WIP state
13-02-2022-20-03-49tile error, WIP state
13-02-2022-20-03-49tile error, WIP state
13-02-2022-20-03-57tile error, WIP state
13-02-2022-20-03-57tile error, WIP state
13-02-2022-20-03-57tile error, WIP state
13-02-2022-20-03-57tile error, WIP state
13-02-2022-20-03-57tile error, WIP state
13-02-2022-20-03-57tile error, WIP state
13-02-2022-20-03-57tile error, WIP state
13-02-2022-20-03-57tile error, WIP state
13-02-2022-20-03-57tile error, WIP state
13-02-2022-20-03-57tile error, WIP state
13-02-2022-20-03-57tile error, WIP state
13-02-2022-20-03-57tile error, WIP state
13-02-2022-20-03-57tile error, WIP state
13-02-2022-20-03-57tile error, WIP state
13-02-2022-20-03-57tile error, WIP state
13-02-2022-20-03-57tile error, WIP state
13-02-2022-20-03-57tile error, WIP state
13-02-2022-20-03-57tile error, WIP state
13-02-2022-20-03-58tile error, WIP state
13-02-2022-20-03-58tile error, WIP state
13-02-2022-20-03-58tile error, WIP state
13-02-2022-20-03-58tile error, WIP state
13-02-2022-20-03-58tile error, WIP state
13-02-2022-20-03-58tile error, WIP state
13-02-2022-20-03-58tile error, WIP state
13-02-2022-20-03-58tile error, WIP state
13-02-2022-20-03-58tile error, WIP state
13-02-2022-20-03-58tile error, WIP state
13-02-2022-20-03-58tile error, WIP state
13-02-2022-20-03-58tile error, WIP state
13-02-2022-20-03-58tile error, WIP state
13-02-2022-20-03-58tile error, WIP state
13-02-2022-20-03-58tile error, WIP state
13-02-2022-20-03-58tile error, WIP state
13-02-2022-20-03-58tile error, WIP state
13-02-2022-20-03-58tile error, WIP state
13-02-2022-20-04-06tile error, WIP state
13-02-2022-20-04-06tile error, WIP state
13-02-2022-20-04-06tile error, WIP state
13-02-2022-20-04-06tile error, WIP state
13-02-2022-20-04-06tile error, WIP state
13-02-2022-20-04-06tile error, WIP state
13-02-2022-20-04-06tile error, WIP state
13-02-2022-20-04-06tile error, WIP state
13-02-2022-20-04-06tile error, WIP state
13-02-2022-20-04-06tile error, WIP state
13-02-2022-20-04-06tile error, WIP state
13-02-2022-20-04-06tile error, WIP state
13-02-2022-20-04-06tile error, WIP state
13-02-2022-20-04-06tile error, WIP state
13-02-2022-20-04-06tile error, WIP state
13-02-2022-20-04-06tile error, WIP state
13-02-2022-20-04-06tile error, WIP state
13-02-2022-20-04-07tile error, WIP state
13-02-2022-20-04-07tile error, WIP state
13-02-2022-20-04-07tile error, WIP state
13-02-2022-20-04-07tile error, WIP state
13-02-2022-20-04-07tile error, WIP state
13-02-2022-20-04-07tile error, WIP state
13-02-2022-20-04-07tile error, WIP state
13-02-2022-20-04-07tile error, WIP state
13-02-2022-20-04-07tile error, WIP state
13-02-2022-20-04-07tile error, WIP state
13-02-2022-20-04-07tile error, WIP state
13-02-2022-20-04-07tile error, WIP state
13-02-2022-20-04-07tile error, WIP state
13-02-2022-20-04-07tile error, WIP state
13-02-2022-20-04-07tile error, WIP state
13-02-2022-20-04-07tile error, WIP state
13-02-2022-20-04-07tile error, WIP state
13-02-2022-20-04-07tile error, WIP state
13-02-2022-20-04-07tile error, WIP state
13-02-2022-20-04-15tile error, WIP state
13-02-2022-20-04-15tile error, WIP state
13-02-2022-20-04-15tile error, WIP state
13-02-2022-20-04-15tile error, WIP state
13-02-2022-20-04-15tile error, WIP state
13-02-2022-20-04-15tile error, WIP state
13-02-2022-20-04-15tile error, WIP state
13-02-2022-20-04-15tile error, WIP state
13-02-2022-20-04-15tile error, WIP state
13-02-2022-20-04-15tile error, WIP state
13-02-2022-20-04-15tile error, WIP state
13-02-2022-20-04-15tile error, WIP state
13-02-2022-20-04-15tile error, WIP state
13-02-2022-20-04-15tile error, WIP state
13-02-2022-20-04-15tile error, WIP state
13-02-2022-20-04-15tile error, WIP state
13-02-2022-20-04-15tile error, WIP state
13-02-2022-20-04-15tile error, WIP state
13-02-2022-20-04-16tile error, WIP state
13-02-2022-20-04-16tile error, WIP state
13-02-2022-20-04-16tile error, WIP state
13-02-2022-20-04-16tile error, WIP state
13-02-2022-20-04-16tile error, WIP state
13-02-2022-20-04-16tile error, WIP state
13-02-2022-20-04-16tile error, WIP state
13-02-2022-20-04-16tile error, WIP state
13-02-2022-20-04-16tile error, WIP state
13-02-2022-20-04-16tile error, WIP state
13-02-2022-20-04-16tile error, WIP state
13-02-2022-20-04-16tile error, WIP state
13-02-2022-20-04-16tile error, WIP state
13-02-2022-20-04-16tile error, WIP state
13-02-2022-20-04-16tile error, WIP state
13-02-2022-20-04-16tile error, WIP state
13-02-2022-20-04-16tile error, WIP state
13-02-2022-20-04-16tile error, WIP state
13-02-2022-20-04-20tile error, WIP state
13-02-2022-20-04-20tile error, WIP state
13-02-2022-20-04-20tile error, WIP state
13-02-2022-20-04-20tile error, WIP state
13-02-2022-20-04-20tile error, WIP state
13-02-2022-20-04-20tile error, WIP state
13-02-2022-20-04-20tile error, WIP state
13-02-2022-20-04-20tile error, WIP state
13-02-2022-20-04-20tile error, WIP state
13-02-2022-20-04-20tile error, WIP state
13-02-2022-20-04-20tile error, WIP state
13-02-2022-20-04-20tile error, WIP state
13-02-2022-20-04-20tile error, WIP state
13-02-2022-20-04-20tile error, WIP state
13-02-2022-20-04-20tile error, WIP state
13-02-2022-20-04-20tile error, WIP state
13-02-2022-20-04-20tile error, WIP state
13-02-2022-20-04-21tile error, WIP state
13-02-2022-20-04-21tile error, WIP state
13-02-2022-20-04-21tile error, WIP state
13-02-2022-20-04-21tile error, WIP state
13-02-2022-20-04-21tile error, WIP state
13-02-2022-20-04-21tile error, WIP state
13-02-2022-20-04-21tile error, WIP state
13-02-2022-20-04-21tile error, WIP state
13-02-2022-20-04-21tile error, WIP state
13-02-2022-20-04-21tile error, WIP state
13-02-2022-20-04-21tile error, WIP state
13-02-2022-20-04-21tile error, WIP state
13-02-2022-20-04-21tile error, WIP state
13-02-2022-20-04-21tile error, WIP state
13-02-2022-20-04-21tile error, WIP state
13-02-2022-20-04-21tile error, WIP state
13-02-2022-20-04-21tile error, WIP state
13-02-2022-20-04-21tile error, WIP state
13-02-2022-20-04-22tile error, WIP state
13-02-2022-20-04-30tile error, WIP state
13-02-2022-20-04-30tile error, WIP state
13-02-2022-20-04-30tile error, WIP state
13-02-2022-20-04-30tile error, WIP state
13-02-2022-20-04-30tile error, WIP state
13-02-2022-20-04-30tile error, WIP state
13-02-2022-20-04-30tile error, WIP state
13-02-2022-20-04-30tile error, WIP state
13-02-2022-20-04-30tile error, WIP state
13-02-2022-20-04-30tile error, WIP state
13-02-2022-20-04-30tile error, WIP state
13-02-2022-20-04-30tile error, WIP state
13-02-2022-20-04-30tile error, WIP state
13-02-2022-20-04-30tile error, WIP state
13-02-2022-20-04-30tile error, WIP state
13-02-2022-20-04-30tile error, WIP state
13-02-2022-20-04-30tile error, WIP state
13-02-2022-20-04-30tile error, WIP state
13-02-2022-20-04-31tile error, WIP state
13-02-2022-20-04-31tile error, WIP state
13-02-2022-20-04-31tile error, WIP state
13-02-2022-20-04-31tile error, WIP state
13-02-2022-20-04-31tile error, WIP state
13-02-2022-20-04-31tile error, WIP state
13-02-2022-20-04-31tile error, WIP state
13-02-2022-20-04-31tile error, WIP state
13-02-2022-20-04-31tile error, WIP state
13-02-2022-20-04-31tile error, WIP state
13-02-2022-20-04-31tile error, WIP state
13-02-2022-20-04-31tile error, WIP state
13-02-2022-20-04-31tile error, WIP state
13-02-2022-20-04-31tile error, WIP state
13-02-2022-20-04-31tile error, WIP state
13-02-2022-20-04-31tile error, WIP state
13-02-2022-20-04-31tile error, WIP state
13-02-2022-20-04-31tile error, WIP state
13-02-2022-20-04-35tile error, WIP state
13-02-2022-20-04-35tile error, WIP state
13-02-2022-20-04-35tile error, WIP state
13-02-2022-20-04-35tile error, WIP state
13-02-2022-20-04-35tile error, WIP state
13-02-2022-20-04-35tile error, WIP state
13-02-2022-20-04-35tile error, WIP state
13-02-2022-20-04-35tile error, WIP state
13-02-2022-20-04-35tile error, WIP state
13-02-2022-20-04-35tile error, WIP state
13-02-2022-20-04-35tile error, WIP state
13-02-2022-20-04-35tile error, WIP state
13-02-2022-20-04-35tile error, WIP state
13-02-2022-20-04-35tile error, WIP state
13-02-2022-20-04-35tile error, WIP state
13-02-2022-20-04-35tile error, WIP state
13-02-2022-20-04-36tile error, WIP state
13-02-2022-20-04-36tile error, WIP state
13-02-2022-20-04-36tile error, WIP state
13-02-2022-20-04-36tile error, WIP state
13-02-2022-20-04-36tile error, WIP state
13-02-2022-20-04-36tile error, WIP state
13-02-2022-20-04-36tile error, WIP state
13-02-2022-20-04-36tile error, WIP state
13-02-2022-20-04-36tile error, WIP state
13-02-2022-20-04-36tile error, WIP state
13-02-2022-20-04-36tile error, WIP state
13-02-2022-20-04-36tile error, WIP state
13-02-2022-20-04-36tile error, WIP state
13-02-2022-20-04-36tile error, WIP state
13-02-2022-20-04-36tile error, WIP state
13-02-2022-20-04-36tile error, WIP state
13-02-2022-20-04-36tile error, WIP state
13-02-2022-20-04-36tile error, WIP state
13-02-2022-20-04-36tile error, WIP state
13-02-2022-20-04-36tile error, WIP state
13-02-2022-20-04-44tile error, WIP state
13-02-2022-20-04-44tile error, WIP state
13-02-2022-20-04-44tile error, WIP state
13-02-2022-20-04-44tile error, WIP state
13-02-2022-20-04-44tile error, WIP state
13-02-2022-20-04-44tile error, WIP state
13-02-2022-20-04-44tile error, WIP state
13-02-2022-20-04-44tile error, WIP state
13-02-2022-20-04-44tile error, WIP state
13-02-2022-20-04-44tile error, WIP state
13-02-2022-20-04-44tile error, WIP state
13-02-2022-20-04-44tile error, WIP state
13-02-2022-20-04-44tile error, WIP state
13-02-2022-20-04-44tile error, WIP state
13-02-2022-20-04-44tile error, WIP state
13-02-2022-20-04-45tile error, WIP state
13-02-2022-20-04-45tile error, WIP state
13-02-2022-20-04-45tile error, WIP state
13-02-2022-20-04-45tile error, WIP state
13-02-2022-20-04-45tile error, WIP state
13-02-2022-20-04-45tile error, WIP state
13-02-2022-20-04-45tile error, WIP state
13-02-2022-20-04-45tile error, WIP state
13-02-2022-20-04-45tile error, WIP state
13-02-2022-20-04-45tile error, WIP state
13-02-2022-20-04-45tile error, WIP state
13-02-2022-20-04-45tile error, WIP state
13-02-2022-20-04-45tile error, WIP state
13-02-2022-20-04-45tile error, WIP state
13-02-2022-20-04-45tile error, WIP state
13-02-2022-20-04-45tile error, WIP state
13-02-2022-20-04-45tile error, WIP state
13-02-2022-20-04-45tile error, WIP state
13-02-2022-20-04-45tile error, WIP state
13-02-2022-20-04-45tile error, WIP state
13-02-2022-20-04-45tile error, WIP state
13-02-2022-20-04-49tile error, WIP state
13-02-2022-20-04-49tile error, WIP state
13-02-2022-20-04-49tile error, WIP state
13-02-2022-20-04-49tile error, WIP state
13-02-2022-20-04-49tile error, WIP state
13-02-2022-20-04-49tile error, WIP state
13-02-2022-20-04-49tile error, WIP state
13-02-2022-20-04-49tile error, WIP state
13-02-2022-20-04-49tile error, WIP state
13-02-2022-20-04-49tile error, WIP state
13-02-2022-20-04-49tile error, WIP state
13-02-2022-20-04-49tile error, WIP state
13-02-2022-20-04-49tile error, WIP state
13-02-2022-20-04-49tile error, WIP state
13-02-2022-20-04-49tile error, WIP state
13-02-2022-20-04-49tile error, WIP state
13-02-2022-20-04-50tile error, WIP state
13-02-2022-20-04-50tile error, WIP state
13-02-2022-20-04-50tile error, WIP state
13-02-2022-20-04-50tile error, WIP state
13-02-2022-20-04-50tile error, WIP state
13-02-2022-20-04-50tile error, WIP state
13-02-2022-20-04-50tile error, WIP state
13-02-2022-20-04-50tile error, WIP state
13-02-2022-20-04-50tile error, WIP state
13-02-2022-20-04-50tile error, WIP state
13-02-2022-20-04-50tile error, WIP state
13-02-2022-20-04-50tile error, WIP state
13-02-2022-20-04-50tile error, WIP state
13-02-2022-20-04-50tile error, WIP state
13-02-2022-20-04-50tile error, WIP state
13-02-2022-20-04-50tile error, WIP state
13-02-2022-20-04-50tile error, WIP state
13-02-2022-20-04-50tile error, WIP state
13-02-2022-20-04-50tile error, WIP state
13-02-2022-20-04-50tile error, WIP state
13-02-2022-20-04-58tile error, WIP state
13-02-2022-20-04-58tile error, WIP state
13-02-2022-20-04-58tile error, WIP state
13-02-2022-20-04-58tile error, WIP state
13-02-2022-20-04-58tile error, WIP state
13-02-2022-20-04-58tile error, WIP state
13-02-2022-20-04-58tile error, WIP state
13-02-2022-20-04-58tile error, WIP state
13-02-2022-20-04-58tile error, WIP state
13-02-2022-20-04-58tile error, WIP state
13-02-2022-20-04-58tile error, WIP state
13-02-2022-20-04-58tile error, WIP state
13-02-2022-20-04-58tile error, WIP state
13-02-2022-20-04-58tile error, WIP state
13-02-2022-20-04-58tile error, WIP state
13-02-2022-20-04-58tile error, WIP state
13-02-2022-20-04-58tile error, WIP state
13-02-2022-20-04-59tile error, WIP state
13-02-2022-20-04-59tile error, WIP state
13-02-2022-20-04-59tile error, WIP state
13-02-2022-20-04-59tile error, WIP state
13-02-2022-20-04-59tile error, WIP state
13-02-2022-20-04-59tile error, WIP state
13-02-2022-20-04-59tile error, WIP state
13-02-2022-20-04-59tile error, WIP state
13-02-2022-20-04-59tile error, WIP state
13-02-2022-20-04-59tile error, WIP state
13-02-2022-20-04-59tile error, WIP state
13-02-2022-20-04-59tile error, WIP state
13-02-2022-20-04-59tile error, WIP state
13-02-2022-20-04-59tile error, WIP state
13-02-2022-20-04-59tile error, WIP state
13-02-2022-20-04-59tile error, WIP state
13-02-2022-20-04-59tile error, WIP state
13-02-2022-20-04-59tile error, WIP state
13-02-2022-20-04-59tile error, WIP state
13-02-2022-20-05-03tile error, WIP state
13-02-2022-20-05-03tile error, WIP state
13-02-2022-20-05-03tile error, WIP state
13-02-2022-20-05-03tile error, WIP state
13-02-2022-20-05-03tile error, WIP state
13-02-2022-20-05-03tile error, WIP state
13-02-2022-20-05-03tile error, WIP state
13-02-2022-20-05-03tile error, WIP state
13-02-2022-20-05-03tile error, WIP state
13-02-2022-20-05-03tile error, WIP state
13-02-2022-20-05-03tile error, WIP state
13-02-2022-20-05-03tile error, WIP state
13-02-2022-20-05-03tile error, WIP state
13-02-2022-20-05-03tile error, WIP state
13-02-2022-20-05-04tile error, WIP state
13-02-2022-20-05-04tile error, WIP state
13-02-2022-20-05-04tile error, WIP state
13-02-2022-20-05-04tile error, WIP state
13-02-2022-20-05-04tile error, WIP state
13-02-2022-20-05-04tile error, WIP state
13-02-2022-20-05-04tile error, WIP state
13-02-2022-20-05-04tile error, WIP state
13-02-2022-20-05-05tile error, WIP state
13-02-2022-20-05-05tile error, WIP state
13-02-2022-20-05-05tile error, WIP state
13-02-2022-20-05-05tile error, WIP state
13-02-2022-20-05-05tile error, WIP state
13-02-2022-20-05-05tile error, WIP state
13-02-2022-20-05-05tile error, WIP state
13-02-2022-20-05-05tile error, WIP state
13-02-2022-20-05-05tile error, WIP state
13-02-2022-20-05-05tile error, WIP state
13-02-2022-20-05-05tile error, WIP state
13-02-2022-20-05-05tile error, WIP state
13-02-2022-20-05-05tile error, WIP state
13-02-2022-20-05-05tile error, WIP state
13-02-2022-20-05-13tile error, WIP state
13-02-2022-20-05-13tile error, WIP state
13-02-2022-20-05-13tile error, WIP state
13-02-2022-20-05-13tile error, WIP state
13-02-2022-20-05-13tile error, WIP state
13-02-2022-20-05-13tile error, WIP state
13-02-2022-20-05-13tile error, WIP state
13-02-2022-20-05-13tile error, WIP state
13-02-2022-20-05-13tile error, WIP state
13-02-2022-20-05-13tile error, WIP state
13-02-2022-20-05-13tile error, WIP state
13-02-2022-20-05-13tile error, WIP state
13-02-2022-20-05-13tile error, WIP state
13-02-2022-20-05-13tile error, WIP state
13-02-2022-20-05-13tile error, WIP state
13-02-2022-20-05-13tile error, WIP state
13-02-2022-20-05-14tile error, WIP state
13-02-2022-20-05-14tile error, WIP state
13-02-2022-20-05-14tile error, WIP state
13-02-2022-20-05-14tile error, WIP state
13-02-2022-20-05-14tile error, WIP state
13-02-2022-20-05-14tile error, WIP state
13-02-2022-20-05-14tile error, WIP state
13-02-2022-20-05-14tile error, WIP state
13-02-2022-20-05-14tile error, WIP state
13-02-2022-20-05-14tile error, WIP state
13-02-2022-20-05-14tile error, WIP state
13-02-2022-20-05-14tile error, WIP state
13-02-2022-20-05-14tile error, WIP state
13-02-2022-20-05-14tile error, WIP state
13-02-2022-20-05-14tile error, WIP state
13-02-2022-20-05-14tile error, WIP state
13-02-2022-20-05-14tile error, WIP state
13-02-2022-20-05-14tile error, WIP state
13-02-2022-20-05-14tile error, WIP state
13-02-2022-20-05-14tile error, WIP state
13-02-2022-20-05-21tile error, WIP state
13-02-2022-20-05-21tile error, WIP state
13-02-2022-20-05-21tile error, WIP state
13-02-2022-20-05-21tile error, WIP state
13-02-2022-20-05-21tile error, WIP state
13-02-2022-20-05-21tile error, WIP state
13-02-2022-20-05-21tile error, WIP state
13-02-2022-20-05-21tile error, WIP state
13-02-2022-20-05-21tile error, WIP state
13-02-2022-20-05-21tile error, WIP state
13-02-2022-20-05-21tile error, WIP state
13-02-2022-20-05-21tile error, WIP state
13-02-2022-20-05-21tile error, WIP state
13-02-2022-20-05-21tile error, WIP state
13-02-2022-20-05-21tile error, WIP state
13-02-2022-20-05-21tile error, WIP state
13-02-2022-20-05-21tile error, WIP state
13-02-2022-20-05-22tile error, WIP state
13-02-2022-20-05-22tile error, WIP state
13-02-2022-20-05-22tile error, WIP state
13-02-2022-20-05-22tile error, WIP state
13-02-2022-20-05-22tile error, WIP state
13-02-2022-20-05-22tile error, WIP state
13-02-2022-20-05-22tile error, WIP state
13-02-2022-20-05-22tile error, WIP state
13-02-2022-20-05-22tile error, WIP state
13-02-2022-20-05-22tile error, WIP state
13-02-2022-20-05-22tile error, WIP state
13-02-2022-20-05-22tile error, WIP state
13-02-2022-20-05-22tile error, WIP state
13-02-2022-20-05-22tile error, WIP state
13-02-2022-20-05-22tile error, WIP state
13-02-2022-20-05-22tile error, WIP state
13-02-2022-20-05-22tile error, WIP state
13-02-2022-20-05-22tile error, WIP state
13-02-2022-20-05-22tile error, WIP state
13-02-2022-20-05-26tile error, WIP state
13-02-2022-20-05-26tile error, WIP state
13-02-2022-20-05-26tile error, WIP state
13-02-2022-20-05-26tile error, WIP state
13-02-2022-20-05-26tile error, WIP state
13-02-2022-20-05-26tile error, WIP state
13-02-2022-20-05-26tile error, WIP state
13-02-2022-20-05-26tile error, WIP state
13-02-2022-20-05-26tile error, WIP state
13-02-2022-20-05-26tile error, WIP state
13-02-2022-20-05-26tile error, WIP state
13-02-2022-20-05-26tile error, WIP state
13-02-2022-20-05-26tile error, WIP state
13-02-2022-20-05-26tile error, WIP state
13-02-2022-20-05-26tile error, WIP state
13-02-2022-20-05-26tile error, WIP state
13-02-2022-20-05-27tile error, WIP state
13-02-2022-20-05-27tile error, WIP state
13-02-2022-20-05-27tile error, WIP state
13-02-2022-20-05-27tile error, WIP state
13-02-2022-20-05-27tile error, WIP state
13-02-2022-20-05-27tile error, WIP state
13-02-2022-20-05-27tile error, WIP state
13-02-2022-20-05-27tile error, WIP state
13-02-2022-20-05-27tile error, WIP state
13-02-2022-20-05-27tile error, WIP state
13-02-2022-20-05-27tile error, WIP state
13-02-2022-20-05-27tile error, WIP state
13-02-2022-20-05-27tile error, WIP state
13-02-2022-20-05-27tile error, WIP state
13-02-2022-20-05-27tile error, WIP state
13-02-2022-20-05-27tile error, WIP state
13-02-2022-20-05-27tile error, WIP state
13-02-2022-20-05-27tile error, WIP state
13-02-2022-20-05-27tile error, WIP state
13-02-2022-20-05-27tile error, WIP state
13-02-2022-20-05-30tile error, WIP state
13-02-2022-20-05-30tile error, WIP state
13-02-2022-20-05-30tile error, WIP state
13-02-2022-20-05-30tile error, WIP state
13-02-2022-20-05-30tile error, WIP state
13-02-2022-20-05-30tile error, WIP state
13-02-2022-20-05-30tile error, WIP state
13-02-2022-20-05-30tile error, WIP state
13-02-2022-20-05-30tile error, WIP state
13-02-2022-20-05-30tile error, WIP state
13-02-2022-20-05-30tile error, WIP state
13-02-2022-20-05-30tile error, WIP state
13-02-2022-20-05-30tile error, WIP state
13-02-2022-20-05-30tile error, WIP state
13-02-2022-20-05-30tile error, WIP state
13-02-2022-20-05-30tile error, WIP state
13-02-2022-20-05-31tile error, WIP state
13-02-2022-20-05-31tile error, WIP state
13-02-2022-20-05-31tile error, WIP state
13-02-2022-20-05-31tile error, WIP state
13-02-2022-20-05-31tile error, WIP state
13-02-2022-20-05-31tile error, WIP state
13-02-2022-20-05-31tile error, WIP state
13-02-2022-20-05-31tile error, WIP state
13-02-2022-20-05-31tile error, WIP state
13-02-2022-20-05-31tile error, WIP state
13-02-2022-20-05-31tile error, WIP state
13-02-2022-20-05-31tile error, WIP state
13-02-2022-20-05-31tile error, WIP state
13-02-2022-20-05-31tile error, WIP state
13-02-2022-20-05-31tile error, WIP state
13-02-2022-20-05-31tile error, WIP state
13-02-2022-20-05-31tile error, WIP state
13-02-2022-20-05-31tile error, WIP state
13-02-2022-20-05-31tile error, WIP state
13-02-2022-20-05-31tile error, WIP state
13-02-2022-20-05-34tile error, WIP state
13-02-2022-20-05-34tile error, WIP state
13-02-2022-20-05-34tile error, WIP state
13-02-2022-20-05-34tile error, WIP state
13-02-2022-20-05-34tile error, WIP state
13-02-2022-20-05-34tile error, WIP state
13-02-2022-20-05-34tile error, WIP state
13-02-2022-20-05-34tile error, WIP state
13-02-2022-20-05-34tile error, WIP state
13-02-2022-20-05-34tile error, WIP state
13-02-2022-20-05-34tile error, WIP state
13-02-2022-20-05-34tile error, WIP state
13-02-2022-20-05-34tile error, WIP state
13-02-2022-20-05-34tile error, WIP state
13-02-2022-20-05-34tile error, WIP state
13-02-2022-20-05-34tile error, WIP state
13-02-2022-20-05-35tile error, WIP state
13-02-2022-20-05-35tile error, WIP state
13-02-2022-20-05-35tile error, WIP state
13-02-2022-20-05-35tile error, WIP state
13-02-2022-20-05-35tile error, WIP state
13-02-2022-20-05-35tile error, WIP state
13-02-2022-20-05-35tile error, WIP state
13-02-2022-20-05-35tile error, WIP state
13-02-2022-20-05-35tile error, WIP state
13-02-2022-20-05-35tile error, WIP state
13-02-2022-20-05-35tile error, WIP state
13-02-2022-20-05-35tile error, WIP state
13-02-2022-20-05-35tile error, WIP state
13-02-2022-20-05-35tile error, WIP state
13-02-2022-20-05-35tile error, WIP state
13-02-2022-20-05-35tile error, WIP state
13-02-2022-20-05-35tile error, WIP state
13-02-2022-20-05-35tile error, WIP state
13-02-2022-20-05-35tile error, WIP state
13-02-2022-20-05-35tile error, WIP state
13-02-2022-20-05-38tile error, WIP state
13-02-2022-20-05-38tile error, WIP state
13-02-2022-20-05-38tile error, WIP state
13-02-2022-20-05-38tile error, WIP state
13-02-2022-20-05-38tile error, WIP state
13-02-2022-20-05-38tile error, WIP state
13-02-2022-20-05-38tile error, WIP state
13-02-2022-20-05-38tile error, WIP state
13-02-2022-20-05-38tile error, WIP state
13-02-2022-20-05-38tile error, WIP state
13-02-2022-20-05-38tile error, WIP state
13-02-2022-20-05-38tile error, WIP state
13-02-2022-20-05-38tile error, WIP state
13-02-2022-20-05-38tile error, WIP state
13-02-2022-20-05-38tile error, WIP state
13-02-2022-20-05-38tile error, WIP state
13-02-2022-20-05-39tile error, WIP state
13-02-2022-20-05-39tile error, WIP state
13-02-2022-20-05-39tile error, WIP state
13-02-2022-20-05-39tile error, WIP state
13-02-2022-20-05-39tile error, WIP state
13-02-2022-20-05-39tile error, WIP state
13-02-2022-20-05-39tile error, WIP state
13-02-2022-20-05-39tile error, WIP state
13-02-2022-20-05-39tile error, WIP state
13-02-2022-20-05-39tile error, WIP state
13-02-2022-20-05-39tile error, WIP state
13-02-2022-20-05-39tile error, WIP state
13-02-2022-20-05-39tile error, WIP state
13-02-2022-20-05-39tile error, WIP state
13-02-2022-20-05-39tile error, WIP state
13-02-2022-20-05-39tile error, WIP state
13-02-2022-20-05-39tile error, WIP state
13-02-2022-20-05-39tile error, WIP state
13-02-2022-20-05-40tile error, WIP state
13-02-2022-20-05-40tile error, WIP state
13-02-2022-20-05-43tile error, WIP state
13-02-2022-20-05-43tile error, WIP state
13-02-2022-20-05-43tile error, WIP state
13-02-2022-20-05-43tile error, WIP state
13-02-2022-20-05-43tile error, WIP state
13-02-2022-20-05-43tile error, WIP state
13-02-2022-20-05-43tile error, WIP state
13-02-2022-20-05-43tile error, WIP state
13-02-2022-20-05-43tile error, WIP state
13-02-2022-20-05-43tile error, WIP state
13-02-2022-20-05-43tile error, WIP state
13-02-2022-20-05-43tile error, WIP state
13-02-2022-20-05-43tile error, WIP state
13-02-2022-20-05-43tile error, WIP state
13-02-2022-20-05-43tile error, WIP state
13-02-2022-20-05-43tile error, WIP state
13-02-2022-20-05-44tile error, WIP state
13-02-2022-20-05-44tile error, WIP state
13-02-2022-20-05-44tile error, WIP state
13-02-2022-20-05-44tile error, WIP state
13-02-2022-20-05-44tile error, WIP state
13-02-2022-20-05-44tile error, WIP state
13-02-2022-20-05-44tile error, WIP state
13-02-2022-20-05-44tile error, WIP state
13-02-2022-20-05-44tile error, WIP state
13-02-2022-20-05-44tile error, WIP state
13-02-2022-20-05-44tile error, WIP state
13-02-2022-20-05-44tile error, WIP state
13-02-2022-20-05-44tile error, WIP state
13-02-2022-20-05-44tile error, WIP state
13-02-2022-20-05-44tile error, WIP state
13-02-2022-20-05-44tile error, WIP state
13-02-2022-20-05-44tile error, WIP state
13-02-2022-20-05-44tile error, WIP state
13-02-2022-20-05-44tile error, WIP state
13-02-2022-20-05-44tile error, WIP state
13-02-2022-20-05-52tile error, WIP state
13-02-2022-20-05-52tile error, WIP state
13-02-2022-20-05-52tile error, WIP state
13-02-2022-20-05-52tile error, WIP state
13-02-2022-20-05-52tile error, WIP state
13-02-2022-20-05-52tile error, WIP state
13-02-2022-20-05-52tile error, WIP state
13-02-2022-20-05-52tile error, WIP state
13-02-2022-20-05-52tile error, WIP state
13-02-2022-20-05-52tile error, WIP state
13-02-2022-20-05-52tile error, WIP state
13-02-2022-20-05-52tile error, WIP state
13-02-2022-20-05-52tile error, WIP state
13-02-2022-20-05-52tile error, WIP state
13-02-2022-20-05-52tile error, WIP state
13-02-2022-20-05-52tile error, WIP state
13-02-2022-20-05-53tile error, WIP state
13-02-2022-20-05-53tile error, WIP state
13-02-2022-20-05-53tile error, WIP state
13-02-2022-20-05-53tile error, WIP state
13-02-2022-20-05-53tile error, WIP state
13-02-2022-20-05-53tile error, WIP state
13-02-2022-20-05-53tile error, WIP state
13-02-2022-20-05-53tile error, WIP state
13-02-2022-20-05-53tile error, WIP state
13-02-2022-20-05-53tile error, WIP state
13-02-2022-20-05-53tile error, WIP state
13-02-2022-20-05-53tile error, WIP state
13-02-2022-20-05-53tile error, WIP state
13-02-2022-20-05-53tile error, WIP state
13-02-2022-20-05-53tile error, WIP state
13-02-2022-20-05-53tile error, WIP state
13-02-2022-20-05-53tile error, WIP state
13-02-2022-20-05-53tile error, WIP state
13-02-2022-20-05-53tile error, WIP state
13-02-2022-20-05-53tile error, WIP state
13-02-2022-20-05-57tile error, WIP state
13-02-2022-20-05-57tile error, WIP state
13-02-2022-20-05-57tile error, WIP state
13-02-2022-20-05-57tile error, WIP state
13-02-2022-20-05-57tile error, WIP state
13-02-2022-20-05-57tile error, WIP state
13-02-2022-20-05-57tile error, WIP state
13-02-2022-20-05-57tile error, WIP state
13-02-2022-20-05-57tile error, WIP state
13-02-2022-20-05-57tile error, WIP state
13-02-2022-20-05-57tile error, WIP state
13-02-2022-20-05-57tile error, WIP state
13-02-2022-20-05-57tile error, WIP state
13-02-2022-20-05-57tile error, WIP state
13-02-2022-20-05-57tile error, WIP state
13-02-2022-20-05-58tile error, WIP state
13-02-2022-20-05-58tile error, WIP state
13-02-2022-20-05-58tile error, WIP state
13-02-2022-20-05-58tile error, WIP state
13-02-2022-20-05-58tile error, WIP state
13-02-2022-20-05-58tile error, WIP state
13-02-2022-20-05-58tile error, WIP state
13-02-2022-20-05-58tile error, WIP state
13-02-2022-20-05-58tile error, WIP state
13-02-2022-20-05-58tile error, WIP state
13-02-2022-20-05-58tile error, WIP state
13-02-2022-20-05-58tile error, WIP state
13-02-2022-20-05-58tile error, WIP state
13-02-2022-20-05-58tile error, WIP state
13-02-2022-20-05-58tile error, WIP state
13-02-2022-20-05-58tile error, WIP state
13-02-2022-20-05-58tile error, WIP state
13-02-2022-20-05-58tile error, WIP state
13-02-2022-20-05-58tile error, WIP state
13-02-2022-20-05-59tile error, WIP state
13-02-2022-20-05-59tile error, WIP state
13-02-2022-20-06-01tile error, WIP state
13-02-2022-20-06-01tile error, WIP state
13-02-2022-20-06-01tile error, WIP state
13-02-2022-20-06-01tile error, WIP state
13-02-2022-20-06-01tile error, WIP state
13-02-2022-20-06-01tile error, WIP state
13-02-2022-20-06-01tile error, WIP state
13-02-2022-20-06-01tile error, WIP state
13-02-2022-20-06-01tile error, WIP state
13-02-2022-20-06-01tile error, WIP state
13-02-2022-20-06-01tile error, WIP state
13-02-2022-20-06-01tile error, WIP state
13-02-2022-20-06-01tile error, WIP state
13-02-2022-20-06-01tile error, WIP state
13-02-2022-20-06-01tile error, WIP state
13-02-2022-20-06-02tile error, WIP state
13-02-2022-20-06-02tile error, WIP state
13-02-2022-20-06-02tile error, WIP state
13-02-2022-20-06-02tile error, WIP state
13-02-2022-20-06-02tile error, WIP state
13-02-2022-20-06-06tile error, WIP state
13-02-2022-20-06-06tile error, WIP state
13-02-2022-20-06-06tile error, WIP state
13-02-2022-20-06-06tile error, WIP state
13-02-2022-20-06-06tile error, WIP state
13-02-2022-20-06-06tile error, WIP state
13-02-2022-20-06-06tile error, WIP state
13-02-2022-20-06-06tile error, WIP state
13-02-2022-20-06-06tile error, WIP state
13-02-2022-20-06-06tile error, WIP state
13-02-2022-20-06-06tile error, WIP state
13-02-2022-20-06-06tile error, WIP state
13-02-2022-20-06-06tile error, WIP state
13-02-2022-20-06-06tile error, WIP state
13-02-2022-20-06-06tile error, WIP state
13-02-2022-20-06-06tile error, WIP state
13-02-2022-20-06-09tile error, WIP state
13-02-2022-20-06-09tile error, WIP state
13-02-2022-20-06-09tile error, WIP state
13-02-2022-20-06-09tile error, WIP state
13-02-2022-20-06-09tile error, WIP state
13-02-2022-20-06-09tile error, WIP state
13-02-2022-20-06-09tile error, WIP state
13-02-2022-20-06-09tile error, WIP state
13-02-2022-20-06-09tile error, WIP state
13-02-2022-20-06-09tile error, WIP state
13-02-2022-20-06-09tile error, WIP state
13-02-2022-20-06-09tile error, WIP state
13-02-2022-20-06-09tile error, WIP state
13-02-2022-20-06-09tile error, WIP state
13-02-2022-20-06-10tile error, WIP state
13-02-2022-20-06-10tile error, WIP state
13-02-2022-20-06-10tile error, WIP state
13-02-2022-20-06-10tile error, WIP state
13-02-2022-20-06-10tile error, WIP state
13-02-2022-20-06-10tile error, WIP state
13-02-2022-20-06-10tile error, WIP state
13-02-2022-20-06-10tile error, WIP state
13-02-2022-20-06-10tile error, WIP state
13-02-2022-20-06-10tile error, WIP state
13-02-2022-20-06-10tile error, WIP state
13-02-2022-20-06-10tile error, WIP state
13-02-2022-20-06-10tile error, WIP state
13-02-2022-20-06-10tile error, WIP state
13-02-2022-20-06-10tile error, WIP state
13-02-2022-20-06-10tile error, WIP state
13-02-2022-20-06-10tile error, WIP state
13-02-2022-20-06-10tile error, WIP state
13-02-2022-20-06-10tile error, WIP state
13-02-2022-20-06-11tile error, WIP state
13-02-2022-20-06-11tile error, WIP state
13-02-2022-20-06-11tile error, WIP state
13-02-2022-20-06-13tile error, WIP state
13-02-2022-20-06-13tile error, WIP state
13-02-2022-20-06-13tile error, WIP state
13-02-2022-20-06-13tile error, WIP state
13-02-2022-20-06-13tile error, WIP state
13-02-2022-20-06-13tile error, WIP state
13-02-2022-20-06-13tile error, WIP state
13-02-2022-20-06-13tile error, WIP state
13-02-2022-20-06-13tile error, WIP state
13-02-2022-20-06-13tile error, WIP state
13-02-2022-20-06-13tile error, WIP state
13-02-2022-20-06-13tile error, WIP state
13-02-2022-20-06-13tile error, WIP state
13-02-2022-20-06-13tile error, WIP state
13-02-2022-20-06-14tile error, WIP state
13-02-2022-20-06-14tile error, WIP state
13-02-2022-20-06-14tile error, WIP state
13-02-2022-20-06-14tile error, WIP state
13-02-2022-20-06-14tile error, WIP state
13-02-2022-20-06-14tile error, WIP state
13-02-2022-20-06-14tile error, WIP state
13-02-2022-20-06-14tile error, WIP state
13-02-2022-20-06-14tile error, WIP state
13-02-2022-20-06-14tile error, WIP state
13-02-2022-20-06-14tile error, WIP state
13-02-2022-20-06-14tile error, WIP state
13-02-2022-20-06-14tile error, WIP state
13-02-2022-20-06-14tile error, WIP state
13-02-2022-20-06-14tile error, WIP state
13-02-2022-20-06-14tile error, WIP state
13-02-2022-20-06-14tile error, WIP state
13-02-2022-20-06-14tile error, WIP state
13-02-2022-20-06-14tile error, WIP state
13-02-2022-20-06-14tile error, WIP state
13-02-2022-20-06-15tile error, WIP state
13-02-2022-20-06-15tile error, WIP state
13-02-2022-20-06-17tile error, WIP state
13-02-2022-20-06-17tile error, WIP state
13-02-2022-20-06-17tile error, WIP state
13-02-2022-20-06-17tile error, WIP state
13-02-2022-20-06-17tile error, WIP state
13-02-2022-20-06-17tile error, WIP state
13-02-2022-20-06-17tile error, WIP state
13-02-2022-20-06-17tile error, WIP state
13-02-2022-20-06-17tile error, WIP state
13-02-2022-20-06-17tile error, WIP state
13-02-2022-20-06-17tile error, WIP state
13-02-2022-20-06-17tile error, WIP state
13-02-2022-20-06-17tile error, WIP state
13-02-2022-20-06-17tile error, WIP state
13-02-2022-20-06-17tile error, WIP state
13-02-2022-20-06-18tile error, WIP state
13-02-2022-20-06-18tile error, WIP state
13-02-2022-20-06-18tile error, WIP state
13-02-2022-20-06-18tile error, WIP state
13-02-2022-20-06-18tile error, WIP state
13-02-2022-20-06-18tile error, WIP state
13-02-2022-20-06-18tile error, WIP state
13-02-2022-20-06-18tile error, WIP state
13-02-2022-20-06-18tile error, WIP state
13-02-2022-20-06-18tile error, WIP state
13-02-2022-20-06-18tile error, WIP state
13-02-2022-20-06-18tile error, WIP state
13-02-2022-20-06-18tile error, WIP state
13-02-2022-20-06-18tile error, WIP state
13-02-2022-20-06-18tile error, WIP state
13-02-2022-20-06-18tile error, WIP state
13-02-2022-20-06-18tile error, WIP state
13-02-2022-20-06-18tile error, WIP state
13-02-2022-20-06-18tile error, WIP state
13-02-2022-20-06-19tile error, WIP state
13-02-2022-20-06-19tile error, WIP state
13-02-2022-20-06-21tile error, WIP state
13-02-2022-20-06-21tile error, WIP state
13-02-2022-20-06-21tile error, WIP state
13-02-2022-20-06-21tile error, WIP state
13-02-2022-20-06-21tile error, WIP state
13-02-2022-20-06-21tile error, WIP state
13-02-2022-20-06-21tile error, WIP state
13-02-2022-20-06-21tile error, WIP state
13-02-2022-20-06-21tile error, WIP state
13-02-2022-20-06-21tile error, WIP state
13-02-2022-20-06-21tile error, WIP state
13-02-2022-20-06-21tile error, WIP state
13-02-2022-20-06-21tile error, WIP state
13-02-2022-20-06-21tile error, WIP state
13-02-2022-20-06-22tile error, WIP state
13-02-2022-20-06-22tile error, WIP state
13-02-2022-20-06-22tile error, WIP state
13-02-2022-20-06-22tile error, WIP state
13-02-2022-20-06-22tile error, WIP state
13-02-2022-20-06-22tile error, WIP state
13-02-2022-20-06-22tile error, WIP state
13-02-2022-20-06-22tile error, WIP state
13-02-2022-20-06-22tile error, WIP state
13-02-2022-20-06-22tile error, WIP state
13-02-2022-20-06-22tile error, WIP state
13-02-2022-20-06-22tile error, WIP state
13-02-2022-20-06-22tile error, WIP state
13-02-2022-20-06-22tile error, WIP state
13-02-2022-20-06-22tile error, WIP state
13-02-2022-20-06-22tile error, WIP state
13-02-2022-20-06-22tile error, WIP state
13-02-2022-20-06-22tile error, WIP state
13-02-2022-20-06-23tile error, WIP state
13-02-2022-20-06-23tile error, WIP state
13-02-2022-20-06-23tile error, WIP state
13-02-2022-20-06-23tile error, WIP state
13-02-2022-20-06-25tile error, WIP state
13-02-2022-20-06-25tile error, WIP state
13-02-2022-20-06-25tile error, WIP state
13-02-2022-20-06-25tile error, WIP state
13-02-2022-20-06-25tile error, WIP state
13-02-2022-20-06-25tile error, WIP state
13-02-2022-20-06-25tile error, WIP state
13-02-2022-20-06-25tile error, WIP state
13-02-2022-20-06-25tile error, WIP state
13-02-2022-20-06-25tile error, WIP state
13-02-2022-20-06-25tile error, WIP state
13-02-2022-20-06-25tile error, WIP state
13-02-2022-20-06-25tile error, WIP state
13-02-2022-20-06-25tile error, WIP state
13-02-2022-20-06-26tile error, WIP state
13-02-2022-20-06-26tile error, WIP state
13-02-2022-20-06-26tile error, WIP state
13-02-2022-20-06-26tile error, WIP state
13-02-2022-20-06-26tile error, WIP state
13-02-2022-20-06-26tile error, WIP state
13-02-2022-20-06-26tile error, WIP state
13-02-2022-20-06-26tile error, WIP state
13-02-2022-20-06-26tile error, WIP state
13-02-2022-20-06-26tile error, WIP state
13-02-2022-20-06-26tile error, WIP state
13-02-2022-20-06-26tile error, WIP state
13-02-2022-20-06-26tile error, WIP state
13-02-2022-20-06-26tile error, WIP state
13-02-2022-20-06-26tile error, WIP state
13-02-2022-20-06-26tile error, WIP state
13-02-2022-20-06-26tile error, WIP state
13-02-2022-20-06-26tile error, WIP state
13-02-2022-20-06-27tile error, WIP state
13-02-2022-20-06-27tile error, WIP state
13-02-2022-20-06-27tile error, WIP state
13-02-2022-20-06-27tile error, WIP state
13-02-2022-20-06-29tile error, WIP state
13-02-2022-20-06-29tile error, WIP state
13-02-2022-20-06-29tile error, WIP state
13-02-2022-20-06-29tile error, WIP state
13-02-2022-20-06-29tile error, WIP state
13-02-2022-20-06-29tile error, WIP state
13-02-2022-20-06-29tile error, WIP state
13-02-2022-20-06-29tile error, WIP state
13-02-2022-20-06-29tile error, WIP state
13-02-2022-20-06-29tile error, WIP state
13-02-2022-20-06-29tile error, WIP state
13-02-2022-20-06-29tile error, WIP state
13-02-2022-20-06-29tile error, WIP state
13-02-2022-20-06-29tile error, WIP state
13-02-2022-20-06-29tile error, WIP state
13-02-2022-20-06-30tile error, WIP state
13-02-2022-20-06-30tile error, WIP state
13-02-2022-20-06-30tile error, WIP state
13-02-2022-20-06-30tile error, WIP state
13-02-2022-20-06-30tile error, WIP state
13-02-2022-20-06-30tile error, WIP state
13-02-2022-20-06-30tile error, WIP state
13-02-2022-20-06-30tile error, WIP state
13-02-2022-20-06-31tile error, WIP state
13-02-2022-20-06-31tile error, WIP state
13-02-2022-20-06-31tile error, WIP state
13-02-2022-20-06-31tile error, WIP state
13-02-2022-20-06-31tile error, WIP state
13-02-2022-20-06-31tile error, WIP state
13-02-2022-20-06-31tile error, WIP state
13-02-2022-20-06-31tile error, WIP state
13-02-2022-20-06-31tile error, WIP state
13-02-2022-20-06-31tile error, WIP state
13-02-2022-20-06-31tile error, WIP state
13-02-2022-20-06-31tile error, WIP state
13-02-2022-20-06-31tile error, WIP state
13-02-2022-20-06-34tile error, WIP state
13-02-2022-20-06-34tile error, WIP state
13-02-2022-20-06-34tile error, WIP state
13-02-2022-20-06-34tile error, WIP state
13-02-2022-20-06-34tile error, WIP state
13-02-2022-20-06-34tile error, WIP state
13-02-2022-20-06-34tile error, WIP state
13-02-2022-20-06-34tile error, WIP state
13-02-2022-20-06-34tile error, WIP state
13-02-2022-20-06-34tile error, WIP state
13-02-2022-20-06-34tile error, WIP state
13-02-2022-20-06-34tile error, WIP state
13-02-2022-20-06-34tile error, WIP state
13-02-2022-20-06-34tile error, WIP state
13-02-2022-20-06-35tile error, WIP state
13-02-2022-20-06-35tile error, WIP state
13-02-2022-20-06-35tile error, WIP state
13-02-2022-20-06-35tile error, WIP state
13-02-2022-20-06-35tile error, WIP state
13-02-2022-20-06-35tile error, WIP state
13-02-2022-20-06-35tile error, WIP state
13-02-2022-20-06-35tile error, WIP state
13-02-2022-20-06-35tile error, WIP state
13-02-2022-20-06-35tile error, WIP state
13-02-2022-20-06-35tile error, WIP state
13-02-2022-20-06-35tile error, WIP state
13-02-2022-20-06-35tile error, WIP state
13-02-2022-20-06-35tile error, WIP state
13-02-2022-20-06-35tile error, WIP state
13-02-2022-20-06-35tile error, WIP state
13-02-2022-20-06-35tile error, WIP state
13-02-2022-20-06-35tile error, WIP state
13-02-2022-20-06-35tile error, WIP state
13-02-2022-20-06-36tile error, WIP state
13-02-2022-20-06-36tile error, WIP state
13-02-2022-20-06-36tile error, WIP state
13-02-2022-20-06-38tile error, WIP state
13-02-2022-20-06-38tile error, WIP state
13-02-2022-20-06-38tile error, WIP state
13-02-2022-20-06-38tile error, WIP state
13-02-2022-20-06-38tile error, WIP state
13-02-2022-20-06-38tile error, WIP state
13-02-2022-20-06-38tile error, WIP state
13-02-2022-20-06-38tile error, WIP state
13-02-2022-20-06-38tile error, WIP state
13-02-2022-20-06-38tile error, WIP state
13-02-2022-20-06-38tile error, WIP state
13-02-2022-20-06-38tile error, WIP state
13-02-2022-20-06-38tile error, WIP state
13-02-2022-20-06-39tile error, WIP state
13-02-2022-20-06-39tile error, WIP state
13-02-2022-20-06-39tile error, WIP state
13-02-2022-20-06-39tile error, WIP state
13-02-2022-20-06-39tile error, WIP state
13-02-2022-20-06-39tile error, WIP state
13-02-2022-20-06-39tile error, WIP state
13-02-2022-20-06-39tile error, WIP state
13-02-2022-20-06-39tile error, WIP state
13-02-2022-20-06-39tile error, WIP state
13-02-2022-20-06-39tile error, WIP state
13-02-2022-20-06-39tile error, WIP state
13-02-2022-20-06-39tile error, WIP state
13-02-2022-20-06-39tile error, WIP state
13-02-2022-20-06-39tile error, WIP state
13-02-2022-20-06-39tile error, WIP state
13-02-2022-20-06-39tile error, WIP state
13-02-2022-20-06-40tile error, WIP state
13-02-2022-20-06-40tile error, WIP state
13-02-2022-20-06-40tile error, WIP state
13-02-2022-20-06-40tile error, WIP state
13-02-2022-20-06-40tile error, WIP state
13-02-2022-20-06-40tile error, WIP state
13-02-2022-20-06-42tile error, WIP state
13-02-2022-20-06-42tile error, WIP state
13-02-2022-20-06-42tile error, WIP state
13-02-2022-20-06-42tile error, WIP state
13-02-2022-20-06-42tile error, WIP state
13-02-2022-20-06-42tile error, WIP state
13-02-2022-20-06-42tile error, WIP state
13-02-2022-20-06-42tile error, WIP state
13-02-2022-20-06-42tile error, WIP state
13-02-2022-20-06-42tile error, WIP state
13-02-2022-20-06-42tile error, WIP state
13-02-2022-20-06-42tile error, WIP state
13-02-2022-20-06-42tile error, WIP state
13-02-2022-20-06-43tile error, WIP state
13-02-2022-20-06-43tile error, WIP state
13-02-2022-20-06-43tile error, WIP state
13-02-2022-20-06-43tile error, WIP state
13-02-2022-20-06-43tile error, WIP state
13-02-2022-20-06-43tile error, WIP state
13-02-2022-20-06-43tile error, WIP state
13-02-2022-20-06-43tile error, WIP state
13-02-2022-20-06-43tile error, WIP state
13-02-2022-20-06-43tile error, WIP state
13-02-2022-20-06-43tile error, WIP state
13-02-2022-20-06-43tile error, WIP state
13-02-2022-20-06-43tile error, WIP state
13-02-2022-20-06-43tile error, WIP state
13-02-2022-20-06-43tile error, WIP state
13-02-2022-20-06-44tile error, WIP state
13-02-2022-20-06-44tile error, WIP state
13-02-2022-20-06-44tile error, WIP state
13-02-2022-20-06-44tile error, WIP state
13-02-2022-20-06-44tile error, WIP state
13-02-2022-20-06-44tile error, WIP state
13-02-2022-20-06-44tile error, WIP state
13-02-2022-20-06-44tile error, WIP state
13-02-2022-20-06-47tile error, WIP state
13-02-2022-20-06-47tile error, WIP state
13-02-2022-20-06-47tile error, WIP state
13-02-2022-20-06-47tile error, WIP state
13-02-2022-20-06-47tile error, WIP state
13-02-2022-20-06-47tile error, WIP state
13-02-2022-20-06-47tile error, WIP state
13-02-2022-20-06-47tile error, WIP state
13-02-2022-20-06-47tile error, WIP state
13-02-2022-20-06-47tile error, WIP state
13-02-2022-20-06-47tile error, WIP state
13-02-2022-20-06-47tile error, WIP state
13-02-2022-20-06-47tile error, WIP state
13-02-2022-20-06-48tile error, WIP state
13-02-2022-20-06-48tile error, WIP state
13-02-2022-20-06-48tile error, WIP state
13-02-2022-20-06-48tile error, WIP state
13-02-2022-20-06-48tile error, WIP state
13-02-2022-20-06-48tile error, WIP state
13-02-2022-20-06-48tile error, WIP state
13-02-2022-20-06-48tile error, WIP state
13-02-2022-20-06-48tile error, WIP state
13-02-2022-20-06-48tile error, WIP state
13-02-2022-20-06-48tile error, WIP state
13-02-2022-20-06-48tile error, WIP state
13-02-2022-20-06-48tile error, WIP state
13-02-2022-20-06-48tile error, WIP state
13-02-2022-20-06-48tile error, WIP state
13-02-2022-20-06-48tile error, WIP state
13-02-2022-20-06-48tile error, WIP state
13-02-2022-20-06-48tile error, WIP state
13-02-2022-20-06-48tile error, WIP state
13-02-2022-20-06-48tile error, WIP state
13-02-2022-20-06-49tile error, WIP state
13-02-2022-20-06-49tile error, WIP state
13-02-2022-20-06-49tile error, WIP state
13-02-2022-20-06-51tile error, WIP state
13-02-2022-20-06-51tile error, WIP state
13-02-2022-20-06-51tile error, WIP state
13-02-2022-20-06-51tile error, WIP state
13-02-2022-20-06-51tile error, WIP state
13-02-2022-20-06-51tile error, WIP state
13-02-2022-20-06-51tile error, WIP state
13-02-2022-20-06-51tile error, WIP state
13-02-2022-20-06-51tile error, WIP state
13-02-2022-20-06-51tile error, WIP state
13-02-2022-20-06-51tile error, WIP state
13-02-2022-20-06-51tile error, WIP state
13-02-2022-20-06-51tile error, WIP state
13-02-2022-20-06-51tile error, WIP state
13-02-2022-20-06-52tile error, WIP state
13-02-2022-20-06-52tile error, WIP state
13-02-2022-20-06-52tile error, WIP state
13-02-2022-20-06-52tile error, WIP state
13-02-2022-20-06-52tile error, WIP state
13-02-2022-20-06-52tile error, WIP state
13-02-2022-20-06-52tile error, WIP state
13-02-2022-20-06-52tile error, WIP state
13-02-2022-20-06-52tile error, WIP state
13-02-2022-20-06-52tile error, WIP state
13-02-2022-20-06-52tile error, WIP state
13-02-2022-20-06-52tile error, WIP state
13-02-2022-20-06-52tile error, WIP state
13-02-2022-20-06-52tile error, WIP state
13-02-2022-20-06-52tile error, WIP state
13-02-2022-20-06-52tile error, WIP state
13-02-2022-20-06-52tile error, WIP state
13-02-2022-20-06-52tile error, WIP state
13-02-2022-20-06-53tile error, WIP state
13-02-2022-20-06-53tile error, WIP state
13-02-2022-20-06-53tile error, WIP state
13-02-2022-20-06-53tile error, WIP state
13-02-2022-20-06-55tile error, WIP state
13-02-2022-20-06-55tile error, WIP state
13-02-2022-20-06-55tile error, WIP state
13-02-2022-20-06-55tile error, WIP state
13-02-2022-20-06-55tile error, WIP state
13-02-2022-20-06-55tile error, WIP state
13-02-2022-20-06-55tile error, WIP state
13-02-2022-20-06-55tile error, WIP state
13-02-2022-20-06-55tile error, WIP state
13-02-2022-20-06-55tile error, WIP state
13-02-2022-20-06-55tile error, WIP state
13-02-2022-20-06-55tile error, WIP state
13-02-2022-20-06-55tile error, WIP state
13-02-2022-20-06-56tile error, WIP state
13-02-2022-20-06-56tile error, WIP state
13-02-2022-20-06-56tile error, WIP state
13-02-2022-20-06-56tile error, WIP state
13-02-2022-20-06-56tile error, WIP state
13-02-2022-20-06-56tile error, WIP state
13-02-2022-20-06-56tile error, WIP state
13-02-2022-20-06-56tile error, WIP state
13-02-2022-20-06-56tile error, WIP state
13-02-2022-20-06-56tile error, WIP state
13-02-2022-20-06-56tile error, WIP state
13-02-2022-20-06-56tile error, WIP state
13-02-2022-20-06-56tile error, WIP state
13-02-2022-20-06-56tile error, WIP state
13-02-2022-20-06-56tile error, WIP state
13-02-2022-20-06-56tile error, WIP state
13-02-2022-20-06-56tile error, WIP state
13-02-2022-20-06-57tile error, WIP state
13-02-2022-20-06-57tile error, WIP state
13-02-2022-20-06-57tile error, WIP state
13-02-2022-20-06-57tile error, WIP state
13-02-2022-20-06-57tile error, WIP state
13-02-2022-20-06-57tile error, WIP state
13-02-2022-20-07-00tile error, WIP state
13-02-2022-20-07-00tile error, WIP state
13-02-2022-20-07-00tile error, WIP state
13-02-2022-20-07-00tile error, WIP state
13-02-2022-20-07-00tile error, WIP state
13-02-2022-20-07-00tile error, WIP state
13-02-2022-20-07-00tile error, WIP state
13-02-2022-20-07-00tile error, WIP state
13-02-2022-20-07-00tile error, WIP state
13-02-2022-20-07-00tile error, WIP state
13-02-2022-20-07-00tile error, WIP state
13-02-2022-20-07-00tile error, WIP state
13-02-2022-20-07-00tile error, WIP state
13-02-2022-20-07-00tile error, WIP state
13-02-2022-20-07-01tile error, WIP state
13-02-2022-20-07-01tile error, WIP state
13-02-2022-20-07-01tile error, WIP state
13-02-2022-20-07-01tile error, WIP state
13-02-2022-20-07-01tile error, WIP state
13-02-2022-20-07-01tile error, WIP state
13-02-2022-20-07-01tile error, WIP state
13-02-2022-20-07-01tile error, WIP state
13-02-2022-20-07-01tile error, WIP state
13-02-2022-20-07-01tile error, WIP state
13-02-2022-20-07-01tile error, WIP state
13-02-2022-20-07-01tile error, WIP state
13-02-2022-20-07-01tile error, WIP state
13-02-2022-20-07-01tile error, WIP state
13-02-2022-20-07-01tile error, WIP state
13-02-2022-20-07-01tile error, WIP state
13-02-2022-20-07-01tile error, WIP state
13-02-2022-20-07-01tile error, WIP state
13-02-2022-20-07-02tile error, WIP state
13-02-2022-20-07-02tile error, WIP state
13-02-2022-20-07-02tile error, WIP state
13-02-2022-20-07-02tile error, WIP state
13-02-2022-20-07-05tile error, WIP state
13-02-2022-20-07-05tile error, WIP state
13-02-2022-20-07-05tile error, WIP state
13-02-2022-20-07-05tile error, WIP state
13-02-2022-20-07-05tile error, WIP state
13-02-2022-20-07-05tile error, WIP state
13-02-2022-20-07-05tile error, WIP state
13-02-2022-20-07-05tile error, WIP state
13-02-2022-20-07-05tile error, WIP state
13-02-2022-20-07-05tile error, WIP state
13-02-2022-20-07-05tile error, WIP state
13-02-2022-20-07-05tile error, WIP state
13-02-2022-20-07-05tile error, WIP state
13-02-2022-20-07-06tile error, WIP state
13-02-2022-20-07-06tile error, WIP state
13-02-2022-20-07-06tile error, WIP state
13-02-2022-20-07-06tile error, WIP state
13-02-2022-20-07-06tile error, WIP state
13-02-2022-20-07-06tile error, WIP state
13-02-2022-20-07-06tile error, WIP state
13-02-2022-20-07-06tile error, WIP state
13-02-2022-20-07-06tile error, WIP state
13-02-2022-20-07-06tile error, WIP state
13-02-2022-20-07-06tile error, WIP state
13-02-2022-20-07-06tile error, WIP state
13-02-2022-20-07-06tile error, WIP state
13-02-2022-20-07-06tile error, WIP state
13-02-2022-20-07-06tile error, WIP state
13-02-2022-20-07-06tile error, WIP state
13-02-2022-20-07-06tile error, WIP state
13-02-2022-20-07-06tile error, WIP state
13-02-2022-20-07-07tile error, WIP state
13-02-2022-20-07-07tile error, WIP state
13-02-2022-20-07-07tile error, WIP state
13-02-2022-20-07-07tile error, WIP state
13-02-2022-20-07-07tile error, WIP state
13-02-2022-20-07-09tile error, WIP state
13-02-2022-20-07-09tile error, WIP state
13-02-2022-20-07-09tile error, WIP state
13-02-2022-20-07-09tile error, WIP state
13-02-2022-20-07-09tile error, WIP state
13-02-2022-20-07-09tile error, WIP state
13-02-2022-20-07-09tile error, WIP state
13-02-2022-20-07-09tile error, WIP state
13-02-2022-20-07-09tile error, WIP state
13-02-2022-20-07-09tile error, WIP state
13-02-2022-20-07-09tile error, WIP state
13-02-2022-20-07-09tile error, WIP state
13-02-2022-20-07-10tile error, WIP state
13-02-2022-20-07-10tile error, WIP state
13-02-2022-20-07-10tile error, WIP state
13-02-2022-20-07-10tile error, WIP state
13-02-2022-20-07-10tile error, WIP state
13-02-2022-20-07-10tile error, WIP state
13-02-2022-20-07-10tile error, WIP state
13-02-2022-20-07-10tile error, WIP state
13-02-2022-20-07-10tile error, WIP state
13-02-2022-20-07-10tile error, WIP state
13-02-2022-20-07-10tile error, WIP state
13-02-2022-20-07-10tile error, WIP state
13-02-2022-20-07-10tile error, WIP state
13-02-2022-20-07-10tile error, WIP state
13-02-2022-20-07-10tile error, WIP state
13-02-2022-20-07-10tile error, WIP state
13-02-2022-20-07-10tile error, WIP state
13-02-2022-20-07-10tile error, WIP state
13-02-2022-20-07-11tile error, WIP state
13-02-2022-20-07-11tile error, WIP state
13-02-2022-20-07-11tile error, WIP state
13-02-2022-20-07-11tile error, WIP state
13-02-2022-20-07-11tile error, WIP state
13-02-2022-20-07-11tile error, WIP state
13-02-2022-20-07-14tile error, WIP state
13-02-2022-20-07-14tile error, WIP state
13-02-2022-20-07-14tile error, WIP state
13-02-2022-20-07-14tile error, WIP state
13-02-2022-20-07-14tile error, WIP state
13-02-2022-20-07-14tile error, WIP state
13-02-2022-20-07-14tile error, WIP state
13-02-2022-20-07-14tile error, WIP state
13-02-2022-20-07-14tile error, WIP state
13-02-2022-20-07-14tile error, WIP state
13-02-2022-20-07-14tile error, WIP state
13-02-2022-20-07-14tile error, WIP state
13-02-2022-20-07-14tile error, WIP state
13-02-2022-20-07-15tile error, WIP state
13-02-2022-20-07-15tile error, WIP state
13-02-2022-20-07-15tile error, WIP state
13-02-2022-20-07-15tile error, WIP state
13-02-2022-20-07-15tile error, WIP state
13-02-2022-20-07-15tile error, WIP state
13-02-2022-20-07-15tile error, WIP state
13-02-2022-20-07-16tile error, WIP state
13-02-2022-20-07-16tile error, WIP state
13-02-2022-20-07-16tile error, WIP state
13-02-2022-20-07-16tile error, WIP state
13-02-2022-20-07-16tile error, WIP state
13-02-2022-20-07-16tile error, WIP state
13-02-2022-20-07-16tile error, WIP state
13-02-2022-20-07-16tile error, WIP state
13-02-2022-20-07-16tile error, WIP state
13-02-2022-20-07-16tile error, WIP state
13-02-2022-20-07-16tile error, WIP state
13-02-2022-20-07-16tile error, WIP state
13-02-2022-20-07-16tile error, WIP state
13-02-2022-20-07-16tile error, WIP state
13-02-2022-20-07-16tile error, WIP state
13-02-2022-20-07-16tile error, WIP state
13-02-2022-20-07-19tile error, WIP state
13-02-2022-20-07-19tile error, WIP state
13-02-2022-20-07-19tile error, WIP state
13-02-2022-20-07-19tile error, WIP state
13-02-2022-20-07-19tile error, WIP state
13-02-2022-20-07-19tile error, WIP state
13-02-2022-20-07-19tile error, WIP state
13-02-2022-20-07-19tile error, WIP state
13-02-2022-20-07-19tile error, WIP state
13-02-2022-20-07-19tile error, WIP state
13-02-2022-20-07-19tile error, WIP state
13-02-2022-20-07-19tile error, WIP state
13-02-2022-20-07-20tile error, WIP state
13-02-2022-20-07-20tile error, WIP state
13-02-2022-20-07-20tile error, WIP state
13-02-2022-20-07-20tile error, WIP state
13-02-2022-20-07-20tile error, WIP state
13-02-2022-20-07-20tile error, WIP state
13-02-2022-20-07-20tile error, WIP state
13-02-2022-20-07-20tile error, WIP state
13-02-2022-20-07-20tile error, WIP state
13-02-2022-20-07-20tile error, WIP state
13-02-2022-20-07-20tile error, WIP state
13-02-2022-20-07-20tile error, WIP state
13-02-2022-20-07-20tile error, WIP state
13-02-2022-20-07-20tile error, WIP state
13-02-2022-20-07-20tile error, WIP state
13-02-2022-20-07-20tile error, WIP state
13-02-2022-20-07-20tile error, WIP state
13-02-2022-20-07-20tile error, WIP state
13-02-2022-20-07-21tile error, WIP state
13-02-2022-20-07-21tile error, WIP state
13-02-2022-20-07-21tile error, WIP state
13-02-2022-20-07-21tile error, WIP state
13-02-2022-20-07-21tile error, WIP state
13-02-2022-20-07-21tile error, WIP state
13-02-2022-20-07-23tile error, WIP state
13-02-2022-20-07-23tile error, WIP state
13-02-2022-20-07-23tile error, WIP state
13-02-2022-20-07-23tile error, WIP state
13-02-2022-20-07-23tile error, WIP state
13-02-2022-20-07-23tile error, WIP state
13-02-2022-20-07-23tile error, WIP state
13-02-2022-20-07-23tile error, WIP state
13-02-2022-20-07-23tile error, WIP state
13-02-2022-20-07-23tile error, WIP state
13-02-2022-20-07-23tile error, WIP state
13-02-2022-20-07-23tile error, WIP state
13-02-2022-20-07-24tile error, WIP state
13-02-2022-20-07-24tile error, WIP state
13-02-2022-20-07-24tile error, WIP state
13-02-2022-20-07-24tile error, WIP state
13-02-2022-20-07-24tile error, WIP state
13-02-2022-20-07-24tile error, WIP state
13-02-2022-20-07-24tile error, WIP state
13-02-2022-20-07-24tile error, WIP state
13-02-2022-20-07-25tile error, WIP state
13-02-2022-20-07-25tile error, WIP state
13-02-2022-20-07-25tile error, WIP state
13-02-2022-20-07-25tile error, WIP state
13-02-2022-20-07-25tile error, WIP state
13-02-2022-20-07-25tile error, WIP state
13-02-2022-20-07-25tile error, WIP state
13-02-2022-20-07-25tile error, WIP state
13-02-2022-20-07-25tile error, WIP state
13-02-2022-20-07-25tile error, WIP state
13-02-2022-20-07-25tile error, WIP state
13-02-2022-20-07-25tile error, WIP state
13-02-2022-20-07-25tile error, WIP state
13-02-2022-20-07-25tile error, WIP state
13-02-2022-20-07-25tile error, WIP state
13-02-2022-20-07-25tile error, WIP state
13-02-2022-20-07-28tile error, WIP state
13-02-2022-20-07-28tile error, WIP state
13-02-2022-20-07-28tile error, WIP state
13-02-2022-20-07-28tile error, WIP state
13-02-2022-20-07-28tile error, WIP state
13-02-2022-20-07-28tile error, WIP state
13-02-2022-20-07-28tile error, WIP state
13-02-2022-20-07-28tile error, WIP state
13-02-2022-20-07-28tile error, WIP state
13-02-2022-20-07-28tile error, WIP state
13-02-2022-20-07-28tile error, WIP state
13-02-2022-20-07-29tile error, WIP state
13-02-2022-20-07-29tile error, WIP state
13-02-2022-20-07-29tile error, WIP state
13-02-2022-20-07-29tile error, WIP state
13-02-2022-20-07-29tile error, WIP state
13-02-2022-20-07-29tile error, WIP state
13-02-2022-20-07-29tile error, WIP state
13-02-2022-20-07-29tile error, WIP state
13-02-2022-20-07-29tile error, WIP state
13-02-2022-20-07-29tile error, WIP state
13-02-2022-20-07-29tile error, WIP state
13-02-2022-20-07-29tile error, WIP state
13-02-2022-20-07-29tile error, WIP state
13-02-2022-20-07-29tile error, WIP state
13-02-2022-20-07-29tile error, WIP state
13-02-2022-20-07-29tile error, WIP state
13-02-2022-20-07-29tile error, WIP state
13-02-2022-20-07-30tile error, WIP state
13-02-2022-20-07-30tile error, WIP state
13-02-2022-20-07-30tile error, WIP state
13-02-2022-20-07-30tile error, WIP state
13-02-2022-20-07-30tile error, WIP state
13-02-2022-20-07-30tile error, WIP state
13-02-2022-20-07-30tile error, WIP state
13-02-2022-20-07-30tile error, WIP state
13-02-2022-20-07-33tile error, WIP state
13-02-2022-20-07-33tile error, WIP state
13-02-2022-20-07-33tile error, WIP state
13-02-2022-20-07-33tile error, WIP state
13-02-2022-20-07-33tile error, WIP state
13-02-2022-20-07-33tile error, WIP state
13-02-2022-20-07-33tile error, WIP state
13-02-2022-20-07-33tile error, WIP state
13-02-2022-20-07-33tile error, WIP state
13-02-2022-20-07-33tile error, WIP state
13-02-2022-20-07-33tile error, WIP state
13-02-2022-20-07-33tile error, WIP state
13-02-2022-20-07-33tile error, WIP state
13-02-2022-20-07-34tile error, WIP state
13-02-2022-20-07-34tile error, WIP state
13-02-2022-20-07-34tile error, WIP state
13-02-2022-20-07-34tile error, WIP state
13-02-2022-20-07-34tile error, WIP state
13-02-2022-20-07-34tile error, WIP state
13-02-2022-20-07-34tile error, WIP state
13-02-2022-20-07-34tile error, WIP state
13-02-2022-20-07-34tile error, WIP state
13-02-2022-20-07-34tile error, WIP state
13-02-2022-20-07-34tile error, WIP state
13-02-2022-20-07-34tile error, WIP state
13-02-2022-20-07-34tile error, WIP state
13-02-2022-20-07-34tile error, WIP state
13-02-2022-20-07-34tile error, WIP state
13-02-2022-20-07-34tile error, WIP state
13-02-2022-20-07-34tile error, WIP state
13-02-2022-20-07-34tile error, WIP state
13-02-2022-20-07-34tile error, WIP state
13-02-2022-20-07-35tile error, WIP state
13-02-2022-20-07-35tile error, WIP state
13-02-2022-20-07-35tile error, WIP state
13-02-2022-20-07-35tile error, WIP state
13-02-2022-20-07-37tile error, WIP state
13-02-2022-20-07-37tile error, WIP state
13-02-2022-20-07-37tile error, WIP state
13-02-2022-20-07-37tile error, WIP state
13-02-2022-20-07-37tile error, WIP state
13-02-2022-20-07-37tile error, WIP state
13-02-2022-20-07-37tile error, WIP state
13-02-2022-20-07-37tile error, WIP state
13-02-2022-20-07-37tile error, WIP state
13-02-2022-20-07-37tile error, WIP state
13-02-2022-20-07-37tile error, WIP state
13-02-2022-20-07-37tile error, WIP state
13-02-2022-20-07-37tile error, WIP state
13-02-2022-20-07-38tile error, WIP state
13-02-2022-20-07-38tile error, WIP state
13-02-2022-20-07-38tile error, WIP state
13-02-2022-20-07-38tile error, WIP state
13-02-2022-20-07-38tile error, WIP state
13-02-2022-20-07-38tile error, WIP state
13-02-2022-20-07-38tile error, WIP state
13-02-2022-20-07-38tile error, WIP state
13-02-2022-20-07-38tile error, WIP state
13-02-2022-20-07-38tile error, WIP state
13-02-2022-20-07-38tile error, WIP state
13-02-2022-20-07-38tile error, WIP state
13-02-2022-20-07-38tile error, WIP state
13-02-2022-20-07-38tile error, WIP state
13-02-2022-20-07-38tile error, WIP state
13-02-2022-20-07-38tile error, WIP state
13-02-2022-20-07-38tile error, WIP state
13-02-2022-20-07-38tile error, WIP state
13-02-2022-20-07-38tile error, WIP state
13-02-2022-20-07-39tile error, WIP state
13-02-2022-20-07-39tile error, WIP state
13-02-2022-20-07-39tile error, WIP state
13-02-2022-20-07-39tile error, WIP state
13-02-2022-20-07-41tile error, WIP state
13-02-2022-20-07-41tile error, WIP state
13-02-2022-20-07-41tile error, WIP state
13-02-2022-20-07-41tile error, WIP state
13-02-2022-20-07-41tile error, WIP state
13-02-2022-20-07-41tile error, WIP state
13-02-2022-20-07-41tile error, WIP state
13-02-2022-20-07-41tile error, WIP state
13-02-2022-20-07-41tile error, WIP state
13-02-2022-20-07-41tile error, WIP state
13-02-2022-20-07-41tile error, WIP state
13-02-2022-20-07-41tile error, WIP state
13-02-2022-20-07-42tile error, WIP state
13-02-2022-20-07-42tile error, WIP state
13-02-2022-20-07-42tile error, WIP state
13-02-2022-20-07-42tile error, WIP state
13-02-2022-20-07-42tile error, WIP state
13-02-2022-20-07-42tile error, WIP state
13-02-2022-20-07-42tile error, WIP state
13-02-2022-20-07-42tile error, WIP state
13-02-2022-20-07-42tile error, WIP state
13-02-2022-20-07-42tile error, WIP state
13-02-2022-20-07-42tile error, WIP state
13-02-2022-20-07-42tile error, WIP state
13-02-2022-20-07-42tile error, WIP state
13-02-2022-20-07-42tile error, WIP state
13-02-2022-20-07-42tile error, WIP state
13-02-2022-20-07-42tile error, WIP state
13-02-2022-20-07-42tile error, WIP state
13-02-2022-20-07-42tile error, WIP state
13-02-2022-20-07-42tile error, WIP state
13-02-2022-20-07-42tile error, WIP state
13-02-2022-20-07-43tile error, WIP state
13-02-2022-20-07-43tile error, WIP state
13-02-2022-20-07-43tile error, WIP state
13-02-2022-20-07-43tile error, WIP state
13-02-2022-20-07-45tile error, WIP state
13-02-2022-20-07-45tile error, WIP state
13-02-2022-20-07-45tile error, WIP state
13-02-2022-20-07-45tile error, WIP state
13-02-2022-20-07-45tile error, WIP state
13-02-2022-20-07-45tile error, WIP state
13-02-2022-20-07-45tile error, WIP state
13-02-2022-20-07-45tile error, WIP state
13-02-2022-20-07-45tile error, WIP state
13-02-2022-20-07-45tile error, WIP state
13-02-2022-20-07-45tile error, WIP state
13-02-2022-20-07-45tile error, WIP state
13-02-2022-20-07-45tile error, WIP state
13-02-2022-20-07-45tile error, WIP state
13-02-2022-20-07-46tile error, WIP state
13-02-2022-20-07-46tile error, WIP state
13-02-2022-20-07-46tile error, WIP state
13-02-2022-20-07-46tile error, WIP state
13-02-2022-20-07-46tile error, WIP state
13-02-2022-20-07-46tile error, WIP state
13-02-2022-20-07-46tile error, WIP state
13-02-2022-20-07-46tile error, WIP state
13-02-2022-20-07-46tile error, WIP state
13-02-2022-20-07-46tile error, WIP state
13-02-2022-20-07-46tile error, WIP state
13-02-2022-20-07-46tile error, WIP state
13-02-2022-20-07-46tile error, WIP state
13-02-2022-20-07-46tile error, WIP state
13-02-2022-20-07-46tile error, WIP state
13-02-2022-20-07-46tile error, WIP state
13-02-2022-20-07-46tile error, WIP state
13-02-2022-20-07-46tile error, WIP state
13-02-2022-20-07-47tile error, WIP state
13-02-2022-20-07-47tile error, WIP state
13-02-2022-20-07-47tile error, WIP state
13-02-2022-20-07-47tile error, WIP state
13-02-2022-20-07-49tile error, WIP state
13-02-2022-20-07-49tile error, WIP state
13-02-2022-20-07-49tile error, WIP state
13-02-2022-20-07-49tile error, WIP state
13-02-2022-20-07-49tile error, WIP state
13-02-2022-20-07-49tile error, WIP state
13-02-2022-20-07-49tile error, WIP state
13-02-2022-20-07-49tile error, WIP state
13-02-2022-20-07-49tile error, WIP state
13-02-2022-20-07-49tile error, WIP state
13-02-2022-20-07-49tile error, WIP state
13-02-2022-20-07-49tile error, WIP state
13-02-2022-20-07-49tile error, WIP state
13-02-2022-20-07-50tile error, WIP state
13-02-2022-20-07-50tile error, WIP state
13-02-2022-20-07-50tile error, WIP state
13-02-2022-20-07-50tile error, WIP state
13-02-2022-20-07-50tile error, WIP state
13-02-2022-20-07-50tile error, WIP state
13-02-2022-20-07-50tile error, WIP state
13-02-2022-20-07-50tile error, WIP state
13-02-2022-20-07-50tile error, WIP state
13-02-2022-20-07-50tile error, WIP state
13-02-2022-20-07-50tile error, WIP state
13-02-2022-20-07-50tile error, WIP state
13-02-2022-20-07-50tile error, WIP state
13-02-2022-20-07-50tile error, WIP state
13-02-2022-20-07-50tile error, WIP state
13-02-2022-20-07-50tile error, WIP state
13-02-2022-20-07-50tile error, WIP state
13-02-2022-20-07-50tile error, WIP state
13-02-2022-20-07-50tile error, WIP state
13-02-2022-20-07-51tile error, WIP state
13-02-2022-20-07-51tile error, WIP state
13-02-2022-20-07-51tile error, WIP state
13-02-2022-20-07-51tile error, WIP state
13-02-2022-20-07-57tile error, WIP state
13-02-2022-20-07-57tile error, WIP state
13-02-2022-20-07-57tile error, WIP state
13-02-2022-20-07-57tile error, WIP state
13-02-2022-20-07-57tile error, WIP state
13-02-2022-20-07-57tile error, WIP state
13-02-2022-20-07-57tile error, WIP state
13-02-2022-20-07-57tile error, WIP state
13-02-2022-20-07-57tile error, WIP state
13-02-2022-20-07-57tile error, WIP state
13-02-2022-20-07-57tile error, WIP state
13-02-2022-20-07-57tile error, WIP state
13-02-2022-20-07-57tile error, WIP state
13-02-2022-20-07-57tile error, WIP state
13-02-2022-20-07-58tile error, WIP state
13-02-2022-20-07-58tile error, WIP state
13-02-2022-20-07-58tile error, WIP state
13-02-2022-20-07-58tile error, WIP state
13-02-2022-20-07-58tile error, WIP state
13-02-2022-20-07-58tile error, WIP state
13-02-2022-20-07-58tile error, WIP state
13-02-2022-20-07-58tile error, WIP state
13-02-2022-20-07-58tile error, WIP state
13-02-2022-20-07-58tile error, WIP state
13-02-2022-20-07-58tile error, WIP state
13-02-2022-20-07-58tile error, WIP state
13-02-2022-20-07-58tile error, WIP state
13-02-2022-20-07-58tile error, WIP state
13-02-2022-20-07-58tile error, WIP state
13-02-2022-20-07-58tile error, WIP state
13-02-2022-20-07-58tile error, WIP state
13-02-2022-20-07-58tile error, WIP state
13-02-2022-20-07-58tile error, WIP state
13-02-2022-20-07-59tile error, WIP state
13-02-2022-20-07-59tile error, WIP state
13-02-2022-20-07-59tile error, WIP state
13-02-2022-20-08-03tile error, WIP state
13-02-2022-20-08-03tile error, WIP state
13-02-2022-20-08-03tile error, WIP state
13-02-2022-20-08-04tile error, WIP state
13-02-2022-20-08-04tile error, WIP state
13-02-2022-20-08-04tile error, WIP state
13-02-2022-20-08-04tile error, WIP state
13-02-2022-20-08-04tile error, WIP state
13-02-2022-20-08-04tile error, WIP state
13-02-2022-20-08-04tile error, WIP state
13-02-2022-20-08-04tile error, WIP state
13-02-2022-20-08-04tile error, WIP state
13-02-2022-20-08-04tile error, WIP state
13-02-2022-20-08-04tile error, WIP state
13-02-2022-20-08-04tile error, WIP state
13-02-2022-20-08-04tile error, WIP state
13-02-2022-20-08-04tile error, WIP state
13-02-2022-20-08-04tile error, WIP state
13-02-2022-20-08-04tile error, WIP state
13-02-2022-20-08-04tile error, WIP state
13-02-2022-20-08-04tile error, WIP state
13-02-2022-20-08-05tile error, WIP state
13-02-2022-20-08-05tile error, WIP state
13-02-2022-20-08-05tile error, WIP state
13-02-2022-20-08-05tile error, WIP state
13-02-2022-20-08-05tile error, WIP state
13-02-2022-20-08-05tile error, WIP state
13-02-2022-20-08-05tile error, WIP state
13-02-2022-20-08-05tile error, WIP state
13-02-2022-20-08-05tile error, WIP state
13-02-2022-20-08-05tile error, WIP state
13-02-2022-20-08-05tile error, WIP state
13-02-2022-20-08-05tile error, WIP state
13-02-2022-20-08-05tile error, WIP state
13-02-2022-20-08-05tile error, WIP state
13-02-2022-20-08-05tile error, WIP state
13-02-2022-20-08-08tile error, WIP state
13-02-2022-20-08-08tile error, WIP state
13-02-2022-20-08-08tile error, WIP state
13-02-2022-20-08-08tile error, WIP state
13-02-2022-20-08-08tile error, WIP state
13-02-2022-20-08-08tile error, WIP state
13-02-2022-20-08-08tile error, WIP state
13-02-2022-20-08-08tile error, WIP state
13-02-2022-20-08-08tile error, WIP state
13-02-2022-20-08-08tile error, WIP state
13-02-2022-20-08-08tile error, WIP state
13-02-2022-20-08-08tile error, WIP state
13-02-2022-20-08-09tile error, WIP state
13-02-2022-20-08-09tile error, WIP state
13-02-2022-20-08-09tile error, WIP state
13-02-2022-20-08-09tile error, WIP state
13-02-2022-20-08-09tile error, WIP state
13-02-2022-20-08-09tile error, WIP state
13-02-2022-20-08-09tile error, WIP state
13-02-2022-20-08-09tile error, WIP state
13-02-2022-20-08-09tile error, WIP state
13-02-2022-20-08-09tile error, WIP state
13-02-2022-20-08-09tile error, WIP state
13-02-2022-20-08-09tile error, WIP state
13-02-2022-20-08-09tile error, WIP state
13-02-2022-20-08-09tile error, WIP state
13-02-2022-20-08-09tile error, WIP state
13-02-2022-20-08-09tile error, WIP state
13-02-2022-20-08-09tile error, WIP state
13-02-2022-20-08-09tile error, WIP state
13-02-2022-20-08-10tile error, WIP state
13-02-2022-20-08-10tile error, WIP state
13-02-2022-20-08-10tile error, WIP state
13-02-2022-20-08-10tile error, WIP state
13-02-2022-20-08-10tile error, WIP state
13-02-2022-20-08-10tile error, WIP state
13-02-2022-20-08-13tile error, WIP state
13-02-2022-20-08-13tile error, WIP state
13-02-2022-20-08-13tile error, WIP state
13-02-2022-20-08-14tile error, WIP state
13-02-2022-20-08-14tile error, WIP state
13-02-2022-20-08-14tile error, WIP state
13-02-2022-20-08-14tile error, WIP state
13-02-2022-20-08-14tile error, WIP state
13-02-2022-20-08-14tile error, WIP state
13-02-2022-20-08-14tile error, WIP state
13-02-2022-20-08-14tile error, WIP state
13-02-2022-20-08-14tile error, WIP state
13-02-2022-20-08-14tile error, WIP state
13-02-2022-20-08-14tile error, WIP state
13-02-2022-20-08-14tile error, WIP state
13-02-2022-20-08-14tile error, WIP state
13-02-2022-20-08-14tile error, WIP state
13-02-2022-20-08-14tile error, WIP state
13-02-2022-20-08-14tile error, WIP state
13-02-2022-20-08-14tile error, WIP state
13-02-2022-20-08-15tile error, WIP state
13-02-2022-20-08-15tile error, WIP state
13-02-2022-20-08-15tile error, WIP state
13-02-2022-20-08-15tile error, WIP state
13-02-2022-20-08-15tile error, WIP state
13-02-2022-20-08-15tile error, WIP state
13-02-2022-20-08-15tile error, WIP state
13-02-2022-20-08-15tile error, WIP state
13-02-2022-20-08-15tile error, WIP state
13-02-2022-20-08-15tile error, WIP state
13-02-2022-20-08-15tile error, WIP state
13-02-2022-20-08-15tile error, WIP state
13-02-2022-20-08-15tile error, WIP state
13-02-2022-20-08-15tile error, WIP state
13-02-2022-20-08-15tile error, WIP state
13-02-2022-20-08-15tile error, WIP state
13-02-2022-20-08-18tile error, WIP state
13-02-2022-20-08-18tile error, WIP state
13-02-2022-20-08-18tile error, WIP state
13-02-2022-20-08-18tile error, WIP state
13-02-2022-20-08-18tile error, WIP state
13-02-2022-20-08-18tile error, WIP state
13-02-2022-20-08-18tile error, WIP state
13-02-2022-20-08-18tile error, WIP state
13-02-2022-20-08-18tile error, WIP state
13-02-2022-20-08-18tile error, WIP state
13-02-2022-20-08-18tile error, WIP state
13-02-2022-20-08-19tile error, WIP state
13-02-2022-20-08-19tile error, WIP state
13-02-2022-20-08-19tile error, WIP state
13-02-2022-20-08-19tile error, WIP state
13-02-2022-20-08-19tile error, WIP state
13-02-2022-20-08-19tile error, WIP state
13-02-2022-20-08-19tile error, WIP state
13-02-2022-20-08-19tile error, WIP state
13-02-2022-20-08-19tile error, WIP state
13-02-2022-20-08-19tile error, WIP state
13-02-2022-20-08-19tile error, WIP state
13-02-2022-20-08-19tile error, WIP state
13-02-2022-20-08-19tile error, WIP state
13-02-2022-20-08-19tile error, WIP state
13-02-2022-20-08-19tile error, WIP state
13-02-2022-20-08-19tile error, WIP state
13-02-2022-20-08-19tile error, WIP state
13-02-2022-20-08-19tile error, WIP state
13-02-2022-20-08-20tile error, WIP state
13-02-2022-20-08-20tile error, WIP state
13-02-2022-20-08-20tile error, WIP state
13-02-2022-20-08-20tile error, WIP state
13-02-2022-20-08-20tile error, WIP state
13-02-2022-20-08-20tile error, WIP state
13-02-2022-20-08-20tile error, WIP state
13-02-2022-20-08-22tile error, WIP state
13-02-2022-20-08-22tile error, WIP state
13-02-2022-20-08-22tile error, WIP state
13-02-2022-20-08-22tile error, WIP state
13-02-2022-20-08-22tile error, WIP state
13-02-2022-20-08-22tile error, WIP state
13-02-2022-20-08-22tile error, WIP state
13-02-2022-20-08-22tile error, WIP state
13-02-2022-20-08-22tile error, WIP state
13-02-2022-20-08-22tile error, WIP state
13-02-2022-20-08-22tile error, WIP state
13-02-2022-20-08-22tile error, WIP state
13-02-2022-20-08-23tile error, WIP state
13-02-2022-20-08-23tile error, WIP state
13-02-2022-20-08-23tile error, WIP state
13-02-2022-20-08-23tile error, WIP state
13-02-2022-20-08-23tile error, WIP state
13-02-2022-20-08-23tile error, WIP state
13-02-2022-20-08-23tile error, WIP state
13-02-2022-20-08-23tile error, WIP state
13-02-2022-20-08-23tile error, WIP state
13-02-2022-20-08-23tile error, WIP state
13-02-2022-20-08-23tile error, WIP state
13-02-2022-20-08-23tile error, WIP state
13-02-2022-20-08-23tile error, WIP state
13-02-2022-20-08-23tile error, WIP state
13-02-2022-20-08-23tile error, WIP state
13-02-2022-20-08-23tile error, WIP state
13-02-2022-20-08-23tile error, WIP state
13-02-2022-20-08-23tile error, WIP state
13-02-2022-20-08-24tile error, WIP state
13-02-2022-20-08-24tile error, WIP state
13-02-2022-20-08-24tile error, WIP state
13-02-2022-20-08-24tile error, WIP state
13-02-2022-20-08-24tile error, WIP state
13-02-2022-20-08-24tile error, WIP state
13-02-2022-20-08-26tile error, WIP state
13-02-2022-20-08-26tile error, WIP state
13-02-2022-20-08-26tile error, WIP state
13-02-2022-20-08-26tile error, WIP state
13-02-2022-20-08-26tile error, WIP state
13-02-2022-20-08-26tile error, WIP state
13-02-2022-20-08-26tile error, WIP state
13-02-2022-20-08-26tile error, WIP state
13-02-2022-20-08-26tile error, WIP state
13-02-2022-20-08-26tile error, WIP state
13-02-2022-20-08-26tile error, WIP state
13-02-2022-20-08-26tile error, WIP state
13-02-2022-20-08-27tile error, WIP state
13-02-2022-20-08-27tile error, WIP state
13-02-2022-20-08-27tile error, WIP state
13-02-2022-20-08-27tile error, WIP state
13-02-2022-20-08-27tile error, WIP state
13-02-2022-20-08-27tile error, WIP state
13-02-2022-20-08-27tile error, WIP state
13-02-2022-20-08-27tile error, WIP state
13-02-2022-20-08-27tile error, WIP state
13-02-2022-20-08-27tile error, WIP state
13-02-2022-20-08-27tile error, WIP state
13-02-2022-20-08-27tile error, WIP state
13-02-2022-20-08-27tile error, WIP state
13-02-2022-20-08-27tile error, WIP state
13-02-2022-20-08-27tile error, WIP state
13-02-2022-20-08-27tile error, WIP state
13-02-2022-20-08-27tile error, WIP state
13-02-2022-20-08-28tile error, WIP state
13-02-2022-20-08-28tile error, WIP state
13-02-2022-20-08-28tile error, WIP state
13-02-2022-20-08-28tile error, WIP state
13-02-2022-20-08-28tile error, WIP state
13-02-2022-20-08-28tile error, WIP state
13-02-2022-20-08-28tile error, WIP state
13-02-2022-20-08-29tile error, WIP state
13-02-2022-20-08-31tile error, WIP state
13-02-2022-20-08-31tile error, WIP state
13-02-2022-20-08-31tile error, WIP state
13-02-2022-20-08-31tile error, WIP state
13-02-2022-20-08-31tile error, WIP state
13-02-2022-20-08-31tile error, WIP state
13-02-2022-20-08-31tile error, WIP state
13-02-2022-20-08-31tile error, WIP state
13-02-2022-20-08-31tile error, WIP state
13-02-2022-20-08-31tile error, WIP state
13-02-2022-20-08-31tile error, WIP state
13-02-2022-20-08-31tile error, WIP state
13-02-2022-20-08-32tile error, WIP state
13-02-2022-20-08-32tile error, WIP state
13-02-2022-20-08-32tile error, WIP state
13-02-2022-20-08-32tile error, WIP state
13-02-2022-20-08-32tile error, WIP state
13-02-2022-20-08-32tile error, WIP state
13-02-2022-20-08-32tile error, WIP state
13-02-2022-20-08-32tile error, WIP state
13-02-2022-20-08-32tile error, WIP state
13-02-2022-20-08-32tile error, WIP state
13-02-2022-20-08-32tile error, WIP state
13-02-2022-20-08-32tile error, WIP state
13-02-2022-20-08-32tile error, WIP state
13-02-2022-20-08-32tile error, WIP state
13-02-2022-20-08-32tile error, WIP state
13-02-2022-20-08-32tile error, WIP state
13-02-2022-20-08-32tile error, WIP state
13-02-2022-20-08-32tile error, WIP state
13-02-2022-20-08-32tile error, WIP state
13-02-2022-20-08-33tile error, WIP state
13-02-2022-20-08-33tile error, WIP state
13-02-2022-20-08-33tile error, WIP state
13-02-2022-20-08-33tile error, WIP state
13-02-2022-20-08-35tile error, WIP state
13-02-2022-20-08-35tile error, WIP state
13-02-2022-20-08-35tile error, WIP state
13-02-2022-20-08-35tile error, WIP state
13-02-2022-20-08-35tile error, WIP state
13-02-2022-20-08-35tile error, WIP state
13-02-2022-20-08-35tile error, WIP state
13-02-2022-20-08-35tile error, WIP state
13-02-2022-20-08-35tile error, WIP state
13-02-2022-20-08-35tile error, WIP state
13-02-2022-20-08-35tile error, WIP state
13-02-2022-20-08-35tile error, WIP state
13-02-2022-20-08-36tile error, WIP state
13-02-2022-20-08-36tile error, WIP state
13-02-2022-20-08-36tile error, WIP state
13-02-2022-20-08-36tile error, WIP state
13-02-2022-20-08-36tile error, WIP state
13-02-2022-20-08-36tile error, WIP state
13-02-2022-20-08-36tile error, WIP state
13-02-2022-20-08-36tile error, WIP state
13-02-2022-20-08-36tile error, WIP state
13-02-2022-20-08-36tile error, WIP state
13-02-2022-20-08-36tile error, WIP state
13-02-2022-20-08-36tile error, WIP state
13-02-2022-20-08-36tile error, WIP state
13-02-2022-20-08-36tile error, WIP state
13-02-2022-20-08-36tile error, WIP state
13-02-2022-20-08-36tile error, WIP state
13-02-2022-20-08-37tile error, WIP state
13-02-2022-20-08-37tile error, WIP state
13-02-2022-20-08-37tile error, WIP state
13-02-2022-20-08-37tile error, WIP state
13-02-2022-20-08-37tile error, WIP state
13-02-2022-20-08-37tile error, WIP state
13-02-2022-20-08-37tile error, WIP state
13-02-2022-20-08-37tile error, WIP state
13-02-2022-20-08-41tile error, WIP state
13-02-2022-20-08-41tile error, WIP state
13-02-2022-20-08-41tile error, WIP state
13-02-2022-20-08-41tile error, WIP state
13-02-2022-20-08-41tile error, WIP state
13-02-2022-20-08-41tile error, WIP state
13-02-2022-20-08-41tile error, WIP state
13-02-2022-20-08-41tile error, WIP state
13-02-2022-20-08-41tile error, WIP state
13-02-2022-20-08-41tile error, WIP state
13-02-2022-20-08-41tile error, WIP state
13-02-2022-20-08-41tile error, WIP state
13-02-2022-20-08-41tile error, WIP state
13-02-2022-20-08-42tile error, WIP state
13-02-2022-20-08-42tile error, WIP state
13-02-2022-20-08-42tile error, WIP state
13-02-2022-20-08-42tile error, WIP state
13-02-2022-20-08-42tile error, WIP state
13-02-2022-20-08-42tile error, WIP state
13-02-2022-20-08-42tile error, WIP state
13-02-2022-20-08-42tile error, WIP state
13-02-2022-20-08-42tile error, WIP state
13-02-2022-20-08-42tile error, WIP state
13-02-2022-20-08-42tile error, WIP state
13-02-2022-20-08-42tile error, WIP state
13-02-2022-20-08-42tile error, WIP state
13-02-2022-20-08-42tile error, WIP state
13-02-2022-20-08-42tile error, WIP state
13-02-2022-20-08-43tile error, WIP state
13-02-2022-20-08-43tile error, WIP state
13-02-2022-20-08-43tile error, WIP state
13-02-2022-20-08-43tile error, WIP state
13-02-2022-20-08-43tile error, WIP state
13-02-2022-20-08-43tile error, WIP state
13-02-2022-20-08-43tile error, WIP state
13-02-2022-20-08-43tile error, WIP state
13-02-2022-20-08-45tile error, WIP state
13-02-2022-20-08-45tile error, WIP state
13-02-2022-20-08-45tile error, WIP state
13-02-2022-20-08-45tile error, WIP state
13-02-2022-20-08-45tile error, WIP state
13-02-2022-20-08-45tile error, WIP state
13-02-2022-20-08-45tile error, WIP state
13-02-2022-20-08-45tile error, WIP state
13-02-2022-20-08-45tile error, WIP state
13-02-2022-20-08-45tile error, WIP state
13-02-2022-20-08-45tile error, WIP state
13-02-2022-20-08-45tile error, WIP state
13-02-2022-20-08-46tile error, WIP state
13-02-2022-20-08-46tile error, WIP state
13-02-2022-20-08-46tile error, WIP state
13-02-2022-20-08-46tile error, WIP state
13-02-2022-20-08-46tile error, WIP state
13-02-2022-20-08-46tile error, WIP state
13-02-2022-20-08-46tile error, WIP state
13-02-2022-20-08-46tile error, WIP state
13-02-2022-20-08-47tile error, WIP state
13-02-2022-20-08-47tile error, WIP state
13-02-2022-20-08-47tile error, WIP state
13-02-2022-20-08-47tile error, WIP state
13-02-2022-20-08-47tile error, WIP state
13-02-2022-20-08-47tile error, WIP state
13-02-2022-20-08-47tile error, WIP state
13-02-2022-20-08-47tile error, WIP state
13-02-2022-20-08-47tile error, WIP state
13-02-2022-20-08-47tile error, WIP state
13-02-2022-20-08-47tile error, WIP state
13-02-2022-20-08-47tile error, WIP state
13-02-2022-20-08-47tile error, WIP state
13-02-2022-20-08-47tile error, WIP state
13-02-2022-20-08-47tile error, WIP state
13-02-2022-20-08-47tile error, WIP state
13-02-2022-20-08-50tile error, WIP state
13-02-2022-20-08-50tile error, WIP state
13-02-2022-20-08-50tile error, WIP state
13-02-2022-20-08-50tile error, WIP state
13-02-2022-20-08-50tile error, WIP state
13-02-2022-20-08-50tile error, WIP state
13-02-2022-20-08-50tile error, WIP state
13-02-2022-20-08-50tile error, WIP state
13-02-2022-20-08-50tile error, WIP state
13-02-2022-20-08-50tile error, WIP state
13-02-2022-20-08-50tile error, WIP state
13-02-2022-20-08-50tile error, WIP state
13-02-2022-20-08-50tile error, WIP state
13-02-2022-20-08-51tile error, WIP state
13-02-2022-20-08-51tile error, WIP state
13-02-2022-20-08-51tile error, WIP state
13-02-2022-20-08-51tile error, WIP state
13-02-2022-20-08-51tile error, WIP state
13-02-2022-20-08-51tile error, WIP state
13-02-2022-20-08-51tile error, WIP state
13-02-2022-20-08-51tile error, WIP state
13-02-2022-20-08-51tile error, WIP state
13-02-2022-20-08-51tile error, WIP state
13-02-2022-20-08-51tile error, WIP state
13-02-2022-20-08-51tile error, WIP state
13-02-2022-20-08-51tile error, WIP state
13-02-2022-20-08-51tile error, WIP state
13-02-2022-20-08-51tile error, WIP state
13-02-2022-20-08-51tile error, WIP state
13-02-2022-20-08-51tile error, WIP state
13-02-2022-20-08-51tile error, WIP state
13-02-2022-20-08-51tile error, WIP state
13-02-2022-20-08-52tile error, WIP state
13-02-2022-20-08-52tile error, WIP state
13-02-2022-20-08-52tile error, WIP state
13-02-2022-20-08-52tile error, WIP state
13-02-2022-20-08-59tile error, WIP state
13-02-2022-20-08-59tile error, WIP state
13-02-2022-20-08-59tile error, WIP state
13-02-2022-20-08-59tile error, WIP state
13-02-2022-20-08-59tile error, WIP state
13-02-2022-20-08-59tile error, WIP state
13-02-2022-20-08-59tile error, WIP state
13-02-2022-20-08-59tile error, WIP state
13-02-2022-20-08-59tile error, WIP state
13-02-2022-20-08-59tile error, WIP state
13-02-2022-20-08-59tile error, WIP state
13-02-2022-20-08-59tile error, WIP state
13-02-2022-20-09-00tile error, WIP state
13-02-2022-20-09-00tile error, WIP state
13-02-2022-20-09-00tile error, WIP state
13-02-2022-20-09-00tile error, WIP state
13-02-2022-20-09-00tile error, WIP state
13-02-2022-20-09-00tile error, WIP state
13-02-2022-20-09-00tile error, WIP state
13-02-2022-20-09-00tile error, WIP state
13-02-2022-20-09-00tile error, WIP state
13-02-2022-20-09-00tile error, WIP state
13-02-2022-20-09-00tile error, WIP state
13-02-2022-20-09-00tile error, WIP state
13-02-2022-20-09-00tile error, WIP state
13-02-2022-20-09-00tile error, WIP state
13-02-2022-20-09-00tile error, WIP state
13-02-2022-20-09-00tile error, WIP state
13-02-2022-20-09-00tile error, WIP state
13-02-2022-20-09-00tile error, WIP state
13-02-2022-20-09-00tile error, WIP state
13-02-2022-20-09-00tile error, WIP state
13-02-2022-20-09-00tile error, WIP state
13-02-2022-20-09-00tile error, WIP state
13-02-2022-20-09-01tile error, WIP state
13-02-2022-20-09-01tile error, WIP state
13-02-2022-20-09-03tile error, WIP state
13-02-2022-20-09-03tile error, WIP state
13-02-2022-20-09-03tile error, WIP state
13-02-2022-20-09-03tile error, WIP state
13-02-2022-20-09-03tile error, WIP state
13-02-2022-20-09-03tile error, WIP state
13-02-2022-20-09-03tile error, WIP state
13-02-2022-20-09-03tile error, WIP state
13-02-2022-20-09-03tile error, WIP state
13-02-2022-20-09-03tile error, WIP state
13-02-2022-20-09-03tile error, WIP state
13-02-2022-20-09-03tile error, WIP state
13-02-2022-20-09-03tile error, WIP state
13-02-2022-20-09-04tile error, WIP state
13-02-2022-20-09-04tile error, WIP state
13-02-2022-20-09-04tile error, WIP state
13-02-2022-20-09-04tile error, WIP state
13-02-2022-20-09-04tile error, WIP state
13-02-2022-20-09-04tile error, WIP state
13-02-2022-20-09-04tile error, WIP state
13-02-2022-20-09-04tile error, WIP state
13-02-2022-20-09-04tile error, WIP state
13-02-2022-20-09-04tile error, WIP state
13-02-2022-20-09-04tile error, WIP state
13-02-2022-20-09-04tile error, WIP state
13-02-2022-20-09-04tile error, WIP state
13-02-2022-20-09-04tile error, WIP state
13-02-2022-20-09-04tile error, WIP state
13-02-2022-20-09-04tile error, WIP state
13-02-2022-20-09-04tile error, WIP state
13-02-2022-20-09-04tile error, WIP state
13-02-2022-20-09-04tile error, WIP state
13-02-2022-20-09-04tile error, WIP state
13-02-2022-20-09-04tile error, WIP state
13-02-2022-20-09-05tile error, WIP state
13-02-2022-20-09-05tile error, WIP state
13-02-2022-20-09-07tile error, WIP state
13-02-2022-20-09-07tile error, WIP state
13-02-2022-20-09-07tile error, WIP state
13-02-2022-20-09-07tile error, WIP state
13-02-2022-20-09-07tile error, WIP state
13-02-2022-20-09-07tile error, WIP state
13-02-2022-20-09-07tile error, WIP state
13-02-2022-20-09-07tile error, WIP state
13-02-2022-20-09-07tile error, WIP state
13-02-2022-20-09-07tile error, WIP state
13-02-2022-20-09-07tile error, WIP state
13-02-2022-20-09-07tile error, WIP state
13-02-2022-20-09-07tile error, WIP state
13-02-2022-20-09-08tile error, WIP state
13-02-2022-20-09-08tile error, WIP state
13-02-2022-20-09-08tile error, WIP state
13-02-2022-20-09-08tile error, WIP state
13-02-2022-20-09-08tile error, WIP state
13-02-2022-20-09-08tile error, WIP state
13-02-2022-20-09-08tile error, WIP state
13-02-2022-20-09-08tile error, WIP state
13-02-2022-20-09-08tile error, WIP state
13-02-2022-20-09-08tile error, WIP state
13-02-2022-20-09-08tile error, WIP state
13-02-2022-20-09-08tile error, WIP state
13-02-2022-20-09-08tile error, WIP state
13-02-2022-20-09-08tile error, WIP state
13-02-2022-20-09-08tile error, WIP state
13-02-2022-20-09-08tile error, WIP state
13-02-2022-20-09-08tile error, WIP state
13-02-2022-20-09-08tile error, WIP state
13-02-2022-20-09-08tile error, WIP state
13-02-2022-20-09-08tile error, WIP state
13-02-2022-20-09-08tile error, WIP state
13-02-2022-20-09-09tile error, WIP state
13-02-2022-20-09-09tile error, WIP state
13-02-2022-20-09-12tile error, WIP state
13-02-2022-20-09-12tile error, WIP state
13-02-2022-20-09-12tile error, WIP state
13-02-2022-20-09-12tile error, WIP state
13-02-2022-20-09-12tile error, WIP state
13-02-2022-20-09-12tile error, WIP state
13-02-2022-20-09-12tile error, WIP state
13-02-2022-20-09-12tile error, WIP state
13-02-2022-20-09-12tile error, WIP state
13-02-2022-20-09-12tile error, WIP state
13-02-2022-20-09-12tile error, WIP state
13-02-2022-20-09-12tile error, WIP state
13-02-2022-20-09-12tile error, WIP state
13-02-2022-20-09-12tile error, WIP state
13-02-2022-20-09-13tile error, WIP state
13-02-2022-20-09-13tile error, WIP state
13-02-2022-20-09-13tile error, WIP state
13-02-2022-20-09-13tile error, WIP state
13-02-2022-20-09-13tile error, WIP state
13-02-2022-20-09-13tile error, WIP state
13-02-2022-20-09-13tile error, WIP state
13-02-2022-20-09-13tile error, WIP state
13-02-2022-20-09-13tile error, WIP state
13-02-2022-20-09-13tile error, WIP state
13-02-2022-20-09-13tile error, WIP state
13-02-2022-20-09-13tile error, WIP state
13-02-2022-20-09-13tile error, WIP state
13-02-2022-20-09-13tile error, WIP state
13-02-2022-20-09-13tile error, WIP state
13-02-2022-20-09-13tile error, WIP state
13-02-2022-20-09-13tile error, WIP state
13-02-2022-20-09-13tile error, WIP state
13-02-2022-20-09-13tile error, WIP state
13-02-2022-20-09-13tile error, WIP state
13-02-2022-20-09-13tile error, WIP state
13-02-2022-20-09-13tile error, WIP state
13-02-2022-20-09-16tile error, WIP state
13-02-2022-20-09-16tile error, WIP state
13-02-2022-20-09-16tile error, WIP state
13-02-2022-20-09-16tile error, WIP state
13-02-2022-20-09-16tile error, WIP state
13-02-2022-20-09-16tile error, WIP state
13-02-2022-20-09-16tile error, WIP state
13-02-2022-20-09-16tile error, WIP state
13-02-2022-20-09-16tile error, WIP state
13-02-2022-20-09-16tile error, WIP state
13-02-2022-20-09-16tile error, WIP state
13-02-2022-20-09-16tile error, WIP state
13-02-2022-20-09-16tile error, WIP state
13-02-2022-20-09-17tile error, WIP state
13-02-2022-20-09-17tile error, WIP state
13-02-2022-20-09-17tile error, WIP state
13-02-2022-20-09-17tile error, WIP state
13-02-2022-20-09-17tile error, WIP state
13-02-2022-20-09-17tile error, WIP state
13-02-2022-20-09-17tile error, WIP state
13-02-2022-20-09-17tile error, WIP state
13-02-2022-20-09-17tile error, WIP state
13-02-2022-20-09-17tile error, WIP state
13-02-2022-20-09-17tile error, WIP state
13-02-2022-20-09-17tile error, WIP state
13-02-2022-20-09-17tile error, WIP state
13-02-2022-20-09-17tile error, WIP state
13-02-2022-20-09-17tile error, WIP state
13-02-2022-20-09-17tile error, WIP state
13-02-2022-20-09-17tile error, WIP state
13-02-2022-20-09-17tile error, WIP state
13-02-2022-20-09-17tile error, WIP state
13-02-2022-20-09-18tile error, WIP state
13-02-2022-20-09-18tile error, WIP state
13-02-2022-20-09-18tile error, WIP state
13-02-2022-20-09-18tile error, WIP state
13-02-2022-20-09-20tile error, WIP state
13-02-2022-20-09-20tile error, WIP state
13-02-2022-20-09-20tile error, WIP state
13-02-2022-20-09-20tile error, WIP state
13-02-2022-20-09-20tile error, WIP state
13-02-2022-20-09-20tile error, WIP state
13-02-2022-20-09-20tile error, WIP state
13-02-2022-20-09-20tile error, WIP state
13-02-2022-20-09-20tile error, WIP state
13-02-2022-20-09-20tile error, WIP state
13-02-2022-20-09-20tile error, WIP state
13-02-2022-20-09-20tile error, WIP state
13-02-2022-20-09-20tile error, WIP state
13-02-2022-20-09-21tile error, WIP state
13-02-2022-20-09-21tile error, WIP state
13-02-2022-20-09-21tile error, WIP state
13-02-2022-20-09-21tile error, WIP state
13-02-2022-20-09-21tile error, WIP state
13-02-2022-20-09-21tile error, WIP state
13-02-2022-20-09-21tile error, WIP state
13-02-2022-20-09-21tile error, WIP state
13-02-2022-20-09-21tile error, WIP state
13-02-2022-20-09-21tile error, WIP state
13-02-2022-20-09-21tile error, WIP state
13-02-2022-20-09-21tile error, WIP state
13-02-2022-20-09-21tile error, WIP state
13-02-2022-20-09-21tile error, WIP state
13-02-2022-20-09-21tile error, WIP state
13-02-2022-20-09-21tile error, WIP state
13-02-2022-20-09-21tile error, WIP state
13-02-2022-20-09-21tile error, WIP state
13-02-2022-20-09-21tile error, WIP state
13-02-2022-20-09-21tile error, WIP state
13-02-2022-20-09-22tile error, WIP state
13-02-2022-20-09-22tile error, WIP state
13-02-2022-20-09-22tile error, WIP state
13-02-2022-20-09-25tile error, WIP state
13-02-2022-20-09-25tile error, WIP state
13-02-2022-20-09-25tile error, WIP state
13-02-2022-20-09-25tile error, WIP state
13-02-2022-20-09-25tile error, WIP state
13-02-2022-20-09-25tile error, WIP state
13-02-2022-20-09-25tile error, WIP state
13-02-2022-20-09-25tile error, WIP state
13-02-2022-20-09-25tile error, WIP state
13-02-2022-20-09-25tile error, WIP state
13-02-2022-20-09-25tile error, WIP state
13-02-2022-20-09-25tile error, WIP state
13-02-2022-20-09-25tile error, WIP state
13-02-2022-20-09-25tile error, WIP state
13-02-2022-20-09-26tile error, WIP state
13-02-2022-20-09-26tile error, WIP state
13-02-2022-20-09-26tile error, WIP state
13-02-2022-20-09-26tile error, WIP state
13-02-2022-20-09-26tile error, WIP state
13-02-2022-20-09-26tile error, WIP state
13-02-2022-20-09-26tile error, WIP state
13-02-2022-20-09-26tile error, WIP state
13-02-2022-20-09-26tile error, WIP state
13-02-2022-20-09-26tile error, WIP state
13-02-2022-20-09-26tile error, WIP state
13-02-2022-20-09-26tile error, WIP state
13-02-2022-20-09-26tile error, WIP state
13-02-2022-20-09-26tile error, WIP state
13-02-2022-20-09-26tile error, WIP state
13-02-2022-20-09-26tile error, WIP state
13-02-2022-20-09-26tile error, WIP state
13-02-2022-20-09-26tile error, WIP state
13-02-2022-20-09-26tile error, WIP state
13-02-2022-20-09-26tile error, WIP state
13-02-2022-20-09-27tile error, WIP state
13-02-2022-20-09-27tile error, WIP state
13-02-2022-20-09-35tile error, WIP state
13-02-2022-20-09-35tile error, WIP state
13-02-2022-20-09-35tile error, WIP state
13-02-2022-20-09-35tile error, WIP state
13-02-2022-20-09-35tile error, WIP state
13-02-2022-20-09-35tile error, WIP state
13-02-2022-20-09-35tile error, WIP state
13-02-2022-20-09-35tile error, WIP state
13-02-2022-20-09-35tile error, WIP state
13-02-2022-20-09-35tile error, WIP state
13-02-2022-20-09-35tile error, WIP state
13-02-2022-20-09-35tile error, WIP state
13-02-2022-20-09-35tile error, WIP state
13-02-2022-20-09-35tile error, WIP state
13-02-2022-20-09-36tile error, WIP state
13-02-2022-20-09-36tile error, WIP state
13-02-2022-20-09-36tile error, WIP state
13-02-2022-20-09-36tile error, WIP state
13-02-2022-20-09-36tile error, WIP state
13-02-2022-20-09-36tile error, WIP state
13-02-2022-20-09-36tile error, WIP state
13-02-2022-20-09-36tile error, WIP state
13-02-2022-20-09-36tile error, WIP state
13-02-2022-20-09-36tile error, WIP state
13-02-2022-20-09-36tile error, WIP state
13-02-2022-20-09-36tile error, WIP state
13-02-2022-20-09-36tile error, WIP state
13-02-2022-20-09-36tile error, WIP state
13-02-2022-20-09-36tile error, WIP state
13-02-2022-20-09-36tile error, WIP state
13-02-2022-20-09-36tile error, WIP state
13-02-2022-20-09-36tile error, WIP state
13-02-2022-20-09-36tile error, WIP state
13-02-2022-20-09-36tile error, WIP state
13-02-2022-20-09-37tile error, WIP state
13-02-2022-20-09-37tile error, WIP state
13-02-2022-20-09-40tile error, WIP state
13-02-2022-20-09-40tile error, WIP state
13-02-2022-20-09-40tile error, WIP state
13-02-2022-20-09-40tile error, WIP state
13-02-2022-20-09-40tile error, WIP state
13-02-2022-20-09-40tile error, WIP state
13-02-2022-20-09-40tile error, WIP state
13-02-2022-20-09-40tile error, WIP state
13-02-2022-20-09-40tile error, WIP state
13-02-2022-20-09-40tile error, WIP state
13-02-2022-20-09-40tile error, WIP state
13-02-2022-20-09-40tile error, WIP state
13-02-2022-20-09-41tile error, WIP state
13-02-2022-20-09-41tile error, WIP state
13-02-2022-20-09-41tile error, WIP state
13-02-2022-20-09-41tile error, WIP state
13-02-2022-20-09-41tile error, WIP state
13-02-2022-20-09-41tile error, WIP state
13-02-2022-20-09-41tile error, WIP state
13-02-2022-20-09-41tile error, WIP state
13-02-2022-20-09-41tile error, WIP state
13-02-2022-20-09-41tile error, WIP state
13-02-2022-20-09-41tile error, WIP state
13-02-2022-20-09-41tile error, WIP state
13-02-2022-20-09-41tile error, WIP state
13-02-2022-20-09-41tile error, WIP state
13-02-2022-20-09-41tile error, WIP state
13-02-2022-20-09-41tile error, WIP state
13-02-2022-20-09-41tile error, WIP state
13-02-2022-20-09-41tile error, WIP state
13-02-2022-20-09-42tile error, WIP state
13-02-2022-20-09-42tile error, WIP state
13-02-2022-20-09-42tile error, WIP state
13-02-2022-20-09-42tile error, WIP state
13-02-2022-20-09-42tile error, WIP state
13-02-2022-20-09-42tile error, WIP state
13-02-2022-20-09-44tile error, WIP state
13-02-2022-20-09-44tile error, WIP state
13-02-2022-20-09-44tile error, WIP state
13-02-2022-20-09-44tile error, WIP state
13-02-2022-20-09-44tile error, WIP state
13-02-2022-20-09-44tile error, WIP state
13-02-2022-20-09-44tile error, WIP state
13-02-2022-20-09-44tile error, WIP state
13-02-2022-20-09-44tile error, WIP state
13-02-2022-20-09-44tile error, WIP state
13-02-2022-20-09-44tile error, WIP state
13-02-2022-20-09-44tile error, WIP state
13-02-2022-20-09-45tile error, WIP state
13-02-2022-20-09-45tile error, WIP state
13-02-2022-20-09-45tile error, WIP state
13-02-2022-20-09-45tile error, WIP state
13-02-2022-20-09-45tile error, WIP state
13-02-2022-20-09-45tile error, WIP state
13-02-2022-20-09-45tile error, WIP state
13-02-2022-20-09-45tile error, WIP state
13-02-2022-20-09-45tile error, WIP state
13-02-2022-20-09-45tile error, WIP state
13-02-2022-20-09-45tile error, WIP state
13-02-2022-20-09-45tile error, WIP state
13-02-2022-20-09-45tile error, WIP state
13-02-2022-20-09-45tile error, WIP state
13-02-2022-20-09-45tile error, WIP state
13-02-2022-20-09-45tile error, WIP state
13-02-2022-20-09-45tile error, WIP state
13-02-2022-20-09-45tile error, WIP state
13-02-2022-20-09-45tile error, WIP state
13-02-2022-20-09-46tile error, WIP state
13-02-2022-20-09-46tile error, WIP state
13-02-2022-20-09-46tile error, WIP state
13-02-2022-20-09-46tile error, WIP state
13-02-2022-20-09-46tile error, WIP state
13-02-2022-20-09-48tile error, WIP state
13-02-2022-20-09-48tile error, WIP state
13-02-2022-20-09-48tile error, WIP state
13-02-2022-20-09-48tile error, WIP state
13-02-2022-20-09-48tile error, WIP state
13-02-2022-20-09-48tile error, WIP state
13-02-2022-20-09-48tile error, WIP state
13-02-2022-20-09-48tile error, WIP state
13-02-2022-20-09-48tile error, WIP state
13-02-2022-20-09-48tile error, WIP state
13-02-2022-20-09-48tile error, WIP state
13-02-2022-20-09-48tile error, WIP state
13-02-2022-20-09-48tile error, WIP state
13-02-2022-20-09-49tile error, WIP state
13-02-2022-20-09-49tile error, WIP state
13-02-2022-20-09-49tile error, WIP state
13-02-2022-20-09-49tile error, WIP state
13-02-2022-20-09-49tile error, WIP state
13-02-2022-20-09-49tile error, WIP state
13-02-2022-20-09-49tile error, WIP state
13-02-2022-20-09-49tile error, WIP state
13-02-2022-20-09-49tile error, WIP state
13-02-2022-20-09-49tile error, WIP state
13-02-2022-20-09-49tile error, WIP state
13-02-2022-20-09-49tile error, WIP state
13-02-2022-20-09-49tile error, WIP state
13-02-2022-20-09-49tile error, WIP state
13-02-2022-20-09-49tile error, WIP state
13-02-2022-20-09-49tile error, WIP state
13-02-2022-20-09-49tile error, WIP state
13-02-2022-20-09-49tile error, WIP state
13-02-2022-20-09-50tile error, WIP state
13-02-2022-20-09-50tile error, WIP state
13-02-2022-20-09-50tile error, WIP state
13-02-2022-20-09-50tile error, WIP state
13-02-2022-20-09-50tile error, WIP state
13-02-2022-20-09-52tile error, WIP state
13-02-2022-20-09-52tile error, WIP state
13-02-2022-20-09-52tile error, WIP state
13-02-2022-20-09-52tile error, WIP state
13-02-2022-20-09-52tile error, WIP state
13-02-2022-20-09-52tile error, WIP state
13-02-2022-20-09-52tile error, WIP state
13-02-2022-20-09-52tile error, WIP state
13-02-2022-20-09-52tile error, WIP state
13-02-2022-20-09-52tile error, WIP state
13-02-2022-20-09-52tile error, WIP state
13-02-2022-20-09-52tile error, WIP state
13-02-2022-20-09-53tile error, WIP state
13-02-2022-20-09-53tile error, WIP state
13-02-2022-20-09-53tile error, WIP state
13-02-2022-20-09-53tile error, WIP state
13-02-2022-20-09-53tile error, WIP state
13-02-2022-20-09-53tile error, WIP state
13-02-2022-20-09-53tile error, WIP state
13-02-2022-20-09-53tile error, WIP state
13-02-2022-20-09-53tile error, WIP state
13-02-2022-20-09-53tile error, WIP state
13-02-2022-20-09-54tile error, WIP state
13-02-2022-20-09-54tile error, WIP state
13-02-2022-20-09-54tile error, WIP state
13-02-2022-20-09-54tile error, WIP state
13-02-2022-20-09-54tile error, WIP state
13-02-2022-20-09-54tile error, WIP state
13-02-2022-20-09-54tile error, WIP state
13-02-2022-20-09-54tile error, WIP state
13-02-2022-20-09-54tile error, WIP state
13-02-2022-20-09-54tile error, WIP state
13-02-2022-20-09-54tile error, WIP state
13-02-2022-20-09-54tile error, WIP state
13-02-2022-20-09-54tile error, WIP state
13-02-2022-20-09-54tile error, WIP state
13-02-2022-20-10-02tile error, WIP state
13-02-2022-20-10-02tile error, WIP state
13-02-2022-20-10-02tile error, WIP state
13-02-2022-20-10-02tile error, WIP state
13-02-2022-20-10-02tile error, WIP state
13-02-2022-20-10-02tile error, WIP state
13-02-2022-20-10-02tile error, WIP state
13-02-2022-20-10-02tile error, WIP state
13-02-2022-20-10-02tile error, WIP state
13-02-2022-20-10-02tile error, WIP state
13-02-2022-20-10-02tile error, WIP state
13-02-2022-20-10-02tile error, WIP state
13-02-2022-20-10-02tile error, WIP state
13-02-2022-20-10-02tile error, WIP state
13-02-2022-20-10-03tile error, WIP state
13-02-2022-20-10-03tile error, WIP state
13-02-2022-20-10-03tile error, WIP state
13-02-2022-20-10-03tile error, WIP state
13-02-2022-20-10-03tile error, WIP state
13-02-2022-20-10-03tile error, WIP state
13-02-2022-20-10-03tile error, WIP state
13-02-2022-20-10-03tile error, WIP state
13-02-2022-20-10-03tile error, WIP state
13-02-2022-20-10-03tile error, WIP state
13-02-2022-20-10-03tile error, WIP state
13-02-2022-20-10-03tile error, WIP state
13-02-2022-20-10-03tile error, WIP state
13-02-2022-20-10-03tile error, WIP state
13-02-2022-20-10-03tile error, WIP state
13-02-2022-20-10-03tile error, WIP state
13-02-2022-20-10-03tile error, WIP state
13-02-2022-20-10-03tile error, WIP state
13-02-2022-20-10-03tile error, WIP state
13-02-2022-20-10-03tile error, WIP state
13-02-2022-20-10-03tile error, WIP state
13-02-2022-20-10-04tile error, WIP state
13-02-2022-20-10-07tile error, WIP state
13-02-2022-20-10-07tile error, WIP state
13-02-2022-20-10-07tile error, WIP state
13-02-2022-20-10-07tile error, WIP state
13-02-2022-20-10-07tile error, WIP state
13-02-2022-20-10-07tile error, WIP state
13-02-2022-20-10-07tile error, WIP state
13-02-2022-20-10-07tile error, WIP state
13-02-2022-20-10-07tile error, WIP state
13-02-2022-20-10-07tile error, WIP state
13-02-2022-20-10-07tile error, WIP state
13-02-2022-20-10-07tile error, WIP state
13-02-2022-20-10-07tile error, WIP state
13-02-2022-20-10-08tile error, WIP state
13-02-2022-20-10-08tile error, WIP state
13-02-2022-20-10-08tile error, WIP state
13-02-2022-20-10-08tile error, WIP state
13-02-2022-20-10-08tile error, WIP state
13-02-2022-20-10-08tile error, WIP state
13-02-2022-20-10-08tile error, WIP state
13-02-2022-20-10-08tile error, WIP state
13-02-2022-20-10-08tile error, WIP state
13-02-2022-20-10-08tile error, WIP state
13-02-2022-20-10-08tile error, WIP state
13-02-2022-20-10-08tile error, WIP state
13-02-2022-20-10-08tile error, WIP state
13-02-2022-20-10-08tile error, WIP state
13-02-2022-20-10-08tile error, WIP state
13-02-2022-20-10-08tile error, WIP state
13-02-2022-20-10-08tile error, WIP state
13-02-2022-20-10-08tile error, WIP state
13-02-2022-20-10-08tile error, WIP state
13-02-2022-20-10-08tile error, WIP state
13-02-2022-20-10-09tile error, WIP state
13-02-2022-20-10-09tile error, WIP state
13-02-2022-20-10-09tile error, WIP state
13-02-2022-20-10-16tile error, WIP state
13-02-2022-20-10-16tile error, WIP state
13-02-2022-20-10-16tile error, WIP state
13-02-2022-20-10-16tile error, WIP state
13-02-2022-20-10-16tile error, WIP state
13-02-2022-20-10-16tile error, WIP state
13-02-2022-20-10-16tile error, WIP state
13-02-2022-20-10-16tile error, WIP state
13-02-2022-20-10-16tile error, WIP state
13-02-2022-20-10-16tile error, WIP state
13-02-2022-20-10-16tile error, WIP state
13-02-2022-20-10-17tile error, WIP state
13-02-2022-20-10-17tile error, WIP state
13-02-2022-20-10-17tile error, WIP state
13-02-2022-20-10-17tile error, WIP state
13-02-2022-20-10-17tile error, WIP state
13-02-2022-20-10-17tile error, WIP state
13-02-2022-20-10-17tile error, WIP state
13-02-2022-20-10-17tile error, WIP state
13-02-2022-20-10-17tile error, WIP state
13-02-2022-20-10-17tile error, WIP state
13-02-2022-20-10-17tile error, WIP state
13-02-2022-20-10-17tile error, WIP state
13-02-2022-20-10-17tile error, WIP state
13-02-2022-20-10-17tile error, WIP state
13-02-2022-20-10-17tile error, WIP state
13-02-2022-20-10-17tile error, WIP state
13-02-2022-20-10-17tile error, WIP state
13-02-2022-20-10-17tile error, WIP state
13-02-2022-20-10-17tile error, WIP state
13-02-2022-20-10-17tile error, WIP state
13-02-2022-20-10-17tile error, WIP state
13-02-2022-20-10-17tile error, WIP state
13-02-2022-20-10-18tile error, WIP state
13-02-2022-20-10-18tile error, WIP state
13-02-2022-20-10-18tile error, WIP state
13-02-2022-20-10-21tile error, WIP state
13-02-2022-20-10-21tile error, WIP state
13-02-2022-20-10-21tile error, WIP state
13-02-2022-20-10-21tile error, WIP state
13-02-2022-20-10-21tile error, WIP state
13-02-2022-20-10-21tile error, WIP state
13-02-2022-20-10-21tile error, WIP state
13-02-2022-20-10-21tile error, WIP state
13-02-2022-20-10-21tile error, WIP state
13-02-2022-20-10-21tile error, WIP state
13-02-2022-20-10-21tile error, WIP state
13-02-2022-20-10-21tile error, WIP state
13-02-2022-20-10-21tile error, WIP state
13-02-2022-20-10-21tile error, WIP state
13-02-2022-20-10-22tile error, WIP state
13-02-2022-20-10-22tile error, WIP state
13-02-2022-20-10-22tile error, WIP state
13-02-2022-20-10-22tile error, WIP state
13-02-2022-20-10-22tile error, WIP state
13-02-2022-20-10-22tile error, WIP state
13-02-2022-20-10-22tile error, WIP state
13-02-2022-20-10-22tile error, WIP state
13-02-2022-20-10-22tile error, WIP state
13-02-2022-20-10-22tile error, WIP state
13-02-2022-20-10-22tile error, WIP state
13-02-2022-20-10-22tile error, WIP state
13-02-2022-20-10-22tile error, WIP state
13-02-2022-20-10-22tile error, WIP state
13-02-2022-20-10-22tile error, WIP state
13-02-2022-20-10-22tile error, WIP state
13-02-2022-20-10-22tile error, WIP state
13-02-2022-20-10-22tile error, WIP state
13-02-2022-20-10-22tile error, WIP state
13-02-2022-20-10-22tile error, WIP state
13-02-2022-20-10-22tile error, WIP state
13-02-2022-20-10-23tile error, WIP state
13-02-2022-20-10-25tile error, WIP state
13-02-2022-20-10-25tile error, WIP state
13-02-2022-20-10-25tile error, WIP state
13-02-2022-20-10-25tile error, WIP state
13-02-2022-20-10-25tile error, WIP state
13-02-2022-20-10-25tile error, WIP state
13-02-2022-20-10-25tile error, WIP state
13-02-2022-20-10-25tile error, WIP state
13-02-2022-20-10-25tile error, WIP state
13-02-2022-20-10-25tile error, WIP state
13-02-2022-20-10-25tile error, WIP state
13-02-2022-20-10-25tile error, WIP state
13-02-2022-20-10-25tile error, WIP state
13-02-2022-20-10-26tile error, WIP state
13-02-2022-20-10-26tile error, WIP state
13-02-2022-20-10-26tile error, WIP state
13-02-2022-20-10-26tile error, WIP state
13-02-2022-20-10-26tile error, WIP state
13-02-2022-20-10-26tile error, WIP state
13-02-2022-20-10-26tile error, WIP state
13-02-2022-20-10-26tile error, WIP state
13-02-2022-20-10-26tile error, WIP state
13-02-2022-20-10-26tile error, WIP state
13-02-2022-20-10-26tile error, WIP state
13-02-2022-20-10-26tile error, WIP state
13-02-2022-20-10-26tile error, WIP state
13-02-2022-20-10-26tile error, WIP state
13-02-2022-20-10-26tile error, WIP state
13-02-2022-20-10-26tile error, WIP state
13-02-2022-20-10-26tile error, WIP state
13-02-2022-20-10-26tile error, WIP state
13-02-2022-20-10-26tile error, WIP state
13-02-2022-20-10-26tile error, WIP state
13-02-2022-20-10-27tile error, WIP state
13-02-2022-20-10-27tile error, WIP state
13-02-2022-20-10-27tile error, WIP state
13-02-2022-20-10-31tile error, WIP state
13-02-2022-20-10-31tile error, WIP state
13-02-2022-20-10-31tile error, WIP state
13-02-2022-20-10-31tile error, WIP state
13-02-2022-20-10-31tile error, WIP state
13-02-2022-20-10-31tile error, WIP state
13-02-2022-20-10-31tile error, WIP state
13-02-2022-20-10-31tile error, WIP state
13-02-2022-20-10-31tile error, WIP state
13-02-2022-20-10-31tile error, WIP state
13-02-2022-20-10-31tile error, WIP state
13-02-2022-20-10-31tile error, WIP state
13-02-2022-20-10-31tile error, WIP state
13-02-2022-20-10-32tile error, WIP state
13-02-2022-20-10-32tile error, WIP state
13-02-2022-20-10-32tile error, WIP state
13-02-2022-20-10-32tile error, WIP state
13-02-2022-20-10-32tile error, WIP state
13-02-2022-20-10-32tile error, WIP state
13-02-2022-20-10-32tile error, WIP state
13-02-2022-20-10-32tile error, WIP state
13-02-2022-20-10-32tile error, WIP state
13-02-2022-20-10-32tile error, WIP state
13-02-2022-20-10-32tile error, WIP state
13-02-2022-20-10-32tile error, WIP state
13-02-2022-20-10-32tile error, WIP state
13-02-2022-20-10-32tile error, WIP state
13-02-2022-20-10-32tile error, WIP state
13-02-2022-20-10-32tile error, WIP state
13-02-2022-20-10-32tile error, WIP state
13-02-2022-20-10-32tile error, WIP state
13-02-2022-20-10-32tile error, WIP state
13-02-2022-20-10-32tile error, WIP state
13-02-2022-20-10-33tile error, WIP state
13-02-2022-20-10-33tile error, WIP state
13-02-2022-20-10-33tile error, WIP state
13-02-2022-20-10-35tile error, WIP state
13-02-2022-20-10-35tile error, WIP state
13-02-2022-20-10-35tile error, WIP state
13-02-2022-20-10-35tile error, WIP state
13-02-2022-20-10-35tile error, WIP state
13-02-2022-20-10-35tile error, WIP state
13-02-2022-20-10-35tile error, WIP state
13-02-2022-20-10-35tile error, WIP state
13-02-2022-20-10-35tile error, WIP state
13-02-2022-20-10-35tile error, WIP state
13-02-2022-20-10-35tile error, WIP state
13-02-2022-20-10-35tile error, WIP state
13-02-2022-20-10-36tile error, WIP state
13-02-2022-20-10-36tile error, WIP state
13-02-2022-20-10-36tile error, WIP state
13-02-2022-20-10-36tile error, WIP state
13-02-2022-20-10-36tile error, WIP state
13-02-2022-20-10-36tile error, WIP state
13-02-2022-20-10-36tile error, WIP state
13-02-2022-20-10-36tile error, WIP state
13-02-2022-20-10-36tile error, WIP state
13-02-2022-20-10-36tile error, WIP state
13-02-2022-20-10-36tile error, WIP state
13-02-2022-20-10-36tile error, WIP state
13-02-2022-20-10-36tile error, WIP state
13-02-2022-20-10-36tile error, WIP state
13-02-2022-20-10-36tile error, WIP state
13-02-2022-20-10-36tile error, WIP state
13-02-2022-20-10-36tile error, WIP state
13-02-2022-20-10-36tile error, WIP state
13-02-2022-20-10-36tile error, WIP state
13-02-2022-20-10-36tile error, WIP state
13-02-2022-20-10-37tile error, WIP state
13-02-2022-20-10-37tile error, WIP state
13-02-2022-20-10-37tile error, WIP state
13-02-2022-20-10-37tile error, WIP state
13-02-2022-20-10-44tile error, WIP state
13-02-2022-20-10-44tile error, WIP state
13-02-2022-20-10-44tile error, WIP state
13-02-2022-20-10-44tile error, WIP state
13-02-2022-20-10-44tile error, WIP state
13-02-2022-20-10-44tile error, WIP state
13-02-2022-20-10-44tile error, WIP state
13-02-2022-20-10-44tile error, WIP state
13-02-2022-20-10-44tile error, WIP state
13-02-2022-20-10-44tile error, WIP state
13-02-2022-20-10-45tile error, WIP state
13-02-2022-20-10-45tile error, WIP state
13-02-2022-20-10-45tile error, WIP state
13-02-2022-20-10-45tile error, WIP state
13-02-2022-20-10-45tile error, WIP state
13-02-2022-20-10-45tile error, WIP state
13-02-2022-20-10-45tile error, WIP state
13-02-2022-20-10-45tile error, WIP state
13-02-2022-20-10-45tile error, WIP state
13-02-2022-20-10-45tile error, WIP state
13-02-2022-20-10-45tile error, WIP state
13-02-2022-20-10-45tile error, WIP state
13-02-2022-20-10-45tile error, WIP state
13-02-2022-20-10-45tile error, WIP state
13-02-2022-20-10-45tile error, WIP state
13-02-2022-20-10-45tile error, WIP state
13-02-2022-20-10-45tile error, WIP state
13-02-2022-20-10-45tile error, WIP state
13-02-2022-20-10-45tile error, WIP state
13-02-2022-20-10-46tile error, WIP state
13-02-2022-20-10-46tile error, WIP state
13-02-2022-20-10-46tile error, WIP state
13-02-2022-20-10-46tile error, WIP state
13-02-2022-20-10-46tile error, WIP state
13-02-2022-20-10-46tile error, WIP state
13-02-2022-20-10-46tile error, WIP state
13-02-2022-20-10-49tile error, WIP state
13-02-2022-20-10-49tile error, WIP state
13-02-2022-20-10-49tile error, WIP state
13-02-2022-20-10-49tile error, WIP state
13-02-2022-20-10-49tile error, WIP state
13-02-2022-20-10-49tile error, WIP state
13-02-2022-20-10-49tile error, WIP state
13-02-2022-20-10-49tile error, WIP state
13-02-2022-20-10-49tile error, WIP state
13-02-2022-20-10-49tile error, WIP state
13-02-2022-20-10-49tile error, WIP state
13-02-2022-20-10-49tile error, WIP state
13-02-2022-20-10-49tile error, WIP state
13-02-2022-20-10-50tile error, WIP state
13-02-2022-20-10-50tile error, WIP state
13-02-2022-20-10-50tile error, WIP state
13-02-2022-20-10-50tile error, WIP state
13-02-2022-20-10-50tile error, WIP state
13-02-2022-20-10-50tile error, WIP state
13-02-2022-20-10-50tile error, WIP state
13-02-2022-20-10-50tile error, WIP state
13-02-2022-20-10-50tile error, WIP state
13-02-2022-20-10-50tile error, WIP state
13-02-2022-20-10-50tile error, WIP state
13-02-2022-20-10-50tile error, WIP state
13-02-2022-20-10-50tile error, WIP state
13-02-2022-20-10-50tile error, WIP state
13-02-2022-20-10-50tile error, WIP state
13-02-2022-20-10-50tile error, WIP state
13-02-2022-20-10-50tile error, WIP state
13-02-2022-20-10-50tile error, WIP state
13-02-2022-20-10-50tile error, WIP state
13-02-2022-20-10-50tile error, WIP state
13-02-2022-20-10-51tile error, WIP state
13-02-2022-20-10-51tile error, WIP state
13-02-2022-20-10-51tile error, WIP state
13-02-2022-20-10-53tile error, WIP state
13-02-2022-20-10-53tile error, WIP state
13-02-2022-20-10-53tile error, WIP state
13-02-2022-20-10-53tile error, WIP state
13-02-2022-20-10-53tile error, WIP state
13-02-2022-20-10-53tile error, WIP state
13-02-2022-20-10-53tile error, WIP state
13-02-2022-20-10-53tile error, WIP state
13-02-2022-20-10-53tile error, WIP state
13-02-2022-20-10-53tile error, WIP state
13-02-2022-20-10-53tile error, WIP state
13-02-2022-20-10-53tile error, WIP state
13-02-2022-20-10-54tile error, WIP state
13-02-2022-20-10-54tile error, WIP state
13-02-2022-20-10-54tile error, WIP state
13-02-2022-20-10-54tile error, WIP state
13-02-2022-20-10-54tile error, WIP state
13-02-2022-20-10-54tile error, WIP state
13-02-2022-20-10-54tile error, WIP state
13-02-2022-20-10-54tile error, WIP state
13-02-2022-20-10-54tile error, WIP state
13-02-2022-20-10-54tile error, WIP state
13-02-2022-20-10-54tile error, WIP state
13-02-2022-20-10-54tile error, WIP state
13-02-2022-20-10-54tile error, WIP state
13-02-2022-20-10-54tile error, WIP state
13-02-2022-20-10-54tile error, WIP state
13-02-2022-20-10-54tile error, WIP state
13-02-2022-20-10-54tile error, WIP state
13-02-2022-20-10-54tile error, WIP state
13-02-2022-20-10-54tile error, WIP state
13-02-2022-20-10-54tile error, WIP state
13-02-2022-20-10-55tile error, WIP state
13-02-2022-20-10-55tile error, WIP state
13-02-2022-20-10-55tile error, WIP state
13-02-2022-20-10-55tile error, WIP state
13-02-2022-20-10-57tile error, WIP state
13-02-2022-20-10-57tile error, WIP state
13-02-2022-20-10-57tile error, WIP state
13-02-2022-20-10-57tile error, WIP state
13-02-2022-20-10-57tile error, WIP state
13-02-2022-20-10-57tile error, WIP state
13-02-2022-20-10-57tile error, WIP state
13-02-2022-20-10-57tile error, WIP state
13-02-2022-20-10-57tile error, WIP state
13-02-2022-20-10-57tile error, WIP state
13-02-2022-20-10-57tile error, WIP state
13-02-2022-20-10-57tile error, WIP state
13-02-2022-20-10-58tile error, WIP state
13-02-2022-20-10-58tile error, WIP state
13-02-2022-20-10-58tile error, WIP state
13-02-2022-20-10-58tile error, WIP state
13-02-2022-20-10-58tile error, WIP state
13-02-2022-20-10-58tile error, WIP state
13-02-2022-20-10-58tile error, WIP state
13-02-2022-20-10-58tile error, WIP state
13-02-2022-20-10-58tile error, WIP state
13-02-2022-20-10-58tile error, WIP state
13-02-2022-20-10-58tile error, WIP state
13-02-2022-20-10-58tile error, WIP state
13-02-2022-20-10-58tile error, WIP state
13-02-2022-20-10-58tile error, WIP state
13-02-2022-20-10-58tile error, WIP state
13-02-2022-20-10-58tile error, WIP state
13-02-2022-20-10-58tile error, WIP state
13-02-2022-20-10-58tile error, WIP state
13-02-2022-20-10-58tile error, WIP state
13-02-2022-20-10-59tile error, WIP state
13-02-2022-20-10-59tile error, WIP state
13-02-2022-20-10-59tile error, WIP state
13-02-2022-20-10-59tile error, WIP state
13-02-2022-20-10-59tile error, WIP state
13-02-2022-20-11-07tile error, WIP state
13-02-2022-20-11-07tile error, WIP state
13-02-2022-20-11-07tile error, WIP state
13-02-2022-20-11-07tile error, WIP state
13-02-2022-20-11-07tile error, WIP state
13-02-2022-20-11-07tile error, WIP state
13-02-2022-20-11-07tile error, WIP state
13-02-2022-20-11-07tile error, WIP state
13-02-2022-20-11-07tile error, WIP state
13-02-2022-20-11-07tile error, WIP state
13-02-2022-20-11-07tile error, WIP state
13-02-2022-20-11-07tile error, WIP state
13-02-2022-20-11-08tile error, WIP state
13-02-2022-20-11-08tile error, WIP state
13-02-2022-20-11-08tile error, WIP state
13-02-2022-20-11-08tile error, WIP state
13-02-2022-20-11-08tile error, WIP state
13-02-2022-20-11-08tile error, WIP state
13-02-2022-20-11-08tile error, WIP state
13-02-2022-20-11-08tile error, WIP state
13-02-2022-20-11-08tile error, WIP state
13-02-2022-20-11-08tile error, WIP state
13-02-2022-20-11-08tile error, WIP state
13-02-2022-20-11-08tile error, WIP state
13-02-2022-20-11-08tile error, WIP state
13-02-2022-20-11-08tile error, WIP state
13-02-2022-20-11-08tile error, WIP state
13-02-2022-20-11-08tile error, WIP state
13-02-2022-20-11-08tile error, WIP state
13-02-2022-20-11-08tile error, WIP state
13-02-2022-20-11-08tile error, WIP state
13-02-2022-20-11-08tile error, WIP state
13-02-2022-20-11-08tile error, WIP state
13-02-2022-20-11-09tile error, WIP state
13-02-2022-20-11-09tile error, WIP state
13-02-2022-20-11-09tile error, WIP state
13-02-2022-20-11-12tile error, WIP state
13-02-2022-20-11-12tile error, WIP state
13-02-2022-20-11-12tile error, WIP state
13-02-2022-20-11-12tile error, WIP state
13-02-2022-20-11-12tile error, WIP state
13-02-2022-20-11-12tile error, WIP state
13-02-2022-20-11-12tile error, WIP state
13-02-2022-20-11-12tile error, WIP state
13-02-2022-20-11-12tile error, WIP state
13-02-2022-20-11-12tile error, WIP state
13-02-2022-20-11-12tile error, WIP state
13-02-2022-20-11-12tile error, WIP state
13-02-2022-20-11-13tile error, WIP state
13-02-2022-20-11-13tile error, WIP state
13-02-2022-20-11-13tile error, WIP state
13-02-2022-20-11-13tile error, WIP state
13-02-2022-20-11-13tile error, WIP state
13-02-2022-20-11-13tile error, WIP state
13-02-2022-20-11-13tile error, WIP state
13-02-2022-20-11-13tile error, WIP state
13-02-2022-20-11-13tile error, WIP state
13-02-2022-20-11-13tile error, WIP state
13-02-2022-20-11-13tile error, WIP state
13-02-2022-20-11-13tile error, WIP state
13-02-2022-20-11-13tile error, WIP state
13-02-2022-20-11-13tile error, WIP state
13-02-2022-20-11-13tile error, WIP state
13-02-2022-20-11-13tile error, WIP state
13-02-2022-20-11-13tile error, WIP state
13-02-2022-20-11-13tile error, WIP state
13-02-2022-20-11-13tile error, WIP state
13-02-2022-20-11-13tile error, WIP state
13-02-2022-20-11-13tile error, WIP state
13-02-2022-20-11-14tile error, WIP state
13-02-2022-20-11-14tile error, WIP state
13-02-2022-20-11-14tile error, WIP state
13-02-2022-20-11-19tile error, WIP state
13-02-2022-20-11-19tile error, WIP state
13-02-2022-20-11-19tile error, WIP state
13-02-2022-20-11-19tile error, WIP state
13-02-2022-20-11-19tile error, WIP state
13-02-2022-20-11-19tile error, WIP state
13-02-2022-20-11-19tile error, WIP state
13-02-2022-20-11-19tile error, WIP state
13-02-2022-20-11-19tile error, WIP state
13-02-2022-20-11-19tile error, WIP state
13-02-2022-20-11-19tile error, WIP state
13-02-2022-20-11-19tile error, WIP state
13-02-2022-20-11-19tile error, WIP state
13-02-2022-20-11-20tile error, WIP state
13-02-2022-20-11-20tile error, WIP state
13-02-2022-20-11-20tile error, WIP state
13-02-2022-20-11-20tile error, WIP state
13-02-2022-20-11-20tile error, WIP state
13-02-2022-20-11-20tile error, WIP state
13-02-2022-20-11-20tile error, WIP state
13-02-2022-20-11-20tile error, WIP state
13-02-2022-20-11-20tile error, WIP state
13-02-2022-20-11-20tile error, WIP state
13-02-2022-20-11-20tile error, WIP state
13-02-2022-20-11-20tile error, WIP state
13-02-2022-20-11-20tile error, WIP state
13-02-2022-20-11-20tile error, WIP state
13-02-2022-20-11-20tile error, WIP state
13-02-2022-20-11-20tile error, WIP state
13-02-2022-20-11-20tile error, WIP state
13-02-2022-20-11-20tile error, WIP state
13-02-2022-20-11-20tile error, WIP state
13-02-2022-20-11-20tile error, WIP state
13-02-2022-20-11-20tile error, WIP state
13-02-2022-20-11-21tile error, WIP state
13-02-2022-20-11-21tile error, WIP state
13-02-2022-20-11-23tile error, WIP state
13-02-2022-20-11-23tile error, WIP state
13-02-2022-20-11-23tile error, WIP state
13-02-2022-20-11-23tile error, WIP state
13-02-2022-20-11-23tile error, WIP state
13-02-2022-20-11-23tile error, WIP state
13-02-2022-20-11-23tile error, WIP state
13-02-2022-20-11-23tile error, WIP state
13-02-2022-20-11-23tile error, WIP state
13-02-2022-20-11-23tile error, WIP state
13-02-2022-20-11-23tile error, WIP state
13-02-2022-20-11-23tile error, WIP state
13-02-2022-20-11-24tile error, WIP state
13-02-2022-20-11-24tile error, WIP state
13-02-2022-20-11-24tile error, WIP state
13-02-2022-20-11-24tile error, WIP state
13-02-2022-20-11-24tile error, WIP state
13-02-2022-20-11-24tile error, WIP state
13-02-2022-20-11-24tile error, WIP state
13-02-2022-20-11-24tile error, WIP state
13-02-2022-20-11-24tile error, WIP state
13-02-2022-20-11-24tile error, WIP state
13-02-2022-20-11-24tile error, WIP state
13-02-2022-20-11-24tile error, WIP state
13-02-2022-20-11-24tile error, WIP state
13-02-2022-20-11-24tile error, WIP state
13-02-2022-20-11-24tile error, WIP state
13-02-2022-20-11-24tile error, WIP state
13-02-2022-20-11-24tile error, WIP state
13-02-2022-20-11-24tile error, WIP state
13-02-2022-20-11-24tile error, WIP state
13-02-2022-20-11-25tile error, WIP state
13-02-2022-20-11-25tile error, WIP state
13-02-2022-20-11-25tile error, WIP state
13-02-2022-20-11-25tile error, WIP state
13-02-2022-20-11-25tile error, WIP state
13-02-2022-20-11-27tile error, WIP state
13-02-2022-20-11-27tile error, WIP state
13-02-2022-20-11-27tile error, WIP state
13-02-2022-20-11-27tile error, WIP state
13-02-2022-20-11-27tile error, WIP state
13-02-2022-20-11-27tile error, WIP state
13-02-2022-20-11-27tile error, WIP state
13-02-2022-20-11-27tile error, WIP state
13-02-2022-20-11-27tile error, WIP state
13-02-2022-20-11-27tile error, WIP state
13-02-2022-20-11-27tile error, WIP state
13-02-2022-20-11-27tile error, WIP state
13-02-2022-20-11-28tile error, WIP state
13-02-2022-20-11-28tile error, WIP state
13-02-2022-20-11-28tile error, WIP state
13-02-2022-20-11-28tile error, WIP state
13-02-2022-20-11-28tile error, WIP state
13-02-2022-20-11-28tile error, WIP state
13-02-2022-20-11-28tile error, WIP state
13-02-2022-20-11-28tile error, WIP state
13-02-2022-20-11-28tile error, WIP state
13-02-2022-20-11-28tile error, WIP state
13-02-2022-20-11-28tile error, WIP state
13-02-2022-20-11-28tile error, WIP state
13-02-2022-20-11-28tile error, WIP state
13-02-2022-20-11-28tile error, WIP state
13-02-2022-20-11-28tile error, WIP state
13-02-2022-20-11-28tile error, WIP state
13-02-2022-20-11-28tile error, WIP state
13-02-2022-20-11-28tile error, WIP state
13-02-2022-20-11-28tile error, WIP state
13-02-2022-20-11-28tile error, WIP state
13-02-2022-20-11-28tile error, WIP state
13-02-2022-20-11-29tile error, WIP state
13-02-2022-20-11-29tile error, WIP state
13-02-2022-20-11-29tile error, WIP state
13-02-2022-20-11-35tile error, WIP state
13-02-2022-20-11-35tile error, WIP state
13-02-2022-20-11-35tile error, WIP state
13-02-2022-20-11-35tile error, WIP state
13-02-2022-20-11-35tile error, WIP state
13-02-2022-20-11-35tile error, WIP state
13-02-2022-20-11-35tile error, WIP state
13-02-2022-20-11-35tile error, WIP state
13-02-2022-20-11-35tile error, WIP state
13-02-2022-20-11-35tile error, WIP state
13-02-2022-20-11-35tile error, WIP state
13-02-2022-20-11-35tile error, WIP state
13-02-2022-20-11-35tile error, WIP state
13-02-2022-20-11-36tile error, WIP state
13-02-2022-20-11-36tile error, WIP state
13-02-2022-20-11-36tile error, WIP state
13-02-2022-20-11-36tile error, WIP state
13-02-2022-20-11-36tile error, WIP state
13-02-2022-20-11-36tile error, WIP state
13-02-2022-20-11-36tile error, WIP state
13-02-2022-20-11-36tile error, WIP state
13-02-2022-20-11-36tile error, WIP state
13-02-2022-20-11-36tile error, WIP state
13-02-2022-20-11-36tile error, WIP state
13-02-2022-20-11-36tile error, WIP state
13-02-2022-20-11-36tile error, WIP state
13-02-2022-20-11-36tile error, WIP state
13-02-2022-20-11-36tile error, WIP state
13-02-2022-20-11-36tile error, WIP state
13-02-2022-20-11-36tile error, WIP state
13-02-2022-20-11-36tile error, WIP state
13-02-2022-20-11-36tile error, WIP state
13-02-2022-20-11-37tile error, WIP state
13-02-2022-20-11-37tile error, WIP state
13-02-2022-20-11-37tile error, WIP state
13-02-2022-20-11-37tile error, WIP state
13-02-2022-20-11-40tile error, WIP state
13-02-2022-20-11-40tile error, WIP state
13-02-2022-20-11-40tile error, WIP state
13-02-2022-20-11-40tile error, WIP state
13-02-2022-20-11-40tile error, WIP state
13-02-2022-20-11-40tile error, WIP state
13-02-2022-20-11-40tile error, WIP state
13-02-2022-20-11-40tile error, WIP state
13-02-2022-20-11-40tile error, WIP state
13-02-2022-20-11-40tile error, WIP state
13-02-2022-20-11-40tile error, WIP state
13-02-2022-20-11-41tile error, WIP state
13-02-2022-20-11-41tile error, WIP state
13-02-2022-20-11-41tile error, WIP state
13-02-2022-20-11-41tile error, WIP state
13-02-2022-20-11-41tile error, WIP state
13-02-2022-20-11-41tile error, WIP state
13-02-2022-20-11-41tile error, WIP state
13-02-2022-20-11-41tile error, WIP state
13-02-2022-20-11-41tile error, WIP state
13-02-2022-20-11-42tile error, WIP state
13-02-2022-20-11-42tile error, WIP state
13-02-2022-20-11-42tile error, WIP state
13-02-2022-20-11-42tile error, WIP state
13-02-2022-20-11-42tile error, WIP state
13-02-2022-20-11-42tile error, WIP state
13-02-2022-20-11-42tile error, WIP state
13-02-2022-20-11-42tile error, WIP state
13-02-2022-20-11-42tile error, WIP state
13-02-2022-20-11-42tile error, WIP state
13-02-2022-20-11-42tile error, WIP state
13-02-2022-20-11-42tile error, WIP state
13-02-2022-20-11-42tile error, WIP state
13-02-2022-20-11-42tile error, WIP state
13-02-2022-20-11-42tile error, WIP state
13-02-2022-20-11-42tile error, WIP state
13-02-2022-20-11-45tile error, WIP state
13-02-2022-20-11-45tile error, WIP state
13-02-2022-20-11-45tile error, WIP state
13-02-2022-20-11-45tile error, WIP state
13-02-2022-20-11-45tile error, WIP state
13-02-2022-20-11-45tile error, WIP state
13-02-2022-20-11-45tile error, WIP state
13-02-2022-20-11-45tile error, WIP state
13-02-2022-20-11-45tile error, WIP state
13-02-2022-20-11-45tile error, WIP state
13-02-2022-20-11-45tile error, WIP state
13-02-2022-20-11-46tile error, WIP state
13-02-2022-20-11-46tile error, WIP state
13-02-2022-20-11-46tile error, WIP state
13-02-2022-20-11-46tile error, WIP state
13-02-2022-20-11-46tile error, WIP state
13-02-2022-20-11-46tile error, WIP state
13-02-2022-20-11-46tile error, WIP state
13-02-2022-20-11-46tile error, WIP state
13-02-2022-20-11-46tile error, WIP state
13-02-2022-20-11-46tile error, WIP state
13-02-2022-20-11-46tile error, WIP state
13-02-2022-20-11-46tile error, WIP state
13-02-2022-20-11-46tile error, WIP state
13-02-2022-20-11-46tile error, WIP state
13-02-2022-20-11-46tile error, WIP state
13-02-2022-20-11-46tile error, WIP state
13-02-2022-20-11-46tile error, WIP state
13-02-2022-20-11-46tile error, WIP state
13-02-2022-20-11-47tile error, WIP state
13-02-2022-20-11-47tile error, WIP state
13-02-2022-20-11-47tile error, WIP state
13-02-2022-20-11-47tile error, WIP state
13-02-2022-20-11-47tile error, WIP state
13-02-2022-20-11-47tile error, WIP state
13-02-2022-20-11-47tile error, WIP state
13-02-2022-20-11-49tile error, WIP state
13-02-2022-20-11-49tile error, WIP state
13-02-2022-20-11-49tile error, WIP state
13-02-2022-20-11-49tile error, WIP state
13-02-2022-20-11-49tile error, WIP state
13-02-2022-20-11-49tile error, WIP state
13-02-2022-20-11-49tile error, WIP state
13-02-2022-20-11-49tile error, WIP state
13-02-2022-20-11-49tile error, WIP state
13-02-2022-20-11-49tile error, WIP state
13-02-2022-20-11-49tile error, WIP state
13-02-2022-20-11-50tile error, WIP state
13-02-2022-20-11-50tile error, WIP state
13-02-2022-20-11-50tile error, WIP state
13-02-2022-20-11-50tile error, WIP state
13-02-2022-20-11-50tile error, WIP state
13-02-2022-20-11-50tile error, WIP state
13-02-2022-20-11-50tile error, WIP state
13-02-2022-20-11-50tile error, WIP state
13-02-2022-20-11-50tile error, WIP state
13-02-2022-20-11-50tile error, WIP state
13-02-2022-20-11-50tile error, WIP state
13-02-2022-20-11-50tile error, WIP state
13-02-2022-20-11-50tile error, WIP state
13-02-2022-20-11-50tile error, WIP state
13-02-2022-20-11-50tile error, WIP state
13-02-2022-20-11-50tile error, WIP state
13-02-2022-20-11-50tile error, WIP state
13-02-2022-20-11-50tile error, WIP state
13-02-2022-20-11-50tile error, WIP state
13-02-2022-20-11-51tile error, WIP state
13-02-2022-20-11-51tile error, WIP state
13-02-2022-20-11-51tile error, WIP state
13-02-2022-20-11-51tile error, WIP state
13-02-2022-20-11-51tile error, WIP state
13-02-2022-20-11-51tile error, WIP state
13-02-2022-20-11-54tile error, WIP state
13-02-2022-20-11-54tile error, WIP state
13-02-2022-20-11-55tile error, WIP state
13-02-2022-20-11-55tile error, WIP state
13-02-2022-20-11-55tile error, WIP state
13-02-2022-20-11-55tile error, WIP state
13-02-2022-20-11-55tile error, WIP state
13-02-2022-20-11-55tile error, WIP state
13-02-2022-20-11-55tile error, WIP state
13-02-2022-20-11-55tile error, WIP state
13-02-2022-20-11-55tile error, WIP state
13-02-2022-20-11-55tile error, WIP state
13-02-2022-20-11-55tile error, WIP state
13-02-2022-20-11-55tile error, WIP state
13-02-2022-20-11-55tile error, WIP state
13-02-2022-20-11-55tile error, WIP state
13-02-2022-20-11-55tile error, WIP state
13-02-2022-20-11-55tile error, WIP state
13-02-2022-20-11-56tile error, WIP state
13-02-2022-20-11-56tile error, WIP state
13-02-2022-20-11-56tile error, WIP state
13-02-2022-20-11-56tile error, WIP state
13-02-2022-20-11-56tile error, WIP state
13-02-2022-20-11-56tile error, WIP state
13-02-2022-20-11-56tile error, WIP state
13-02-2022-20-11-56tile error, WIP state
13-02-2022-20-11-56tile error, WIP state
13-02-2022-20-11-56tile error, WIP state
13-02-2022-20-11-56tile error, WIP state
13-02-2022-20-11-56tile error, WIP state
13-02-2022-20-11-56tile error, WIP state
13-02-2022-20-11-56tile error, WIP state
13-02-2022-20-11-56tile error, WIP state
13-02-2022-20-11-56tile error, WIP state
13-02-2022-20-11-56tile error, WIP state
13-02-2022-20-11-56tile error, WIP state
13-02-2022-20-11-59tile error, WIP state
13-02-2022-20-11-59tile error, WIP state
13-02-2022-20-11-59tile error, WIP state
13-02-2022-20-11-59tile error, WIP state
13-02-2022-20-11-59tile error, WIP state
13-02-2022-20-11-59tile error, WIP state
13-02-2022-20-11-59tile error, WIP state
13-02-2022-20-11-59tile error, WIP state
13-02-2022-20-11-59tile error, WIP state
13-02-2022-20-11-59tile error, WIP state
13-02-2022-20-12-00tile error, WIP state
13-02-2022-20-12-00tile error, WIP state
13-02-2022-20-12-00tile error, WIP state
13-02-2022-20-12-00tile error, WIP state
13-02-2022-20-12-00tile error, WIP state
13-02-2022-20-12-00tile error, WIP state
13-02-2022-20-12-00tile error, WIP state
13-02-2022-20-12-00tile error, WIP state
13-02-2022-20-12-00tile error, WIP state
13-02-2022-20-12-00tile error, WIP state
13-02-2022-20-12-00tile error, WIP state
13-02-2022-20-12-00tile error, WIP state
13-02-2022-20-12-00tile error, WIP state
13-02-2022-20-12-00tile error, WIP state
13-02-2022-20-12-00tile error, WIP state
13-02-2022-20-12-00tile error, WIP state
13-02-2022-20-12-00tile error, WIP state
13-02-2022-20-12-00tile error, WIP state
13-02-2022-20-12-01tile error, WIP state
13-02-2022-20-12-01tile error, WIP state
13-02-2022-20-12-01tile error, WIP state
13-02-2022-20-12-01tile error, WIP state
13-02-2022-20-12-01tile error, WIP state
13-02-2022-20-12-01tile error, WIP state
13-02-2022-20-12-01tile error, WIP state
13-02-2022-20-12-01tile error, WIP state
13-02-2022-20-12-03tile error, WIP state
13-02-2022-20-12-03tile error, WIP state
13-02-2022-20-12-03tile error, WIP state
13-02-2022-20-12-03tile error, WIP state
13-02-2022-20-12-03tile error, WIP state
13-02-2022-20-12-03tile error, WIP state
13-02-2022-20-12-03tile error, WIP state
13-02-2022-20-12-03tile error, WIP state
13-02-2022-20-12-03tile error, WIP state
13-02-2022-20-12-03tile error, WIP state
13-02-2022-20-12-03tile error, WIP state
13-02-2022-20-12-03tile error, WIP state
13-02-2022-20-12-04tile error, WIP state
13-02-2022-20-12-04tile error, WIP state
13-02-2022-20-12-04tile error, WIP state
13-02-2022-20-12-04tile error, WIP state
13-02-2022-20-12-04tile error, WIP state
13-02-2022-20-12-04tile error, WIP state
13-02-2022-20-12-04tile error, WIP state
13-02-2022-20-12-04tile error, WIP state
13-02-2022-20-12-04tile error, WIP state
13-02-2022-20-12-04tile error, WIP state
13-02-2022-20-12-04tile error, WIP state
13-02-2022-20-12-04tile error, WIP state
13-02-2022-20-12-04tile error, WIP state
13-02-2022-20-12-04tile error, WIP state
13-02-2022-20-12-04tile error, WIP state
13-02-2022-20-12-04tile error, WIP state
13-02-2022-20-12-04tile error, WIP state
13-02-2022-20-12-04tile error, WIP state
13-02-2022-20-12-04tile error, WIP state
13-02-2022-20-12-05tile error, WIP state
13-02-2022-20-12-05tile error, WIP state
13-02-2022-20-12-05tile error, WIP state
13-02-2022-20-12-05tile error, WIP state
13-02-2022-20-12-05tile error, WIP state
13-02-2022-20-12-08tile error, WIP state
13-02-2022-20-12-08tile error, WIP state
13-02-2022-20-12-08tile error, WIP state
13-02-2022-20-12-08tile error, WIP state
13-02-2022-20-12-08tile error, WIP state
13-02-2022-20-12-08tile error, WIP state
13-02-2022-20-12-08tile error, WIP state
13-02-2022-20-12-08tile error, WIP state
13-02-2022-20-12-08tile error, WIP state
13-02-2022-20-12-08tile error, WIP state
13-02-2022-20-12-08tile error, WIP state
13-02-2022-20-12-09tile error, WIP state
13-02-2022-20-12-09tile error, WIP state
13-02-2022-20-12-09tile error, WIP state
13-02-2022-20-12-09tile error, WIP state
13-02-2022-20-12-09tile error, WIP state
13-02-2022-20-12-09tile error, WIP state
13-02-2022-20-12-09tile error, WIP state
13-02-2022-20-12-09tile error, WIP state
13-02-2022-20-12-09tile error, WIP state
13-02-2022-20-12-09tile error, WIP state
13-02-2022-20-12-09tile error, WIP state
13-02-2022-20-12-09tile error, WIP state
13-02-2022-20-12-09tile error, WIP state
13-02-2022-20-12-09tile error, WIP state
13-02-2022-20-12-09tile error, WIP state
13-02-2022-20-12-09tile error, WIP state
13-02-2022-20-12-09tile error, WIP state
13-02-2022-20-12-09tile error, WIP state
13-02-2022-20-12-09tile error, WIP state
13-02-2022-20-12-09tile error, WIP state
13-02-2022-20-12-10tile error, WIP state
13-02-2022-20-12-10tile error, WIP state
13-02-2022-20-12-10tile error, WIP state
13-02-2022-20-12-10tile error, WIP state
13-02-2022-20-12-10tile error, WIP state
13-02-2022-20-12-13tile error, WIP state
13-02-2022-20-12-13tile error, WIP state
13-02-2022-20-12-13tile error, WIP state
13-02-2022-20-12-13tile error, WIP state
13-02-2022-20-12-13tile error, WIP state
13-02-2022-20-12-13tile error, WIP state
13-02-2022-20-12-13tile error, WIP state
13-02-2022-20-12-13tile error, WIP state
13-02-2022-20-12-13tile error, WIP state
13-02-2022-20-12-13tile error, WIP state
13-02-2022-20-12-14tile error, WIP state
13-02-2022-20-12-14tile error, WIP state
13-02-2022-20-12-14tile error, WIP state
13-02-2022-20-12-14tile error, WIP state
13-02-2022-20-12-14tile error, WIP state
13-02-2022-20-12-14tile error, WIP state
13-02-2022-20-12-14tile error, WIP state
13-02-2022-20-12-14tile error, WIP state
13-02-2022-20-12-14tile error, WIP state
13-02-2022-20-12-14tile error, WIP state
13-02-2022-20-12-14tile error, WIP state
13-02-2022-20-12-14tile error, WIP state
13-02-2022-20-12-14tile error, WIP state
13-02-2022-20-12-14tile error, WIP state
13-02-2022-20-12-14tile error, WIP state
13-02-2022-20-12-14tile error, WIP state
13-02-2022-20-12-14tile error, WIP state
13-02-2022-20-12-14tile error, WIP state
13-02-2022-20-12-14tile error, WIP state
13-02-2022-20-12-15tile error, WIP state
13-02-2022-20-12-15tile error, WIP state
13-02-2022-20-12-15tile error, WIP state
13-02-2022-20-12-15tile error, WIP state
13-02-2022-20-12-15tile error, WIP state
13-02-2022-20-12-15tile error, WIP state
13-02-2022-20-12-15tile error, WIP state
13-02-2022-20-12-17tile error, WIP state
13-02-2022-20-12-17tile error, WIP state
13-02-2022-20-12-17tile error, WIP state
13-02-2022-20-12-17tile error, WIP state
13-02-2022-20-12-17tile error, WIP state
13-02-2022-20-12-17tile error, WIP state
13-02-2022-20-12-17tile error, WIP state
13-02-2022-20-12-17tile error, WIP state
13-02-2022-20-12-17tile error, WIP state
13-02-2022-20-12-17tile error, WIP state
13-02-2022-20-12-18tile error, WIP state
13-02-2022-20-12-18tile error, WIP state
13-02-2022-20-12-18tile error, WIP state
13-02-2022-20-12-18tile error, WIP state
13-02-2022-20-12-18tile error, WIP state
13-02-2022-20-12-18tile error, WIP state
13-02-2022-20-12-18tile error, WIP state
13-02-2022-20-12-18tile error, WIP state
13-02-2022-20-12-18tile error, WIP state
13-02-2022-20-12-18tile error, WIP state
13-02-2022-20-12-18tile error, WIP state
13-02-2022-20-12-18tile error, WIP state
13-02-2022-20-12-18tile error, WIP state
13-02-2022-20-12-18tile error, WIP state
13-02-2022-20-12-18tile error, WIP state
13-02-2022-20-12-18tile error, WIP state
13-02-2022-20-12-18tile error, WIP state
13-02-2022-20-12-18tile error, WIP state
13-02-2022-20-12-18tile error, WIP state
13-02-2022-20-12-19tile error, WIP state
13-02-2022-20-12-19tile error, WIP state
13-02-2022-20-12-19tile error, WIP state
13-02-2022-20-12-19tile error, WIP state
13-02-2022-20-12-19tile error, WIP state
13-02-2022-20-12-19tile error, WIP state
13-02-2022-20-12-19tile error, WIP state
13-02-2022-20-12-21tile error, WIP state
13-02-2022-20-12-21tile error, WIP state
13-02-2022-20-12-21tile error, WIP state
13-02-2022-20-12-21tile error, WIP state
13-02-2022-20-12-21tile error, WIP state
13-02-2022-20-12-21tile error, WIP state
13-02-2022-20-12-21tile error, WIP state
13-02-2022-20-12-21tile error, WIP state
13-02-2022-20-12-21tile error, WIP state
13-02-2022-20-12-21tile error, WIP state
13-02-2022-20-12-22tile error, WIP state
13-02-2022-20-12-22tile error, WIP state
13-02-2022-20-12-22tile error, WIP state
13-02-2022-20-12-22tile error, WIP state
13-02-2022-20-12-22tile error, WIP state
13-02-2022-20-12-22tile error, WIP state
13-02-2022-20-12-22tile error, WIP state
13-02-2022-20-12-22tile error, WIP state
13-02-2022-20-12-22tile error, WIP state
13-02-2022-20-12-22tile error, WIP state
13-02-2022-20-12-22tile error, WIP state
13-02-2022-20-12-22tile error, WIP state
13-02-2022-20-12-22tile error, WIP state
13-02-2022-20-12-22tile error, WIP state
13-02-2022-20-12-22tile error, WIP state
13-02-2022-20-12-22tile error, WIP state
13-02-2022-20-12-22tile error, WIP state
13-02-2022-20-12-23tile error, WIP state
13-02-2022-20-12-23tile error, WIP state
13-02-2022-20-12-23tile error, WIP state
13-02-2022-20-12-23tile error, WIP state
13-02-2022-20-12-23tile error, WIP state
13-02-2022-20-12-23tile error, WIP state
13-02-2022-20-12-23tile error, WIP state
13-02-2022-20-12-23tile error, WIP state
13-02-2022-20-12-23tile error, WIP state
13-02-2022-20-12-26tile error, WIP state
13-02-2022-20-12-26tile error, WIP state
13-02-2022-20-12-26tile error, WIP state
13-02-2022-20-12-26tile error, WIP state
13-02-2022-20-12-26tile error, WIP state
13-02-2022-20-12-26tile error, WIP state
13-02-2022-20-12-26tile error, WIP state
13-02-2022-20-12-26tile error, WIP state
13-02-2022-20-12-26tile error, WIP state
13-02-2022-20-12-26tile error, WIP state
13-02-2022-20-12-27tile error, WIP state
13-02-2022-20-12-27tile error, WIP state
13-02-2022-20-12-27tile error, WIP state
13-02-2022-20-12-27tile error, WIP state
13-02-2022-20-12-27tile error, WIP state
13-02-2022-20-12-27tile error, WIP state
13-02-2022-20-12-27tile error, WIP state
13-02-2022-20-12-27tile error, WIP state
13-02-2022-20-12-27tile error, WIP state
13-02-2022-20-12-28tile error, WIP state
13-02-2022-20-12-28tile error, WIP state
13-02-2022-20-12-28tile error, WIP state
13-02-2022-20-12-28tile error, WIP state
13-02-2022-20-12-28tile error, WIP state
13-02-2022-20-12-28tile error, WIP state
13-02-2022-20-12-28tile error, WIP state
13-02-2022-20-12-28tile error, WIP state
13-02-2022-20-12-28tile error, WIP state
13-02-2022-20-12-28tile error, WIP state
13-02-2022-20-12-28tile error, WIP state
13-02-2022-20-12-28tile error, WIP state
13-02-2022-20-12-28tile error, WIP state
13-02-2022-20-12-29tile error, WIP state
13-02-2022-20-12-29tile error, WIP state
13-02-2022-20-12-29tile error, WIP state
13-02-2022-20-12-29tile error, WIP state
13-02-2022-20-12-32tile error, WIP state
13-02-2022-20-12-32tile error, WIP state
13-02-2022-20-12-32tile error, WIP state
13-02-2022-20-12-32tile error, WIP state
13-02-2022-20-12-32tile error, WIP state
13-02-2022-20-12-32tile error, WIP state
13-02-2022-20-12-32tile error, WIP state
13-02-2022-20-12-32tile error, WIP state
13-02-2022-20-12-32tile error, WIP state
13-02-2022-20-12-32tile error, WIP state
13-02-2022-20-12-32tile error, WIP state
13-02-2022-20-12-33tile error, WIP state
13-02-2022-20-12-33tile error, WIP state
13-02-2022-20-12-33tile error, WIP state
13-02-2022-20-12-33tile error, WIP state
13-02-2022-20-12-33tile error, WIP state
13-02-2022-20-12-33tile error, WIP state
13-02-2022-20-12-33tile error, WIP state
13-02-2022-20-12-33tile error, WIP state
13-02-2022-20-12-33tile error, WIP state
13-02-2022-20-12-33tile error, WIP state
13-02-2022-20-12-33tile error, WIP state
13-02-2022-20-12-33tile error, WIP state
13-02-2022-20-12-33tile error, WIP state
13-02-2022-20-12-33tile error, WIP state
13-02-2022-20-12-33tile error, WIP state
13-02-2022-20-12-33tile error, WIP state
13-02-2022-20-12-33tile error, WIP state
13-02-2022-20-12-33tile error, WIP state
13-02-2022-20-12-34tile error, WIP state
13-02-2022-20-12-34tile error, WIP state
13-02-2022-20-12-34tile error, WIP state
13-02-2022-20-12-34tile error, WIP state
13-02-2022-20-12-34tile error, WIP state
13-02-2022-20-12-34tile error, WIP state
13-02-2022-20-12-34tile error, WIP state
13-02-2022-20-12-37tile error, WIP state
13-02-2022-20-12-38tile error, WIP state
13-02-2022-20-12-38tile error, WIP state
13-02-2022-20-12-38tile error, WIP state
13-02-2022-20-12-38tile error, WIP state
13-02-2022-20-12-38tile error, WIP state
13-02-2022-20-12-38tile error, WIP state
13-02-2022-20-12-38tile error, WIP state
13-02-2022-20-12-38tile error, WIP state
13-02-2022-20-12-38tile error, WIP state
13-02-2022-20-12-38tile error, WIP state
13-02-2022-20-12-38tile error, WIP state
13-02-2022-20-12-38tile error, WIP state
13-02-2022-20-12-38tile error, WIP state
13-02-2022-20-12-38tile error, WIP state
13-02-2022-20-12-39tile error, WIP state
13-02-2022-20-12-39tile error, WIP state
13-02-2022-20-12-39tile error, WIP state
13-02-2022-20-12-39tile error, WIP state
13-02-2022-20-12-39tile error, WIP state
13-02-2022-20-12-39tile error, WIP state
13-02-2022-20-12-39tile error, WIP state
13-02-2022-20-12-39tile error, WIP state
13-02-2022-20-12-39tile error, WIP state
13-02-2022-20-12-39tile error, WIP state
13-02-2022-20-12-39tile error, WIP state
13-02-2022-20-12-39tile error, WIP state
13-02-2022-20-12-39tile error, WIP state
13-02-2022-20-12-39tile error, WIP state
13-02-2022-20-12-39tile error, WIP state
13-02-2022-20-12-39tile error, WIP state
13-02-2022-20-12-40tile error, WIP state
13-02-2022-20-12-40tile error, WIP state
13-02-2022-20-12-40tile error, WIP state
13-02-2022-20-12-40tile error, WIP state
13-02-2022-20-12-40tile error, WIP state
13-02-2022-20-12-42tile error, WIP state
13-02-2022-20-12-42tile error, WIP state
13-02-2022-20-12-42tile error, WIP state
13-02-2022-20-12-42tile error, WIP state
13-02-2022-20-12-42tile error, WIP state
13-02-2022-20-12-42tile error, WIP state
13-02-2022-20-12-42tile error, WIP state
13-02-2022-20-12-42tile error, WIP state
13-02-2022-20-12-42tile error, WIP state
13-02-2022-20-12-42tile error, WIP state
13-02-2022-20-12-42tile error, WIP state
13-02-2022-20-12-43tile error, WIP state
13-02-2022-20-12-43tile error, WIP state
13-02-2022-20-12-43tile error, WIP state
13-02-2022-20-12-43tile error, WIP state
13-02-2022-20-12-43tile error, WIP state
13-02-2022-20-12-43tile error, WIP state
13-02-2022-20-12-43tile error, WIP state
13-02-2022-20-12-43tile error, WIP state
13-02-2022-20-12-43tile error, WIP state
13-02-2022-20-12-43tile error, WIP state
13-02-2022-20-12-43tile error, WIP state
13-02-2022-20-12-43tile error, WIP state
13-02-2022-20-12-43tile error, WIP state
13-02-2022-20-12-43tile error, WIP state
13-02-2022-20-12-43tile error, WIP state
13-02-2022-20-12-43tile error, WIP state
13-02-2022-20-12-43tile error, WIP state
13-02-2022-20-12-43tile error, WIP state
13-02-2022-20-12-43tile error, WIP state
13-02-2022-20-12-44tile error, WIP state
13-02-2022-20-12-44tile error, WIP state
13-02-2022-20-12-44tile error, WIP state
13-02-2022-20-12-44tile error, WIP state
13-02-2022-20-12-44tile error, WIP state
13-02-2022-20-12-44tile error, WIP state
13-02-2022-20-12-50tile error, WIP state
13-02-2022-20-12-50tile error, WIP state
13-02-2022-20-12-50tile error, WIP state
13-02-2022-20-12-50tile error, WIP state
13-02-2022-20-12-50tile error, WIP state
13-02-2022-20-12-50tile error, WIP state
13-02-2022-20-12-50tile error, WIP state
13-02-2022-20-12-50tile error, WIP state
13-02-2022-20-12-50tile error, WIP state
13-02-2022-20-12-50tile error, WIP state
13-02-2022-20-12-50tile error, WIP state
13-02-2022-20-12-51tile error, WIP state
13-02-2022-20-12-51tile error, WIP state
13-02-2022-20-12-51tile error, WIP state
13-02-2022-20-12-51tile error, WIP state
13-02-2022-20-12-51tile error, WIP state
13-02-2022-20-12-51tile error, WIP state
13-02-2022-20-12-51tile error, WIP state
13-02-2022-20-12-51tile error, WIP state
13-02-2022-20-12-51tile error, WIP state
13-02-2022-20-12-51tile error, WIP state
13-02-2022-20-12-51tile error, WIP state
13-02-2022-20-12-51tile error, WIP state
13-02-2022-20-12-51tile error, WIP state
13-02-2022-20-12-51tile error, WIP state
13-02-2022-20-12-51tile error, WIP state
13-02-2022-20-12-51tile error, WIP state
13-02-2022-20-12-51tile error, WIP state
13-02-2022-20-12-52tile error, WIP state
13-02-2022-20-12-52tile error, WIP state
13-02-2022-20-12-52tile error, WIP state
13-02-2022-20-12-52tile error, WIP state
13-02-2022-20-12-52tile error, WIP state
13-02-2022-20-12-52tile error, WIP state
13-02-2022-20-12-52tile error, WIP state
13-02-2022-20-12-52tile error, WIP state
13-02-2022-20-12-55tile error, WIP state
13-02-2022-20-12-55tile error, WIP state
13-02-2022-20-12-55tile error, WIP state
13-02-2022-20-12-55tile error, WIP state
13-02-2022-20-12-55tile error, WIP state
13-02-2022-20-12-55tile error, WIP state
13-02-2022-20-12-55tile error, WIP state
13-02-2022-20-12-55tile error, WIP state
13-02-2022-20-12-55tile error, WIP state
13-02-2022-20-12-55tile error, WIP state
13-02-2022-20-12-55tile error, WIP state
13-02-2022-20-12-56tile error, WIP state
13-02-2022-20-12-56tile error, WIP state
13-02-2022-20-12-56tile error, WIP state
13-02-2022-20-12-56tile error, WIP state
13-02-2022-20-12-56tile error, WIP state
13-02-2022-20-12-56tile error, WIP state
13-02-2022-20-12-56tile error, WIP state
13-02-2022-20-12-56tile error, WIP state
13-02-2022-20-12-56tile error, WIP state
13-02-2022-20-12-56tile error, WIP state
13-02-2022-20-12-57tile error, WIP state
13-02-2022-20-12-57tile error, WIP state
13-02-2022-20-12-57tile error, WIP state
13-02-2022-20-12-57tile error, WIP state
13-02-2022-20-12-57tile error, WIP state
13-02-2022-20-12-57tile error, WIP state
13-02-2022-20-12-57tile error, WIP state
13-02-2022-20-12-57tile error, WIP state
13-02-2022-20-12-57tile error, WIP state
13-02-2022-20-12-57tile error, WIP state
13-02-2022-20-12-57tile error, WIP state
13-02-2022-20-12-57tile error, WIP state
13-02-2022-20-12-57tile error, WIP state
13-02-2022-20-12-57tile error, WIP state
13-02-2022-20-12-57tile error, WIP state
13-02-2022-20-13-05tile error, WIP state
13-02-2022-20-13-05tile error, WIP state
13-02-2022-20-13-05tile error, WIP state
13-02-2022-20-13-05tile error, WIP state
13-02-2022-20-13-05tile error, WIP state
13-02-2022-20-13-05tile error, WIP state
13-02-2022-20-13-05tile error, WIP state
13-02-2022-20-13-05tile error, WIP state
13-02-2022-20-13-05tile error, WIP state
13-02-2022-20-13-05tile error, WIP state
13-02-2022-20-13-05tile error, WIP state
13-02-2022-20-13-06tile error, WIP state
13-02-2022-20-13-06tile error, WIP state
13-02-2022-20-13-06tile error, WIP state
13-02-2022-20-13-06tile error, WIP state
13-02-2022-20-13-06tile error, WIP state
13-02-2022-20-13-06tile error, WIP state
13-02-2022-20-13-06tile error, WIP state
13-02-2022-20-13-06tile error, WIP state
13-02-2022-20-13-06tile error, WIP state
13-02-2022-20-13-06tile error, WIP state
13-02-2022-20-13-06tile error, WIP state
13-02-2022-20-13-06tile error, WIP state
13-02-2022-20-13-06tile error, WIP state
13-02-2022-20-13-06tile error, WIP state
13-02-2022-20-13-06tile error, WIP state
13-02-2022-20-13-06tile error, WIP state
13-02-2022-20-13-06tile error, WIP state
13-02-2022-20-13-06tile error, WIP state
13-02-2022-20-13-06tile error, WIP state
13-02-2022-20-13-06tile error, WIP state
13-02-2022-20-13-07tile error, WIP state
13-02-2022-20-13-07tile error, WIP state
13-02-2022-20-13-07tile error, WIP state
13-02-2022-20-13-07tile error, WIP state
13-02-2022-20-13-07tile error, WIP state
13-02-2022-20-13-10tile error, WIP state
13-02-2022-20-13-10tile error, WIP state
13-02-2022-20-13-10tile error, WIP state
13-02-2022-20-13-10tile error, WIP state
13-02-2022-20-13-10tile error, WIP state
13-02-2022-20-13-10tile error, WIP state
13-02-2022-20-13-10tile error, WIP state
13-02-2022-20-13-10tile error, WIP state
13-02-2022-20-13-10tile error, WIP state
13-02-2022-20-13-10tile error, WIP state
13-02-2022-20-13-11tile error, WIP state
13-02-2022-20-13-11tile error, WIP state
13-02-2022-20-13-11tile error, WIP state
13-02-2022-20-13-11tile error, WIP state
13-02-2022-20-13-11tile error, WIP state
13-02-2022-20-13-11tile error, WIP state
13-02-2022-20-13-11tile error, WIP state
13-02-2022-20-13-11tile error, WIP state
13-02-2022-20-13-11tile error, WIP state
13-02-2022-20-13-11tile error, WIP state
13-02-2022-20-13-11tile error, WIP state
13-02-2022-20-13-11tile error, WIP state
13-02-2022-20-13-11tile error, WIP state
13-02-2022-20-13-11tile error, WIP state
13-02-2022-20-13-11tile error, WIP state
13-02-2022-20-13-11tile error, WIP state
13-02-2022-20-13-11tile error, WIP state
13-02-2022-20-13-11tile error, WIP state
13-02-2022-20-13-11tile error, WIP state
13-02-2022-20-13-11tile error, WIP state
13-02-2022-20-13-11tile error, WIP state
13-02-2022-20-13-12tile error, WIP state
13-02-2022-20-13-12tile error, WIP state
13-02-2022-20-13-12tile error, WIP state
13-02-2022-20-13-12tile error, WIP state
13-02-2022-20-13-12tile error, WIP state
13-02-2022-20-13-15tile error, WIP state
13-02-2022-20-13-15tile error, WIP state
13-02-2022-20-13-15tile error, WIP state
13-02-2022-20-13-15tile error, WIP state
13-02-2022-20-13-15tile error, WIP state
13-02-2022-20-13-15tile error, WIP state
13-02-2022-20-13-15tile error, WIP state
13-02-2022-20-13-15tile error, WIP state
13-02-2022-20-13-15tile error, WIP state
13-02-2022-20-13-16tile error, WIP state
13-02-2022-20-13-16tile error, WIP state
13-02-2022-20-13-16tile error, WIP state
13-02-2022-20-13-16tile error, WIP state
13-02-2022-20-13-16tile error, WIP state
13-02-2022-20-13-16tile error, WIP state
13-02-2022-20-13-16tile error, WIP state
13-02-2022-20-13-16tile error, WIP state
13-02-2022-20-13-16tile error, WIP state
13-02-2022-20-13-16tile error, WIP state
13-02-2022-20-13-16tile error, WIP state
13-02-2022-20-13-16tile error, WIP state
13-02-2022-20-13-16tile error, WIP state
13-02-2022-20-13-16tile error, WIP state
13-02-2022-20-13-16tile error, WIP state
13-02-2022-20-13-16tile error, WIP state
13-02-2022-20-13-16tile error, WIP state
13-02-2022-20-13-16tile error, WIP state
13-02-2022-20-13-16tile error, WIP state
13-02-2022-20-13-17tile error, WIP state
13-02-2022-20-13-17tile error, WIP state
13-02-2022-20-13-17tile error, WIP state
13-02-2022-20-13-17tile error, WIP state
13-02-2022-20-13-17tile error, WIP state
13-02-2022-20-13-17tile error, WIP state
13-02-2022-20-13-17tile error, WIP state
13-02-2022-20-13-17tile error, WIP state
13-02-2022-20-13-19tile error, WIP state
13-02-2022-20-13-19tile error, WIP state
13-02-2022-20-13-19tile error, WIP state
13-02-2022-20-13-19tile error, WIP state
13-02-2022-20-13-19tile error, WIP state
13-02-2022-20-13-19tile error, WIP state
13-02-2022-20-13-19tile error, WIP state
13-02-2022-20-13-19tile error, WIP state
13-02-2022-20-13-19tile error, WIP state
13-02-2022-20-13-19tile error, WIP state
13-02-2022-20-13-20tile error, WIP state
13-02-2022-20-13-20tile error, WIP state
13-02-2022-20-13-20tile error, WIP state
13-02-2022-20-13-20tile error, WIP state
13-02-2022-20-13-20tile error, WIP state
13-02-2022-20-13-20tile error, WIP state
13-02-2022-20-13-20tile error, WIP state
13-02-2022-20-13-20tile error, WIP state
13-02-2022-20-13-20tile error, WIP state
13-02-2022-20-13-20tile error, WIP state
13-02-2022-20-13-20tile error, WIP state
13-02-2022-20-13-20tile error, WIP state
13-02-2022-20-13-20tile error, WIP state
13-02-2022-20-13-20tile error, WIP state
13-02-2022-20-13-20tile error, WIP state
13-02-2022-20-13-20tile error, WIP state
13-02-2022-20-13-20tile error, WIP state
13-02-2022-20-13-20tile error, WIP state
13-02-2022-20-13-20tile error, WIP state
13-02-2022-20-13-20tile error, WIP state
13-02-2022-20-13-21tile error, WIP state
13-02-2022-20-13-21tile error, WIP state
13-02-2022-20-13-21tile error, WIP state
13-02-2022-20-13-21tile error, WIP state
13-02-2022-20-13-21tile error, WIP state
13-02-2022-20-13-21tile error, WIP state
13-02-2022-20-13-23tile error, WIP state
13-02-2022-20-13-23tile error, WIP state
13-02-2022-20-13-23tile error, WIP state
13-02-2022-20-13-23tile error, WIP state
13-02-2022-20-13-23tile error, WIP state
13-02-2022-20-13-23tile error, WIP state
13-02-2022-20-13-23tile error, WIP state
13-02-2022-20-13-23tile error, WIP state
13-02-2022-20-13-23tile error, WIP state
13-02-2022-20-13-23tile error, WIP state
13-02-2022-20-13-24tile error, WIP state
13-02-2022-20-13-24tile error, WIP state
13-02-2022-20-13-24tile error, WIP state
13-02-2022-20-13-24tile error, WIP state
13-02-2022-20-13-24tile error, WIP state
13-02-2022-20-13-24tile error, WIP state
13-02-2022-20-13-24tile error, WIP state
13-02-2022-20-13-24tile error, WIP state
13-02-2022-20-13-24tile error, WIP state
13-02-2022-20-13-24tile error, WIP state
13-02-2022-20-13-24tile error, WIP state
13-02-2022-20-13-24tile error, WIP state
13-02-2022-20-13-24tile error, WIP state
13-02-2022-20-13-24tile error, WIP state
13-02-2022-20-13-24tile error, WIP state
13-02-2022-20-13-24tile error, WIP state
13-02-2022-20-13-24tile error, WIP state
13-02-2022-20-13-24tile error, WIP state
13-02-2022-20-13-24tile error, WIP state
13-02-2022-20-13-25tile error, WIP state
13-02-2022-20-13-25tile error, WIP state
13-02-2022-20-13-25tile error, WIP state
13-02-2022-20-13-25tile error, WIP state
13-02-2022-20-13-25tile error, WIP state
13-02-2022-20-13-25tile error, WIP state
13-02-2022-20-13-25tile error, WIP state
13-02-2022-20-13-27tile error, WIP state
13-02-2022-20-13-27tile error, WIP state
13-02-2022-20-13-27tile error, WIP state
13-02-2022-20-13-27tile error, WIP state
13-02-2022-20-13-27tile error, WIP state
13-02-2022-20-13-27tile error, WIP state
13-02-2022-20-13-27tile error, WIP state
13-02-2022-20-13-27tile error, WIP state
13-02-2022-20-13-27tile error, WIP state
13-02-2022-20-13-28tile error, WIP state
13-02-2022-20-13-28tile error, WIP state
13-02-2022-20-13-28tile error, WIP state
13-02-2022-20-13-28tile error, WIP state
13-02-2022-20-13-28tile error, WIP state
13-02-2022-20-13-28tile error, WIP state
13-02-2022-20-13-28tile error, WIP state
13-02-2022-20-13-28tile error, WIP state
13-02-2022-20-13-28tile error, WIP state
13-02-2022-20-13-28tile error, WIP state
13-02-2022-20-13-28tile error, WIP state
13-02-2022-20-13-28tile error, WIP state
13-02-2022-20-13-28tile error, WIP state
13-02-2022-20-13-28tile error, WIP state
13-02-2022-20-13-28tile error, WIP state
13-02-2022-20-13-28tile error, WIP state
13-02-2022-20-13-28tile error, WIP state
13-02-2022-20-13-28tile error, WIP state
13-02-2022-20-13-28tile error, WIP state
13-02-2022-20-13-29tile error, WIP state
13-02-2022-20-13-29tile error, WIP state
13-02-2022-20-13-29tile error, WIP state
13-02-2022-20-13-29tile error, WIP state
13-02-2022-20-13-29tile error, WIP state
13-02-2022-20-13-29tile error, WIP state
13-02-2022-20-13-29tile error, WIP state
13-02-2022-20-13-29tile error, WIP state
13-02-2022-20-13-36tile error, WIP state
13-02-2022-20-13-36tile error, WIP state
13-02-2022-20-13-36tile error, WIP state
13-02-2022-20-13-36tile error, WIP state
13-02-2022-20-13-36tile error, WIP state
13-02-2022-20-13-36tile error, WIP state
13-02-2022-20-13-36tile error, WIP state
13-02-2022-20-13-36tile error, WIP state
13-02-2022-20-13-36tile error, WIP state
13-02-2022-20-13-36tile error, WIP state
13-02-2022-20-13-36tile error, WIP state
13-02-2022-20-13-37tile error, WIP state
13-02-2022-20-13-37tile error, WIP state
13-02-2022-20-13-37tile error, WIP state
13-02-2022-20-13-37tile error, WIP state
13-02-2022-20-13-37tile error, WIP state
13-02-2022-20-13-37tile error, WIP state
13-02-2022-20-13-37tile error, WIP state
13-02-2022-20-13-37tile error, WIP state
13-02-2022-20-13-37tile error, WIP state
13-02-2022-20-13-37tile error, WIP state
13-02-2022-20-13-37tile error, WIP state
13-02-2022-20-13-37tile error, WIP state
13-02-2022-20-13-37tile error, WIP state
13-02-2022-20-13-37tile error, WIP state
13-02-2022-20-13-37tile error, WIP state
13-02-2022-20-13-37tile error, WIP state
13-02-2022-20-13-37tile error, WIP state
13-02-2022-20-13-37tile error, WIP state
13-02-2022-20-13-37tile error, WIP state
13-02-2022-20-13-37tile error, WIP state
13-02-2022-20-13-38tile error, WIP state
13-02-2022-20-13-38tile error, WIP state
13-02-2022-20-13-38tile error, WIP state
13-02-2022-20-13-38tile error, WIP state
13-02-2022-20-13-38tile error, WIP state
13-02-2022-20-13-45tile error, WIP state
13-02-2022-20-13-45tile error, WIP state
13-02-2022-20-13-45tile error, WIP state
13-02-2022-20-13-45tile error, WIP state
13-02-2022-20-13-45tile error, WIP state
13-02-2022-20-13-45tile error, WIP state
13-02-2022-20-13-45tile error, WIP state
13-02-2022-20-13-45tile error, WIP state
13-02-2022-20-13-45tile error, WIP state
13-02-2022-20-13-46tile error, WIP state
13-02-2022-20-13-46tile error, WIP state
13-02-2022-20-13-46tile error, WIP state
13-02-2022-20-13-46tile error, WIP state
13-02-2022-20-13-46tile error, WIP state
13-02-2022-20-13-46tile error, WIP state
13-02-2022-20-13-46tile error, WIP state
13-02-2022-20-13-46tile error, WIP state
13-02-2022-20-13-46tile error, WIP state
13-02-2022-20-13-46tile error, WIP state
13-02-2022-20-13-46tile error, WIP state
13-02-2022-20-13-46tile error, WIP state
13-02-2022-20-13-46tile error, WIP state
13-02-2022-20-13-46tile error, WIP state
13-02-2022-20-13-46tile error, WIP state
13-02-2022-20-13-46tile error, WIP state
13-02-2022-20-13-46tile error, WIP state
13-02-2022-20-13-46tile error, WIP state
13-02-2022-20-13-46tile error, WIP state
13-02-2022-20-13-46tile error, WIP state
13-02-2022-20-13-46tile error, WIP state
13-02-2022-20-13-47tile error, WIP state
13-02-2022-20-13-47tile error, WIP state
13-02-2022-20-13-47tile error, WIP state
13-02-2022-20-13-47tile error, WIP state
13-02-2022-20-13-47tile error, WIP state
13-02-2022-20-13-47tile error, WIP state
13-02-2022-20-13-50tile error, WIP state
13-02-2022-20-13-50tile error, WIP state
13-02-2022-20-13-50tile error, WIP state
13-02-2022-20-13-50tile error, WIP state
13-02-2022-20-13-50tile error, WIP state
13-02-2022-20-13-50tile error, WIP state
13-02-2022-20-13-50tile error, WIP state
13-02-2022-20-13-50tile error, WIP state
13-02-2022-20-13-50tile error, WIP state
13-02-2022-20-13-50tile error, WIP state
13-02-2022-20-13-50tile error, WIP state
13-02-2022-20-13-51tile error, WIP state
13-02-2022-20-13-51tile error, WIP state
13-02-2022-20-13-51tile error, WIP state
13-02-2022-20-13-51tile error, WIP state
13-02-2022-20-13-51tile error, WIP state
13-02-2022-20-13-51tile error, WIP state
13-02-2022-20-13-51tile error, WIP state
13-02-2022-20-13-51tile error, WIP state
13-02-2022-20-13-51tile error, WIP state
13-02-2022-20-13-51tile error, WIP state
13-02-2022-20-13-51tile error, WIP state
13-02-2022-20-13-51tile error, WIP state
13-02-2022-20-13-51tile error, WIP state
13-02-2022-20-13-51tile error, WIP state
13-02-2022-20-13-51tile error, WIP state
13-02-2022-20-13-51tile error, WIP state
13-02-2022-20-13-51tile error, WIP state
13-02-2022-20-13-51tile error, WIP state
13-02-2022-20-13-51tile error, WIP state
13-02-2022-20-13-51tile error, WIP state
13-02-2022-20-13-51tile error, WIP state
13-02-2022-20-13-52tile error, WIP state
13-02-2022-20-13-52tile error, WIP state
13-02-2022-20-13-52tile error, WIP state
13-02-2022-20-13-52tile error, WIP state
13-02-2022-20-14-00tile error, WIP state
13-02-2022-20-14-00tile error, WIP state
13-02-2022-20-14-00tile error, WIP state
13-02-2022-20-14-00tile error, WIP state
13-02-2022-20-14-00tile error, WIP state
13-02-2022-20-14-00tile error, WIP state
13-02-2022-20-14-00tile error, WIP state
13-02-2022-20-14-00tile error, WIP state
13-02-2022-20-14-00tile error, WIP state
13-02-2022-20-14-01tile error, WIP state
13-02-2022-20-14-01tile error, WIP state
13-02-2022-20-14-01tile error, WIP state
13-02-2022-20-14-01tile error, WIP state
13-02-2022-20-14-01tile error, WIP state
13-02-2022-20-14-01tile error, WIP state
13-02-2022-20-14-01tile error, WIP state
13-02-2022-20-14-01tile error, WIP state
13-02-2022-20-14-01tile error, WIP state
13-02-2022-20-14-01tile error, WIP state
13-02-2022-20-14-01tile error, WIP state
13-02-2022-20-14-01tile error, WIP state
13-02-2022-20-14-01tile error, WIP state
13-02-2022-20-14-01tile error, WIP state
13-02-2022-20-14-01tile error, WIP state
13-02-2022-20-14-01tile error, WIP state
13-02-2022-20-14-01tile error, WIP state
13-02-2022-20-14-01tile error, WIP state
13-02-2022-20-14-01tile error, WIP state
13-02-2022-20-14-01tile error, WIP state
13-02-2022-20-14-01tile error, WIP state
13-02-2022-20-14-02tile error, WIP state
13-02-2022-20-14-02tile error, WIP state
13-02-2022-20-14-02tile error, WIP state
13-02-2022-20-14-02tile error, WIP state
13-02-2022-20-14-02tile error, WIP state
13-02-2022-20-14-02tile error, WIP state
13-02-2022-20-14-04tile error, WIP state
13-02-2022-20-14-04tile error, WIP state
13-02-2022-20-14-04tile error, WIP state
13-02-2022-20-14-04tile error, WIP state
13-02-2022-20-14-04tile error, WIP state
13-02-2022-20-14-04tile error, WIP state
13-02-2022-20-14-04tile error, WIP state
13-02-2022-20-14-04tile error, WIP state
13-02-2022-20-14-04tile error, WIP state
13-02-2022-20-14-04tile error, WIP state
13-02-2022-20-14-05tile error, WIP state
13-02-2022-20-14-05tile error, WIP state
13-02-2022-20-14-05tile error, WIP state
13-02-2022-20-14-05tile error, WIP state
13-02-2022-20-14-05tile error, WIP state
13-02-2022-20-14-05tile error, WIP state
13-02-2022-20-14-05tile error, WIP state
13-02-2022-20-14-05tile error, WIP state
13-02-2022-20-14-05tile error, WIP state
13-02-2022-20-14-05tile error, WIP state
13-02-2022-20-14-05tile error, WIP state
13-02-2022-20-14-05tile error, WIP state
13-02-2022-20-14-05tile error, WIP state
13-02-2022-20-14-05tile error, WIP state
13-02-2022-20-14-05tile error, WIP state
13-02-2022-20-14-05tile error, WIP state
13-02-2022-20-14-05tile error, WIP state
13-02-2022-20-14-05tile error, WIP state
13-02-2022-20-14-05tile error, WIP state
13-02-2022-20-14-05tile error, WIP state
13-02-2022-20-14-05tile error, WIP state
13-02-2022-20-14-06tile error, WIP state
13-02-2022-20-14-06tile error, WIP state
13-02-2022-20-14-06tile error, WIP state
13-02-2022-20-14-06tile error, WIP state
13-02-2022-20-14-06tile error, WIP state
13-02-2022-20-14-08tile error, WIP state
13-02-2022-20-14-08tile error, WIP state
13-02-2022-20-14-08tile error, WIP state
13-02-2022-20-14-08tile error, WIP state
13-02-2022-20-14-08tile error, WIP state
13-02-2022-20-14-08tile error, WIP state
13-02-2022-20-14-08tile error, WIP state
13-02-2022-20-14-08tile error, WIP state
13-02-2022-20-14-08tile error, WIP state
13-02-2022-20-14-08tile error, WIP state
13-02-2022-20-14-08tile error, WIP state
13-02-2022-20-14-09tile error, WIP state
13-02-2022-20-14-09tile error, WIP state
13-02-2022-20-14-09tile error, WIP state
13-02-2022-20-14-09tile error, WIP state
13-02-2022-20-14-09tile error, WIP state
13-02-2022-20-14-09tile error, WIP state
13-02-2022-20-14-09tile error, WIP state
13-02-2022-20-14-09tile error, WIP state
13-02-2022-20-14-09tile error, WIP state
13-02-2022-20-14-09tile error, WIP state
13-02-2022-20-14-09tile error, WIP state
13-02-2022-20-14-10tile error, WIP state
13-02-2022-20-14-10tile error, WIP state
13-02-2022-20-14-10tile error, WIP state
13-02-2022-20-14-10tile error, WIP state
13-02-2022-20-14-10tile error, WIP state
13-02-2022-20-14-10tile error, WIP state
13-02-2022-20-14-10tile error, WIP state
13-02-2022-20-14-10tile error, WIP state
13-02-2022-20-14-10tile error, WIP state
13-02-2022-20-14-10tile error, WIP state
13-02-2022-20-14-10tile error, WIP state
13-02-2022-20-14-10tile error, WIP state
13-02-2022-20-14-10tile error, WIP state
13-02-2022-20-14-10tile error, WIP state
13-02-2022-20-14-12tile error, WIP state
13-02-2022-20-14-12tile error, WIP state
13-02-2022-20-14-12tile error, WIP state
13-02-2022-20-14-13tile error, WIP state
13-02-2022-20-14-13tile error, WIP state
13-02-2022-20-14-13tile error, WIP state
13-02-2022-20-14-13tile error, WIP state
13-02-2022-20-14-13tile error, WIP state
13-02-2022-20-14-13tile error, WIP state
13-02-2022-20-14-13tile error, WIP state
13-02-2022-20-14-13tile error, WIP state
13-02-2022-20-14-13tile error, WIP state
13-02-2022-20-14-13tile error, WIP state
13-02-2022-20-14-13tile error, WIP state
13-02-2022-20-14-13tile error, WIP state
13-02-2022-20-14-13tile error, WIP state
13-02-2022-20-14-13tile error, WIP state
13-02-2022-20-14-13tile error, WIP state
13-02-2022-20-14-13tile error, WIP state
13-02-2022-20-14-13tile error, WIP state
13-02-2022-20-14-14tile error, WIP state
13-02-2022-20-14-14tile error, WIP state
13-02-2022-20-14-14tile error, WIP state
13-02-2022-20-14-14tile error, WIP state
13-02-2022-20-14-14tile error, WIP state
13-02-2022-20-14-14tile error, WIP state
13-02-2022-20-14-14tile error, WIP state
13-02-2022-20-14-14tile error, WIP state
13-02-2022-20-14-14tile error, WIP state
13-02-2022-20-14-14tile error, WIP state
13-02-2022-20-14-14tile error, WIP state
13-02-2022-20-14-14tile error, WIP state
13-02-2022-20-14-14tile error, WIP state
13-02-2022-20-14-14tile error, WIP state
13-02-2022-20-14-14tile error, WIP state
13-02-2022-20-14-14tile error, WIP state
13-02-2022-20-14-16tile error, WIP state
13-02-2022-20-14-16tile error, WIP state
13-02-2022-20-14-16tile error, WIP state
13-02-2022-20-14-16tile error, WIP state
13-02-2022-20-14-16tile error, WIP state
13-02-2022-20-14-16tile error, WIP state
13-02-2022-20-14-16tile error, WIP state
13-02-2022-20-14-17tile error, WIP state
13-02-2022-20-14-17tile error, WIP state
13-02-2022-20-14-17tile error, WIP state
13-02-2022-20-14-17tile error, WIP state
13-02-2022-20-14-17tile error, WIP state
13-02-2022-20-14-17tile error, WIP state
13-02-2022-20-14-17tile error, WIP state
13-02-2022-20-14-18tile error, WIP state
13-02-2022-20-14-18tile error, WIP state
13-02-2022-20-14-18tile error, WIP state
13-02-2022-20-14-18tile error, WIP state
13-02-2022-20-14-18tile error, WIP state
13-02-2022-20-14-18tile error, WIP state
13-02-2022-20-14-18tile error, WIP state
13-02-2022-20-14-18tile error, WIP state
13-02-2022-20-14-18tile error, WIP state
13-02-2022-20-14-18tile error, WIP state
13-02-2022-20-14-18tile error, WIP state
13-02-2022-20-14-18tile error, WIP state
13-02-2022-20-14-18tile error, WIP state
13-02-2022-20-14-18tile error, WIP state
13-02-2022-20-14-18tile error, WIP state
13-02-2022-20-14-18tile error, WIP state
13-02-2022-20-14-18tile error, WIP state
13-02-2022-20-14-18tile error, WIP state
13-02-2022-20-14-19tile error, WIP state
13-02-2022-20-14-19tile error, WIP state
13-02-2022-20-14-19tile error, WIP state
13-02-2022-20-14-19tile error, WIP state
13-02-2022-20-14-20tile error, WIP state
13-02-2022-20-14-20tile error, WIP state
13-02-2022-20-14-20tile error, WIP state
13-02-2022-20-14-20tile error, WIP state
13-02-2022-20-14-20tile error, WIP state
13-02-2022-20-14-21tile error, WIP state
13-02-2022-20-14-21tile error, WIP state
13-02-2022-20-14-21tile error, WIP state
13-02-2022-20-14-21tile error, WIP state
13-02-2022-20-14-21tile error, WIP state
13-02-2022-20-14-21tile error, WIP state
13-02-2022-20-14-21tile error, WIP state
13-02-2022-20-14-21tile error, WIP state
13-02-2022-20-14-21tile error, WIP state
13-02-2022-20-14-21tile error, WIP state
13-02-2022-20-14-22tile error, WIP state
13-02-2022-20-14-22tile error, WIP state
13-02-2022-20-14-22tile error, WIP state
13-02-2022-20-14-22tile error, WIP state
13-02-2022-20-14-22tile error, WIP state
13-02-2022-20-14-22tile error, WIP state
13-02-2022-20-14-22tile error, WIP state
13-02-2022-20-14-22tile error, WIP state
13-02-2022-20-14-22tile error, WIP state
13-02-2022-20-14-22tile error, WIP state
13-02-2022-20-14-22tile error, WIP state
13-02-2022-20-14-22tile error, WIP state
13-02-2022-20-14-22tile error, WIP state
13-02-2022-20-14-22tile error, WIP state
13-02-2022-20-14-22tile error, WIP state
13-02-2022-20-14-22tile error, WIP state
13-02-2022-20-14-22tile error, WIP state
13-02-2022-20-14-23tile error, WIP state
13-02-2022-20-14-23tile error, WIP state
13-02-2022-20-14-23tile error, WIP state
13-02-2022-20-14-23tile error, WIP state
13-02-2022-20-14-24tile error, WIP state
13-02-2022-20-14-24tile error, WIP state
13-02-2022-20-14-25tile error, WIP state
13-02-2022-20-14-25tile error, WIP state
13-02-2022-20-14-25tile error, WIP state
13-02-2022-20-14-25tile error, WIP state
13-02-2022-20-14-25tile error, WIP state
13-02-2022-20-14-25tile error, WIP state
13-02-2022-20-14-25tile error, WIP state
13-02-2022-20-14-25tile error, WIP state
13-02-2022-20-14-25tile error, WIP state
13-02-2022-20-14-25tile error, WIP state
13-02-2022-20-14-25tile error, WIP state
13-02-2022-20-14-26tile error, WIP state
13-02-2022-20-14-26tile error, WIP state
13-02-2022-20-14-26tile error, WIP state
13-02-2022-20-14-26tile error, WIP state
13-02-2022-20-14-26tile error, WIP state
13-02-2022-20-14-26tile error, WIP state
13-02-2022-20-14-26tile error, WIP state
13-02-2022-20-14-26tile error, WIP state
13-02-2022-20-14-26tile error, WIP state
13-02-2022-20-14-26tile error, WIP state
13-02-2022-20-14-26tile error, WIP state
13-02-2022-20-14-26tile error, WIP state
13-02-2022-20-14-26tile error, WIP state
13-02-2022-20-14-26tile error, WIP state
13-02-2022-20-14-27tile error, WIP state
13-02-2022-20-14-27tile error, WIP state
13-02-2022-20-14-27tile error, WIP state
13-02-2022-20-14-27tile error, WIP state
13-02-2022-20-14-27tile error, WIP state
13-02-2022-20-14-27tile error, WIP state
13-02-2022-20-14-27tile error, WIP state
13-02-2022-20-14-27tile error, WIP state
13-02-2022-20-14-27tile error, WIP state
13-02-2022-20-14-29tile error, WIP state
13-02-2022-20-14-29tile error, WIP state
13-02-2022-20-14-29tile error, WIP state
13-02-2022-20-14-29tile error, WIP state
13-02-2022-20-14-29tile error, WIP state
13-02-2022-20-14-29tile error, WIP state
13-02-2022-20-14-29tile error, WIP state
13-02-2022-20-14-29tile error, WIP state
13-02-2022-20-14-29tile error, WIP state
13-02-2022-20-14-29tile error, WIP state
13-02-2022-20-14-29tile error, WIP state
13-02-2022-20-14-29tile error, WIP state
13-02-2022-20-14-30tile error, WIP state
13-02-2022-20-14-30tile error, WIP state
13-02-2022-20-14-30tile error, WIP state
13-02-2022-20-14-30tile error, WIP state
13-02-2022-20-14-30tile error, WIP state
13-02-2022-20-14-30tile error, WIP state
13-02-2022-20-14-30tile error, WIP state
13-02-2022-20-14-30tile error, WIP state
13-02-2022-20-14-30tile error, WIP state
13-02-2022-20-14-30tile error, WIP state
13-02-2022-20-14-30tile error, WIP state
13-02-2022-20-14-30tile error, WIP state
13-02-2022-20-14-30tile error, WIP state
13-02-2022-20-14-31tile error, WIP state
13-02-2022-20-14-31tile error, WIP state
13-02-2022-20-14-31tile error, WIP state
13-02-2022-20-14-31tile error, WIP state
13-02-2022-20-14-31tile error, WIP state
13-02-2022-20-14-31tile error, WIP state
13-02-2022-20-14-31tile error, WIP state
13-02-2022-20-14-31tile error, WIP state
13-02-2022-20-14-31tile error, WIP state
13-02-2022-20-14-31tile error, WIP state
13-02-2022-20-14-31tile error, WIP state
13-02-2022-20-14-33tile error, WIP state
13-02-2022-20-14-33tile error, WIP state
13-02-2022-20-14-34tile error, WIP state
13-02-2022-20-14-34tile error, WIP state
13-02-2022-20-14-34tile error, WIP state
13-02-2022-20-14-34tile error, WIP state
13-02-2022-20-14-34tile error, WIP state
13-02-2022-20-14-34tile error, WIP state
13-02-2022-20-14-34tile error, WIP state
13-02-2022-20-14-34tile error, WIP state
13-02-2022-20-14-34tile error, WIP state
13-02-2022-20-14-34tile error, WIP state
13-02-2022-20-14-34tile error, WIP state
13-02-2022-20-14-34tile error, WIP state
13-02-2022-20-14-34tile error, WIP state
13-02-2022-20-14-34tile error, WIP state
13-02-2022-20-14-34tile error, WIP state
13-02-2022-20-14-34tile error, WIP state
13-02-2022-20-14-34tile error, WIP state
13-02-2022-20-14-35tile error, WIP state
13-02-2022-20-14-35tile error, WIP state
13-02-2022-20-14-35tile error, WIP state
13-02-2022-20-14-35tile error, WIP state
13-02-2022-20-14-35tile error, WIP state
13-02-2022-20-14-35tile error, WIP state
13-02-2022-20-14-35tile error, WIP state
13-02-2022-20-14-35tile error, WIP state
13-02-2022-20-14-35tile error, WIP state
13-02-2022-20-14-35tile error, WIP state
13-02-2022-20-14-35tile error, WIP state
13-02-2022-20-14-35tile error, WIP state
13-02-2022-20-14-35tile error, WIP state
13-02-2022-20-14-35tile error, WIP state
13-02-2022-20-14-35tile error, WIP state
13-02-2022-20-14-35tile error, WIP state
13-02-2022-20-14-35tile error, WIP state
13-02-2022-20-14-37tile error, WIP state
13-02-2022-20-14-37tile error, WIP state
13-02-2022-20-14-37tile error, WIP state
13-02-2022-20-14-37tile error, WIP state
13-02-2022-20-14-37tile error, WIP state
13-02-2022-20-14-37tile error, WIP state
13-02-2022-20-14-37tile error, WIP state
13-02-2022-20-14-37tile error, WIP state
13-02-2022-20-14-37tile error, WIP state
13-02-2022-20-14-38tile error, WIP state
13-02-2022-20-14-38tile error, WIP state
13-02-2022-20-14-38tile error, WIP state
13-02-2022-20-14-38tile error, WIP state
13-02-2022-20-14-38tile error, WIP state
13-02-2022-20-14-38tile error, WIP state
13-02-2022-20-14-38tile error, WIP state
13-02-2022-20-14-39tile error, WIP state
13-02-2022-20-14-39tile error, WIP state
13-02-2022-20-14-39tile error, WIP state
13-02-2022-20-14-39tile error, WIP state
13-02-2022-20-14-39tile error, WIP state
13-02-2022-20-14-39tile error, WIP state
13-02-2022-20-14-39tile error, WIP state
13-02-2022-20-14-39tile error, WIP state
13-02-2022-20-14-39tile error, WIP state
13-02-2022-20-14-39tile error, WIP state
13-02-2022-20-14-39tile error, WIP state
13-02-2022-20-14-39tile error, WIP state
13-02-2022-20-14-39tile error, WIP state
13-02-2022-20-14-39tile error, WIP state
13-02-2022-20-14-39tile error, WIP state
13-02-2022-20-14-39tile error, WIP state
13-02-2022-20-14-39tile error, WIP state
13-02-2022-20-14-39tile error, WIP state
13-02-2022-20-14-39tile error, WIP state
13-02-2022-20-14-40tile error, WIP state
13-02-2022-20-14-41tile error, WIP state
13-02-2022-20-14-41tile error, WIP state
13-02-2022-20-14-42tile error, WIP state
13-02-2022-20-14-42tile error, WIP state
13-02-2022-20-14-42tile error, WIP state
13-02-2022-20-14-42tile error, WIP state
13-02-2022-20-14-42tile error, WIP state
13-02-2022-20-14-42tile error, WIP state
13-02-2022-20-14-42tile error, WIP state
13-02-2022-20-14-42tile error, WIP state
13-02-2022-20-14-42tile error, WIP state
13-02-2022-20-14-42tile error, WIP state
13-02-2022-20-14-42tile error, WIP state
13-02-2022-20-14-42tile error, WIP state
13-02-2022-20-14-42tile error, WIP state
13-02-2022-20-14-42tile error, WIP state
13-02-2022-20-14-43tile error, WIP state
13-02-2022-20-14-43tile error, WIP state
13-02-2022-20-14-43tile error, WIP state
13-02-2022-20-14-43tile error, WIP state
13-02-2022-20-14-43tile error, WIP state
13-02-2022-20-14-43tile error, WIP state
13-02-2022-20-14-43tile error, WIP state
13-02-2022-20-14-43tile error, WIP state
13-02-2022-20-14-43tile error, WIP state
13-02-2022-20-14-43tile error, WIP state
13-02-2022-20-14-43tile error, WIP state
13-02-2022-20-14-43tile error, WIP state
13-02-2022-20-14-43tile error, WIP state
13-02-2022-20-14-43tile error, WIP state
13-02-2022-20-14-43tile error, WIP state
13-02-2022-20-14-43tile error, WIP state
13-02-2022-20-14-43tile error, WIP state
13-02-2022-20-14-43tile error, WIP state
13-02-2022-20-14-43tile error, WIP state
13-02-2022-20-14-43tile error, WIP state
13-02-2022-20-14-46tile error, WIP state
13-02-2022-20-14-46tile error, WIP state
13-02-2022-20-14-46tile error, WIP state
13-02-2022-20-14-46tile error, WIP state
13-02-2022-20-14-46tile error, WIP state
13-02-2022-20-14-46tile error, WIP state
13-02-2022-20-14-46tile error, WIP state
13-02-2022-20-14-46tile error, WIP state
13-02-2022-20-14-46tile error, WIP state
13-02-2022-20-14-47tile error, WIP state
13-02-2022-20-14-47tile error, WIP state
13-02-2022-20-14-47tile error, WIP state
13-02-2022-20-14-47tile error, WIP state
13-02-2022-20-14-47tile error, WIP state
13-02-2022-20-14-47tile error, WIP state
13-02-2022-20-14-47tile error, WIP state
13-02-2022-20-14-47tile error, WIP state
13-02-2022-20-14-47tile error, WIP state
13-02-2022-20-14-47tile error, WIP state
13-02-2022-20-14-47tile error, WIP state
13-02-2022-20-14-47tile error, WIP state
13-02-2022-20-14-47tile error, WIP state
13-02-2022-20-14-47tile error, WIP state
13-02-2022-20-14-47tile error, WIP state
13-02-2022-20-14-47tile error, WIP state
13-02-2022-20-14-47tile error, WIP state
13-02-2022-20-14-47tile error, WIP state
13-02-2022-20-14-47tile error, WIP state
13-02-2022-20-14-48tile error, WIP state
13-02-2022-20-14-48tile error, WIP state
13-02-2022-20-14-48tile error, WIP state
13-02-2022-20-14-48tile error, WIP state
13-02-2022-20-14-48tile error, WIP state
13-02-2022-20-14-48tile error, WIP state
13-02-2022-20-14-48tile error, WIP state
13-02-2022-20-14-48tile error, WIP state
13-02-2022-20-14-52tile error, WIP state
13-02-2022-20-14-52tile error, WIP state
13-02-2022-20-14-52tile error, WIP state
13-02-2022-20-14-52tile error, WIP state
13-02-2022-20-14-52tile error, WIP state
13-02-2022-20-14-52tile error, WIP state
13-02-2022-20-14-52tile error, WIP state
13-02-2022-20-14-52tile error, WIP state
13-02-2022-20-14-52tile error, WIP state
13-02-2022-20-14-52tile error, WIP state
13-02-2022-20-14-52tile error, WIP state
13-02-2022-20-14-52tile error, WIP state
13-02-2022-20-14-52tile error, WIP state
13-02-2022-20-14-52tile error, WIP state
13-02-2022-20-14-52tile error, WIP state
13-02-2022-20-14-52tile error, WIP state
13-02-2022-20-14-52tile error, WIP state
13-02-2022-20-14-52tile error, WIP state
13-02-2022-20-14-52tile error, WIP state
13-02-2022-20-14-53tile error, WIP state
13-02-2022-20-14-53tile error, WIP state
13-02-2022-20-14-53tile error, WIP state
13-02-2022-20-14-53tile error, WIP state
13-02-2022-20-14-53tile error, WIP state
13-02-2022-20-14-53tile error, WIP state
13-02-2022-20-14-53tile error, WIP state
13-02-2022-20-14-53tile error, WIP state
13-02-2022-20-14-53tile error, WIP state
13-02-2022-20-14-53tile error, WIP state
13-02-2022-20-14-53tile error, WIP state
13-02-2022-20-14-53tile error, WIP state
13-02-2022-20-14-53tile error, WIP state
13-02-2022-20-14-53tile error, WIP state
13-02-2022-20-14-53tile error, WIP state
13-02-2022-20-14-53tile error, WIP state
13-02-2022-20-14-53tile error, WIP state
13-02-2022-20-14-55tile error, WIP state
13-02-2022-20-14-55tile error, WIP state
13-02-2022-20-14-55tile error, WIP state
13-02-2022-20-14-55tile error, WIP state
13-02-2022-20-14-55tile error, WIP state
13-02-2022-20-14-55tile error, WIP state
13-02-2022-20-14-55tile error, WIP state
13-02-2022-20-14-55tile error, WIP state
13-02-2022-20-14-55tile error, WIP state
13-02-2022-20-14-55tile error, WIP state
13-02-2022-20-14-56tile error, WIP state
13-02-2022-20-14-56tile error, WIP state
13-02-2022-20-14-56tile error, WIP state
13-02-2022-20-14-56tile error, WIP state
13-02-2022-20-14-56tile error, WIP state
13-02-2022-20-14-56tile error, WIP state
13-02-2022-20-14-56tile error, WIP state
13-02-2022-20-14-56tile error, WIP state
13-02-2022-20-14-57tile error, WIP state
13-02-2022-20-14-57tile error, WIP state
13-02-2022-20-14-57tile error, WIP state
13-02-2022-20-14-57tile error, WIP state
13-02-2022-20-14-57tile error, WIP state
13-02-2022-20-14-57tile error, WIP state
13-02-2022-20-14-57tile error, WIP state
13-02-2022-20-14-57tile error, WIP state
13-02-2022-20-14-57tile error, WIP state
13-02-2022-20-14-57tile error, WIP state
13-02-2022-20-14-57tile error, WIP state
13-02-2022-20-14-57tile error, WIP state
13-02-2022-20-14-57tile error, WIP state
13-02-2022-20-14-57tile error, WIP state
13-02-2022-20-14-57tile error, WIP state
13-02-2022-20-14-57tile error, WIP state
13-02-2022-20-14-57tile error, WIP state
13-02-2022-20-14-57tile error, WIP state
13-02-2022-20-14-59tile error, WIP state
13-02-2022-20-14-59tile error, WIP state
13-02-2022-20-14-59tile error, WIP state
13-02-2022-20-14-59tile error, WIP state
13-02-2022-20-14-59tile error, WIP state
13-02-2022-20-14-59tile error, WIP state
13-02-2022-20-15-00tile error, WIP state
13-02-2022-20-15-00tile error, WIP state
13-02-2022-20-15-00tile error, WIP state
13-02-2022-20-15-00tile error, WIP state
13-02-2022-20-15-00tile error, WIP state
13-02-2022-20-15-00tile error, WIP state
13-02-2022-20-15-00tile error, WIP state
13-02-2022-20-15-01tile error, WIP state
13-02-2022-20-15-01tile error, WIP state
13-02-2022-20-15-01tile error, WIP state
13-02-2022-20-15-01tile error, WIP state
13-02-2022-20-15-01tile error, WIP state
13-02-2022-20-15-01tile error, WIP state
13-02-2022-20-15-01tile error, WIP state
13-02-2022-20-15-01tile error, WIP state
13-02-2022-20-15-01tile error, WIP state
13-02-2022-20-15-01tile error, WIP state
13-02-2022-20-15-01tile error, WIP state
13-02-2022-20-15-01tile error, WIP state
13-02-2022-20-15-01tile error, WIP state
13-02-2022-20-15-01tile error, WIP state
13-02-2022-20-15-01tile error, WIP state
13-02-2022-20-15-01tile error, WIP state
13-02-2022-20-15-02tile error, WIP state
13-02-2022-20-15-02tile error, WIP state
13-02-2022-20-15-02tile error, WIP state
13-02-2022-20-15-02tile error, WIP state
13-02-2022-20-15-02tile error, WIP state
13-02-2022-20-15-02tile error, WIP state
13-02-2022-20-15-02tile error, WIP state
13-02-2022-20-15-04tile error, WIP state
13-02-2022-20-15-04tile error, WIP state
13-02-2022-20-15-04tile error, WIP state
13-02-2022-20-15-04tile error, WIP state
13-02-2022-20-15-04tile error, WIP state
13-02-2022-20-15-04tile error, WIP state
13-02-2022-20-15-04tile error, WIP state
13-02-2022-20-15-04tile error, WIP state
13-02-2022-20-15-04tile error, WIP state
13-02-2022-20-15-05tile error, WIP state
13-02-2022-20-15-05tile error, WIP state
13-02-2022-20-15-05tile error, WIP state
13-02-2022-20-15-05tile error, WIP state
13-02-2022-20-15-05tile error, WIP state
13-02-2022-20-15-05tile error, WIP state
13-02-2022-20-15-05tile error, WIP state
13-02-2022-20-15-05tile error, WIP state
13-02-2022-20-15-05tile error, WIP state
13-02-2022-20-15-05tile error, WIP state
13-02-2022-20-15-05tile error, WIP state
13-02-2022-20-15-05tile error, WIP state
13-02-2022-20-15-06tile error, WIP state
13-02-2022-20-15-06tile error, WIP state
13-02-2022-20-15-06tile error, WIP state
13-02-2022-20-15-06tile error, WIP state
13-02-2022-20-15-06tile error, WIP state
13-02-2022-20-15-06tile error, WIP state
13-02-2022-20-15-06tile error, WIP state
13-02-2022-20-15-06tile error, WIP state
13-02-2022-20-15-06tile error, WIP state
13-02-2022-20-15-06tile error, WIP state
13-02-2022-20-15-06tile error, WIP state
13-02-2022-20-15-07tile error, WIP state
13-02-2022-20-15-07tile error, WIP state
13-02-2022-20-15-07tile error, WIP state
13-02-2022-20-15-07tile error, WIP state
13-02-2022-20-15-09tile error, WIP state
13-02-2022-20-15-09tile error, WIP state
13-02-2022-20-15-09tile error, WIP state
13-02-2022-20-15-09tile error, WIP state
13-02-2022-20-15-09tile error, WIP state
13-02-2022-20-15-09tile error, WIP state
13-02-2022-20-15-09tile error, WIP state
13-02-2022-20-15-09tile error, WIP state
13-02-2022-20-15-09tile error, WIP state
13-02-2022-20-15-09tile error, WIP state
13-02-2022-20-15-10tile error, WIP state
13-02-2022-20-15-10tile error, WIP state
13-02-2022-20-15-10tile error, WIP state
13-02-2022-20-15-10tile error, WIP state
13-02-2022-20-15-10tile error, WIP state
13-02-2022-20-15-10tile error, WIP state
13-02-2022-20-15-10tile error, WIP state
13-02-2022-20-15-10tile error, WIP state
13-02-2022-20-15-11tile error, WIP state
13-02-2022-20-15-11tile error, WIP state
13-02-2022-20-15-11tile error, WIP state
13-02-2022-20-15-11tile error, WIP state
13-02-2022-20-15-11tile error, WIP state
13-02-2022-20-15-11tile error, WIP state
13-02-2022-20-15-11tile error, WIP state
13-02-2022-20-15-11tile error, WIP state
13-02-2022-20-15-11tile error, WIP state
13-02-2022-20-15-11tile error, WIP state
13-02-2022-20-15-11tile error, WIP state
13-02-2022-20-15-11tile error, WIP state
13-02-2022-20-15-11tile error, WIP state
13-02-2022-20-15-11tile error, WIP state
13-02-2022-20-15-11tile error, WIP state
13-02-2022-20-15-11tile error, WIP state
13-02-2022-20-15-11tile error, WIP state
13-02-2022-20-15-11tile error, WIP state
13-02-2022-20-15-13tile error, WIP state
13-02-2022-20-15-13tile error, WIP state
13-02-2022-20-15-13tile error, WIP state
13-02-2022-20-15-13tile error, WIP state
13-02-2022-20-15-13tile error, WIP state
13-02-2022-20-15-13tile error, WIP state
13-02-2022-20-15-13tile error, WIP state
13-02-2022-20-15-13tile error, WIP state
13-02-2022-20-15-13tile error, WIP state
13-02-2022-20-15-14tile error, WIP state
13-02-2022-20-15-14tile error, WIP state
13-02-2022-20-15-14tile error, WIP state
13-02-2022-20-15-14tile error, WIP state
13-02-2022-20-15-14tile error, WIP state
13-02-2022-20-15-14tile error, WIP state
13-02-2022-20-15-14tile error, WIP state
13-02-2022-20-15-14tile error, WIP state
13-02-2022-20-15-14tile error, WIP state
13-02-2022-20-15-14tile error, WIP state
13-02-2022-20-15-14tile error, WIP state
13-02-2022-20-15-14tile error, WIP state
13-02-2022-20-15-14tile error, WIP state
13-02-2022-20-15-15tile error, WIP state
13-02-2022-20-15-15tile error, WIP state
13-02-2022-20-15-15tile error, WIP state
13-02-2022-20-15-15tile error, WIP state
13-02-2022-20-15-15tile error, WIP state
13-02-2022-20-15-15tile error, WIP state
13-02-2022-20-15-15tile error, WIP state
13-02-2022-20-15-15tile error, WIP state
13-02-2022-20-15-15tile error, WIP state
13-02-2022-20-15-15tile error, WIP state
13-02-2022-20-15-15tile error, WIP state
13-02-2022-20-15-15tile error, WIP state
13-02-2022-20-15-15tile error, WIP state
13-02-2022-20-15-16tile error, WIP state
13-02-2022-20-15-17tile error, WIP state
13-02-2022-20-15-17tile error, WIP state
13-02-2022-20-15-17tile error, WIP state
13-02-2022-20-15-17tile error, WIP state
13-02-2022-20-15-18tile error, WIP state
13-02-2022-20-15-18tile error, WIP state
13-02-2022-20-15-18tile error, WIP state
13-02-2022-20-15-18tile error, WIP state
13-02-2022-20-15-18tile error, WIP state
13-02-2022-20-15-18tile error, WIP state
13-02-2022-20-15-18tile error, WIP state
13-02-2022-20-15-18tile error, WIP state
13-02-2022-20-15-18tile error, WIP state
13-02-2022-20-15-19tile error, WIP state
13-02-2022-20-15-19tile error, WIP state
13-02-2022-20-15-19tile error, WIP state
13-02-2022-20-15-19tile error, WIP state
13-02-2022-20-15-19tile error, WIP state
13-02-2022-20-15-19tile error, WIP state
13-02-2022-20-15-19tile error, WIP state
13-02-2022-20-15-19tile error, WIP state
13-02-2022-20-15-19tile error, WIP state
13-02-2022-20-15-19tile error, WIP state
13-02-2022-20-15-19tile error, WIP state
13-02-2022-20-15-19tile error, WIP state
13-02-2022-20-15-19tile error, WIP state
13-02-2022-20-15-19tile error, WIP state
13-02-2022-20-15-19tile error, WIP state
13-02-2022-20-15-19tile error, WIP state
13-02-2022-20-15-19tile error, WIP state
13-02-2022-20-15-19tile error, WIP state
13-02-2022-20-15-19tile error, WIP state
13-02-2022-20-15-20tile error, WIP state
13-02-2022-20-15-20tile error, WIP state
13-02-2022-20-15-20tile error, WIP state
13-02-2022-20-15-20tile error, WIP state
13-02-2022-20-15-22tile error, WIP state
13-02-2022-20-15-22tile error, WIP state
13-02-2022-20-15-22tile error, WIP state
13-02-2022-20-15-22tile error, WIP state
13-02-2022-20-15-22tile error, WIP state
13-02-2022-20-15-22tile error, WIP state
13-02-2022-20-15-22tile error, WIP state
13-02-2022-20-15-22tile error, WIP state
13-02-2022-20-15-22tile error, WIP state
13-02-2022-20-15-23tile error, WIP state
13-02-2022-20-15-23tile error, WIP state
13-02-2022-20-15-23tile error, WIP state
13-02-2022-20-15-23tile error, WIP state
13-02-2022-20-15-23tile error, WIP state
13-02-2022-20-15-23tile error, WIP state
13-02-2022-20-15-23tile error, WIP state
13-02-2022-20-15-23tile error, WIP state
13-02-2022-20-15-24tile error, WIP state
13-02-2022-20-15-24tile error, WIP state
13-02-2022-20-15-24tile error, WIP state
13-02-2022-20-15-24tile error, WIP state
13-02-2022-20-15-24tile error, WIP state
13-02-2022-20-15-24tile error, WIP state
13-02-2022-20-15-24tile error, WIP state
13-02-2022-20-15-24tile error, WIP state
13-02-2022-20-15-24tile error, WIP state
13-02-2022-20-15-24tile error, WIP state
13-02-2022-20-15-24tile error, WIP state
13-02-2022-20-15-24tile error, WIP state
13-02-2022-20-15-24tile error, WIP state
13-02-2022-20-15-24tile error, WIP state
13-02-2022-20-15-24tile error, WIP state
13-02-2022-20-15-24tile error, WIP state
13-02-2022-20-15-24tile error, WIP state
13-02-2022-20-15-24tile error, WIP state
13-02-2022-20-15-24tile error, WIP state
13-02-2022-20-15-27tile error, WIP state
13-02-2022-20-15-27tile error, WIP state
13-02-2022-20-15-27tile error, WIP state
13-02-2022-20-15-27tile error, WIP state
13-02-2022-20-15-27tile error, WIP state
13-02-2022-20-15-27tile error, WIP state
13-02-2022-20-15-27tile error, WIP state
13-02-2022-20-15-27tile error, WIP state
13-02-2022-20-15-27tile error, WIP state
13-02-2022-20-15-27tile error, WIP state
13-02-2022-20-15-28tile error, WIP state
13-02-2022-20-15-28tile error, WIP state
13-02-2022-20-15-28tile error, WIP state
13-02-2022-20-15-28tile error, WIP state
13-02-2022-20-15-28tile error, WIP state
13-02-2022-20-15-28tile error, WIP state
13-02-2022-20-15-28tile error, WIP state
13-02-2022-20-15-28tile error, WIP state
13-02-2022-20-15-28tile error, WIP state
13-02-2022-20-15-28tile error, WIP state
13-02-2022-20-15-29tile error, WIP state
13-02-2022-20-15-29tile error, WIP state
13-02-2022-20-15-29tile error, WIP state
13-02-2022-20-15-29tile error, WIP state
13-02-2022-20-15-29tile error, WIP state
13-02-2022-20-15-29tile error, WIP state
13-02-2022-20-15-29tile error, WIP state
13-02-2022-20-15-29tile error, WIP state
13-02-2022-20-15-29tile error, WIP state
13-02-2022-20-15-29tile error, WIP state
13-02-2022-20-15-29tile error, WIP state
13-02-2022-20-15-29tile error, WIP state
13-02-2022-20-15-29tile error, WIP state
13-02-2022-20-15-29tile error, WIP state
13-02-2022-20-15-29tile error, WIP state
13-02-2022-20-15-29tile error, WIP state
13-02-2022-20-15-31tile error, WIP state
13-02-2022-20-15-31tile error, WIP state
13-02-2022-20-15-31tile error, WIP state
13-02-2022-20-15-31tile error, WIP state
13-02-2022-20-15-32tile error, WIP state
13-02-2022-20-15-32tile error, WIP state
13-02-2022-20-15-32tile error, WIP state
13-02-2022-20-15-32tile error, WIP state
13-02-2022-20-15-32tile error, WIP state
13-02-2022-20-15-32tile error, WIP state
13-02-2022-20-15-32tile error, WIP state
13-02-2022-20-15-32tile error, WIP state
13-02-2022-20-15-32tile error, WIP state
13-02-2022-20-15-32tile error, WIP state
13-02-2022-20-15-32tile error, WIP state
13-02-2022-20-15-32tile error, WIP state
13-02-2022-20-15-32tile error, WIP state
13-02-2022-20-15-32tile error, WIP state
13-02-2022-20-15-32tile error, WIP state
13-02-2022-20-15-32tile error, WIP state
13-02-2022-20-15-32tile error, WIP state
13-02-2022-20-15-32tile error, WIP state
13-02-2022-20-15-32tile error, WIP state
13-02-2022-20-15-33tile error, WIP state
13-02-2022-20-15-33tile error, WIP state
13-02-2022-20-15-33tile error, WIP state
13-02-2022-20-15-33tile error, WIP state
13-02-2022-20-15-33tile error, WIP state
13-02-2022-20-15-33tile error, WIP state
13-02-2022-20-15-33tile error, WIP state
13-02-2022-20-15-33tile error, WIP state
13-02-2022-20-15-33tile error, WIP state
13-02-2022-20-15-33tile error, WIP state
13-02-2022-20-15-33tile error, WIP state
13-02-2022-20-15-33tile error, WIP state
13-02-2022-20-15-33tile error, WIP state
13-02-2022-20-15-35tile error, WIP state
13-02-2022-20-15-35tile error, WIP state
13-02-2022-20-15-35tile error, WIP state
13-02-2022-20-15-35tile error, WIP state
13-02-2022-20-15-35tile error, WIP state
13-02-2022-20-15-35tile error, WIP state
13-02-2022-20-15-35tile error, WIP state
13-02-2022-20-15-35tile error, WIP state
13-02-2022-20-15-35tile error, WIP state
13-02-2022-20-15-35tile error, WIP state
13-02-2022-20-15-35tile error, WIP state
13-02-2022-20-15-35tile error, WIP state
13-02-2022-20-15-35tile error, WIP state
13-02-2022-20-15-35tile error, WIP state
13-02-2022-20-15-35tile error, WIP state
13-02-2022-20-15-35tile error, WIP state
13-02-2022-20-15-36tile error, WIP state
13-02-2022-20-15-36tile error, WIP state
13-02-2022-20-15-36tile error, WIP state
13-02-2022-20-15-36tile error, WIP state
13-02-2022-20-15-36tile error, WIP state
13-02-2022-20-15-36tile error, WIP state
13-02-2022-20-15-36tile error, WIP state
13-02-2022-20-15-36tile error, WIP state
13-02-2022-20-15-37tile error, WIP state
13-02-2022-20-15-37tile error, WIP state
13-02-2022-20-15-37tile error, WIP state
13-02-2022-20-15-37tile error, WIP state
13-02-2022-20-15-37tile error, WIP state
13-02-2022-20-15-37tile error, WIP state
13-02-2022-20-15-37tile error, WIP state
13-02-2022-20-15-37tile error, WIP state
13-02-2022-20-15-37tile error, WIP state
13-02-2022-20-15-37tile error, WIP state
13-02-2022-20-15-37tile error, WIP state
13-02-2022-20-15-37tile error, WIP state
13-02-2022-20-15-39tile error, WIP state
13-02-2022-20-15-39tile error, WIP state
13-02-2022-20-15-39tile error, WIP state
13-02-2022-20-15-39tile error, WIP state
13-02-2022-20-15-39tile error, WIP state
13-02-2022-20-15-39tile error, WIP state
13-02-2022-20-15-39tile error, WIP state
13-02-2022-20-15-39tile error, WIP state
13-02-2022-20-15-39tile error, WIP state
13-02-2022-20-15-39tile error, WIP state
13-02-2022-20-15-39tile error, WIP state
13-02-2022-20-15-40tile error, WIP state
13-02-2022-20-15-40tile error, WIP state
13-02-2022-20-15-40tile error, WIP state
13-02-2022-20-15-40tile error, WIP state
13-02-2022-20-15-40tile error, WIP state
13-02-2022-20-15-40tile error, WIP state
13-02-2022-20-15-40tile error, WIP state
13-02-2022-20-15-40tile error, WIP state
13-02-2022-20-15-40tile error, WIP state
13-02-2022-20-15-41tile error, WIP state
13-02-2022-20-15-41tile error, WIP state
13-02-2022-20-15-41tile error, WIP state
13-02-2022-20-15-41tile error, WIP state
13-02-2022-20-15-41tile error, WIP state
13-02-2022-20-15-41tile error, WIP state
13-02-2022-20-15-41tile error, WIP state
13-02-2022-20-15-41tile error, WIP state
13-02-2022-20-15-41tile error, WIP state
13-02-2022-20-15-41tile error, WIP state
13-02-2022-20-15-41tile error, WIP state
13-02-2022-20-15-41tile error, WIP state
13-02-2022-20-15-41tile error, WIP state
13-02-2022-20-15-41tile error, WIP state
13-02-2022-20-15-41tile error, WIP state
13-02-2022-20-15-41tile error, WIP state
13-02-2022-20-15-43tile error, WIP state
13-02-2022-20-15-43tile error, WIP state
13-02-2022-20-15-43tile error, WIP state
13-02-2022-20-15-43tile error, WIP state
13-02-2022-20-15-43tile error, WIP state
13-02-2022-20-15-43tile error, WIP state
13-02-2022-20-15-43tile error, WIP state
13-02-2022-20-15-43tile error, WIP state
13-02-2022-20-15-43tile error, WIP state
13-02-2022-20-15-44tile error, WIP state
13-02-2022-20-15-44tile error, WIP state
13-02-2022-20-15-44tile error, WIP state
13-02-2022-20-15-44tile error, WIP state
13-02-2022-20-15-44tile error, WIP state
13-02-2022-20-15-45tile error, WIP state
13-02-2022-20-15-45tile error, WIP state
13-02-2022-20-15-45tile error, WIP state
13-02-2022-20-15-45tile error, WIP state
13-02-2022-20-15-45tile error, WIP state
13-02-2022-20-15-45tile error, WIP state
13-02-2022-20-15-45tile error, WIP state
13-02-2022-20-15-45tile error, WIP state
13-02-2022-20-15-45tile error, WIP state
13-02-2022-20-15-45tile error, WIP state
13-02-2022-20-15-45tile error, WIP state
13-02-2022-20-15-45tile error, WIP state
13-02-2022-20-15-45tile error, WIP state
13-02-2022-20-15-45tile error, WIP state
13-02-2022-20-15-45tile error, WIP state
13-02-2022-20-15-45tile error, WIP state
13-02-2022-20-15-45tile error, WIP state
13-02-2022-20-15-45tile error, WIP state
13-02-2022-20-15-46tile error, WIP state
13-02-2022-20-15-46tile error, WIP state
13-02-2022-20-15-46tile error, WIP state
13-02-2022-20-15-46tile error, WIP state
13-02-2022-20-15-48tile error, WIP state
13-02-2022-20-15-48tile error, WIP state
13-02-2022-20-15-48tile error, WIP state
13-02-2022-20-15-48tile error, WIP state
13-02-2022-20-15-48tile error, WIP state
13-02-2022-20-15-48tile error, WIP state
13-02-2022-20-15-48tile error, WIP state
13-02-2022-20-15-48tile error, WIP state
13-02-2022-20-15-48tile error, WIP state
13-02-2022-20-15-48tile error, WIP state
13-02-2022-20-15-48tile error, WIP state
13-02-2022-20-15-49tile error, WIP state
13-02-2022-20-15-49tile error, WIP state
13-02-2022-20-15-49tile error, WIP state
13-02-2022-20-15-49tile error, WIP state
13-02-2022-20-15-49tile error, WIP state
13-02-2022-20-15-49tile error, WIP state
13-02-2022-20-15-49tile error, WIP state
13-02-2022-20-15-49tile error, WIP state
13-02-2022-20-15-49tile error, WIP state
13-02-2022-20-15-49tile error, WIP state
13-02-2022-20-15-50tile error, WIP state
13-02-2022-20-15-50tile error, WIP state
13-02-2022-20-15-50tile error, WIP state
13-02-2022-20-15-50tile error, WIP state
13-02-2022-20-15-50tile error, WIP state
13-02-2022-20-15-50tile error, WIP state
13-02-2022-20-15-50tile error, WIP state
13-02-2022-20-15-50tile error, WIP state
13-02-2022-20-15-50tile error, WIP state
13-02-2022-20-15-50tile error, WIP state
13-02-2022-20-15-50tile error, WIP state
13-02-2022-20-15-50tile error, WIP state
13-02-2022-20-15-50tile error, WIP state
13-02-2022-20-15-50tile error, WIP state
13-02-2022-20-15-50tile error, WIP state
13-02-2022-20-15-52tile error, WIP state
13-02-2022-20-15-52tile error, WIP state
13-02-2022-20-15-52tile error, WIP state
13-02-2022-20-15-52tile error, WIP state
13-02-2022-20-15-52tile error, WIP state
13-02-2022-20-15-52tile error, WIP state
13-02-2022-20-15-52tile error, WIP state
13-02-2022-20-15-52tile error, WIP state
13-02-2022-20-15-53tile error, WIP state
13-02-2022-20-15-53tile error, WIP state
13-02-2022-20-15-53tile error, WIP state
13-02-2022-20-15-53tile error, WIP state
13-02-2022-20-15-53tile error, WIP state
13-02-2022-20-15-53tile error, WIP state
13-02-2022-20-15-53tile error, WIP state
13-02-2022-20-15-53tile error, WIP state
13-02-2022-20-15-53tile error, WIP state
13-02-2022-20-15-53tile error, WIP state
13-02-2022-20-15-53tile error, WIP state
13-02-2022-20-15-53tile error, WIP state
13-02-2022-20-15-54tile error, WIP state
13-02-2022-20-15-54tile error, WIP state
13-02-2022-20-15-54tile error, WIP state
13-02-2022-20-15-54tile error, WIP state
13-02-2022-20-15-54tile error, WIP state
13-02-2022-20-15-54tile error, WIP state
13-02-2022-20-15-54tile error, WIP state
13-02-2022-20-15-54tile error, WIP state
13-02-2022-20-15-54tile error, WIP state
13-02-2022-20-15-54tile error, WIP state
13-02-2022-20-15-54tile error, WIP state
13-02-2022-20-15-55tile error, WIP state
13-02-2022-20-15-55tile error, WIP state
13-02-2022-20-15-55tile error, WIP state
13-02-2022-20-15-55tile error, WIP state
13-02-2022-20-15-55tile error, WIP state
13-02-2022-20-15-56tile error, WIP state
13-02-2022-20-15-56tile error, WIP state
13-02-2022-20-15-56tile error, WIP state
13-02-2022-20-15-56tile error, WIP state
13-02-2022-20-15-56tile error, WIP state
13-02-2022-20-15-57tile error, WIP state
13-02-2022-20-15-57tile error, WIP state
13-02-2022-20-15-57tile error, WIP state
13-02-2022-20-15-57tile error, WIP state
13-02-2022-20-15-57tile error, WIP state
13-02-2022-20-15-57tile error, WIP state
13-02-2022-20-15-57tile error, WIP state
13-02-2022-20-15-57tile error, WIP state
13-02-2022-20-15-57tile error, WIP state
13-02-2022-20-15-57tile error, WIP state
13-02-2022-20-15-58tile error, WIP state
13-02-2022-20-15-58tile error, WIP state
13-02-2022-20-15-58tile error, WIP state
13-02-2022-20-15-58tile error, WIP state
13-02-2022-20-15-58tile error, WIP state
13-02-2022-20-15-58tile error, WIP state
13-02-2022-20-15-58tile error, WIP state
13-02-2022-20-15-58tile error, WIP state
13-02-2022-20-15-58tile error, WIP state
13-02-2022-20-15-58tile error, WIP state
13-02-2022-20-15-58tile error, WIP state
13-02-2022-20-15-58tile error, WIP state
13-02-2022-20-15-58tile error, WIP state
13-02-2022-20-15-58tile error, WIP state
13-02-2022-20-15-58tile error, WIP state
13-02-2022-20-15-58tile error, WIP state
13-02-2022-20-15-58tile error, WIP state
13-02-2022-20-15-58tile error, WIP state
13-02-2022-20-15-59tile error, WIP state
13-02-2022-20-15-59tile error, WIP state
13-02-2022-20-15-59tile error, WIP state
13-02-2022-20-16-00tile error, WIP state
13-02-2022-20-16-00tile error, WIP state
13-02-2022-20-16-00tile error, WIP state
13-02-2022-20-16-00tile error, WIP state
13-02-2022-20-16-00tile error, WIP state
13-02-2022-20-16-01tile error, WIP state
13-02-2022-20-16-01tile error, WIP state
13-02-2022-20-16-01tile error, WIP state
13-02-2022-20-16-01tile error, WIP state
13-02-2022-20-16-01tile error, WIP state
13-02-2022-20-16-01tile error, WIP state
13-02-2022-20-16-02tile error, WIP state
13-02-2022-20-16-02tile error, WIP state
13-02-2022-20-16-02tile error, WIP state
13-02-2022-20-16-02tile error, WIP state
13-02-2022-20-16-02tile error, WIP state
13-02-2022-20-16-02tile error, WIP state
13-02-2022-20-16-02tile error, WIP state
13-02-2022-20-16-02tile error, WIP state
13-02-2022-20-16-02tile error, WIP state
13-02-2022-20-16-02tile error, WIP state
13-02-2022-20-16-02tile error, WIP state
13-02-2022-20-16-02tile error, WIP state
13-02-2022-20-16-02tile error, WIP state
13-02-2022-20-16-02tile error, WIP state
13-02-2022-20-16-02tile error, WIP state
13-02-2022-20-16-02tile error, WIP state
13-02-2022-20-16-02tile error, WIP state
13-02-2022-20-16-02tile error, WIP state
13-02-2022-20-16-02tile error, WIP state
13-02-2022-20-16-02tile error, WIP state
13-02-2022-20-16-02tile error, WIP state
13-02-2022-20-16-03tile error, WIP state
13-02-2022-20-16-03tile error, WIP state
13-02-2022-20-16-03tile error, WIP state
13-02-2022-20-16-03tile error, WIP state
13-02-2022-20-16-05tile error, WIP state
13-02-2022-20-16-05tile error, WIP state
13-02-2022-20-16-05tile error, WIP state
13-02-2022-20-16-05tile error, WIP state
13-02-2022-20-16-05tile error, WIP state
13-02-2022-20-16-05tile error, WIP state
13-02-2022-20-16-05tile error, WIP state
13-02-2022-20-16-05tile error, WIP state
13-02-2022-20-16-05tile error, WIP state
13-02-2022-20-16-05tile error, WIP state
13-02-2022-20-16-05tile error, WIP state
13-02-2022-20-16-05tile error, WIP state
13-02-2022-20-16-05tile error, WIP state
13-02-2022-20-16-06tile error, WIP state
13-02-2022-20-16-06tile error, WIP state
13-02-2022-20-16-06tile error, WIP state
13-02-2022-20-16-06tile error, WIP state
13-02-2022-20-16-06tile error, WIP state
13-02-2022-20-16-06tile error, WIP state
13-02-2022-20-16-06tile error, WIP state
13-02-2022-20-16-06tile error, WIP state
13-02-2022-20-16-06tile error, WIP state
13-02-2022-20-16-06tile error, WIP state
13-02-2022-20-16-06tile error, WIP state
13-02-2022-20-16-06tile error, WIP state
13-02-2022-20-16-06tile error, WIP state
13-02-2022-20-16-07tile error, WIP state
13-02-2022-20-16-07tile error, WIP state
13-02-2022-20-16-07tile error, WIP state
13-02-2022-20-16-07tile error, WIP state
13-02-2022-20-16-07tile error, WIP state
13-02-2022-20-16-07tile error, WIP state
13-02-2022-20-16-07tile error, WIP state
13-02-2022-20-16-07tile error, WIP state
13-02-2022-20-16-07tile error, WIP state
13-02-2022-20-16-07tile error, WIP state
13-02-2022-20-16-09tile error, WIP state
13-02-2022-20-16-09tile error, WIP state
13-02-2022-20-16-09tile error, WIP state
13-02-2022-20-16-09tile error, WIP state
13-02-2022-20-16-09tile error, WIP state
13-02-2022-20-16-09tile error, WIP state
13-02-2022-20-16-09tile error, WIP state
13-02-2022-20-16-09tile error, WIP state
13-02-2022-20-16-09tile error, WIP state
13-02-2022-20-16-09tile error, WIP state
13-02-2022-20-16-09tile error, WIP state
13-02-2022-20-16-09tile error, WIP state
13-02-2022-20-16-09tile error, WIP state
13-02-2022-20-16-10tile error, WIP state
13-02-2022-20-16-10tile error, WIP state
13-02-2022-20-16-10tile error, WIP state
13-02-2022-20-16-10tile error, WIP state
13-02-2022-20-16-10tile error, WIP state
13-02-2022-20-16-10tile error, WIP state
13-02-2022-20-16-10tile error, WIP state
13-02-2022-20-16-10tile error, WIP state
13-02-2022-20-16-10tile error, WIP state
13-02-2022-20-16-10tile error, WIP state
13-02-2022-20-16-10tile error, WIP state
13-02-2022-20-16-11tile error, WIP state
13-02-2022-20-16-11tile error, WIP state
13-02-2022-20-16-11tile error, WIP state
13-02-2022-20-16-11tile error, WIP state
13-02-2022-20-16-11tile error, WIP state
13-02-2022-20-16-11tile error, WIP state
13-02-2022-20-16-11tile error, WIP state
13-02-2022-20-16-11tile error, WIP state
13-02-2022-20-16-11tile error, WIP state
13-02-2022-20-16-11tile error, WIP state
13-02-2022-20-16-11tile error, WIP state
13-02-2022-20-16-11tile error, WIP state
13-02-2022-20-16-13tile error, WIP state
13-02-2022-20-16-13tile error, WIP state
13-02-2022-20-16-13tile error, WIP state
13-02-2022-20-16-13tile error, WIP state
13-02-2022-20-16-13tile error, WIP state
13-02-2022-20-16-13tile error, WIP state
13-02-2022-20-16-13tile error, WIP state
13-02-2022-20-16-13tile error, WIP state
13-02-2022-20-16-13tile error, WIP state
13-02-2022-20-16-14tile error, WIP state
13-02-2022-20-16-14tile error, WIP state
13-02-2022-20-16-14tile error, WIP state
13-02-2022-20-16-14tile error, WIP state
13-02-2022-20-16-14tile error, WIP state
13-02-2022-20-16-14tile error, WIP state
13-02-2022-20-16-14tile error, WIP state
13-02-2022-20-16-15tile error, WIP state
13-02-2022-20-16-15tile error, WIP state
13-02-2022-20-16-15tile error, WIP state
13-02-2022-20-16-15tile error, WIP state
13-02-2022-20-16-15tile error, WIP state
13-02-2022-20-16-15tile error, WIP state
13-02-2022-20-16-15tile error, WIP state
13-02-2022-20-16-15tile error, WIP state
13-02-2022-20-16-15tile error, WIP state
13-02-2022-20-16-15tile error, WIP state
13-02-2022-20-16-15tile error, WIP state
13-02-2022-20-16-15tile error, WIP state
13-02-2022-20-16-15tile error, WIP state
13-02-2022-20-16-15tile error, WIP state
13-02-2022-20-16-15tile error, WIP state
13-02-2022-20-16-15tile error, WIP state
13-02-2022-20-16-15tile error, WIP state
13-02-2022-20-16-15tile error, WIP state
13-02-2022-20-16-15tile error, WIP state
13-02-2022-20-16-15tile error, WIP state
13-02-2022-20-16-17tile error, WIP state
13-02-2022-20-16-18tile error, WIP state
13-02-2022-20-16-18tile error, WIP state
13-02-2022-20-16-18tile error, WIP state
13-02-2022-20-16-18tile error, WIP state
13-02-2022-20-16-18tile error, WIP state
13-02-2022-20-16-18tile error, WIP state
13-02-2022-20-16-18tile error, WIP state
13-02-2022-20-16-18tile error, WIP state
13-02-2022-20-16-18tile error, WIP state
13-02-2022-20-16-18tile error, WIP state
13-02-2022-20-16-18tile error, WIP state
13-02-2022-20-16-18tile error, WIP state
13-02-2022-20-16-19tile error, WIP state
13-02-2022-20-16-19tile error, WIP state
13-02-2022-20-16-19tile error, WIP state
13-02-2022-20-16-19tile error, WIP state
13-02-2022-20-16-19tile error, WIP state
13-02-2022-20-16-19tile error, WIP state
13-02-2022-20-16-19tile error, WIP state
13-02-2022-20-16-19tile error, WIP state
13-02-2022-20-16-19tile error, WIP state
13-02-2022-20-16-19tile error, WIP state
13-02-2022-20-16-19tile error, WIP state
13-02-2022-20-16-19tile error, WIP state
13-02-2022-20-16-19tile error, WIP state
13-02-2022-20-16-19tile error, WIP state
13-02-2022-20-16-19tile error, WIP state
13-02-2022-20-16-19tile error, WIP state
13-02-2022-20-16-19tile error, WIP state
13-02-2022-20-16-19tile error, WIP state
13-02-2022-20-16-19tile error, WIP state
13-02-2022-20-16-19tile error, WIP state
13-02-2022-20-16-20tile error, WIP state
13-02-2022-20-16-20tile error, WIP state
13-02-2022-20-16-20tile error, WIP state
13-02-2022-20-16-21tile error, WIP state
13-02-2022-20-16-21tile error, WIP state
13-02-2022-20-16-22tile error, WIP state
13-02-2022-20-16-22tile error, WIP state
13-02-2022-20-16-22tile error, WIP state
13-02-2022-20-16-22tile error, WIP state
13-02-2022-20-16-22tile error, WIP state
13-02-2022-20-16-22tile error, WIP state
13-02-2022-20-16-22tile error, WIP state
13-02-2022-20-16-22tile error, WIP state
13-02-2022-20-16-22tile error, WIP state
13-02-2022-20-16-22tile error, WIP state
13-02-2022-20-16-22tile error, WIP state
13-02-2022-20-16-22tile error, WIP state
13-02-2022-20-16-22tile error, WIP state
13-02-2022-20-16-22tile error, WIP state
13-02-2022-20-16-22tile error, WIP state
13-02-2022-20-16-22tile error, WIP state
13-02-2022-20-16-22tile error, WIP state
13-02-2022-20-16-22tile error, WIP state
13-02-2022-20-16-23tile error, WIP state
13-02-2022-20-16-23tile error, WIP state
13-02-2022-20-16-23tile error, WIP state
13-02-2022-20-16-23tile error, WIP state
13-02-2022-20-16-23tile error, WIP state
13-02-2022-20-16-23tile error, WIP state
13-02-2022-20-16-23tile error, WIP state
13-02-2022-20-16-24tile error, WIP state
13-02-2022-20-16-24tile error, WIP state
13-02-2022-20-16-24tile error, WIP state
13-02-2022-20-16-24tile error, WIP state
13-02-2022-20-16-24tile error, WIP state
13-02-2022-20-16-24tile error, WIP state
13-02-2022-20-16-24tile error, WIP state
13-02-2022-20-16-24tile error, WIP state
13-02-2022-20-16-24tile error, WIP state
13-02-2022-20-16-26tile error, WIP state
13-02-2022-20-16-26tile error, WIP state
13-02-2022-20-16-26tile error, WIP state
13-02-2022-20-16-26tile error, WIP state
13-02-2022-20-16-26tile error, WIP state
13-02-2022-20-16-26tile error, WIP state
13-02-2022-20-16-26tile error, WIP state
13-02-2022-20-16-26tile error, WIP state
13-02-2022-20-16-26tile error, WIP state
13-02-2022-20-16-26tile error, WIP state
13-02-2022-20-16-26tile error, WIP state
13-02-2022-20-16-26tile error, WIP state
13-02-2022-20-16-26tile error, WIP state
13-02-2022-20-16-27tile error, WIP state
13-02-2022-20-16-27tile error, WIP state
13-02-2022-20-16-27tile error, WIP state
13-02-2022-20-16-27tile error, WIP state
13-02-2022-20-16-27tile error, WIP state
13-02-2022-20-16-27tile error, WIP state
13-02-2022-20-16-27tile error, WIP state
13-02-2022-20-16-27tile error, WIP state
13-02-2022-20-16-27tile error, WIP state
13-02-2022-20-16-27tile error, WIP state
13-02-2022-20-16-28tile error, WIP state
13-02-2022-20-16-28tile error, WIP state
13-02-2022-20-16-28tile error, WIP state
13-02-2022-20-16-28tile error, WIP state
13-02-2022-20-16-28tile error, WIP state
13-02-2022-20-16-28tile error, WIP state
13-02-2022-20-16-28tile error, WIP state
13-02-2022-20-16-28tile error, WIP state
13-02-2022-20-16-28tile error, WIP state
13-02-2022-20-16-28tile error, WIP state
13-02-2022-20-16-28tile error, WIP state
13-02-2022-20-16-28tile error, WIP state
13-02-2022-20-16-28tile error, WIP state
13-02-2022-20-16-30tile error, WIP state
13-02-2022-20-16-30tile error, WIP state
13-02-2022-20-16-30tile error, WIP state
13-02-2022-20-16-30tile error, WIP state
13-02-2022-20-16-30tile error, WIP state
13-02-2022-20-16-30tile error, WIP state
13-02-2022-20-16-30tile error, WIP state
13-02-2022-20-16-30tile error, WIP state
13-02-2022-20-16-30tile error, WIP state
13-02-2022-20-16-30tile error, WIP state
13-02-2022-20-16-30tile error, WIP state
13-02-2022-20-16-30tile error, WIP state
13-02-2022-20-16-31tile error, WIP state
13-02-2022-20-16-31tile error, WIP state
13-02-2022-20-16-31tile error, WIP state
13-02-2022-20-16-31tile error, WIP state
13-02-2022-20-16-31tile error, WIP state
13-02-2022-20-16-31tile error, WIP state
13-02-2022-20-16-31tile error, WIP state
13-02-2022-20-16-31tile error, WIP state
13-02-2022-20-16-31tile error, WIP state
13-02-2022-20-16-32tile error, WIP state
13-02-2022-20-16-32tile error, WIP state
13-02-2022-20-16-32tile error, WIP state
13-02-2022-20-16-32tile error, WIP state
13-02-2022-20-16-32tile error, WIP state
13-02-2022-20-16-32tile error, WIP state
13-02-2022-20-16-32tile error, WIP state
13-02-2022-20-16-32tile error, WIP state
13-02-2022-20-16-32tile error, WIP state
13-02-2022-20-16-32tile error, WIP state
13-02-2022-20-16-32tile error, WIP state
13-02-2022-20-16-32tile error, WIP state
13-02-2022-20-16-32tile error, WIP state
13-02-2022-20-16-32tile error, WIP state
13-02-2022-20-16-32tile error, WIP state
13-02-2022-20-16-34tile error, WIP state
13-02-2022-20-16-34tile error, WIP state
13-02-2022-20-16-34tile error, WIP state
13-02-2022-20-16-34tile error, WIP state
13-02-2022-20-16-34tile error, WIP state
13-02-2022-20-16-34tile error, WIP state
13-02-2022-20-16-34tile error, WIP state
13-02-2022-20-16-34tile error, WIP state
13-02-2022-20-16-34tile error, WIP state
13-02-2022-20-16-35tile error, WIP state
13-02-2022-20-16-35tile error, WIP state
13-02-2022-20-16-35tile error, WIP state
13-02-2022-20-16-35tile error, WIP state
13-02-2022-20-16-35tile error, WIP state
13-02-2022-20-16-35tile error, WIP state
13-02-2022-20-16-36tile error, WIP state
13-02-2022-20-16-36tile error, WIP state
13-02-2022-20-16-36tile error, WIP state
13-02-2022-20-16-36tile error, WIP state
13-02-2022-20-16-36tile error, WIP state
13-02-2022-20-16-36tile error, WIP state
13-02-2022-20-16-36tile error, WIP state
13-02-2022-20-16-36tile error, WIP state
13-02-2022-20-16-36tile error, WIP state
13-02-2022-20-16-36tile error, WIP state
13-02-2022-20-16-36tile error, WIP state
13-02-2022-20-16-36tile error, WIP state
13-02-2022-20-16-36tile error, WIP state
13-02-2022-20-16-36tile error, WIP state
13-02-2022-20-16-36tile error, WIP state
13-02-2022-20-16-36tile error, WIP state
13-02-2022-20-16-36tile error, WIP state
13-02-2022-20-16-36tile error, WIP state
13-02-2022-20-16-36tile error, WIP state
13-02-2022-20-16-36tile error, WIP state
13-02-2022-20-16-37tile error, WIP state
13-02-2022-20-16-38tile error, WIP state
13-02-2022-20-16-38tile error, WIP state
13-02-2022-20-16-38tile error, WIP state
13-02-2022-20-16-38tile error, WIP state
13-02-2022-20-16-38tile error, WIP state
13-02-2022-20-16-38tile error, WIP state
13-02-2022-20-16-39tile error, WIP state
13-02-2022-20-16-39tile error, WIP state
13-02-2022-20-16-39tile error, WIP state
13-02-2022-20-16-39tile error, WIP state
13-02-2022-20-16-39tile error, WIP state
13-02-2022-20-16-39tile error, WIP state
13-02-2022-20-16-39tile error, WIP state
13-02-2022-20-16-39tile error, WIP state
13-02-2022-20-16-39tile error, WIP state
13-02-2022-20-16-40tile error, WIP state
13-02-2022-20-16-40tile error, WIP state
13-02-2022-20-16-40tile error, WIP state
13-02-2022-20-16-40tile error, WIP state
13-02-2022-20-16-40tile error, WIP state
13-02-2022-20-16-40tile error, WIP state
13-02-2022-20-16-40tile error, WIP state
13-02-2022-20-16-40tile error, WIP state
13-02-2022-20-16-40tile error, WIP state
13-02-2022-20-16-40tile error, WIP state
13-02-2022-20-16-40tile error, WIP state
13-02-2022-20-16-40tile error, WIP state
13-02-2022-20-16-40tile error, WIP state
13-02-2022-20-16-40tile error, WIP state
13-02-2022-20-16-40tile error, WIP state
13-02-2022-20-16-40tile error, WIP state
13-02-2022-20-16-40tile error, WIP state
13-02-2022-20-16-41tile error, WIP state
13-02-2022-20-16-41tile error, WIP state
13-02-2022-20-16-41tile error, WIP state
13-02-2022-20-16-41tile error, WIP state
13-02-2022-20-16-42tile error, WIP state
13-02-2022-20-16-42tile error, WIP state
13-02-2022-20-16-42tile error, WIP state
13-02-2022-20-16-42tile error, WIP state
13-02-2022-20-16-43tile error, WIP state
13-02-2022-20-16-43tile error, WIP state
13-02-2022-20-16-43tile error, WIP state
13-02-2022-20-16-43tile error, WIP state
13-02-2022-20-16-43tile error, WIP state
13-02-2022-20-16-43tile error, WIP state
13-02-2022-20-16-43tile error, WIP state
13-02-2022-20-16-43tile error, WIP state
13-02-2022-20-16-43tile error, WIP state
13-02-2022-20-16-43tile error, WIP state
13-02-2022-20-16-44tile error, WIP state
13-02-2022-20-16-44tile error, WIP state
13-02-2022-20-16-44tile error, WIP state
13-02-2022-20-16-44tile error, WIP state
13-02-2022-20-16-44tile error, WIP state
13-02-2022-20-16-44tile error, WIP state
13-02-2022-20-16-44tile error, WIP state
13-02-2022-20-16-44tile error, WIP state
13-02-2022-20-16-44tile error, WIP state
13-02-2022-20-16-44tile error, WIP state
13-02-2022-20-16-44tile error, WIP state
13-02-2022-20-16-44tile error, WIP state
13-02-2022-20-16-44tile error, WIP state
13-02-2022-20-16-44tile error, WIP state
13-02-2022-20-16-44tile error, WIP state
13-02-2022-20-16-45tile error, WIP state
13-02-2022-20-16-45tile error, WIP state
13-02-2022-20-16-45tile error, WIP state
13-02-2022-20-16-45tile error, WIP state
13-02-2022-20-16-45tile error, WIP state
13-02-2022-20-16-45tile error, WIP state
13-02-2022-20-16-45tile error, WIP state
13-02-2022-20-16-47tile error, WIP state
13-02-2022-20-16-47tile error, WIP state
13-02-2022-20-16-47tile error, WIP state
13-02-2022-20-16-47tile error, WIP state
13-02-2022-20-16-47tile error, WIP state
13-02-2022-20-16-48tile error, WIP state
13-02-2022-20-16-48tile error, WIP state
13-02-2022-20-16-48tile error, WIP state
13-02-2022-20-16-48tile error, WIP state
13-02-2022-20-16-48tile error, WIP state
13-02-2022-20-16-48tile error, WIP state
13-02-2022-20-16-48tile error, WIP state
13-02-2022-20-16-48tile error, WIP state
13-02-2022-20-16-48tile error, WIP state
13-02-2022-20-16-48tile error, WIP state
13-02-2022-20-16-48tile error, WIP state
13-02-2022-20-16-48tile error, WIP state
13-02-2022-20-16-48tile error, WIP state
13-02-2022-20-16-48tile error, WIP state
13-02-2022-20-16-48tile error, WIP state
13-02-2022-20-16-48tile error, WIP state
13-02-2022-20-16-48tile error, WIP state
13-02-2022-20-16-48tile error, WIP state
13-02-2022-20-16-48tile error, WIP state
13-02-2022-20-16-48tile error, WIP state
13-02-2022-20-16-49tile error, WIP state
13-02-2022-20-16-49tile error, WIP state
13-02-2022-20-16-49tile error, WIP state
13-02-2022-20-16-49tile error, WIP state
13-02-2022-20-16-49tile error, WIP state
13-02-2022-20-16-49tile error, WIP state
13-02-2022-20-16-49tile error, WIP state
13-02-2022-20-16-49tile error, WIP state
13-02-2022-20-16-49tile error, WIP state
13-02-2022-20-16-49tile error, WIP state
13-02-2022-20-16-49tile error, WIP state
13-02-2022-20-16-51tile error, WIP state
13-02-2022-20-16-51tile error, WIP state
13-02-2022-20-16-51tile error, WIP state
13-02-2022-20-16-51tile error, WIP state
13-02-2022-20-16-51tile error, WIP state
13-02-2022-20-16-51tile error, WIP state
13-02-2022-20-16-51tile error, WIP state
13-02-2022-20-16-51tile error, WIP state
13-02-2022-20-16-51tile error, WIP state
13-02-2022-20-16-51tile error, WIP state
13-02-2022-20-16-51tile error, WIP state
13-02-2022-20-16-52tile error, WIP state
13-02-2022-20-16-52tile error, WIP state
13-02-2022-20-16-52tile error, WIP state
13-02-2022-20-16-52tile error, WIP state
13-02-2022-20-16-52tile error, WIP state
13-02-2022-20-16-52tile error, WIP state
13-02-2022-20-16-53tile error, WIP state
13-02-2022-20-16-53tile error, WIP state
13-02-2022-20-16-53tile error, WIP state
13-02-2022-20-16-53tile error, WIP state
13-02-2022-20-16-53tile error, WIP state
13-02-2022-20-16-53tile error, WIP state
13-02-2022-20-16-53tile error, WIP state
13-02-2022-20-16-53tile error, WIP state
13-02-2022-20-16-53tile error, WIP state
13-02-2022-20-16-53tile error, WIP state
13-02-2022-20-16-53tile error, WIP state
13-02-2022-20-16-53tile error, WIP state
13-02-2022-20-16-53tile error, WIP state
13-02-2022-20-16-53tile error, WIP state
13-02-2022-20-16-53tile error, WIP state
13-02-2022-20-16-53tile error, WIP state
13-02-2022-20-16-53tile error, WIP state
13-02-2022-20-16-53tile error, WIP state
13-02-2022-20-16-53tile error, WIP state
13-02-2022-20-16-57tile error, WIP state
13-02-2022-20-16-57tile error, WIP state
13-02-2022-20-16-57tile error, WIP state
13-02-2022-20-16-57tile error, WIP state
13-02-2022-20-16-57tile error, WIP state
13-02-2022-20-16-57tile error, WIP state
13-02-2022-20-16-57tile error, WIP state
13-02-2022-20-16-57tile error, WIP state
13-02-2022-20-16-57tile error, WIP state
13-02-2022-20-16-57tile error, WIP state
13-02-2022-20-16-57tile error, WIP state
13-02-2022-20-16-57tile error, WIP state
13-02-2022-20-16-57tile error, WIP state
13-02-2022-20-16-57tile error, WIP state
13-02-2022-20-16-58tile error, WIP state
13-02-2022-20-16-58tile error, WIP state
13-02-2022-20-16-58tile error, WIP state
13-02-2022-20-16-58tile error, WIP state
13-02-2022-20-16-58tile error, WIP state
13-02-2022-20-16-58tile error, WIP state
13-02-2022-20-16-58tile error, WIP state
13-02-2022-20-16-58tile error, WIP state
13-02-2022-20-16-58tile error, WIP state
13-02-2022-20-16-58tile error, WIP state
13-02-2022-20-16-58tile error, WIP state
13-02-2022-20-16-58tile error, WIP state
13-02-2022-20-16-58tile error, WIP state
13-02-2022-20-16-58tile error, WIP state
13-02-2022-20-16-58tile error, WIP state
13-02-2022-20-16-58tile error, WIP state
13-02-2022-20-16-58tile error, WIP state
13-02-2022-20-16-58tile error, WIP state
13-02-2022-20-16-58tile error, WIP state
13-02-2022-20-16-58tile error, WIP state
13-02-2022-20-16-59tile error, WIP state
13-02-2022-20-16-59tile error, WIP state
13-02-2022-20-17-01tile error, WIP state
13-02-2022-20-17-01tile error, WIP state
13-02-2022-20-17-01tile error, WIP state
13-02-2022-20-17-01tile error, WIP state
13-02-2022-20-17-01tile error, WIP state
13-02-2022-20-17-01tile error, WIP state
13-02-2022-20-17-02tile error, WIP state
13-02-2022-20-17-02tile error, WIP state
13-02-2022-20-17-02tile error, WIP state
13-02-2022-20-17-02tile error, WIP state
13-02-2022-20-17-02tile error, WIP state
13-02-2022-20-17-02tile error, WIP state
13-02-2022-20-17-02tile error, WIP state
13-02-2022-20-17-02tile error, WIP state
13-02-2022-20-17-02tile error, WIP state
13-02-2022-20-17-02tile error, WIP state
13-02-2022-20-17-02tile error, WIP state
13-02-2022-20-17-02tile error, WIP state
13-02-2022-20-17-02tile error, WIP state
13-02-2022-20-17-02tile error, WIP state
13-02-2022-20-17-02tile error, WIP state
13-02-2022-20-17-02tile error, WIP state
13-02-2022-20-17-02tile error, WIP state
13-02-2022-20-17-02tile error, WIP state
13-02-2022-20-17-02tile error, WIP state
13-02-2022-20-17-02tile error, WIP state
13-02-2022-20-17-03tile error, WIP state
13-02-2022-20-17-03tile error, WIP state
13-02-2022-20-17-03tile error, WIP state
13-02-2022-20-17-03tile error, WIP state
13-02-2022-20-17-03tile error, WIP state
13-02-2022-20-17-03tile error, WIP state
13-02-2022-20-17-03tile error, WIP state
13-02-2022-20-17-03tile error, WIP state
13-02-2022-20-17-03tile error, WIP state
13-02-2022-20-17-03tile error, WIP state
13-02-2022-20-17-05tile error, WIP state
13-02-2022-20-17-05tile error, WIP state
13-02-2022-20-17-05tile error, WIP state
13-02-2022-20-17-05tile error, WIP state
13-02-2022-20-17-05tile error, WIP state
13-02-2022-20-17-05tile error, WIP state
13-02-2022-20-17-06tile error, WIP state
13-02-2022-20-17-06tile error, WIP state
13-02-2022-20-17-06tile error, WIP state
13-02-2022-20-17-06tile error, WIP state
13-02-2022-20-17-06tile error, WIP state
13-02-2022-20-17-06tile error, WIP state
13-02-2022-20-17-06tile error, WIP state
13-02-2022-20-17-06tile error, WIP state
13-02-2022-20-17-06tile error, WIP state
13-02-2022-20-17-06tile error, WIP state
13-02-2022-20-17-06tile error, WIP state
13-02-2022-20-17-06tile error, WIP state
13-02-2022-20-17-06tile error, WIP state
13-02-2022-20-17-06tile error, WIP state
13-02-2022-20-17-06tile error, WIP state
13-02-2022-20-17-06tile error, WIP state
13-02-2022-20-17-06tile error, WIP state
13-02-2022-20-17-06tile error, WIP state
13-02-2022-20-17-06tile error, WIP state
13-02-2022-20-17-07tile error, WIP state
13-02-2022-20-17-07tile error, WIP state
13-02-2022-20-17-07tile error, WIP state
13-02-2022-20-17-07tile error, WIP state
13-02-2022-20-17-07tile error, WIP state
13-02-2022-20-17-07tile error, WIP state
13-02-2022-20-17-07tile error, WIP state
13-02-2022-20-17-07tile error, WIP state
13-02-2022-20-17-07tile error, WIP state
13-02-2022-20-17-07tile error, WIP state
13-02-2022-20-17-07tile error, WIP state
13-02-2022-20-17-09tile error, WIP state
13-02-2022-20-17-09tile error, WIP state
13-02-2022-20-17-09tile error, WIP state
13-02-2022-20-17-09tile error, WIP state
13-02-2022-20-17-09tile error, WIP state
13-02-2022-20-17-09tile error, WIP state
13-02-2022-20-17-09tile error, WIP state
13-02-2022-20-17-09tile error, WIP state
13-02-2022-20-17-09tile error, WIP state
13-02-2022-20-17-09tile error, WIP state
13-02-2022-20-17-09tile error, WIP state
13-02-2022-20-17-10tile error, WIP state
13-02-2022-20-17-10tile error, WIP state
13-02-2022-20-17-10tile error, WIP state
13-02-2022-20-17-10tile error, WIP state
13-02-2022-20-17-10tile error, WIP state
13-02-2022-20-17-10tile error, WIP state
13-02-2022-20-17-10tile error, WIP state
13-02-2022-20-17-10tile error, WIP state
13-02-2022-20-17-11tile error, WIP state
13-02-2022-20-17-11tile error, WIP state
13-02-2022-20-17-11tile error, WIP state
13-02-2022-20-17-11tile error, WIP state
13-02-2022-20-17-11tile error, WIP state
13-02-2022-20-17-11tile error, WIP state
13-02-2022-20-17-11tile error, WIP state
13-02-2022-20-17-11tile error, WIP state
13-02-2022-20-17-11tile error, WIP state
13-02-2022-20-17-11tile error, WIP state
13-02-2022-20-17-11tile error, WIP state
13-02-2022-20-17-11tile error, WIP state
13-02-2022-20-17-11tile error, WIP state
13-02-2022-20-17-11tile error, WIP state
13-02-2022-20-17-11tile error, WIP state
13-02-2022-20-17-11tile error, WIP state
13-02-2022-20-17-11tile error, WIP state
13-02-2022-20-17-14tile error, WIP state
13-02-2022-20-17-14tile error, WIP state
13-02-2022-20-17-14tile error, WIP state
13-02-2022-20-17-14tile error, WIP state
13-02-2022-20-17-14tile error, WIP state
13-02-2022-20-17-14tile error, WIP state
13-02-2022-20-17-14tile error, WIP state
13-02-2022-20-17-14tile error, WIP state
13-02-2022-20-17-14tile error, WIP state
13-02-2022-20-17-14tile error, WIP state
13-02-2022-20-17-14tile error, WIP state
13-02-2022-20-17-14tile error, WIP state
13-02-2022-20-17-14tile error, WIP state
13-02-2022-20-17-14tile error, WIP state
13-02-2022-20-17-14tile error, WIP state
13-02-2022-20-17-14tile error, WIP state
13-02-2022-20-17-15tile error, WIP state
13-02-2022-20-17-15tile error, WIP state
13-02-2022-20-17-15tile error, WIP state
13-02-2022-20-17-15tile error, WIP state
13-02-2022-20-17-15tile error, WIP state
13-02-2022-20-17-15tile error, WIP state
13-02-2022-20-17-15tile error, WIP state
13-02-2022-20-17-15tile error, WIP state
13-02-2022-20-17-15tile error, WIP state
13-02-2022-20-17-15tile error, WIP state
13-02-2022-20-17-15tile error, WIP state
13-02-2022-20-17-15tile error, WIP state
13-02-2022-20-17-15tile error, WIP state
13-02-2022-20-17-15tile error, WIP state
13-02-2022-20-17-15tile error, WIP state
13-02-2022-20-17-15tile error, WIP state
13-02-2022-20-17-15tile error, WIP state
13-02-2022-20-17-15tile error, WIP state
13-02-2022-20-17-15tile error, WIP state
13-02-2022-20-17-15tile error, WIP state
13-02-2022-20-17-17tile error, WIP state
13-02-2022-20-17-17tile error, WIP state
13-02-2022-20-17-17tile error, WIP state
13-02-2022-20-17-17tile error, WIP state
13-02-2022-20-17-17tile error, WIP state
13-02-2022-20-17-18tile error, WIP state
13-02-2022-20-17-18tile error, WIP state
13-02-2022-20-17-18tile error, WIP state
13-02-2022-20-17-18tile error, WIP state
13-02-2022-20-17-18tile error, WIP state
13-02-2022-20-17-18tile error, WIP state
13-02-2022-20-17-18tile error, WIP state
13-02-2022-20-17-18tile error, WIP state
13-02-2022-20-17-18tile error, WIP state
13-02-2022-20-17-18tile error, WIP state
13-02-2022-20-17-18tile error, WIP state
13-02-2022-20-17-18tile error, WIP state
13-02-2022-20-17-18tile error, WIP state
13-02-2022-20-17-18tile error, WIP state
13-02-2022-20-17-18tile error, WIP state
13-02-2022-20-17-18tile error, WIP state
13-02-2022-20-17-19tile error, WIP state
13-02-2022-20-17-19tile error, WIP state
13-02-2022-20-17-19tile error, WIP state
13-02-2022-20-17-19tile error, WIP state
13-02-2022-20-17-19tile error, WIP state
13-02-2022-20-17-19tile error, WIP state
13-02-2022-20-17-19tile error, WIP state
13-02-2022-20-17-19tile error, WIP state
13-02-2022-20-17-19tile error, WIP state
13-02-2022-20-17-19tile error, WIP state
13-02-2022-20-17-20tile error, WIP state
13-02-2022-20-17-20tile error, WIP state
13-02-2022-20-17-20tile error, WIP state
13-02-2022-20-17-20tile error, WIP state
13-02-2022-20-17-20tile error, WIP state
13-02-2022-20-17-21tile error, WIP state
13-02-2022-20-17-22tile error, WIP state
13-02-2022-20-17-22tile error, WIP state
13-02-2022-20-17-22tile error, WIP state
13-02-2022-20-17-22tile error, WIP state
13-02-2022-20-17-22tile error, WIP state
13-02-2022-20-17-22tile error, WIP state
13-02-2022-20-17-22tile error, WIP state
13-02-2022-20-17-22tile error, WIP state
13-02-2022-20-17-22tile error, WIP state
13-02-2022-20-17-22tile error, WIP state
13-02-2022-20-17-22tile error, WIP state
13-02-2022-20-17-22tile error, WIP state
13-02-2022-20-17-23tile error, WIP state
13-02-2022-20-17-23tile error, WIP state
13-02-2022-20-17-23tile error, WIP state
13-02-2022-20-17-23tile error, WIP state
13-02-2022-20-17-23tile error, WIP state
13-02-2022-20-17-23tile error, WIP state
13-02-2022-20-17-23tile error, WIP state
13-02-2022-20-17-23tile error, WIP state
13-02-2022-20-17-23tile error, WIP state
13-02-2022-20-17-23tile error, WIP state
13-02-2022-20-17-23tile error, WIP state
13-02-2022-20-17-23tile error, WIP state
13-02-2022-20-17-23tile error, WIP state
13-02-2022-20-17-23tile error, WIP state
13-02-2022-20-17-23tile error, WIP state
13-02-2022-20-17-23tile error, WIP state
13-02-2022-20-17-24tile error, WIP state
13-02-2022-20-17-24tile error, WIP state
13-02-2022-20-17-24tile error, WIP state
13-02-2022-20-17-24tile error, WIP state
13-02-2022-20-17-24tile error, WIP state
13-02-2022-20-17-24tile error, WIP state
13-02-2022-20-17-24tile error, WIP state
13-02-2022-20-17-26tile error, WIP state
13-02-2022-20-17-26tile error, WIP state
13-02-2022-20-17-26tile error, WIP state
13-02-2022-20-17-26tile error, WIP state
13-02-2022-20-17-26tile error, WIP state
13-02-2022-20-17-26tile error, WIP state
13-02-2022-20-17-26tile error, WIP state
13-02-2022-20-17-26tile error, WIP state
13-02-2022-20-17-26tile error, WIP state
13-02-2022-20-17-26tile error, WIP state
13-02-2022-20-17-26tile error, WIP state
13-02-2022-20-17-26tile error, WIP state
13-02-2022-20-17-26tile error, WIP state
13-02-2022-20-17-26tile error, WIP state
13-02-2022-20-17-26tile error, WIP state
13-02-2022-20-17-26tile error, WIP state
13-02-2022-20-17-27tile error, WIP state
13-02-2022-20-17-27tile error, WIP state
13-02-2022-20-17-27tile error, WIP state
13-02-2022-20-17-27tile error, WIP state
13-02-2022-20-17-27tile error, WIP state
13-02-2022-20-17-27tile error, WIP state
13-02-2022-20-17-27tile error, WIP state
13-02-2022-20-17-28tile error, WIP state
13-02-2022-20-17-28tile error, WIP state
13-02-2022-20-17-28tile error, WIP state
13-02-2022-20-17-28tile error, WIP state
13-02-2022-20-17-28tile error, WIP state
13-02-2022-20-17-28tile error, WIP state
13-02-2022-20-17-28tile error, WIP state
13-02-2022-20-17-28tile error, WIP state
13-02-2022-20-17-28tile error, WIP state
13-02-2022-20-17-28tile error, WIP state
13-02-2022-20-17-28tile error, WIP state
13-02-2022-20-17-28tile error, WIP state
13-02-2022-20-17-28tile error, WIP state
13-02-2022-20-17-30tile error, WIP state
13-02-2022-20-17-30tile error, WIP state
13-02-2022-20-17-30tile error, WIP state
13-02-2022-20-17-30tile error, WIP state
13-02-2022-20-17-30tile error, WIP state
13-02-2022-20-17-30tile error, WIP state
13-02-2022-20-17-30tile error, WIP state
13-02-2022-20-17-30tile error, WIP state
13-02-2022-20-17-30tile error, WIP state
13-02-2022-20-17-30tile error, WIP state
13-02-2022-20-17-30tile error, WIP state
13-02-2022-20-17-31tile error, WIP state
13-02-2022-20-17-31tile error, WIP state
13-02-2022-20-17-31tile error, WIP state
13-02-2022-20-17-31tile error, WIP state
13-02-2022-20-17-31tile error, WIP state
13-02-2022-20-17-31tile error, WIP state
13-02-2022-20-17-31tile error, WIP state
13-02-2022-20-17-31tile error, WIP state
13-02-2022-20-17-31tile error, WIP state
13-02-2022-20-17-31tile error, WIP state
13-02-2022-20-17-31tile error, WIP state
13-02-2022-20-17-32tile error, WIP state
13-02-2022-20-17-32tile error, WIP state
13-02-2022-20-17-32tile error, WIP state
13-02-2022-20-17-32tile error, WIP state
13-02-2022-20-17-32tile error, WIP state
13-02-2022-20-17-32tile error, WIP state
13-02-2022-20-17-32tile error, WIP state
13-02-2022-20-17-32tile error, WIP state
13-02-2022-20-17-32tile error, WIP state
13-02-2022-20-17-32tile error, WIP state
13-02-2022-20-17-32tile error, WIP state
13-02-2022-20-17-32tile error, WIP state
13-02-2022-20-17-32tile error, WIP state
13-02-2022-20-17-32tile error, WIP state
13-02-2022-20-17-34tile error, WIP state
13-02-2022-20-17-34tile error, WIP state
13-02-2022-20-17-34tile error, WIP state
13-02-2022-20-17-34tile error, WIP state
13-02-2022-20-17-34tile error, WIP state
13-02-2022-20-17-34tile error, WIP state
13-02-2022-20-17-34tile error, WIP state
13-02-2022-20-17-34tile error, WIP state
13-02-2022-20-17-35tile error, WIP state
13-02-2022-20-17-35tile error, WIP state
13-02-2022-20-17-35tile error, WIP state
13-02-2022-20-17-35tile error, WIP state
13-02-2022-20-17-35tile error, WIP state
13-02-2022-20-17-35tile error, WIP state
13-02-2022-20-17-35tile error, WIP state
13-02-2022-20-17-36tile error, WIP state
13-02-2022-20-17-36tile error, WIP state
13-02-2022-20-17-36tile error, WIP state
13-02-2022-20-17-36tile error, WIP state
13-02-2022-20-17-36tile error, WIP state
13-02-2022-20-17-36tile error, WIP state
13-02-2022-20-17-36tile error, WIP state
13-02-2022-20-17-36tile error, WIP state
13-02-2022-20-17-36tile error, WIP state
13-02-2022-20-17-36tile error, WIP state
13-02-2022-20-17-36tile error, WIP state
13-02-2022-20-17-36tile error, WIP state
13-02-2022-20-17-36tile error, WIP state
13-02-2022-20-17-36tile error, WIP state
13-02-2022-20-17-36tile error, WIP state
13-02-2022-20-17-36tile error, WIP state
13-02-2022-20-17-36tile error, WIP state
13-02-2022-20-17-37tile error, WIP state
13-02-2022-20-17-37tile error, WIP state
13-02-2022-20-17-37tile error, WIP state
13-02-2022-20-17-37tile error, WIP state
13-02-2022-20-17-39tile error, WIP state
13-02-2022-20-17-39tile error, WIP state
13-02-2022-20-17-40tile error, WIP state
13-02-2022-20-17-40tile error, WIP state
13-02-2022-20-17-40tile error, WIP state
13-02-2022-20-17-40tile error, WIP state
13-02-2022-20-17-40tile error, WIP state
13-02-2022-20-17-40tile error, WIP state
13-02-2022-20-17-40tile error, WIP state
13-02-2022-20-17-40tile error, WIP state
13-02-2022-20-17-40tile error, WIP state
13-02-2022-20-17-40tile error, WIP state
13-02-2022-20-17-40tile error, WIP state
13-02-2022-20-17-40tile error, WIP state
13-02-2022-20-17-40tile error, WIP state
13-02-2022-20-17-40tile error, WIP state
13-02-2022-20-17-40tile error, WIP state
13-02-2022-20-17-40tile error, WIP state
13-02-2022-20-17-40tile error, WIP state
13-02-2022-20-17-41tile error, WIP state
13-02-2022-20-17-41tile error, WIP state
13-02-2022-20-17-41tile error, WIP state
13-02-2022-20-17-41tile error, WIP state
13-02-2022-20-17-41tile error, WIP state
13-02-2022-20-17-41tile error, WIP state
13-02-2022-20-17-41tile error, WIP state
13-02-2022-20-17-41tile error, WIP state
13-02-2022-20-17-41tile error, WIP state
13-02-2022-20-17-41tile error, WIP state
13-02-2022-20-17-41tile error, WIP state
13-02-2022-20-17-41tile error, WIP state
13-02-2022-20-17-41tile error, WIP state
13-02-2022-20-17-41tile error, WIP state
13-02-2022-20-17-41tile error, WIP state
13-02-2022-20-17-41tile error, WIP state
13-02-2022-20-17-41tile error, WIP state
13-02-2022-20-17-43tile error, WIP state
13-02-2022-20-17-43tile error, WIP state
13-02-2022-20-17-43tile error, WIP state
13-02-2022-20-17-43tile error, WIP state
13-02-2022-20-17-43tile error, WIP state
13-02-2022-20-17-43tile error, WIP state
13-02-2022-20-17-43tile error, WIP state
13-02-2022-20-17-43tile error, WIP state
13-02-2022-20-17-44tile error, WIP state
13-02-2022-20-17-44tile error, WIP state
13-02-2022-20-17-44tile error, WIP state
13-02-2022-20-17-44tile error, WIP state
13-02-2022-20-17-44tile error, WIP state
13-02-2022-20-17-44tile error, WIP state
13-02-2022-20-17-44tile error, WIP state
13-02-2022-20-17-45tile error, WIP state
13-02-2022-20-17-45tile error, WIP state
13-02-2022-20-17-45tile error, WIP state
13-02-2022-20-17-45tile error, WIP state
13-02-2022-20-17-45tile error, WIP state
13-02-2022-20-17-45tile error, WIP state
13-02-2022-20-17-45tile error, WIP state
13-02-2022-20-17-45tile error, WIP state
13-02-2022-20-17-45tile error, WIP state
13-02-2022-20-17-45tile error, WIP state
13-02-2022-20-17-45tile error, WIP state
13-02-2022-20-17-45tile error, WIP state
13-02-2022-20-17-45tile error, WIP state
13-02-2022-20-17-45tile error, WIP state
13-02-2022-20-17-45tile error, WIP state
13-02-2022-20-17-45tile error, WIP state
13-02-2022-20-17-45tile error, WIP state
13-02-2022-20-17-45tile error, WIP state
13-02-2022-20-17-45tile error, WIP state
13-02-2022-20-17-45tile error, WIP state
13-02-2022-20-17-46tile error, WIP state
13-02-2022-20-17-47tile error, WIP state
13-02-2022-20-17-47tile error, WIP state
13-02-2022-20-17-47tile error, WIP state
13-02-2022-20-17-47tile error, WIP state
13-02-2022-20-17-47tile error, WIP state
13-02-2022-20-17-47tile error, WIP state
13-02-2022-20-17-48tile error, WIP state
13-02-2022-20-17-48tile error, WIP state
13-02-2022-20-17-48tile error, WIP state
13-02-2022-20-17-48tile error, WIP state
13-02-2022-20-17-48tile error, WIP state
13-02-2022-20-17-48tile error, WIP state
13-02-2022-20-17-48tile error, WIP state
13-02-2022-20-17-48tile error, WIP state
13-02-2022-20-17-48tile error, WIP state
13-02-2022-20-17-48tile error, WIP state
13-02-2022-20-17-48tile error, WIP state
13-02-2022-20-17-48tile error, WIP state
13-02-2022-20-17-48tile error, WIP state
13-02-2022-20-17-48tile error, WIP state
13-02-2022-20-17-48tile error, WIP state
13-02-2022-20-17-48tile error, WIP state
13-02-2022-20-17-49tile error, WIP state
13-02-2022-20-17-49tile error, WIP state
13-02-2022-20-17-49tile error, WIP state
13-02-2022-20-17-49tile error, WIP state
13-02-2022-20-17-49tile error, WIP state
13-02-2022-20-17-49tile error, WIP state
13-02-2022-20-17-49tile error, WIP state
13-02-2022-20-17-49tile error, WIP state
13-02-2022-20-17-49tile error, WIP state
13-02-2022-20-17-49tile error, WIP state
13-02-2022-20-17-49tile error, WIP state
13-02-2022-20-17-49tile error, WIP state
13-02-2022-20-17-50tile error, WIP state
13-02-2022-20-17-50tile error, WIP state
13-02-2022-20-17-51tile error, WIP state
13-02-2022-20-17-52tile error, WIP state
13-02-2022-20-17-52tile error, WIP state
13-02-2022-20-17-52tile error, WIP state
13-02-2022-20-17-52tile error, WIP state
13-02-2022-20-17-52tile error, WIP state
13-02-2022-20-17-52tile error, WIP state
13-02-2022-20-17-52tile error, WIP state
13-02-2022-20-17-52tile error, WIP state
13-02-2022-20-17-52tile error, WIP state
13-02-2022-20-17-52tile error, WIP state
13-02-2022-20-17-52tile error, WIP state
13-02-2022-20-17-52tile error, WIP state
13-02-2022-20-17-53tile error, WIP state
13-02-2022-20-17-53tile error, WIP state
13-02-2022-20-17-53tile error, WIP state
13-02-2022-20-17-53tile error, WIP state
13-02-2022-20-17-53tile error, WIP state
13-02-2022-20-17-53tile error, WIP state
13-02-2022-20-17-53tile error, WIP state
13-02-2022-20-17-53tile error, WIP state
13-02-2022-20-17-53tile error, WIP state
13-02-2022-20-17-53tile error, WIP state
13-02-2022-20-17-53tile error, WIP state
13-02-2022-20-17-54tile error, WIP state
13-02-2022-20-17-54tile error, WIP state
13-02-2022-20-17-54tile error, WIP state
13-02-2022-20-17-54tile error, WIP state
13-02-2022-20-17-54tile error, WIP state
13-02-2022-20-17-54tile error, WIP state
13-02-2022-20-17-54tile error, WIP state
13-02-2022-20-17-54tile error, WIP state
13-02-2022-20-17-54tile error, WIP state
13-02-2022-20-17-54tile error, WIP state
13-02-2022-20-17-54tile error, WIP state
13-02-2022-20-17-54tile error, WIP state
13-02-2022-20-17-56tile error, WIP state
13-02-2022-20-17-56tile error, WIP state
13-02-2022-20-17-56tile error, WIP state
13-02-2022-20-17-56tile error, WIP state
13-02-2022-20-17-56tile error, WIP state
13-02-2022-20-17-56tile error, WIP state
13-02-2022-20-17-56tile error, WIP state
13-02-2022-20-17-56tile error, WIP state
13-02-2022-20-17-56tile error, WIP state
13-02-2022-20-17-56tile error, WIP state
13-02-2022-20-17-56tile error, WIP state
13-02-2022-20-17-56tile error, WIP state
13-02-2022-20-17-56tile error, WIP state
13-02-2022-20-17-56tile error, WIP state
13-02-2022-20-17-56tile error, WIP state
13-02-2022-20-17-56tile error, WIP state
13-02-2022-20-17-57tile error, WIP state
13-02-2022-20-17-57tile error, WIP state
13-02-2022-20-17-57tile error, WIP state
13-02-2022-20-17-57tile error, WIP state
13-02-2022-20-17-57tile error, WIP state
13-02-2022-20-17-57tile error, WIP state
13-02-2022-20-17-57tile error, WIP state
13-02-2022-20-17-57tile error, WIP state
13-02-2022-20-17-57tile error, WIP state
13-02-2022-20-17-57tile error, WIP state
13-02-2022-20-17-58tile error, WIP state
13-02-2022-20-17-58tile error, WIP state
13-02-2022-20-17-58tile error, WIP state
13-02-2022-20-17-58tile error, WIP state
13-02-2022-20-17-58tile error, WIP state
13-02-2022-20-17-58tile error, WIP state
13-02-2022-20-17-58tile error, WIP state
13-02-2022-20-17-58tile error, WIP state
13-02-2022-20-17-58tile error, WIP state
13-02-2022-20-17-58tile error, WIP state
13-02-2022-20-18-00tile error, WIP state
13-02-2022-20-18-00tile error, WIP state
13-02-2022-20-18-00tile error, WIP state
13-02-2022-20-18-00tile error, WIP state
13-02-2022-20-18-00tile error, WIP state
13-02-2022-20-18-00tile error, WIP state
13-02-2022-20-18-00tile error, WIP state
13-02-2022-20-18-00tile error, WIP state
13-02-2022-20-18-00tile error, WIP state
13-02-2022-20-18-01tile error, WIP state
13-02-2022-20-18-01tile error, WIP state
13-02-2022-20-18-01tile error, WIP state
13-02-2022-20-18-01tile error, WIP state
13-02-2022-20-18-01tile error, WIP state
13-02-2022-20-18-01tile error, WIP state
13-02-2022-20-18-01tile error, WIP state
13-02-2022-20-18-01tile error, WIP state
13-02-2022-20-18-02tile error, WIP state
13-02-2022-20-18-02tile error, WIP state
13-02-2022-20-18-02tile error, WIP state
13-02-2022-20-18-02tile error, WIP state
13-02-2022-20-18-02tile error, WIP state
13-02-2022-20-18-02tile error, WIP state
13-02-2022-20-18-02tile error, WIP state
13-02-2022-20-18-02tile error, WIP state
13-02-2022-20-18-02tile error, WIP state
13-02-2022-20-18-02tile error, WIP state
13-02-2022-20-18-02tile error, WIP state
13-02-2022-20-18-02tile error, WIP state
13-02-2022-20-18-02tile error, WIP state
13-02-2022-20-18-02tile error, WIP state
13-02-2022-20-18-02tile error, WIP state
13-02-2022-20-18-02tile error, WIP state
13-02-2022-20-18-02tile error, WIP state
13-02-2022-20-18-02tile error, WIP state
13-02-2022-20-18-02tile error, WIP state
13-02-2022-20-18-04tile error, WIP state
13-02-2022-20-18-04tile error, WIP state
13-02-2022-20-18-04tile error, WIP state
13-02-2022-20-18-04tile error, WIP state
13-02-2022-20-18-04tile error, WIP state
13-02-2022-20-18-04tile error, WIP state
13-02-2022-20-18-04tile error, WIP state
13-02-2022-20-18-04tile error, WIP state
13-02-2022-20-18-04tile error, WIP state
13-02-2022-20-18-05tile error, WIP state
13-02-2022-20-18-05tile error, WIP state
13-02-2022-20-18-05tile error, WIP state
13-02-2022-20-18-05tile error, WIP state
13-02-2022-20-18-05tile error, WIP state
13-02-2022-20-18-05tile error, WIP state
13-02-2022-20-18-05tile error, WIP state
13-02-2022-20-18-05tile error, WIP state
13-02-2022-20-18-05tile error, WIP state
13-02-2022-20-18-06tile error, WIP state
13-02-2022-20-18-06tile error, WIP state
13-02-2022-20-18-06tile error, WIP state
13-02-2022-20-18-06tile error, WIP state
13-02-2022-20-18-06tile error, WIP state
13-02-2022-20-18-06tile error, WIP state
13-02-2022-20-18-06tile error, WIP state
13-02-2022-20-18-06tile error, WIP state
13-02-2022-20-18-06tile error, WIP state
13-02-2022-20-18-06tile error, WIP state
13-02-2022-20-18-06tile error, WIP state
13-02-2022-20-18-06tile error, WIP state
13-02-2022-20-18-06tile error, WIP state
13-02-2022-20-18-06tile error, WIP state
13-02-2022-20-18-06tile error, WIP state
13-02-2022-20-18-06tile error, WIP state
13-02-2022-20-18-06tile error, WIP state
13-02-2022-20-18-06tile error, WIP state
13-02-2022-20-18-09tile error, WIP state
13-02-2022-20-18-09tile error, WIP state
13-02-2022-20-18-09tile error, WIP state
13-02-2022-20-18-09tile error, WIP state
13-02-2022-20-18-09tile error, WIP state
13-02-2022-20-18-09tile error, WIP state
13-02-2022-20-18-09tile error, WIP state
13-02-2022-20-18-09tile error, WIP state
13-02-2022-20-18-09tile error, WIP state
13-02-2022-20-18-09tile error, WIP state
13-02-2022-20-18-09tile error, WIP state
13-02-2022-20-18-09tile error, WIP state
13-02-2022-20-18-10tile error, WIP state
13-02-2022-20-18-10tile error, WIP state
13-02-2022-20-18-10tile error, WIP state
13-02-2022-20-18-10tile error, WIP state
13-02-2022-20-18-10tile error, WIP state
13-02-2022-20-18-10tile error, WIP state
13-02-2022-20-18-10tile error, WIP state
13-02-2022-20-18-10tile error, WIP state
13-02-2022-20-18-11tile error, WIP state
13-02-2022-20-18-11tile error, WIP state
13-02-2022-20-18-11tile error, WIP state
13-02-2022-20-18-11tile error, WIP state
13-02-2022-20-18-11tile error, WIP state
13-02-2022-20-18-11tile error, WIP state
13-02-2022-20-18-11tile error, WIP state
13-02-2022-20-18-11tile error, WIP state
13-02-2022-20-18-11tile error, WIP state
13-02-2022-20-18-11tile error, WIP state
13-02-2022-20-18-11tile error, WIP state
13-02-2022-20-18-11tile error, WIP state
13-02-2022-20-18-11tile error, WIP state
13-02-2022-20-18-11tile error, WIP state
13-02-2022-20-18-11tile error, WIP state
13-02-2022-20-18-11tile error, WIP state
13-02-2022-20-18-13tile error, WIP state
13-02-2022-20-18-13tile error, WIP state
13-02-2022-20-18-13tile error, WIP state
13-02-2022-20-18-13tile error, WIP state
13-02-2022-20-18-13tile error, WIP state
13-02-2022-20-18-13tile error, WIP state
13-02-2022-20-18-13tile error, WIP state
13-02-2022-20-18-13tile error, WIP state
13-02-2022-20-18-13tile error, WIP state
13-02-2022-20-18-13tile error, WIP state
13-02-2022-20-18-14tile error, WIP state
13-02-2022-20-18-14tile error, WIP state
13-02-2022-20-18-14tile error, WIP state
13-02-2022-20-18-14tile error, WIP state
13-02-2022-20-18-14tile error, WIP state
13-02-2022-20-18-14tile error, WIP state
13-02-2022-20-18-14tile error, WIP state
13-02-2022-20-18-15tile error, WIP state
13-02-2022-20-18-15tile error, WIP state
13-02-2022-20-18-15tile error, WIP state
13-02-2022-20-18-15tile error, WIP state
13-02-2022-20-18-15tile error, WIP state
13-02-2022-20-18-15tile error, WIP state
13-02-2022-20-18-15tile error, WIP state
13-02-2022-20-18-15tile error, WIP state
13-02-2022-20-18-15tile error, WIP state
13-02-2022-20-18-15tile error, WIP state
13-02-2022-20-18-15tile error, WIP state
13-02-2022-20-18-15tile error, WIP state
13-02-2022-20-18-15tile error, WIP state
13-02-2022-20-18-15tile error, WIP state
13-02-2022-20-18-15tile error, WIP state
13-02-2022-20-18-15tile error, WIP state
13-02-2022-20-18-15tile error, WIP state
13-02-2022-20-18-15tile error, WIP state
13-02-2022-20-18-15tile error, WIP state
13-02-2022-20-18-17tile error, WIP state
13-02-2022-20-18-17tile error, WIP state
13-02-2022-20-18-17tile error, WIP state
13-02-2022-20-18-17tile error, WIP state
13-02-2022-20-18-17tile error, WIP state
13-02-2022-20-18-18tile error, WIP state
13-02-2022-20-18-18tile error, WIP state
13-02-2022-20-18-18tile error, WIP state
13-02-2022-20-18-18tile error, WIP state
13-02-2022-20-18-18tile error, WIP state
13-02-2022-20-18-18tile error, WIP state
13-02-2022-20-18-18tile error, WIP state
13-02-2022-20-18-18tile error, WIP state
13-02-2022-20-18-18tile error, WIP state
13-02-2022-20-18-19tile error, WIP state
13-02-2022-20-18-19tile error, WIP state
13-02-2022-20-18-19tile error, WIP state
13-02-2022-20-18-19tile error, WIP state
13-02-2022-20-18-19tile error, WIP state
13-02-2022-20-18-19tile error, WIP state
13-02-2022-20-18-19tile error, WIP state
13-02-2022-20-18-19tile error, WIP state
13-02-2022-20-18-19tile error, WIP state
13-02-2022-20-18-19tile error, WIP state
13-02-2022-20-18-19tile error, WIP state
13-02-2022-20-18-19tile error, WIP state
13-02-2022-20-18-19tile error, WIP state
13-02-2022-20-18-19tile error, WIP state
13-02-2022-20-18-19tile error, WIP state
13-02-2022-20-18-19tile error, WIP state
13-02-2022-20-18-19tile error, WIP state
13-02-2022-20-18-20tile error, WIP state
13-02-2022-20-18-20tile error, WIP state
13-02-2022-20-18-20tile error, WIP state
13-02-2022-20-18-20tile error, WIP state
13-02-2022-20-18-20tile error, WIP state
13-02-2022-20-18-21tile error, WIP state
13-02-2022-20-18-22tile error, WIP state
13-02-2022-20-18-22tile error, WIP state
13-02-2022-20-18-22tile error, WIP state
13-02-2022-20-18-22tile error, WIP state
13-02-2022-20-18-22tile error, WIP state
13-02-2022-20-18-22tile error, WIP state
13-02-2022-20-18-22tile error, WIP state
13-02-2022-20-18-22tile error, WIP state
13-02-2022-20-18-22tile error, WIP state
13-02-2022-20-18-22tile error, WIP state
13-02-2022-20-18-22tile error, WIP state
13-02-2022-20-18-22tile error, WIP state
13-02-2022-20-18-22tile error, WIP state
13-02-2022-20-18-22tile error, WIP state
13-02-2022-20-18-22tile error, WIP state
13-02-2022-20-18-22tile error, WIP state
13-02-2022-20-18-22tile error, WIP state
13-02-2022-20-18-22tile error, WIP state
13-02-2022-20-18-22tile error, WIP state
13-02-2022-20-18-23tile error, WIP state
13-02-2022-20-18-23tile error, WIP state
13-02-2022-20-18-23tile error, WIP state
13-02-2022-20-18-23tile error, WIP state
13-02-2022-20-18-23tile error, WIP state
13-02-2022-20-18-23tile error, WIP state
13-02-2022-20-18-23tile error, WIP state
13-02-2022-20-18-24tile error, WIP state
13-02-2022-20-18-24tile error, WIP state
13-02-2022-20-18-24tile error, WIP state
13-02-2022-20-18-24tile error, WIP state
13-02-2022-20-18-24tile error, WIP state
13-02-2022-20-18-24tile error, WIP state
13-02-2022-20-18-24tile error, WIP state
13-02-2022-20-18-24tile error, WIP state
13-02-2022-20-18-24tile error, WIP state
13-02-2022-20-18-26tile error, WIP state
13-02-2022-20-18-26tile error, WIP state
13-02-2022-20-18-26tile error, WIP state
13-02-2022-20-18-26tile error, WIP state
13-02-2022-20-18-26tile error, WIP state
13-02-2022-20-18-26tile error, WIP state
13-02-2022-20-18-26tile error, WIP state
13-02-2022-20-18-26tile error, WIP state
13-02-2022-20-18-26tile error, WIP state
13-02-2022-20-18-26tile error, WIP state
13-02-2022-20-18-26tile error, WIP state
13-02-2022-20-18-26tile error, WIP state
13-02-2022-20-18-26tile error, WIP state
13-02-2022-20-18-26tile error, WIP state
13-02-2022-20-18-26tile error, WIP state
13-02-2022-20-18-26tile error, WIP state
13-02-2022-20-18-27tile error, WIP state
13-02-2022-20-18-27tile error, WIP state
13-02-2022-20-18-27tile error, WIP state
13-02-2022-20-18-27tile error, WIP state
13-02-2022-20-18-27tile error, WIP state
13-02-2022-20-18-27tile error, WIP state
13-02-2022-20-18-27tile error, WIP state
13-02-2022-20-18-27tile error, WIP state
13-02-2022-20-18-27tile error, WIP state
13-02-2022-20-18-28tile error, WIP state
13-02-2022-20-18-28tile error, WIP state
13-02-2022-20-18-28tile error, WIP state
13-02-2022-20-18-28tile error, WIP state
13-02-2022-20-18-28tile error, WIP state
13-02-2022-20-18-28tile error, WIP state
13-02-2022-20-18-28tile error, WIP state
13-02-2022-20-18-28tile error, WIP state
13-02-2022-20-18-28tile error, WIP state
13-02-2022-20-18-28tile error, WIP state
13-02-2022-20-18-28tile error, WIP state
13-02-2022-20-18-29tile error, WIP state
13-02-2022-20-18-30tile error, WIP state
13-02-2022-20-18-30tile error, WIP state
13-02-2022-20-18-30tile error, WIP state
13-02-2022-20-18-30tile error, WIP state
13-02-2022-20-18-30tile error, WIP state
13-02-2022-20-18-30tile error, WIP state
13-02-2022-20-18-30tile error, WIP state
13-02-2022-20-18-30tile error, WIP state
13-02-2022-20-18-30tile error, WIP state
13-02-2022-20-18-30tile error, WIP state
13-02-2022-20-18-30tile error, WIP state
13-02-2022-20-18-31tile error, WIP state
13-02-2022-20-18-31tile error, WIP state
13-02-2022-20-18-31tile error, WIP state
13-02-2022-20-18-31tile error, WIP state
13-02-2022-20-18-31tile error, WIP state
13-02-2022-20-18-31tile error, WIP state
13-02-2022-20-18-31tile error, WIP state
13-02-2022-20-18-31tile error, WIP state
13-02-2022-20-18-31tile error, WIP state
13-02-2022-20-18-31tile error, WIP state
13-02-2022-20-18-32tile error, WIP state
13-02-2022-20-18-32tile error, WIP state
13-02-2022-20-18-32tile error, WIP state
13-02-2022-20-18-32tile error, WIP state
13-02-2022-20-18-32tile error, WIP state
13-02-2022-20-18-32tile error, WIP state
13-02-2022-20-18-32tile error, WIP state
13-02-2022-20-18-32tile error, WIP state
13-02-2022-20-18-32tile error, WIP state
13-02-2022-20-18-32tile error, WIP state
13-02-2022-20-18-32tile error, WIP state
13-02-2022-20-18-32tile error, WIP state
13-02-2022-20-18-32tile error, WIP state
13-02-2022-20-18-32tile error, WIP state
13-02-2022-20-18-34tile error, WIP state
13-02-2022-20-18-34tile error, WIP state
13-02-2022-20-18-34tile error, WIP state
13-02-2022-20-18-34tile error, WIP state
13-02-2022-20-18-34tile error, WIP state
13-02-2022-20-18-34tile error, WIP state
13-02-2022-20-18-34tile error, WIP state
13-02-2022-20-18-34tile error, WIP state
13-02-2022-20-18-34tile error, WIP state
13-02-2022-20-18-35tile error, WIP state
13-02-2022-20-18-35tile error, WIP state
13-02-2022-20-18-35tile error, WIP state
13-02-2022-20-18-35tile error, WIP state
13-02-2022-20-18-35tile error, WIP state
13-02-2022-20-18-35tile error, WIP state
13-02-2022-20-18-35tile error, WIP state
13-02-2022-20-18-35tile error, WIP state
13-02-2022-20-18-35tile error, WIP state
13-02-2022-20-18-35tile error, WIP state
13-02-2022-20-18-35tile error, WIP state
13-02-2022-20-18-35tile error, WIP state
13-02-2022-20-18-35tile error, WIP state
13-02-2022-20-18-35tile error, WIP state
13-02-2022-20-18-36tile error, WIP state
13-02-2022-20-18-36tile error, WIP state
13-02-2022-20-18-36tile error, WIP state
13-02-2022-20-18-36tile error, WIP state
13-02-2022-20-18-36tile error, WIP state
13-02-2022-20-18-36tile error, WIP state
13-02-2022-20-18-36tile error, WIP state
13-02-2022-20-18-36tile error, WIP state
13-02-2022-20-18-36tile error, WIP state
13-02-2022-20-18-36tile error, WIP state
13-02-2022-20-18-36tile error, WIP state
13-02-2022-20-18-37tile error, WIP state
13-02-2022-20-18-37tile error, WIP state
13-02-2022-20-18-38tile error, WIP state
13-02-2022-20-18-38tile error, WIP state
13-02-2022-20-18-38tile error, WIP state
13-02-2022-20-18-38tile error, WIP state
13-02-2022-20-18-39tile error, WIP state
13-02-2022-20-18-39tile error, WIP state
13-02-2022-20-18-39tile error, WIP state
13-02-2022-20-18-39tile error, WIP state
13-02-2022-20-18-39tile error, WIP state
13-02-2022-20-18-39tile error, WIP state
13-02-2022-20-18-39tile error, WIP state
13-02-2022-20-18-39tile error, WIP state
13-02-2022-20-18-40tile error, WIP state
13-02-2022-20-18-40tile error, WIP state
13-02-2022-20-18-40tile error, WIP state
13-02-2022-20-18-40tile error, WIP state
13-02-2022-20-18-40tile error, WIP state
13-02-2022-20-18-40tile error, WIP state
13-02-2022-20-18-40tile error, WIP state
13-02-2022-20-18-40tile error, WIP state
13-02-2022-20-18-40tile error, WIP state
13-02-2022-20-18-40tile error, WIP state
13-02-2022-20-18-40tile error, WIP state
13-02-2022-20-18-40tile error, WIP state
13-02-2022-20-18-40tile error, WIP state
13-02-2022-20-18-40tile error, WIP state
13-02-2022-20-18-40tile error, WIP state
13-02-2022-20-18-40tile error, WIP state
13-02-2022-20-18-40tile error, WIP state
13-02-2022-20-18-40tile error, WIP state
13-02-2022-20-18-41tile error, WIP state
13-02-2022-20-18-41tile error, WIP state
13-02-2022-20-18-41tile error, WIP state
13-02-2022-20-18-41tile error, WIP state
13-02-2022-20-18-41tile error, WIP state
13-02-2022-20-18-41tile error, WIP state
13-02-2022-20-18-42tile error, WIP state
13-02-2022-20-18-43tile error, WIP state
13-02-2022-20-18-43tile error, WIP state
13-02-2022-20-18-43tile error, WIP state
13-02-2022-20-18-43tile error, WIP state
13-02-2022-20-18-43tile error, WIP state
13-02-2022-20-18-43tile error, WIP state
13-02-2022-20-18-43tile error, WIP state
13-02-2022-20-18-43tile error, WIP state
13-02-2022-20-18-43tile error, WIP state
13-02-2022-20-18-43tile error, WIP state
13-02-2022-20-18-43tile error, WIP state
13-02-2022-20-18-43tile error, WIP state
13-02-2022-20-18-44tile error, WIP state
13-02-2022-20-18-44tile error, WIP state
13-02-2022-20-18-44tile error, WIP state
13-02-2022-20-18-44tile error, WIP state
13-02-2022-20-18-44tile error, WIP state
13-02-2022-20-18-44tile error, WIP state
13-02-2022-20-18-44tile error, WIP state
13-02-2022-20-18-44tile error, WIP state
13-02-2022-20-18-44tile error, WIP state
13-02-2022-20-18-44tile error, WIP state
13-02-2022-20-18-44tile error, WIP state
13-02-2022-20-18-44tile error, WIP state
13-02-2022-20-18-44tile error, WIP state
13-02-2022-20-18-44tile error, WIP state
13-02-2022-20-18-45tile error, WIP state
13-02-2022-20-18-45tile error, WIP state
13-02-2022-20-18-45tile error, WIP state
13-02-2022-20-18-45tile error, WIP state
13-02-2022-20-18-45tile error, WIP state
13-02-2022-20-18-45tile error, WIP state
13-02-2022-20-18-45tile error, WIP state
13-02-2022-20-18-45tile error, WIP state
13-02-2022-20-18-45tile error, WIP state
13-02-2022-20-18-47tile error, WIP state
13-02-2022-20-18-47tile error, WIP state
13-02-2022-20-18-47tile error, WIP state
13-02-2022-20-18-47tile error, WIP state
13-02-2022-20-18-47tile error, WIP state
13-02-2022-20-18-47tile error, WIP state
13-02-2022-20-18-48tile error, WIP state
13-02-2022-20-18-48tile error, WIP state
13-02-2022-20-18-48tile error, WIP state
13-02-2022-20-18-48tile error, WIP state
13-02-2022-20-18-48tile error, WIP state
13-02-2022-20-18-48tile error, WIP state
13-02-2022-20-18-48tile error, WIP state
13-02-2022-20-18-48tile error, WIP state
13-02-2022-20-18-48tile error, WIP state
13-02-2022-20-18-48tile error, WIP state
13-02-2022-20-18-48tile error, WIP state
13-02-2022-20-18-48tile error, WIP state
13-02-2022-20-18-48tile error, WIP state
13-02-2022-20-18-48tile error, WIP state
13-02-2022-20-18-48tile error, WIP state
13-02-2022-20-18-48tile error, WIP state
13-02-2022-20-18-48tile error, WIP state
13-02-2022-20-18-48tile error, WIP state
13-02-2022-20-18-48tile error, WIP state
13-02-2022-20-18-48tile error, WIP state
13-02-2022-20-18-48tile error, WIP state
13-02-2022-20-18-49tile error, WIP state
13-02-2022-20-18-49tile error, WIP state
13-02-2022-20-18-49tile error, WIP state
13-02-2022-20-18-49tile error, WIP state
13-02-2022-20-18-49tile error, WIP state
13-02-2022-20-18-49tile error, WIP state
13-02-2022-20-18-49tile error, WIP state
13-02-2022-20-18-49tile error, WIP state
13-02-2022-20-18-49tile error, WIP state
13-02-2022-20-18-51tile error, WIP state
13-02-2022-20-18-51tile error, WIP state
13-02-2022-20-18-51tile error, WIP state
13-02-2022-20-18-51tile error, WIP state
13-02-2022-20-18-51tile error, WIP state
13-02-2022-20-18-51tile error, WIP state
13-02-2022-20-18-51tile error, WIP state
13-02-2022-20-18-51tile error, WIP state
13-02-2022-20-18-51tile error, WIP state
13-02-2022-20-18-51tile error, WIP state
13-02-2022-20-18-51tile error, WIP state
13-02-2022-20-18-52tile error, WIP state
13-02-2022-20-18-52tile error, WIP state
13-02-2022-20-18-52tile error, WIP state
13-02-2022-20-18-52tile error, WIP state
13-02-2022-20-18-52tile error, WIP state
13-02-2022-20-18-53tile error, WIP state
13-02-2022-20-18-53tile error, WIP state
13-02-2022-20-18-53tile error, WIP state
13-02-2022-20-18-53tile error, WIP state
13-02-2022-20-18-53tile error, WIP state
13-02-2022-20-18-53tile error, WIP state
13-02-2022-20-18-53tile error, WIP state
13-02-2022-20-18-53tile error, WIP state
13-02-2022-20-18-53tile error, WIP state
13-02-2022-20-18-53tile error, WIP state
13-02-2022-20-18-53tile error, WIP state
13-02-2022-20-18-53tile error, WIP state
13-02-2022-20-18-53tile error, WIP state
13-02-2022-20-18-53tile error, WIP state
13-02-2022-20-18-53tile error, WIP state
13-02-2022-20-18-53tile error, WIP state
13-02-2022-20-18-53tile error, WIP state
13-02-2022-20-18-53tile error, WIP state
13-02-2022-20-18-53tile error, WIP state
13-02-2022-20-18-53tile error, WIP state
13-02-2022-20-18-55tile error, WIP state
13-02-2022-20-18-55tile error, WIP state
13-02-2022-20-18-55tile error, WIP state
13-02-2022-20-18-55tile error, WIP state
13-02-2022-20-18-55tile error, WIP state
13-02-2022-20-18-55tile error, WIP state
13-02-2022-20-18-55tile error, WIP state
13-02-2022-20-18-55tile error, WIP state
13-02-2022-20-18-55tile error, WIP state
13-02-2022-20-18-55tile error, WIP state
13-02-2022-20-18-56tile error, WIP state
13-02-2022-20-18-56tile error, WIP state
13-02-2022-20-18-56tile error, WIP state
13-02-2022-20-18-56tile error, WIP state
13-02-2022-20-18-56tile error, WIP state
13-02-2022-20-18-56tile error, WIP state
13-02-2022-20-18-56tile error, WIP state
13-02-2022-20-18-57tile error, WIP state
13-02-2022-20-18-57tile error, WIP state
13-02-2022-20-18-57tile error, WIP state
13-02-2022-20-18-57tile error, WIP state
13-02-2022-20-18-57tile error, WIP state
13-02-2022-20-18-57tile error, WIP state
13-02-2022-20-18-57tile error, WIP state
13-02-2022-20-18-57tile error, WIP state
13-02-2022-20-18-57tile error, WIP state
13-02-2022-20-18-57tile error, WIP state
13-02-2022-20-18-57tile error, WIP state
13-02-2022-20-18-57tile error, WIP state
13-02-2022-20-18-57tile error, WIP state
13-02-2022-20-18-57tile error, WIP state
13-02-2022-20-18-57tile error, WIP state
13-02-2022-20-18-57tile error, WIP state
13-02-2022-20-18-57tile error, WIP state
13-02-2022-20-18-57tile error, WIP state
13-02-2022-20-18-58tile error, WIP state
13-02-2022-20-18-59tile error, WIP state
13-02-2022-20-18-59tile error, WIP state
13-02-2022-20-18-59tile error, WIP state
13-02-2022-20-18-59tile error, WIP state
13-02-2022-20-18-59tile error, WIP state
13-02-2022-20-19-00tile error, WIP state
13-02-2022-20-19-00tile error, WIP state
13-02-2022-20-19-00tile error, WIP state
13-02-2022-20-19-00tile error, WIP state
13-02-2022-20-19-00tile error, WIP state
13-02-2022-20-19-00tile error, WIP state
13-02-2022-20-19-00tile error, WIP state
13-02-2022-20-19-00tile error, WIP state
13-02-2022-20-19-00tile error, WIP state
13-02-2022-20-19-01tile error, WIP state
13-02-2022-20-19-01tile error, WIP state
13-02-2022-20-19-01tile error, WIP state
13-02-2022-20-19-01tile error, WIP state
13-02-2022-20-19-01tile error, WIP state
13-02-2022-20-19-01tile error, WIP state
13-02-2022-20-19-01tile error, WIP state
13-02-2022-20-19-01tile error, WIP state
13-02-2022-20-19-01tile error, WIP state
13-02-2022-20-19-01tile error, WIP state
13-02-2022-20-19-01tile error, WIP state
13-02-2022-20-19-01tile error, WIP state
13-02-2022-20-19-01tile error, WIP state
13-02-2022-20-19-01tile error, WIP state
13-02-2022-20-19-01tile error, WIP state
13-02-2022-20-19-02tile error, WIP state
13-02-2022-20-19-02tile error, WIP state
13-02-2022-20-19-02tile error, WIP state
13-02-2022-20-19-02tile error, WIP state
13-02-2022-20-19-02tile error, WIP state
13-02-2022-20-19-02tile error, WIP state
13-02-2022-20-19-02tile error, WIP state
13-02-2022-20-19-03tile error, WIP state
13-02-2022-20-19-04tile error, WIP state
13-02-2022-20-19-04tile error, WIP state
13-02-2022-20-19-04tile error, WIP state
13-02-2022-20-19-04tile error, WIP state
13-02-2022-20-19-04tile error, WIP state
13-02-2022-20-19-04tile error, WIP state
13-02-2022-20-19-04tile error, WIP state
13-02-2022-20-19-04tile error, WIP state
13-02-2022-20-19-04tile error, WIP state
13-02-2022-20-19-04tile error, WIP state
13-02-2022-20-19-04tile error, WIP state
13-02-2022-20-19-04tile error, WIP state
13-02-2022-20-19-04tile error, WIP state
13-02-2022-20-19-04tile error, WIP state
13-02-2022-20-19-04tile error, WIP state
13-02-2022-20-19-04tile error, WIP state
13-02-2022-20-19-04tile error, WIP state
13-02-2022-20-19-04tile error, WIP state
13-02-2022-20-19-04tile error, WIP state
13-02-2022-20-19-05tile error, WIP state
13-02-2022-20-19-05tile error, WIP state
13-02-2022-20-19-05tile error, WIP state
13-02-2022-20-19-05tile error, WIP state
13-02-2022-20-19-05tile error, WIP state
13-02-2022-20-19-05tile error, WIP state
13-02-2022-20-19-05tile error, WIP state
13-02-2022-20-19-05tile error, WIP state
13-02-2022-20-19-06tile error, WIP state
13-02-2022-20-19-06tile error, WIP state
13-02-2022-20-19-06tile error, WIP state
13-02-2022-20-19-06tile error, WIP state
13-02-2022-20-19-06tile error, WIP state
13-02-2022-20-19-06tile error, WIP state
13-02-2022-20-19-06tile error, WIP state
13-02-2022-20-19-06tile error, WIP state
13-02-2022-20-19-08tile error, WIP state
13-02-2022-20-19-08tile error, WIP state
13-02-2022-20-19-08tile error, WIP state
13-02-2022-20-19-08tile error, WIP state
13-02-2022-20-19-08tile error, WIP state
13-02-2022-20-19-08tile error, WIP state
13-02-2022-20-19-08tile error, WIP state
13-02-2022-20-19-08tile error, WIP state
13-02-2022-20-19-08tile error, WIP state
13-02-2022-20-19-08tile error, WIP state
13-02-2022-20-19-08tile error, WIP state
13-02-2022-20-19-09tile error, WIP state
13-02-2022-20-19-09tile error, WIP state
13-02-2022-20-19-09tile error, WIP state
13-02-2022-20-19-09tile error, WIP state
13-02-2022-20-19-09tile error, WIP state
13-02-2022-20-19-09tile error, WIP state
13-02-2022-20-19-09tile error, WIP state
13-02-2022-20-19-09tile error, WIP state
13-02-2022-20-19-09tile error, WIP state
13-02-2022-20-19-09tile error, WIP state
13-02-2022-20-19-09tile error, WIP state
13-02-2022-20-19-09tile error, WIP state
13-02-2022-20-19-10tile error, WIP state
13-02-2022-20-19-10tile error, WIP state
13-02-2022-20-19-10tile error, WIP state
13-02-2022-20-19-10tile error, WIP state
13-02-2022-20-19-10tile error, WIP state
13-02-2022-20-19-10tile error, WIP state
13-02-2022-20-19-10tile error, WIP state
13-02-2022-20-19-10tile error, WIP state
13-02-2022-20-19-10tile error, WIP state
13-02-2022-20-19-10tile error, WIP state
13-02-2022-20-19-10tile error, WIP state
13-02-2022-20-19-10tile error, WIP state
13-02-2022-20-19-10tile error, WIP state
13-02-2022-20-19-12tile error, WIP state
13-02-2022-20-19-12tile error, WIP state
13-02-2022-20-19-12tile error, WIP state
13-02-2022-20-19-12tile error, WIP state
13-02-2022-20-19-12tile error, WIP state
13-02-2022-20-19-12tile error, WIP state
13-02-2022-20-19-12tile error, WIP state
13-02-2022-20-19-12tile error, WIP state
13-02-2022-20-19-12tile error, WIP state
13-02-2022-20-19-12tile error, WIP state
13-02-2022-20-19-12tile error, WIP state
13-02-2022-20-19-13tile error, WIP state
13-02-2022-20-19-13tile error, WIP state
13-02-2022-20-19-13tile error, WIP state
13-02-2022-20-19-13tile error, WIP state
13-02-2022-20-19-13tile error, WIP state
13-02-2022-20-19-13tile error, WIP state
13-02-2022-20-19-13tile error, WIP state
13-02-2022-20-19-13tile error, WIP state
13-02-2022-20-19-13tile error, WIP state
13-02-2022-20-19-13tile error, WIP state
13-02-2022-20-19-14tile error, WIP state
13-02-2022-20-19-14tile error, WIP state
13-02-2022-20-19-14tile error, WIP state
13-02-2022-20-19-14tile error, WIP state
13-02-2022-20-19-14tile error, WIP state
13-02-2022-20-19-14tile error, WIP state
13-02-2022-20-19-14tile error, WIP state
13-02-2022-20-19-14tile error, WIP state
13-02-2022-20-19-14tile error, WIP state
13-02-2022-20-19-14tile error, WIP state
13-02-2022-20-19-14tile error, WIP state
13-02-2022-20-19-14tile error, WIP state
13-02-2022-20-19-14tile error, WIP state
13-02-2022-20-19-14tile error, WIP state
13-02-2022-20-19-14tile error, WIP state
13-02-2022-20-19-16tile error, WIP state
13-02-2022-20-19-17tile error, WIP state
13-02-2022-20-19-17tile error, WIP state
13-02-2022-20-19-17tile error, WIP state
13-02-2022-20-19-17tile error, WIP state
13-02-2022-20-19-17tile error, WIP state
13-02-2022-20-19-17tile error, WIP state
13-02-2022-20-19-17tile error, WIP state
13-02-2022-20-19-17tile error, WIP state
13-02-2022-20-19-17tile error, WIP state
13-02-2022-20-19-17tile error, WIP state
13-02-2022-20-19-17tile error, WIP state
13-02-2022-20-19-17tile error, WIP state
13-02-2022-20-19-17tile error, WIP state
13-02-2022-20-19-18tile error, WIP state
13-02-2022-20-19-18tile error, WIP state
13-02-2022-20-19-18tile error, WIP state
13-02-2022-20-19-18tile error, WIP state
13-02-2022-20-19-18tile error, WIP state
13-02-2022-20-19-18tile error, WIP state
13-02-2022-20-19-18tile error, WIP state
13-02-2022-20-19-18tile error, WIP state
13-02-2022-20-19-18tile error, WIP state
13-02-2022-20-19-18tile error, WIP state
13-02-2022-20-19-18tile error, WIP state
13-02-2022-20-19-18tile error, WIP state
13-02-2022-20-19-18tile error, WIP state
13-02-2022-20-19-18tile error, WIP state
13-02-2022-20-19-18tile error, WIP state
13-02-2022-20-19-18tile error, WIP state
13-02-2022-20-19-18tile error, WIP state
13-02-2022-20-19-18tile error, WIP state
13-02-2022-20-19-18tile error, WIP state
13-02-2022-20-19-19tile error, WIP state
13-02-2022-20-19-19tile error, WIP state
13-02-2022-20-19-19tile error, WIP state
13-02-2022-20-19-20tile error, WIP state
13-02-2022-20-19-21tile error, WIP state
13-02-2022-20-19-21tile error, WIP state
13-02-2022-20-19-21tile error, WIP state
13-02-2022-20-19-21tile error, WIP state
13-02-2022-20-19-21tile error, WIP state
13-02-2022-20-19-21tile error, WIP state
13-02-2022-20-19-21tile error, WIP state
13-02-2022-20-19-21tile error, WIP state
13-02-2022-20-19-21tile error, WIP state
13-02-2022-20-19-21tile error, WIP state
13-02-2022-20-19-21tile error, WIP state
13-02-2022-20-19-21tile error, WIP state
13-02-2022-20-19-21tile error, WIP state
13-02-2022-20-19-21tile error, WIP state
13-02-2022-20-19-22tile error, WIP state
13-02-2022-20-19-22tile error, WIP state
13-02-2022-20-19-22tile error, WIP state
13-02-2022-20-19-22tile error, WIP state
13-02-2022-20-19-22tile error, WIP state
13-02-2022-20-19-22tile error, WIP state
13-02-2022-20-19-22tile error, WIP state
13-02-2022-20-19-22tile error, WIP state
13-02-2022-20-19-22tile error, WIP state
13-02-2022-20-19-22tile error, WIP state
13-02-2022-20-19-22tile error, WIP state
13-02-2022-20-19-22tile error, WIP state
13-02-2022-20-19-22tile error, WIP state
13-02-2022-20-19-22tile error, WIP state
13-02-2022-20-19-22tile error, WIP state
13-02-2022-20-19-22tile error, WIP state
13-02-2022-20-19-22tile error, WIP state
13-02-2022-20-19-22tile error, WIP state
13-02-2022-20-19-23tile error, WIP state
13-02-2022-20-19-23tile error, WIP state
13-02-2022-20-19-23tile error, WIP state
13-02-2022-20-19-24tile error, WIP state
13-02-2022-20-19-25tile error, WIP state
13-02-2022-20-19-25tile error, WIP state
13-02-2022-20-19-25tile error, WIP state
13-02-2022-20-19-25tile error, WIP state
13-02-2022-20-19-25tile error, WIP state
13-02-2022-20-19-25tile error, WIP state
13-02-2022-20-19-25tile error, WIP state
13-02-2022-20-19-25tile error, WIP state
13-02-2022-20-19-25tile error, WIP state
13-02-2022-20-19-25tile error, WIP state
13-02-2022-20-19-25tile error, WIP state
13-02-2022-20-19-26tile error, WIP state
13-02-2022-20-19-26tile error, WIP state
13-02-2022-20-19-26tile error, WIP state
13-02-2022-20-19-26tile error, WIP state
13-02-2022-20-19-26tile error, WIP state
13-02-2022-20-19-26tile error, WIP state
13-02-2022-20-19-26tile error, WIP state
13-02-2022-20-19-26tile error, WIP state
13-02-2022-20-19-26tile error, WIP state
13-02-2022-20-19-26tile error, WIP state
13-02-2022-20-19-27tile error, WIP state
13-02-2022-20-19-27tile error, WIP state
13-02-2022-20-19-27tile error, WIP state
13-02-2022-20-19-27tile error, WIP state
13-02-2022-20-19-27tile error, WIP state
13-02-2022-20-19-27tile error, WIP state
13-02-2022-20-19-27tile error, WIP state
13-02-2022-20-19-27tile error, WIP state
13-02-2022-20-19-27tile error, WIP state
13-02-2022-20-19-27tile error, WIP state
13-02-2022-20-19-27tile error, WIP state
13-02-2022-20-19-27tile error, WIP state
13-02-2022-20-19-27tile error, WIP state
13-02-2022-20-19-27tile error, WIP state
13-02-2022-20-19-29tile error, WIP state
13-02-2022-20-19-29tile error, WIP state
13-02-2022-20-19-29tile error, WIP state
13-02-2022-20-19-29tile error, WIP state
13-02-2022-20-19-29tile error, WIP state
13-02-2022-20-19-29tile error, WIP state
13-02-2022-20-19-30tile error, WIP state
13-02-2022-20-19-30tile error, WIP state
13-02-2022-20-19-30tile error, WIP state
13-02-2022-20-19-30tile error, WIP state
13-02-2022-20-19-30tile error, WIP state
13-02-2022-20-19-30tile error, WIP state
13-02-2022-20-19-30tile error, WIP state
13-02-2022-20-19-30tile error, WIP state
13-02-2022-20-19-30tile error, WIP state
13-02-2022-20-19-31tile error, WIP state
13-02-2022-20-19-31tile error, WIP state
13-02-2022-20-19-31tile error, WIP state
13-02-2022-20-19-31tile error, WIP state
13-02-2022-20-19-31tile error, WIP state
13-02-2022-20-19-31tile error, WIP state
13-02-2022-20-19-31tile error, WIP state
13-02-2022-20-19-31tile error, WIP state
13-02-2022-20-19-31tile error, WIP state
13-02-2022-20-19-31tile error, WIP state
13-02-2022-20-19-31tile error, WIP state
13-02-2022-20-19-31tile error, WIP state
13-02-2022-20-19-31tile error, WIP state
13-02-2022-20-19-31tile error, WIP state
13-02-2022-20-19-31tile error, WIP state
13-02-2022-20-19-31tile error, WIP state
13-02-2022-20-19-31tile error, WIP state
13-02-2022-20-19-31tile error, WIP state
13-02-2022-20-19-32tile error, WIP state
13-02-2022-20-19-32tile error, WIP state
13-02-2022-20-19-32tile error, WIP state
13-02-2022-20-19-35tile error, WIP state
13-02-2022-20-19-35tile error, WIP state
13-02-2022-20-19-35tile error, WIP state
13-02-2022-20-19-35tile error, WIP state
13-02-2022-20-19-35tile error, WIP state
13-02-2022-20-19-35tile error, WIP state
13-02-2022-20-19-35tile error, WIP state
13-02-2022-20-19-35tile error, WIP state
13-02-2022-20-19-35tile error, WIP state
13-02-2022-20-19-35tile error, WIP state
13-02-2022-20-19-35tile error, WIP state
13-02-2022-20-19-35tile error, WIP state
13-02-2022-20-19-35tile error, WIP state
13-02-2022-20-19-35tile error, WIP state
13-02-2022-20-19-36tile error, WIP state
13-02-2022-20-19-36tile error, WIP state
13-02-2022-20-19-36tile error, WIP state
13-02-2022-20-19-36tile error, WIP state
13-02-2022-20-19-36tile error, WIP state
13-02-2022-20-19-36tile error, WIP state
13-02-2022-20-19-36tile error, WIP state
13-02-2022-20-19-36tile error, WIP state
13-02-2022-20-19-36tile error, WIP state
13-02-2022-20-19-36tile error, WIP state
13-02-2022-20-19-36tile error, WIP state
13-02-2022-20-19-36tile error, WIP state
13-02-2022-20-19-36tile error, WIP state
13-02-2022-20-19-36tile error, WIP state
13-02-2022-20-19-36tile error, WIP state
13-02-2022-20-19-36tile error, WIP state
13-02-2022-20-19-36tile error, WIP state
13-02-2022-20-19-36tile error, WIP state
13-02-2022-20-19-36tile error, WIP state
13-02-2022-20-19-36tile error, WIP state
13-02-2022-20-19-37tile error, WIP state
13-02-2022-20-19-37tile error, WIP state
13-02-2022-20-19-38tile error, WIP state
13-02-2022-20-19-38tile error, WIP state
13-02-2022-20-19-39tile error, WIP state
13-02-2022-20-19-39tile error, WIP state
13-02-2022-20-19-39tile error, WIP state
13-02-2022-20-19-39tile error, WIP state
13-02-2022-20-19-39tile error, WIP state
13-02-2022-20-19-39tile error, WIP state
13-02-2022-20-19-39tile error, WIP state
13-02-2022-20-19-39tile error, WIP state
13-02-2022-20-19-39tile error, WIP state
13-02-2022-20-19-39tile error, WIP state
13-02-2022-20-19-40tile error, WIP state
13-02-2022-20-19-40tile error, WIP state
13-02-2022-20-19-40tile error, WIP state
13-02-2022-20-19-40tile error, WIP state
13-02-2022-20-19-40tile error, WIP state
13-02-2022-20-19-40tile error, WIP state
13-02-2022-20-19-40tile error, WIP state
13-02-2022-20-19-40tile error, WIP state
13-02-2022-20-19-40tile error, WIP state
13-02-2022-20-19-40tile error, WIP state
13-02-2022-20-19-40tile error, WIP state
13-02-2022-20-19-40tile error, WIP state
13-02-2022-20-19-40tile error, WIP state
13-02-2022-20-19-40tile error, WIP state
13-02-2022-20-19-40tile error, WIP state
13-02-2022-20-19-40tile error, WIP state
13-02-2022-20-19-40tile error, WIP state
13-02-2022-20-19-40tile error, WIP state
13-02-2022-20-19-40tile error, WIP state
13-02-2022-20-19-40tile error, WIP state
13-02-2022-20-19-41tile error, WIP state
13-02-2022-20-19-41tile error, WIP state
13-02-2022-20-19-41tile error, WIP state
13-02-2022-20-19-41tile error, WIP state
13-02-2022-20-19-42tile error, WIP state
13-02-2022-20-19-43tile error, WIP state
13-02-2022-20-19-43tile error, WIP state
13-02-2022-20-19-43tile error, WIP state
13-02-2022-20-19-43tile error, WIP state
13-02-2022-20-19-43tile error, WIP state
13-02-2022-20-19-43tile error, WIP state
13-02-2022-20-19-43tile error, WIP state
13-02-2022-20-19-43tile error, WIP state
13-02-2022-20-19-43tile error, WIP state
13-02-2022-20-19-43tile error, WIP state
13-02-2022-20-19-43tile error, WIP state
13-02-2022-20-19-43tile error, WIP state
13-02-2022-20-19-43tile error, WIP state
13-02-2022-20-19-43tile error, WIP state
13-02-2022-20-19-43tile error, WIP state
13-02-2022-20-19-43tile error, WIP state
13-02-2022-20-19-43tile error, WIP state
13-02-2022-20-19-44tile error, WIP state
13-02-2022-20-19-44tile error, WIP state
13-02-2022-20-19-44tile error, WIP state
13-02-2022-20-19-44tile error, WIP state
13-02-2022-20-19-44tile error, WIP state
13-02-2022-20-19-44tile error, WIP state
13-02-2022-20-19-44tile error, WIP state
13-02-2022-20-19-44tile error, WIP state
13-02-2022-20-19-44tile error, WIP state
13-02-2022-20-19-45tile error, WIP state
13-02-2022-20-19-45tile error, WIP state
13-02-2022-20-19-45tile error, WIP state
13-02-2022-20-19-45tile error, WIP state
13-02-2022-20-19-45tile error, WIP state
13-02-2022-20-19-45tile error, WIP state
13-02-2022-20-19-45tile error, WIP state
13-02-2022-20-19-45tile error, WIP state
13-02-2022-20-19-45tile error, WIP state
13-02-2022-20-19-46tile error, WIP state
13-02-2022-20-19-47tile error, WIP state
13-02-2022-20-19-47tile error, WIP state
13-02-2022-20-19-47tile error, WIP state
13-02-2022-20-19-47tile error, WIP state
13-02-2022-20-19-47tile error, WIP state
13-02-2022-20-19-48tile error, WIP state
13-02-2022-20-19-48tile error, WIP state
13-02-2022-20-19-48tile error, WIP state
13-02-2022-20-19-48tile error, WIP state
13-02-2022-20-19-48tile error, WIP state
13-02-2022-20-19-48tile error, WIP state
13-02-2022-20-19-48tile error, WIP state
13-02-2022-20-19-48tile error, WIP state
13-02-2022-20-19-48tile error, WIP state
13-02-2022-20-19-48tile error, WIP state
13-02-2022-20-19-48tile error, WIP state
13-02-2022-20-19-48tile error, WIP state
13-02-2022-20-19-48tile error, WIP state
13-02-2022-20-19-48tile error, WIP state
13-02-2022-20-19-48tile error, WIP state
13-02-2022-20-19-48tile error, WIP state
13-02-2022-20-19-48tile error, WIP state
13-02-2022-20-19-48tile error, WIP state
13-02-2022-20-19-48tile error, WIP state
13-02-2022-20-19-48tile error, WIP state
13-02-2022-20-19-49tile error, WIP state
13-02-2022-20-19-49tile error, WIP state
13-02-2022-20-19-49tile error, WIP state
13-02-2022-20-19-49tile error, WIP state
13-02-2022-20-19-49tile error, WIP state
13-02-2022-20-19-49tile error, WIP state
13-02-2022-20-19-49tile error, WIP state
13-02-2022-20-19-49tile error, WIP state
13-02-2022-20-19-49tile error, WIP state
13-02-2022-20-19-49tile error, WIP state
13-02-2022-20-19-51tile error, WIP state
13-02-2022-20-19-51tile error, WIP state
13-02-2022-20-19-51tile error, WIP state
13-02-2022-20-19-51tile error, WIP state
13-02-2022-20-19-51tile error, WIP state
13-02-2022-20-19-52tile error, WIP state
13-02-2022-20-19-52tile error, WIP state
13-02-2022-20-19-52tile error, WIP state
13-02-2022-20-19-52tile error, WIP state
13-02-2022-20-19-52tile error, WIP state
13-02-2022-20-19-52tile error, WIP state
13-02-2022-20-19-52tile error, WIP state
13-02-2022-20-19-52tile error, WIP state
13-02-2022-20-19-52tile error, WIP state
13-02-2022-20-19-52tile error, WIP state
13-02-2022-20-19-52tile error, WIP state
13-02-2022-20-19-52tile error, WIP state
13-02-2022-20-19-52tile error, WIP state
13-02-2022-20-19-53tile error, WIP state
13-02-2022-20-19-53tile error, WIP state
13-02-2022-20-19-53tile error, WIP state
13-02-2022-20-19-53tile error, WIP state
13-02-2022-20-19-53tile error, WIP state
13-02-2022-20-19-53tile error, WIP state
13-02-2022-20-19-53tile error, WIP state
13-02-2022-20-19-53tile error, WIP state
13-02-2022-20-19-53tile error, WIP state
13-02-2022-20-19-53tile error, WIP state
13-02-2022-20-19-53tile error, WIP state
13-02-2022-20-19-53tile error, WIP state
13-02-2022-20-19-53tile error, WIP state
13-02-2022-20-19-53tile error, WIP state
13-02-2022-20-19-53tile error, WIP state
13-02-2022-20-19-53tile error, WIP state
13-02-2022-20-19-53tile error, WIP state
13-02-2022-20-19-53tile error, WIP state
13-02-2022-20-19-55tile error, WIP state
13-02-2022-20-19-55tile error, WIP state
13-02-2022-20-19-55tile error, WIP state
13-02-2022-20-19-55tile error, WIP state
13-02-2022-20-19-55tile error, WIP state
13-02-2022-20-19-55tile error, WIP state
13-02-2022-20-19-55tile error, WIP state
13-02-2022-20-19-55tile error, WIP state
13-02-2022-20-19-56tile error, WIP state
13-02-2022-20-19-56tile error, WIP state
13-02-2022-20-19-56tile error, WIP state
13-02-2022-20-19-56tile error, WIP state
13-02-2022-20-19-56tile error, WIP state
13-02-2022-20-19-56tile error, WIP state
13-02-2022-20-19-56tile error, WIP state
13-02-2022-20-19-56tile error, WIP state
13-02-2022-20-19-56tile error, WIP state
13-02-2022-20-19-57tile error, WIP state
13-02-2022-20-19-57tile error, WIP state
13-02-2022-20-19-57tile error, WIP state
13-02-2022-20-19-57tile error, WIP state
13-02-2022-20-19-57tile error, WIP state
13-02-2022-20-19-57tile error, WIP state
13-02-2022-20-19-57tile error, WIP state
13-02-2022-20-19-57tile error, WIP state
13-02-2022-20-19-57tile error, WIP state
13-02-2022-20-19-57tile error, WIP state
13-02-2022-20-19-57tile error, WIP state
13-02-2022-20-19-57tile error, WIP state
13-02-2022-20-19-57tile error, WIP state
13-02-2022-20-19-57tile error, WIP state
13-02-2022-20-19-57tile error, WIP state
13-02-2022-20-19-57tile error, WIP state
13-02-2022-20-19-57tile error, WIP state
13-02-2022-20-19-57tile error, WIP state
13-02-2022-20-19-57tile error, WIP state
13-02-2022-20-19-59tile error, WIP state
13-02-2022-20-19-59tile error, WIP state
13-02-2022-20-19-59tile error, WIP state
13-02-2022-20-19-59tile error, WIP state
13-02-2022-20-19-59tile error, WIP state
13-02-2022-20-20-00tile error, WIP state
13-02-2022-20-20-00tile error, WIP state
13-02-2022-20-20-00tile error, WIP state
13-02-2022-20-20-00tile error, WIP state
13-02-2022-20-20-00tile error, WIP state
13-02-2022-20-20-00tile error, WIP state
13-02-2022-20-20-00tile error, WIP state
13-02-2022-20-20-00tile error, WIP state
13-02-2022-20-20-00tile error, WIP state
13-02-2022-20-20-00tile error, WIP state
13-02-2022-20-20-01tile error, WIP state
13-02-2022-20-20-01tile error, WIP state
13-02-2022-20-20-01tile error, WIP state
13-02-2022-20-20-01tile error, WIP state
13-02-2022-20-20-01tile error, WIP state
13-02-2022-20-20-01tile error, WIP state
13-02-2022-20-20-01tile error, WIP state
13-02-2022-20-20-01tile error, WIP state
13-02-2022-20-20-01tile error, WIP state
13-02-2022-20-20-01tile error, WIP state
13-02-2022-20-20-01tile error, WIP state
13-02-2022-20-20-01tile error, WIP state
13-02-2022-20-20-01tile error, WIP state
13-02-2022-20-20-01tile error, WIP state
13-02-2022-20-20-01tile error, WIP state
13-02-2022-20-20-01tile error, WIP state
13-02-2022-20-20-02tile error, WIP state
13-02-2022-20-20-02tile error, WIP state
13-02-2022-20-20-02tile error, WIP state
13-02-2022-20-20-02tile error, WIP state
13-02-2022-20-20-02tile error, WIP state
13-02-2022-20-20-03tile error, WIP state
13-02-2022-20-20-04tile error, WIP state
13-02-2022-20-20-04tile error, WIP state
13-02-2022-20-20-04tile error, WIP state
13-02-2022-20-20-04tile error, WIP state
13-02-2022-20-20-04tile error, WIP state
13-02-2022-20-20-04tile error, WIP state
13-02-2022-20-20-04tile error, WIP state
13-02-2022-20-20-04tile error, WIP state
13-02-2022-20-20-05tile error, WIP state
13-02-2022-20-20-05tile error, WIP state
13-02-2022-20-20-05tile error, WIP state
13-02-2022-20-20-05tile error, WIP state
13-02-2022-20-20-05tile error, WIP state
13-02-2022-20-20-05tile error, WIP state
13-02-2022-20-20-05tile error, WIP state
13-02-2022-20-20-05tile error, WIP state
13-02-2022-20-20-05tile error, WIP state
13-02-2022-20-20-05tile error, WIP state
13-02-2022-20-20-05tile error, WIP state
13-02-2022-20-20-05tile error, WIP state
13-02-2022-20-20-05tile error, WIP state
13-02-2022-20-20-05tile error, WIP state
13-02-2022-20-20-05tile error, WIP state
13-02-2022-20-20-05tile error, WIP state
13-02-2022-20-20-05tile error, WIP state
13-02-2022-20-20-05tile error, WIP state
13-02-2022-20-20-05tile error, WIP state
13-02-2022-20-20-05tile error, WIP state
13-02-2022-20-20-05tile error, WIP state
13-02-2022-20-20-06tile error, WIP state
13-02-2022-20-20-06tile error, WIP state
13-02-2022-20-20-06tile error, WIP state
13-02-2022-20-20-06tile error, WIP state
13-02-2022-20-20-06tile error, WIP state
13-02-2022-20-20-06tile error, WIP state
13-02-2022-20-20-08tile error, WIP state
13-02-2022-20-20-08tile error, WIP state
13-02-2022-20-20-08tile error, WIP state
13-02-2022-20-20-08tile error, WIP state
13-02-2022-20-20-08tile error, WIP state
13-02-2022-20-20-08tile error, WIP state
13-02-2022-20-20-08tile error, WIP state
13-02-2022-20-20-08tile error, WIP state
13-02-2022-20-20-08tile error, WIP state
13-02-2022-20-20-08tile error, WIP state
13-02-2022-20-20-08tile error, WIP state
13-02-2022-20-20-08tile error, WIP state
13-02-2022-20-20-08tile error, WIP state
13-02-2022-20-20-09tile error, WIP state
13-02-2022-20-20-09tile error, WIP state
13-02-2022-20-20-09tile error, WIP state
13-02-2022-20-20-09tile error, WIP state
13-02-2022-20-20-09tile error, WIP state
13-02-2022-20-20-09tile error, WIP state
13-02-2022-20-20-09tile error, WIP state
13-02-2022-20-20-09tile error, WIP state
13-02-2022-20-20-10tile error, WIP state
13-02-2022-20-20-10tile error, WIP state
13-02-2022-20-20-10tile error, WIP state
13-02-2022-20-20-10tile error, WIP state
13-02-2022-20-20-10tile error, WIP state
13-02-2022-20-20-10tile error, WIP state
13-02-2022-20-20-10tile error, WIP state
13-02-2022-20-20-10tile error, WIP state
13-02-2022-20-20-10tile error, WIP state
13-02-2022-20-20-10tile error, WIP state
13-02-2022-20-20-10tile error, WIP state
13-02-2022-20-20-10tile error, WIP state
13-02-2022-20-20-10tile error, WIP state
13-02-2022-20-20-10tile error, WIP state
13-02-2022-20-20-10tile error, WIP state
13-02-2022-20-20-12tile error, WIP state
13-02-2022-20-20-12tile error, WIP state
13-02-2022-20-20-12tile error, WIP state
13-02-2022-20-20-12tile error, WIP state
13-02-2022-20-20-12tile error, WIP state
13-02-2022-20-20-12tile error, WIP state
13-02-2022-20-20-12tile error, WIP state
13-02-2022-20-20-12tile error, WIP state
13-02-2022-20-20-12tile error, WIP state
13-02-2022-20-20-12tile error, WIP state
13-02-2022-20-20-12tile error, WIP state
13-02-2022-20-20-13tile error, WIP state
13-02-2022-20-20-13tile error, WIP state
13-02-2022-20-20-13tile error, WIP state
13-02-2022-20-20-13tile error, WIP state
13-02-2022-20-20-13tile error, WIP state
13-02-2022-20-20-13tile error, WIP state
13-02-2022-20-20-13tile error, WIP state
13-02-2022-20-20-13tile error, WIP state
13-02-2022-20-20-14tile error, WIP state
13-02-2022-20-20-14tile error, WIP state
13-02-2022-20-20-14tile error, WIP state
13-02-2022-20-20-14tile error, WIP state
13-02-2022-20-20-14tile error, WIP state
13-02-2022-20-20-14tile error, WIP state
13-02-2022-20-20-14tile error, WIP state
13-02-2022-20-20-14tile error, WIP state
13-02-2022-20-20-14tile error, WIP state
13-02-2022-20-20-14tile error, WIP state
13-02-2022-20-20-14tile error, WIP state
13-02-2022-20-20-14tile error, WIP state
13-02-2022-20-20-14tile error, WIP state
13-02-2022-20-20-14tile error, WIP state
13-02-2022-20-20-14tile error, WIP state
13-02-2022-20-20-14tile error, WIP state
13-02-2022-20-20-14tile error, WIP state
13-02-2022-20-20-16tile error, WIP state
13-02-2022-20-20-16tile error, WIP state
13-02-2022-20-20-16tile error, WIP state
13-02-2022-20-20-16tile error, WIP state
13-02-2022-20-20-16tile error, WIP state
13-02-2022-20-20-16tile error, WIP state
13-02-2022-20-20-16tile error, WIP state
13-02-2022-20-20-16tile error, WIP state
13-02-2022-20-20-16tile error, WIP state
13-02-2022-20-20-17tile error, WIP state
13-02-2022-20-20-17tile error, WIP state
13-02-2022-20-20-17tile error, WIP state
13-02-2022-20-20-17tile error, WIP state
13-02-2022-20-20-17tile error, WIP state
13-02-2022-20-20-17tile error, WIP state
13-02-2022-20-20-18tile error, WIP state
13-02-2022-20-20-18tile error, WIP state
13-02-2022-20-20-18tile error, WIP state
13-02-2022-20-20-18tile error, WIP state
13-02-2022-20-20-18tile error, WIP state
13-02-2022-20-20-18tile error, WIP state
13-02-2022-20-20-18tile error, WIP state
13-02-2022-20-20-18tile error, WIP state
13-02-2022-20-20-18tile error, WIP state
13-02-2022-20-20-18tile error, WIP state
13-02-2022-20-20-18tile error, WIP state
13-02-2022-20-20-18tile error, WIP state
13-02-2022-20-20-18tile error, WIP state
13-02-2022-20-20-18tile error, WIP state
13-02-2022-20-20-18tile error, WIP state
13-02-2022-20-20-18tile error, WIP state
13-02-2022-20-20-18tile error, WIP state
13-02-2022-20-20-18tile error, WIP state
13-02-2022-20-20-18tile error, WIP state
13-02-2022-20-20-18tile error, WIP state
13-02-2022-20-20-18tile error, WIP state
13-02-2022-20-20-20tile error, WIP state
13-02-2022-20-20-21tile error, WIP state
13-02-2022-20-20-21tile error, WIP state
13-02-2022-20-20-21tile error, WIP state
13-02-2022-20-20-21tile error, WIP state
13-02-2022-20-20-21tile error, WIP state
13-02-2022-20-20-21tile error, WIP state
13-02-2022-20-20-21tile error, WIP state
13-02-2022-20-20-21tile error, WIP state
13-02-2022-20-20-21tile error, WIP state
13-02-2022-20-20-21tile error, WIP state
13-02-2022-20-20-21tile error, WIP state
13-02-2022-20-20-21tile error, WIP state
13-02-2022-20-20-22tile error, WIP state
13-02-2022-20-20-22tile error, WIP state
13-02-2022-20-20-22tile error, WIP state
13-02-2022-20-20-22tile error, WIP state
13-02-2022-20-20-22tile error, WIP state
13-02-2022-20-20-22tile error, WIP state
13-02-2022-20-20-22tile error, WIP state
13-02-2022-20-20-22tile error, WIP state
13-02-2022-20-20-22tile error, WIP state
13-02-2022-20-20-22tile error, WIP state
13-02-2022-20-20-22tile error, WIP state
13-02-2022-20-20-22tile error, WIP state
13-02-2022-20-20-22tile error, WIP state
13-02-2022-20-20-22tile error, WIP state
13-02-2022-20-20-22tile error, WIP state
13-02-2022-20-20-22tile error, WIP state
13-02-2022-20-20-22tile error, WIP state
13-02-2022-20-20-22tile error, WIP state
13-02-2022-20-20-22tile error, WIP state
13-02-2022-20-20-22tile error, WIP state
13-02-2022-20-20-22tile error, WIP state
13-02-2022-20-20-23tile error, WIP state
13-02-2022-20-20-23tile error, WIP state
13-02-2022-20-20-24tile error, WIP state
13-02-2022-20-20-25tile error, WIP state
13-02-2022-20-20-25tile error, WIP state
13-02-2022-20-20-25tile error, WIP state
13-02-2022-20-20-25tile error, WIP state
13-02-2022-20-20-25tile error, WIP state
13-02-2022-20-20-25tile error, WIP state
13-02-2022-20-20-25tile error, WIP state
13-02-2022-20-20-25tile error, WIP state
13-02-2022-20-20-25tile error, WIP state
13-02-2022-20-20-25tile error, WIP state
13-02-2022-20-20-25tile error, WIP state
13-02-2022-20-20-25tile error, WIP state
13-02-2022-20-20-25tile error, WIP state
13-02-2022-20-20-25tile error, WIP state
13-02-2022-20-20-25tile error, WIP state
13-02-2022-20-20-25tile error, WIP state
13-02-2022-20-20-25tile error, WIP state
13-02-2022-20-20-25tile error, WIP state
13-02-2022-20-20-26tile error, WIP state
13-02-2022-20-20-26tile error, WIP state
13-02-2022-20-20-26tile error, WIP state
13-02-2022-20-20-26tile error, WIP state
13-02-2022-20-20-26tile error, WIP state
13-02-2022-20-20-27tile error, WIP state
13-02-2022-20-20-27tile error, WIP state
13-02-2022-20-20-27tile error, WIP state
13-02-2022-20-20-27tile error, WIP state
13-02-2022-20-20-27tile error, WIP state
13-02-2022-20-20-27tile error, WIP state
13-02-2022-20-20-27tile error, WIP state
13-02-2022-20-20-27tile error, WIP state
13-02-2022-20-20-27tile error, WIP state
13-02-2022-20-20-27tile error, WIP state
13-02-2022-20-20-27tile error, WIP state
13-02-2022-20-20-27tile error, WIP state
13-02-2022-20-20-29tile error, WIP state
13-02-2022-20-20-29tile error, WIP state
13-02-2022-20-20-29tile error, WIP state
13-02-2022-20-20-29tile error, WIP state
13-02-2022-20-20-29tile error, WIP state
13-02-2022-20-20-29tile error, WIP state
13-02-2022-20-20-29tile error, WIP state
13-02-2022-20-20-29tile error, WIP state
13-02-2022-20-20-29tile error, WIP state
13-02-2022-20-20-29tile error, WIP state
13-02-2022-20-20-29tile error, WIP state
13-02-2022-20-20-29tile error, WIP state
13-02-2022-20-20-29tile error, WIP state
13-02-2022-20-20-29tile error, WIP state
13-02-2022-20-20-29tile error, WIP state
13-02-2022-20-20-29tile error, WIP state
13-02-2022-20-20-30tile error, WIP state
13-02-2022-20-20-30tile error, WIP state
13-02-2022-20-20-30tile error, WIP state
13-02-2022-20-20-30tile error, WIP state
13-02-2022-20-20-30tile error, WIP state
13-02-2022-20-20-30tile error, WIP state
13-02-2022-20-20-30tile error, WIP state
13-02-2022-20-20-30tile error, WIP state
13-02-2022-20-20-30tile error, WIP state
13-02-2022-20-20-31tile error, WIP state
13-02-2022-20-20-31tile error, WIP state
13-02-2022-20-20-31tile error, WIP state
13-02-2022-20-20-31tile error, WIP state
13-02-2022-20-20-31tile error, WIP state
13-02-2022-20-20-31tile error, WIP state
13-02-2022-20-20-31tile error, WIP state
13-02-2022-20-20-31tile error, WIP state
13-02-2022-20-20-31tile error, WIP state
13-02-2022-20-20-31tile error, WIP state
13-02-2022-20-20-31tile error, WIP state
13-02-2022-20-20-33tile error, WIP state
13-02-2022-20-20-33tile error, WIP state
13-02-2022-20-20-33tile error, WIP state
13-02-2022-20-20-33tile error, WIP state
13-02-2022-20-20-33tile error, WIP state
13-02-2022-20-20-33tile error, WIP state
13-02-2022-20-20-33tile error, WIP state
13-02-2022-20-20-33tile error, WIP state
13-02-2022-20-20-33tile error, WIP state
13-02-2022-20-20-33tile error, WIP state
13-02-2022-20-20-33tile error, WIP state
13-02-2022-20-20-34tile error, WIP state
13-02-2022-20-20-34tile error, WIP state
13-02-2022-20-20-34tile error, WIP state
13-02-2022-20-20-34tile error, WIP state
13-02-2022-20-20-34tile error, WIP state
13-02-2022-20-20-34tile error, WIP state
13-02-2022-20-20-35tile error, WIP state
13-02-2022-20-20-35tile error, WIP state
13-02-2022-20-20-35tile error, WIP state
13-02-2022-20-20-35tile error, WIP state
13-02-2022-20-20-35tile error, WIP state
13-02-2022-20-20-35tile error, WIP state
13-02-2022-20-20-35tile error, WIP state
13-02-2022-20-20-35tile error, WIP state
13-02-2022-20-20-35tile error, WIP state
13-02-2022-20-20-35tile error, WIP state
13-02-2022-20-20-35tile error, WIP state
13-02-2022-20-20-35tile error, WIP state
13-02-2022-20-20-35tile error, WIP state
13-02-2022-20-20-35tile error, WIP state
13-02-2022-20-20-35tile error, WIP state
13-02-2022-20-20-35tile error, WIP state
13-02-2022-20-20-35tile error, WIP state
13-02-2022-20-20-35tile error, WIP state
13-02-2022-20-20-35tile error, WIP state
13-02-2022-20-20-37tile error, WIP state
13-02-2022-20-20-37tile error, WIP state
13-02-2022-20-20-38tile error, WIP state
13-02-2022-20-20-38tile error, WIP state
13-02-2022-20-20-38tile error, WIP state
13-02-2022-20-20-38tile error, WIP state
13-02-2022-20-20-38tile error, WIP state
13-02-2022-20-20-38tile error, WIP state
13-02-2022-20-20-38tile error, WIP state
13-02-2022-20-20-38tile error, WIP state
13-02-2022-20-20-38tile error, WIP state
13-02-2022-20-20-38tile error, WIP state
13-02-2022-20-20-38tile error, WIP state
13-02-2022-20-20-38tile error, WIP state
13-02-2022-20-20-38tile error, WIP state
13-02-2022-20-20-38tile error, WIP state
13-02-2022-20-20-39tile error, WIP state
13-02-2022-20-20-39tile error, WIP state
13-02-2022-20-20-39tile error, WIP state
13-02-2022-20-20-39tile error, WIP state
13-02-2022-20-20-39tile error, WIP state
13-02-2022-20-20-39tile error, WIP state
13-02-2022-20-20-39tile error, WIP state
13-02-2022-20-20-39tile error, WIP state
13-02-2022-20-20-39tile error, WIP state
13-02-2022-20-20-39tile error, WIP state
13-02-2022-20-20-39tile error, WIP state
13-02-2022-20-20-39tile error, WIP state
13-02-2022-20-20-39tile error, WIP state
13-02-2022-20-20-39tile error, WIP state
13-02-2022-20-20-39tile error, WIP state
13-02-2022-20-20-39tile error, WIP state
13-02-2022-20-20-39tile error, WIP state
13-02-2022-20-20-39tile error, WIP state
13-02-2022-20-20-39tile error, WIP state
13-02-2022-20-20-40tile error, WIP state
13-02-2022-20-20-41tile error, WIP state
13-02-2022-20-20-42tile error, WIP state
13-02-2022-20-20-42tile error, WIP state
13-02-2022-20-20-42tile error, WIP state
13-02-2022-20-20-42tile error, WIP state
13-02-2022-20-20-42tile error, WIP state
13-02-2022-20-20-42tile error, WIP state
13-02-2022-20-20-42tile error, WIP state
13-02-2022-20-20-42tile error, WIP state
13-02-2022-20-20-42tile error, WIP state
13-02-2022-20-20-43tile error, WIP state
13-02-2022-20-20-43tile error, WIP state
13-02-2022-20-20-43tile error, WIP state
13-02-2022-20-20-43tile error, WIP state
13-02-2022-20-20-43tile error, WIP state
13-02-2022-20-20-43tile error, WIP state
13-02-2022-20-20-43tile error, WIP state
13-02-2022-20-20-43tile error, WIP state
13-02-2022-20-20-43tile error, WIP state
13-02-2022-20-20-43tile error, WIP state
13-02-2022-20-20-43tile error, WIP state
13-02-2022-20-20-43tile error, WIP state
13-02-2022-20-20-43tile error, WIP state
13-02-2022-20-20-43tile error, WIP state
13-02-2022-20-20-43tile error, WIP state
13-02-2022-20-20-43tile error, WIP state
13-02-2022-20-20-43tile error, WIP state
13-02-2022-20-20-43tile error, WIP state
13-02-2022-20-20-43tile error, WIP state
13-02-2022-20-20-44tile error, WIP state
13-02-2022-20-20-44tile error, WIP state
13-02-2022-20-20-44tile error, WIP state
13-02-2022-20-20-44tile error, WIP state
13-02-2022-20-20-44tile error, WIP state
13-02-2022-20-20-44tile error, WIP state
13-02-2022-20-20-44tile error, WIP state
13-02-2022-20-20-45tile error, WIP state
13-02-2022-20-20-46tile error, WIP state
13-02-2022-20-20-46tile error, WIP state
13-02-2022-20-20-46tile error, WIP state
13-02-2022-20-20-46tile error, WIP state
13-02-2022-20-20-46tile error, WIP state
13-02-2022-20-20-46tile error, WIP state
13-02-2022-20-20-46tile error, WIP state
13-02-2022-20-20-46tile error, WIP state
13-02-2022-20-20-46tile error, WIP state
13-02-2022-20-20-46tile error, WIP state
13-02-2022-20-20-46tile error, WIP state
13-02-2022-20-20-46tile error, WIP state
13-02-2022-20-20-47tile error, WIP state
13-02-2022-20-20-47tile error, WIP state
13-02-2022-20-20-47tile error, WIP state
13-02-2022-20-20-47tile error, WIP state
13-02-2022-20-20-47tile error, WIP state
13-02-2022-20-20-47tile error, WIP state
13-02-2022-20-20-47tile error, WIP state
13-02-2022-20-20-47tile error, WIP state
13-02-2022-20-20-47tile error, WIP state
13-02-2022-20-20-47tile error, WIP state
13-02-2022-20-20-47tile error, WIP state
13-02-2022-20-20-47tile error, WIP state
13-02-2022-20-20-47tile error, WIP state
13-02-2022-20-20-47tile error, WIP state
13-02-2022-20-20-47tile error, WIP state
13-02-2022-20-20-48tile error, WIP state
13-02-2022-20-20-48tile error, WIP state
13-02-2022-20-20-48tile error, WIP state
13-02-2022-20-20-48tile error, WIP state
13-02-2022-20-20-48tile error, WIP state
13-02-2022-20-20-48tile error, WIP state
13-02-2022-20-20-48tile error, WIP state
13-02-2022-20-20-48tile error, WIP state
13-02-2022-20-20-50tile error, WIP state
13-02-2022-20-20-50tile error, WIP state
13-02-2022-20-20-50tile error, WIP state
13-02-2022-20-20-50tile error, WIP state
13-02-2022-20-20-50tile error, WIP state
13-02-2022-20-20-50tile error, WIP state
13-02-2022-20-20-50tile error, WIP state
13-02-2022-20-20-50tile error, WIP state
13-02-2022-20-20-50tile error, WIP state
13-02-2022-20-20-50tile error, WIP state
13-02-2022-20-20-50tile error, WIP state
13-02-2022-20-20-50tile error, WIP state
13-02-2022-20-20-50tile error, WIP state
13-02-2022-20-20-50tile error, WIP state
13-02-2022-20-20-51tile error, WIP state
13-02-2022-20-20-51tile error, WIP state
13-02-2022-20-20-51tile error, WIP state
13-02-2022-20-20-51tile error, WIP state
13-02-2022-20-20-51tile error, WIP state
13-02-2022-20-20-51tile error, WIP state
13-02-2022-20-20-51tile error, WIP state
13-02-2022-20-20-51tile error, WIP state
13-02-2022-20-20-51tile error, WIP state
13-02-2022-20-20-51tile error, WIP state
13-02-2022-20-20-52tile error, WIP state
13-02-2022-20-20-52tile error, WIP state
13-02-2022-20-20-52tile error, WIP state
13-02-2022-20-20-52tile error, WIP state
13-02-2022-20-20-52tile error, WIP state
13-02-2022-20-20-52tile error, WIP state
13-02-2022-20-20-52tile error, WIP state
13-02-2022-20-20-52tile error, WIP state
13-02-2022-20-20-52tile error, WIP state
13-02-2022-20-20-52tile error, WIP state
13-02-2022-20-20-52tile error, WIP state
13-02-2022-20-20-52tile error, WIP state
13-02-2022-20-20-56tile error, WIP state
13-02-2022-20-20-56tile error, WIP state
13-02-2022-20-20-56tile error, WIP state
13-02-2022-20-20-56tile error, WIP state
13-02-2022-20-20-56tile error, WIP state
13-02-2022-20-20-56tile error, WIP state
13-02-2022-20-20-56tile error, WIP state
13-02-2022-20-20-56tile error, WIP state
13-02-2022-20-20-56tile error, WIP state
13-02-2022-20-20-56tile error, WIP state
13-02-2022-20-20-56tile error, WIP state
13-02-2022-20-20-56tile error, WIP state
13-02-2022-20-20-56tile error, WIP state
13-02-2022-20-20-56tile error, WIP state
13-02-2022-20-20-56tile error, WIP state
13-02-2022-20-20-56tile error, WIP state
13-02-2022-20-20-56tile error, WIP state
13-02-2022-20-20-56tile error, WIP state
13-02-2022-20-20-56tile error, WIP state
13-02-2022-20-20-57tile error, WIP state
13-02-2022-20-20-57tile error, WIP state
13-02-2022-20-20-57tile error, WIP state
13-02-2022-20-20-57tile error, WIP state
13-02-2022-20-20-57tile error, WIP state
13-02-2022-20-20-57tile error, WIP state
13-02-2022-20-20-57tile error, WIP state
13-02-2022-20-20-57tile error, WIP state
13-02-2022-20-20-57tile error, WIP state
13-02-2022-20-20-57tile error, WIP state
13-02-2022-20-20-57tile error, WIP state
13-02-2022-20-20-57tile error, WIP state
13-02-2022-20-20-57tile error, WIP state
13-02-2022-20-20-57tile error, WIP state
13-02-2022-20-20-57tile error, WIP state
13-02-2022-20-20-57tile error, WIP state
13-02-2022-20-20-57tile error, WIP state
13-02-2022-20-20-59tile error, WIP state
13-02-2022-20-20-59tile error, WIP state
13-02-2022-20-20-59tile error, WIP state
13-02-2022-20-20-59tile error, WIP state
13-02-2022-20-21-00tile error, WIP state
13-02-2022-20-21-00tile error, WIP state
13-02-2022-20-21-00tile error, WIP state
13-02-2022-20-21-00tile error, WIP state
13-02-2022-20-21-00tile error, WIP state
13-02-2022-20-21-00tile error, WIP state
13-02-2022-20-21-00tile error, WIP state
13-02-2022-20-21-00tile error, WIP state
13-02-2022-20-21-00tile error, WIP state
13-02-2022-20-21-01tile error, WIP state
13-02-2022-20-21-01tile error, WIP state
13-02-2022-20-21-01tile error, WIP state
13-02-2022-20-21-01tile error, WIP state
13-02-2022-20-21-01tile error, WIP state
13-02-2022-20-21-01tile error, WIP state
13-02-2022-20-21-01tile error, WIP state
13-02-2022-20-21-01tile error, WIP state
13-02-2022-20-21-01tile error, WIP state
13-02-2022-20-21-01tile error, WIP state
13-02-2022-20-21-01tile error, WIP state
13-02-2022-20-21-01tile error, WIP state
13-02-2022-20-21-01tile error, WIP state
13-02-2022-20-21-01tile error, WIP state
13-02-2022-20-21-01tile error, WIP state
13-02-2022-20-21-01tile error, WIP state
13-02-2022-20-21-01tile error, WIP state
13-02-2022-20-21-02tile error, WIP state
13-02-2022-20-21-02tile error, WIP state
13-02-2022-20-21-02tile error, WIP state
13-02-2022-20-21-02tile error, WIP state
13-02-2022-20-21-02tile error, WIP state
13-02-2022-20-21-02tile error, WIP state
13-02-2022-20-21-04tile error, WIP state
13-02-2022-20-21-04tile error, WIP state
13-02-2022-20-21-04tile error, WIP state
13-02-2022-20-21-04tile error, WIP state
13-02-2022-20-21-04tile error, WIP state
13-02-2022-20-21-04tile error, WIP state
13-02-2022-20-21-04tile error, WIP state
13-02-2022-20-21-04tile error, WIP state
13-02-2022-20-21-04tile error, WIP state
13-02-2022-20-21-04tile error, WIP state
13-02-2022-20-21-04tile error, WIP state
13-02-2022-20-21-04tile error, WIP state
13-02-2022-20-21-05tile error, WIP state
13-02-2022-20-21-05tile error, WIP state
13-02-2022-20-21-05tile error, WIP state
13-02-2022-20-21-05tile error, WIP state
13-02-2022-20-21-05tile error, WIP state
13-02-2022-20-21-05tile error, WIP state
13-02-2022-20-21-05tile error, WIP state
13-02-2022-20-21-05tile error, WIP state
13-02-2022-20-21-05tile error, WIP state
13-02-2022-20-21-05tile error, WIP state
13-02-2022-20-21-05tile error, WIP state
13-02-2022-20-21-05tile error, WIP state
13-02-2022-20-21-05tile error, WIP state
13-02-2022-20-21-05tile error, WIP state
13-02-2022-20-21-05tile error, WIP state
13-02-2022-20-21-05tile error, WIP state
13-02-2022-20-21-05tile error, WIP state
13-02-2022-20-21-06tile error, WIP state
13-02-2022-20-21-06tile error, WIP state
13-02-2022-20-21-06tile error, WIP state
13-02-2022-20-21-06tile error, WIP state
13-02-2022-20-21-06tile error, WIP state
13-02-2022-20-21-06tile error, WIP state
13-02-2022-20-21-06tile error, WIP state
13-02-2022-20-21-08tile error, WIP state
13-02-2022-20-21-08tile error, WIP state
13-02-2022-20-21-08tile error, WIP state
13-02-2022-20-21-08tile error, WIP state
13-02-2022-20-21-08tile error, WIP state
13-02-2022-20-21-08tile error, WIP state
13-02-2022-20-21-08tile error, WIP state
13-02-2022-20-21-08tile error, WIP state
13-02-2022-20-21-08tile error, WIP state
13-02-2022-20-21-08tile error, WIP state
13-02-2022-20-21-08tile error, WIP state
13-02-2022-20-21-08tile error, WIP state
13-02-2022-20-21-08tile error, WIP state
13-02-2022-20-21-09tile error, WIP state
13-02-2022-20-21-09tile error, WIP state
13-02-2022-20-21-09tile error, WIP state
13-02-2022-20-21-09tile error, WIP state
13-02-2022-20-21-09tile error, WIP state
13-02-2022-20-21-09tile error, WIP state
13-02-2022-20-21-09tile error, WIP state
13-02-2022-20-21-09tile error, WIP state
13-02-2022-20-21-09tile error, WIP state
13-02-2022-20-21-10tile error, WIP state
13-02-2022-20-21-10tile error, WIP state
13-02-2022-20-21-10tile error, WIP state
13-02-2022-20-21-10tile error, WIP state
13-02-2022-20-21-10tile error, WIP state
13-02-2022-20-21-10tile error, WIP state
13-02-2022-20-21-10tile error, WIP state
13-02-2022-20-21-10tile error, WIP state
13-02-2022-20-21-10tile error, WIP state
13-02-2022-20-21-10tile error, WIP state
13-02-2022-20-21-10tile error, WIP state
13-02-2022-20-21-10tile error, WIP state
13-02-2022-20-21-10tile error, WIP state
13-02-2022-20-21-10tile error, WIP state
13-02-2022-20-21-12tile error, WIP state
13-02-2022-20-21-12tile error, WIP state
13-02-2022-20-21-13tile error, WIP state
13-02-2022-20-21-13tile error, WIP state
13-02-2022-20-21-13tile error, WIP state
13-02-2022-20-21-13tile error, WIP state
13-02-2022-20-21-13tile error, WIP state
13-02-2022-20-21-13tile error, WIP state
13-02-2022-20-21-13tile error, WIP state
13-02-2022-20-21-13tile error, WIP state
13-02-2022-20-21-13tile error, WIP state
13-02-2022-20-21-13tile error, WIP state
13-02-2022-20-21-13tile error, WIP state
13-02-2022-20-21-14tile error, WIP state
13-02-2022-20-21-14tile error, WIP state
13-02-2022-20-21-14tile error, WIP state
13-02-2022-20-21-14tile error, WIP state
13-02-2022-20-21-14tile error, WIP state
13-02-2022-20-21-14tile error, WIP state
13-02-2022-20-21-14tile error, WIP state
13-02-2022-20-21-14tile error, WIP state
13-02-2022-20-21-14tile error, WIP state
13-02-2022-20-21-14tile error, WIP state
13-02-2022-20-21-14tile error, WIP state
13-02-2022-20-21-14tile error, WIP state
13-02-2022-20-21-14tile error, WIP state
13-02-2022-20-21-14tile error, WIP state
13-02-2022-20-21-14tile error, WIP state
13-02-2022-20-21-15tile error, WIP state
13-02-2022-20-21-15tile error, WIP state
13-02-2022-20-21-15tile error, WIP state
13-02-2022-20-21-15tile error, WIP state
13-02-2022-20-21-15tile error, WIP state
13-02-2022-20-21-15tile error, WIP state
13-02-2022-20-21-15tile error, WIP state
13-02-2022-20-21-15tile error, WIP state
13-02-2022-20-21-17tile error, WIP state
13-02-2022-20-21-17tile error, WIP state
13-02-2022-20-21-17tile error, WIP state
13-02-2022-20-21-17tile error, WIP state
13-02-2022-20-21-17tile error, WIP state
13-02-2022-20-21-17tile error, WIP state
13-02-2022-20-21-17tile error, WIP state
13-02-2022-20-21-17tile error, WIP state
13-02-2022-20-21-17tile error, WIP state
13-02-2022-20-21-17tile error, WIP state
13-02-2022-20-21-17tile error, WIP state
13-02-2022-20-21-18tile error, WIP state
13-02-2022-20-21-18tile error, WIP state
13-02-2022-20-21-18tile error, WIP state
13-02-2022-20-21-18tile error, WIP state
13-02-2022-20-21-18tile error, WIP state
13-02-2022-20-21-18tile error, WIP state
13-02-2022-20-21-18tile error, WIP state
13-02-2022-20-21-18tile error, WIP state
13-02-2022-20-21-18tile error, WIP state
13-02-2022-20-21-18tile error, WIP state
13-02-2022-20-21-19tile error, WIP state
13-02-2022-20-21-19tile error, WIP state
13-02-2022-20-21-19tile error, WIP state
13-02-2022-20-21-19tile error, WIP state
13-02-2022-20-21-19tile error, WIP state
13-02-2022-20-21-19tile error, WIP state
13-02-2022-20-21-19tile error, WIP state
13-02-2022-20-21-19tile error, WIP state
13-02-2022-20-21-19tile error, WIP state
13-02-2022-20-21-19tile error, WIP state
13-02-2022-20-21-19tile error, WIP state
13-02-2022-20-21-19tile error, WIP state
13-02-2022-20-21-19tile error, WIP state
13-02-2022-20-21-19tile error, WIP state
13-02-2022-20-21-19tile error, WIP state
13-02-2022-20-21-22tile error, WIP state
13-02-2022-20-21-22tile error, WIP state
13-02-2022-20-21-22tile error, WIP state
13-02-2022-20-21-22tile error, WIP state
13-02-2022-20-21-22tile error, WIP state
13-02-2022-20-21-22tile error, WIP state
13-02-2022-20-21-22tile error, WIP state
13-02-2022-20-21-22tile error, WIP state
13-02-2022-20-21-22tile error, WIP state
13-02-2022-20-21-23tile error, WIP state
13-02-2022-20-21-23tile error, WIP state
13-02-2022-20-21-23tile error, WIP state
13-02-2022-20-21-23tile error, WIP state
13-02-2022-20-21-23tile error, WIP state
13-02-2022-20-21-23tile error, WIP state
13-02-2022-20-21-23tile error, WIP state
13-02-2022-20-21-23tile error, WIP state
13-02-2022-20-21-23tile error, WIP state
13-02-2022-20-21-23tile error, WIP state
13-02-2022-20-21-23tile error, WIP state
13-02-2022-20-21-23tile error, WIP state
13-02-2022-20-21-23tile error, WIP state
13-02-2022-20-21-23tile error, WIP state
13-02-2022-20-21-23tile error, WIP state
13-02-2022-20-21-23tile error, WIP state
13-02-2022-20-21-23tile error, WIP state
13-02-2022-20-21-23tile error, WIP state
13-02-2022-20-21-23tile error, WIP state
13-02-2022-20-21-23tile error, WIP state
13-02-2022-20-21-24tile error, WIP state
13-02-2022-20-21-24tile error, WIP state
13-02-2022-20-21-24tile error, WIP state
13-02-2022-20-21-24tile error, WIP state
13-02-2022-20-21-24tile error, WIP state
13-02-2022-20-21-24tile error, WIP state
13-02-2022-20-21-24tile error, WIP state
13-02-2022-20-21-26tile error, WIP state
13-02-2022-20-21-26tile error, WIP state
13-02-2022-20-21-26tile error, WIP state
13-02-2022-20-21-26tile error, WIP state
13-02-2022-20-21-26tile error, WIP state
13-02-2022-20-21-26tile error, WIP state
13-02-2022-20-21-27tile error, WIP state
13-02-2022-20-21-27tile error, WIP state
13-02-2022-20-21-27tile error, WIP state
13-02-2022-20-21-27tile error, WIP state
13-02-2022-20-21-27tile error, WIP state
13-02-2022-20-21-27tile error, WIP state
13-02-2022-20-21-27tile error, WIP state
13-02-2022-20-21-27tile error, WIP state
13-02-2022-20-21-27tile error, WIP state
13-02-2022-20-21-27tile error, WIP state
13-02-2022-20-21-27tile error, WIP state
13-02-2022-20-21-27tile error, WIP state
13-02-2022-20-21-27tile error, WIP state
13-02-2022-20-21-27tile error, WIP state
13-02-2022-20-21-27tile error, WIP state
13-02-2022-20-21-27tile error, WIP state
13-02-2022-20-21-27tile error, WIP state
13-02-2022-20-21-27tile error, WIP state
13-02-2022-20-21-28tile error, WIP state
13-02-2022-20-21-28tile error, WIP state
13-02-2022-20-21-28tile error, WIP state
13-02-2022-20-21-28tile error, WIP state
13-02-2022-20-21-28tile error, WIP state
13-02-2022-20-21-28tile error, WIP state
13-02-2022-20-21-28tile error, WIP state
13-02-2022-20-21-28tile error, WIP state
13-02-2022-20-21-28tile error, WIP state
13-02-2022-20-21-28tile error, WIP state
13-02-2022-20-21-28tile error, WIP state
13-02-2022-20-21-28tile error, WIP state
13-02-2022-20-21-30tile error, WIP state
13-02-2022-20-21-30tile error, WIP state
13-02-2022-20-21-30tile error, WIP state
13-02-2022-20-21-30tile error, WIP state
13-02-2022-20-21-30tile error, WIP state
13-02-2022-20-21-30tile error, WIP state
13-02-2022-20-21-30tile error, WIP state
13-02-2022-20-21-30tile error, WIP state
13-02-2022-20-21-30tile error, WIP state
13-02-2022-20-21-30tile error, WIP state
13-02-2022-20-21-30tile error, WIP state
13-02-2022-20-21-30tile error, WIP state
13-02-2022-20-21-31tile error, WIP state
13-02-2022-20-21-31tile error, WIP state
13-02-2022-20-21-31tile error, WIP state
13-02-2022-20-21-31tile error, WIP state
13-02-2022-20-21-31tile error, WIP state
13-02-2022-20-21-31tile error, WIP state
13-02-2022-20-21-31tile error, WIP state
13-02-2022-20-21-31tile error, WIP state
13-02-2022-20-21-31tile error, WIP state
13-02-2022-20-21-31tile error, WIP state
13-02-2022-20-21-31tile error, WIP state
13-02-2022-20-21-31tile error, WIP state
13-02-2022-20-21-32tile error, WIP state
13-02-2022-20-21-32tile error, WIP state
13-02-2022-20-21-32tile error, WIP state
13-02-2022-20-21-32tile error, WIP state
13-02-2022-20-21-32tile error, WIP state
13-02-2022-20-21-32tile error, WIP state
13-02-2022-20-21-32tile error, WIP state
13-02-2022-20-21-32tile error, WIP state
13-02-2022-20-21-32tile error, WIP state
13-02-2022-20-21-32tile error, WIP state
13-02-2022-20-21-32tile error, WIP state
13-02-2022-20-21-32tile error, WIP state
13-02-2022-20-21-34tile error, WIP state
13-02-2022-20-21-34tile error, WIP state
13-02-2022-20-21-34tile error, WIP state
13-02-2022-20-21-34tile error, WIP state
13-02-2022-20-21-34tile error, WIP state
13-02-2022-20-21-34tile error, WIP state
13-02-2022-20-21-34tile error, WIP state
13-02-2022-20-21-34tile error, WIP state
13-02-2022-20-21-34tile error, WIP state
13-02-2022-20-21-35tile error, WIP state
13-02-2022-20-21-35tile error, WIP state
13-02-2022-20-21-35tile error, WIP state
13-02-2022-20-21-35tile error, WIP state
13-02-2022-20-21-36tile error, WIP state
13-02-2022-20-21-36tile error, WIP state
13-02-2022-20-21-36tile error, WIP state
13-02-2022-20-21-36tile error, WIP state
13-02-2022-20-21-36tile error, WIP state
13-02-2022-20-21-36tile error, WIP state
13-02-2022-20-21-36tile error, WIP state
13-02-2022-20-21-36tile error, WIP state
13-02-2022-20-21-36tile error, WIP state
13-02-2022-20-21-36tile error, WIP state
13-02-2022-20-21-36tile error, WIP state
13-02-2022-20-21-36tile error, WIP state
13-02-2022-20-21-36tile error, WIP state
13-02-2022-20-21-36tile error, WIP state
13-02-2022-20-21-36tile error, WIP state
13-02-2022-20-21-36tile error, WIP state
13-02-2022-20-21-36tile error, WIP state
13-02-2022-20-21-36tile error, WIP state
13-02-2022-20-21-36tile error, WIP state
13-02-2022-20-21-37tile error, WIP state
13-02-2022-20-21-37tile error, WIP state
13-02-2022-20-21-37tile error, WIP state
13-02-2022-20-21-37tile error, WIP state
13-02-2022-20-21-38tile error, WIP state
13-02-2022-20-21-38tile error, WIP state
13-02-2022-20-21-38tile error, WIP state
13-02-2022-20-21-38tile error, WIP state
13-02-2022-20-21-38tile error, WIP state
13-02-2022-20-21-39tile error, WIP state
13-02-2022-20-21-39tile error, WIP state
13-02-2022-20-21-39tile error, WIP state
13-02-2022-20-21-39tile error, WIP state
13-02-2022-20-21-39tile error, WIP state
13-02-2022-20-21-39tile error, WIP state
13-02-2022-20-21-39tile error, WIP state
13-02-2022-20-21-39tile error, WIP state
13-02-2022-20-21-39tile error, WIP state
13-02-2022-20-21-39tile error, WIP state
13-02-2022-20-21-39tile error, WIP state
13-02-2022-20-21-39tile error, WIP state
13-02-2022-20-21-39tile error, WIP state
13-02-2022-20-21-39tile error, WIP state
13-02-2022-20-21-39tile error, WIP state
13-02-2022-20-21-39tile error, WIP state
13-02-2022-20-21-40tile error, WIP state
13-02-2022-20-21-40tile error, WIP state
13-02-2022-20-21-40tile error, WIP state
13-02-2022-20-21-40tile error, WIP state
13-02-2022-20-21-40tile error, WIP state
13-02-2022-20-21-40tile error, WIP state
13-02-2022-20-21-40tile error, WIP state
13-02-2022-20-21-40tile error, WIP state
13-02-2022-20-21-40tile error, WIP state
13-02-2022-20-21-40tile error, WIP state
13-02-2022-20-21-41tile error, WIP state
13-02-2022-20-21-41tile error, WIP state
13-02-2022-20-21-41tile error, WIP state
13-02-2022-20-21-41tile error, WIP state
13-02-2022-20-21-41tile error, WIP state
13-02-2022-20-21-43tile error, WIP state
13-02-2022-20-21-43tile error, WIP state
13-02-2022-20-21-43tile error, WIP state
13-02-2022-20-21-43tile error, WIP state
13-02-2022-20-21-43tile error, WIP state
13-02-2022-20-21-43tile error, WIP state
13-02-2022-20-21-43tile error, WIP state
13-02-2022-20-21-43tile error, WIP state
13-02-2022-20-21-43tile error, WIP state
13-02-2022-20-21-43tile error, WIP state
13-02-2022-20-21-43tile error, WIP state
13-02-2022-20-21-44tile error, WIP state
13-02-2022-20-21-44tile error, WIP state
13-02-2022-20-21-44tile error, WIP state
13-02-2022-20-21-44tile error, WIP state
13-02-2022-20-21-44tile error, WIP state
13-02-2022-20-21-44tile error, WIP state
13-02-2022-20-21-44tile error, WIP state
13-02-2022-20-21-44tile error, WIP state
13-02-2022-20-21-44tile error, WIP state
13-02-2022-20-21-44tile error, WIP state
13-02-2022-20-21-44tile error, WIP state
13-02-2022-20-21-44tile error, WIP state
13-02-2022-20-21-44tile error, WIP state
13-02-2022-20-21-44tile error, WIP state
13-02-2022-20-21-44tile error, WIP state
13-02-2022-20-21-44tile error, WIP state
13-02-2022-20-21-45tile error, WIP state
13-02-2022-20-21-45tile error, WIP state
13-02-2022-20-21-45tile error, WIP state
13-02-2022-20-21-45tile error, WIP state
13-02-2022-20-21-45tile error, WIP state
13-02-2022-20-21-45tile error, WIP state
13-02-2022-20-21-45tile error, WIP state
13-02-2022-20-21-45tile error, WIP state
13-02-2022-20-21-45tile error, WIP state
13-02-2022-20-21-47tile error, WIP state
13-02-2022-20-21-47tile error, WIP state
13-02-2022-20-21-47tile error, WIP state
13-02-2022-20-21-47tile error, WIP state
13-02-2022-20-21-47tile error, WIP state
13-02-2022-20-21-47tile error, WIP state
13-02-2022-20-21-47tile error, WIP state
13-02-2022-20-21-47tile error, WIP state
13-02-2022-20-21-47tile error, WIP state
13-02-2022-20-21-47tile error, WIP state
13-02-2022-20-21-47tile error, WIP state
13-02-2022-20-21-47tile error, WIP state
13-02-2022-20-21-48tile error, WIP state
13-02-2022-20-21-48tile error, WIP state
13-02-2022-20-21-48tile error, WIP state
13-02-2022-20-21-48tile error, WIP state
13-02-2022-20-21-48tile error, WIP state
13-02-2022-20-21-48tile error, WIP state
13-02-2022-20-21-48tile error, WIP state
13-02-2022-20-21-48tile error, WIP state
13-02-2022-20-21-48tile error, WIP state
13-02-2022-20-21-48tile error, WIP state
13-02-2022-20-21-48tile error, WIP state
13-02-2022-20-21-48tile error, WIP state
13-02-2022-20-21-49tile error, WIP state
13-02-2022-20-21-49tile error, WIP state
13-02-2022-20-21-49tile error, WIP state
13-02-2022-20-21-49tile error, WIP state
13-02-2022-20-21-49tile error, WIP state
13-02-2022-20-21-49tile error, WIP state
13-02-2022-20-21-49tile error, WIP state
13-02-2022-20-21-49tile error, WIP state
13-02-2022-20-21-49tile error, WIP state
13-02-2022-20-21-49tile error, WIP state
13-02-2022-20-21-49tile error, WIP state
13-02-2022-20-21-49tile error, WIP state
13-02-2022-20-21-51tile error, WIP state
13-02-2022-20-21-51tile error, WIP state
13-02-2022-20-21-51tile error, WIP state
13-02-2022-20-21-52tile error, WIP state
13-02-2022-20-21-52tile error, WIP state
13-02-2022-20-21-52tile error, WIP state
13-02-2022-20-21-52tile error, WIP state
13-02-2022-20-21-52tile error, WIP state
13-02-2022-20-21-52tile error, WIP state
13-02-2022-20-21-52tile error, WIP state
13-02-2022-20-21-52tile error, WIP state
13-02-2022-20-21-52tile error, WIP state
13-02-2022-20-21-52tile error, WIP state
13-02-2022-20-21-52tile error, WIP state
13-02-2022-20-21-52tile error, WIP state
13-02-2022-20-21-52tile error, WIP state
13-02-2022-20-21-52tile error, WIP state
13-02-2022-20-21-52tile error, WIP state
13-02-2022-20-21-52tile error, WIP state
13-02-2022-20-21-53tile error, WIP state
13-02-2022-20-21-53tile error, WIP state
13-02-2022-20-21-53tile error, WIP state
13-02-2022-20-21-53tile error, WIP state
13-02-2022-20-21-53tile error, WIP state
13-02-2022-20-21-53tile error, WIP state
13-02-2022-20-21-53tile error, WIP state
13-02-2022-20-21-53tile error, WIP state
13-02-2022-20-21-53tile error, WIP state
13-02-2022-20-21-53tile error, WIP state
13-02-2022-20-21-53tile error, WIP state
13-02-2022-20-21-53tile error, WIP state
13-02-2022-20-21-53tile error, WIP state
13-02-2022-20-21-53tile error, WIP state
13-02-2022-20-21-53tile error, WIP state
13-02-2022-20-21-53tile error, WIP state
13-02-2022-20-21-53tile error, WIP state
13-02-2022-20-21-55tile error, WIP state
13-02-2022-20-21-55tile error, WIP state
13-02-2022-20-21-56tile error, WIP state
13-02-2022-20-21-56tile error, WIP state
13-02-2022-20-21-56tile error, WIP state
13-02-2022-20-21-56tile error, WIP state
13-02-2022-20-21-56tile error, WIP state
13-02-2022-20-21-56tile error, WIP state
13-02-2022-20-21-56tile error, WIP state
13-02-2022-20-21-56tile error, WIP state
13-02-2022-20-21-56tile error, WIP state
13-02-2022-20-21-56tile error, WIP state
13-02-2022-20-21-56tile error, WIP state
13-02-2022-20-21-56tile error, WIP state
13-02-2022-20-21-56tile error, WIP state
13-02-2022-20-21-56tile error, WIP state
13-02-2022-20-21-56tile error, WIP state
13-02-2022-20-21-57tile error, WIP state
13-02-2022-20-21-57tile error, WIP state
13-02-2022-20-21-57tile error, WIP state
13-02-2022-20-21-57tile error, WIP state
13-02-2022-20-21-57tile error, WIP state
13-02-2022-20-21-57tile error, WIP state
13-02-2022-20-21-57tile error, WIP state
13-02-2022-20-21-57tile error, WIP state
13-02-2022-20-21-57tile error, WIP state
13-02-2022-20-21-57tile error, WIP state
13-02-2022-20-21-57tile error, WIP state
13-02-2022-20-21-57tile error, WIP state
13-02-2022-20-21-57tile error, WIP state
13-02-2022-20-21-57tile error, WIP state
13-02-2022-20-21-57tile error, WIP state
13-02-2022-20-21-57tile error, WIP state
13-02-2022-20-21-57tile error, WIP state
13-02-2022-20-21-57tile error, WIP state
13-02-2022-20-21-57tile error, WIP state
13-02-2022-20-21-59tile error, WIP state
13-02-2022-20-21-59tile error, WIP state
13-02-2022-20-21-59tile error, WIP state
13-02-2022-20-21-59tile error, WIP state
13-02-2022-20-21-59tile error, WIP state
13-02-2022-20-22-00tile error, WIP state
13-02-2022-20-22-00tile error, WIP state
13-02-2022-20-22-00tile error, WIP state
13-02-2022-20-22-00tile error, WIP state
13-02-2022-20-22-00tile error, WIP state
13-02-2022-20-22-00tile error, WIP state
13-02-2022-20-22-00tile error, WIP state
13-02-2022-20-22-00tile error, WIP state
13-02-2022-20-22-00tile error, WIP state
13-02-2022-20-22-00tile error, WIP state
13-02-2022-20-22-00tile error, WIP state
13-02-2022-20-22-01tile error, WIP state
13-02-2022-20-22-01tile error, WIP state
13-02-2022-20-22-01tile error, WIP state
13-02-2022-20-22-01tile error, WIP state
13-02-2022-20-22-01tile error, WIP state
13-02-2022-20-22-01tile error, WIP state
13-02-2022-20-22-01tile error, WIP state
13-02-2022-20-22-01tile error, WIP state
13-02-2022-20-22-01tile error, WIP state
13-02-2022-20-22-01tile error, WIP state
13-02-2022-20-22-01tile error, WIP state
13-02-2022-20-22-02tile error, WIP state
13-02-2022-20-22-02tile error, WIP state
13-02-2022-20-22-02tile error, WIP state
13-02-2022-20-22-02tile error, WIP state
13-02-2022-20-22-02tile error, WIP state
13-02-2022-20-22-02tile error, WIP state
13-02-2022-20-22-02tile error, WIP state
13-02-2022-20-22-02tile error, WIP state
13-02-2022-20-22-02tile error, WIP state
13-02-2022-20-22-04tile error, WIP state
13-02-2022-20-22-04tile error, WIP state
13-02-2022-20-22-04tile error, WIP state
13-02-2022-20-22-04tile error, WIP state
13-02-2022-20-22-04tile error, WIP state
13-02-2022-20-22-04tile error, WIP state
13-02-2022-20-22-04tile error, WIP state
13-02-2022-20-22-04tile error, WIP state
13-02-2022-20-22-05tile error, WIP state
13-02-2022-20-22-05tile error, WIP state
13-02-2022-20-22-05tile error, WIP state
13-02-2022-20-22-05tile error, WIP state
13-02-2022-20-22-05tile error, WIP state
13-02-2022-20-22-05tile error, WIP state
13-02-2022-20-22-05tile error, WIP state
13-02-2022-20-22-05tile error, WIP state
13-02-2022-20-22-05tile error, WIP state
13-02-2022-20-22-06tile error, WIP state
13-02-2022-20-22-06tile error, WIP state
13-02-2022-20-22-06tile error, WIP state
13-02-2022-20-22-06tile error, WIP state
13-02-2022-20-22-06tile error, WIP state
13-02-2022-20-22-06tile error, WIP state
13-02-2022-20-22-06tile error, WIP state
13-02-2022-20-22-06tile error, WIP state
13-02-2022-20-22-06tile error, WIP state
13-02-2022-20-22-06tile error, WIP state
13-02-2022-20-22-06tile error, WIP state
13-02-2022-20-22-06tile error, WIP state
13-02-2022-20-22-06tile error, WIP state
13-02-2022-20-22-06tile error, WIP state
13-02-2022-20-22-06tile error, WIP state
13-02-2022-20-22-06tile error, WIP state
13-02-2022-20-22-06tile error, WIP state
13-02-2022-20-22-06tile error, WIP state
13-02-2022-20-22-06tile error, WIP state
13-02-2022-20-22-08tile error, WIP state
13-02-2022-20-22-08tile error, WIP state
13-02-2022-20-22-08tile error, WIP state
13-02-2022-20-22-08tile error, WIP state
13-02-2022-20-22-08tile error, WIP state
13-02-2022-20-22-09tile error, WIP state
13-02-2022-20-22-09tile error, WIP state
13-02-2022-20-22-09tile error, WIP state
13-02-2022-20-22-09tile error, WIP state
13-02-2022-20-22-09tile error, WIP state
13-02-2022-20-22-09tile error, WIP state
13-02-2022-20-22-09tile error, WIP state
13-02-2022-20-22-09tile error, WIP state
13-02-2022-20-22-09tile error, WIP state
13-02-2022-20-22-10tile error, WIP state
13-02-2022-20-22-10tile error, WIP state
13-02-2022-20-22-10tile error, WIP state
13-02-2022-20-22-10tile error, WIP state
13-02-2022-20-22-10tile error, WIP state
13-02-2022-20-22-10tile error, WIP state
13-02-2022-20-22-10tile error, WIP state
13-02-2022-20-22-10tile error, WIP state
13-02-2022-20-22-10tile error, WIP state
13-02-2022-20-22-10tile error, WIP state
13-02-2022-20-22-10tile error, WIP state
13-02-2022-20-22-10tile error, WIP state
13-02-2022-20-22-10tile error, WIP state
13-02-2022-20-22-10tile error, WIP state
13-02-2022-20-22-10tile error, WIP state
13-02-2022-20-22-10tile error, WIP state
13-02-2022-20-22-11tile error, WIP state
13-02-2022-20-22-11tile error, WIP state
13-02-2022-20-22-11tile error, WIP state
13-02-2022-20-22-11tile error, WIP state
13-02-2022-20-22-11tile error, WIP state
13-02-2022-20-22-11tile error, WIP state
13-02-2022-20-22-13tile error, WIP state
13-02-2022-20-22-13tile error, WIP state
13-02-2022-20-22-13tile error, WIP state
13-02-2022-20-22-13tile error, WIP state
13-02-2022-20-22-13tile error, WIP state
13-02-2022-20-22-13tile error, WIP state
13-02-2022-20-22-13tile error, WIP state
13-02-2022-20-22-13tile error, WIP state
13-02-2022-20-22-13tile error, WIP state
13-02-2022-20-22-13tile error, WIP state
13-02-2022-20-22-14tile error, WIP state
13-02-2022-20-22-14tile error, WIP state
13-02-2022-20-22-14tile error, WIP state
13-02-2022-20-22-14tile error, WIP state
13-02-2022-20-22-14tile error, WIP state
13-02-2022-20-22-14tile error, WIP state
13-02-2022-20-22-14tile error, WIP state
13-02-2022-20-22-14tile error, WIP state
13-02-2022-20-22-14tile error, WIP state
13-02-2022-20-22-14tile error, WIP state
13-02-2022-20-22-14tile error, WIP state
13-02-2022-20-22-14tile error, WIP state
13-02-2022-20-22-14tile error, WIP state
13-02-2022-20-22-14tile error, WIP state
13-02-2022-20-22-14tile error, WIP state
13-02-2022-20-22-14tile error, WIP state
13-02-2022-20-22-14tile error, WIP state
13-02-2022-20-22-14tile error, WIP state
13-02-2022-20-22-14tile error, WIP state
13-02-2022-20-22-14tile error, WIP state
13-02-2022-20-22-15tile error, WIP state
13-02-2022-20-22-15tile error, WIP state
13-02-2022-20-22-15tile error, WIP state
13-02-2022-20-22-15tile error, WIP state
13-02-2022-20-22-15tile error, WIP state
13-02-2022-20-22-15tile error, WIP state
13-02-2022-20-22-17tile error, WIP state
13-02-2022-20-22-17tile error, WIP state
13-02-2022-20-22-17tile error, WIP state
13-02-2022-20-22-17tile error, WIP state
13-02-2022-20-22-17tile error, WIP state
13-02-2022-20-22-17tile error, WIP state
13-02-2022-20-22-17tile error, WIP state
13-02-2022-20-22-17tile error, WIP state
13-02-2022-20-22-17tile error, WIP state
13-02-2022-20-22-17tile error, WIP state
13-02-2022-20-22-17tile error, WIP state
13-02-2022-20-22-18tile error, WIP state
13-02-2022-20-22-18tile error, WIP state
13-02-2022-20-22-18tile error, WIP state
13-02-2022-20-22-18tile error, WIP state
13-02-2022-20-22-18tile error, WIP state
13-02-2022-20-22-18tile error, WIP state
13-02-2022-20-22-18tile error, WIP state
13-02-2022-20-22-18tile error, WIP state
13-02-2022-20-22-18tile error, WIP state
13-02-2022-20-22-18tile error, WIP state
13-02-2022-20-22-18tile error, WIP state
13-02-2022-20-22-19tile error, WIP state
13-02-2022-20-22-19tile error, WIP state
13-02-2022-20-22-19tile error, WIP state
13-02-2022-20-22-19tile error, WIP state
13-02-2022-20-22-19tile error, WIP state
13-02-2022-20-22-19tile error, WIP state
13-02-2022-20-22-19tile error, WIP state
13-02-2022-20-22-19tile error, WIP state
13-02-2022-20-22-19tile error, WIP state
13-02-2022-20-22-19tile error, WIP state
13-02-2022-20-22-19tile error, WIP state
13-02-2022-20-22-19tile error, WIP state
13-02-2022-20-22-19tile error, WIP state
13-02-2022-20-22-19tile error, WIP state
13-02-2022-20-22-21tile error, WIP state
13-02-2022-20-22-21tile error, WIP state
13-02-2022-20-22-22tile error, WIP state
13-02-2022-20-22-22tile error, WIP state
13-02-2022-20-22-22tile error, WIP state
13-02-2022-20-22-22tile error, WIP state
13-02-2022-20-22-22tile error, WIP state
13-02-2022-20-22-22tile error, WIP state
13-02-2022-20-22-22tile error, WIP state
13-02-2022-20-22-22tile error, WIP state
13-02-2022-20-22-22tile error, WIP state
13-02-2022-20-22-22tile error, WIP state
13-02-2022-20-22-22tile error, WIP state
13-02-2022-20-22-22tile error, WIP state
13-02-2022-20-22-22tile error, WIP state
13-02-2022-20-22-22tile error, WIP state
13-02-2022-20-22-22tile error, WIP state
13-02-2022-20-22-22tile error, WIP state
13-02-2022-20-22-22tile error, WIP state
13-02-2022-20-22-22tile error, WIP state
13-02-2022-20-22-22tile error, WIP state
13-02-2022-20-22-23tile error, WIP state
13-02-2022-20-22-23tile error, WIP state
13-02-2022-20-22-23tile error, WIP state
13-02-2022-20-22-23tile error, WIP state
13-02-2022-20-22-23tile error, WIP state
13-02-2022-20-22-23tile error, WIP state
13-02-2022-20-22-23tile error, WIP state
13-02-2022-20-22-23tile error, WIP state
13-02-2022-20-22-23tile error, WIP state
13-02-2022-20-22-23tile error, WIP state
13-02-2022-20-22-23tile error, WIP state
13-02-2022-20-22-23tile error, WIP state
13-02-2022-20-22-23tile error, WIP state
13-02-2022-20-22-23tile error, WIP state
13-02-2022-20-22-23tile error, WIP state
13-02-2022-20-22-25tile error, WIP state
13-02-2022-20-22-25tile error, WIP state
13-02-2022-20-22-25tile error, WIP state
13-02-2022-20-22-25tile error, WIP state
13-02-2022-20-22-25tile error, WIP state
13-02-2022-20-22-25tile error, WIP state
13-02-2022-20-22-25tile error, WIP state
13-02-2022-20-22-25tile error, WIP state
13-02-2022-20-22-25tile error, WIP state
13-02-2022-20-22-26tile error, WIP state
13-02-2022-20-22-26tile error, WIP state
13-02-2022-20-22-26tile error, WIP state
13-02-2022-20-22-26tile error, WIP state
13-02-2022-20-22-26tile error, WIP state
13-02-2022-20-22-26tile error, WIP state
13-02-2022-20-22-26tile error, WIP state
13-02-2022-20-22-26tile error, WIP state
13-02-2022-20-22-26tile error, WIP state
13-02-2022-20-22-26tile error, WIP state
13-02-2022-20-22-26tile error, WIP state
13-02-2022-20-22-26tile error, WIP state
13-02-2022-20-22-26tile error, WIP state
13-02-2022-20-22-26tile error, WIP state
13-02-2022-20-22-27tile error, WIP state
13-02-2022-20-22-27tile error, WIP state
13-02-2022-20-22-27tile error, WIP state
13-02-2022-20-22-27tile error, WIP state
13-02-2022-20-22-27tile error, WIP state
13-02-2022-20-22-27tile error, WIP state
13-02-2022-20-22-27tile error, WIP state
13-02-2022-20-22-27tile error, WIP state
13-02-2022-20-22-28tile error, WIP state
13-02-2022-20-22-28tile error, WIP state
13-02-2022-20-22-28tile error, WIP state
13-02-2022-20-22-28tile error, WIP state
13-02-2022-20-22-28tile error, WIP state
13-02-2022-20-22-29tile error, WIP state
13-02-2022-20-22-29tile error, WIP state
13-02-2022-20-22-29tile error, WIP state
13-02-2022-20-22-29tile error, WIP state
13-02-2022-20-22-29tile error, WIP state
13-02-2022-20-22-30tile error, WIP state
13-02-2022-20-22-30tile error, WIP state
13-02-2022-20-22-30tile error, WIP state
13-02-2022-20-22-30tile error, WIP state
13-02-2022-20-22-30tile error, WIP state
13-02-2022-20-22-30tile error, WIP state
13-02-2022-20-22-30tile error, WIP state
13-02-2022-20-22-30tile error, WIP state
13-02-2022-20-22-30tile error, WIP state
13-02-2022-20-22-30tile error, WIP state
13-02-2022-20-22-30tile error, WIP state
13-02-2022-20-22-30tile error, WIP state
13-02-2022-20-22-30tile error, WIP state
13-02-2022-20-22-30tile error, WIP state
13-02-2022-20-22-30tile error, WIP state
13-02-2022-20-22-30tile error, WIP state
13-02-2022-20-22-30tile error, WIP state
13-02-2022-20-22-31tile error, WIP state
13-02-2022-20-22-31tile error, WIP state
13-02-2022-20-22-31tile error, WIP state
13-02-2022-20-22-31tile error, WIP state
13-02-2022-20-22-31tile error, WIP state
13-02-2022-20-22-31tile error, WIP state
13-02-2022-20-22-31tile error, WIP state
13-02-2022-20-22-31tile error, WIP state
13-02-2022-20-22-31tile error, WIP state
13-02-2022-20-22-31tile error, WIP state
13-02-2022-20-22-31tile error, WIP state
13-02-2022-20-22-32tile error, WIP state
13-02-2022-20-22-32tile error, WIP state
13-02-2022-20-22-32tile error, WIP state
13-02-2022-20-22-33tile error, WIP state
13-02-2022-20-22-34tile error, WIP state
13-02-2022-20-22-34tile error, WIP state
13-02-2022-20-22-34tile error, WIP state
13-02-2022-20-22-34tile error, WIP state
13-02-2022-20-22-34tile error, WIP state
13-02-2022-20-22-34tile error, WIP state
13-02-2022-20-22-34tile error, WIP state
13-02-2022-20-22-34tile error, WIP state
13-02-2022-20-22-34tile error, WIP state
13-02-2022-20-22-34tile error, WIP state
13-02-2022-20-22-34tile error, WIP state
13-02-2022-20-22-35tile error, WIP state
13-02-2022-20-22-35tile error, WIP state
13-02-2022-20-22-35tile error, WIP state
13-02-2022-20-22-35tile error, WIP state
13-02-2022-20-22-35tile error, WIP state
13-02-2022-20-22-35tile error, WIP state
13-02-2022-20-22-35tile error, WIP state
13-02-2022-20-22-35tile error, WIP state
13-02-2022-20-22-35tile error, WIP state
13-02-2022-20-22-35tile error, WIP state
13-02-2022-20-22-35tile error, WIP state
13-02-2022-20-22-35tile error, WIP state
13-02-2022-20-22-36tile error, WIP state
13-02-2022-20-22-36tile error, WIP state
13-02-2022-20-22-36tile error, WIP state
13-02-2022-20-22-36tile error, WIP state
13-02-2022-20-22-36tile error, WIP state
13-02-2022-20-22-36tile error, WIP state
13-02-2022-20-22-36tile error, WIP state
13-02-2022-20-22-36tile error, WIP state
13-02-2022-20-22-36tile error, WIP state
13-02-2022-20-22-36tile error, WIP state
13-02-2022-20-22-36tile error, WIP state
13-02-2022-20-22-36tile error, WIP state
13-02-2022-20-22-38tile error, WIP state
13-02-2022-20-22-38tile error, WIP state
13-02-2022-20-22-38tile error, WIP state
13-02-2022-20-22-38tile error, WIP state
13-02-2022-20-22-38tile error, WIP state
13-02-2022-20-22-38tile error, WIP state
13-02-2022-20-22-38tile error, WIP state
13-02-2022-20-22-38tile error, WIP state
13-02-2022-20-22-38tile error, WIP state
13-02-2022-20-22-38tile error, WIP state
13-02-2022-20-22-38tile error, WIP state
13-02-2022-20-22-38tile error, WIP state
13-02-2022-20-22-38tile error, WIP state
13-02-2022-20-22-38tile error, WIP state
13-02-2022-20-22-38tile error, WIP state
13-02-2022-20-22-38tile error, WIP state
13-02-2022-20-22-39tile error, WIP state
13-02-2022-20-22-39tile error, WIP state
13-02-2022-20-22-39tile error, WIP state
13-02-2022-20-22-39tile error, WIP state
13-02-2022-20-22-39tile error, WIP state
13-02-2022-20-22-39tile error, WIP state
13-02-2022-20-22-39tile error, WIP state
13-02-2022-20-22-39tile error, WIP state
13-02-2022-20-22-39tile error, WIP state
13-02-2022-20-22-40tile error, WIP state
13-02-2022-20-22-40tile error, WIP state
13-02-2022-20-22-40tile error, WIP state
13-02-2022-20-22-40tile error, WIP state
13-02-2022-20-22-40tile error, WIP state
13-02-2022-20-22-40tile error, WIP state
13-02-2022-20-22-40tile error, WIP state
13-02-2022-20-22-40tile error, WIP state
13-02-2022-20-22-40tile error, WIP state
13-02-2022-20-22-40tile error, WIP state
13-02-2022-20-22-40tile error, WIP state
13-02-2022-20-22-42tile error, WIP state
13-02-2022-20-22-42tile error, WIP state
13-02-2022-20-22-42tile error, WIP state
13-02-2022-20-22-42tile error, WIP state
13-02-2022-20-22-42tile error, WIP state
13-02-2022-20-22-42tile error, WIP state
13-02-2022-20-22-42tile error, WIP state
13-02-2022-20-22-43tile error, WIP state
13-02-2022-20-22-43tile error, WIP state
13-02-2022-20-22-43tile error, WIP state
13-02-2022-20-22-43tile error, WIP state
13-02-2022-20-22-43tile error, WIP state
13-02-2022-20-22-43tile error, WIP state
13-02-2022-20-22-43tile error, WIP state
13-02-2022-20-22-43tile error, WIP state
13-02-2022-20-22-43tile error, WIP state
13-02-2022-20-22-43tile error, WIP state
13-02-2022-20-22-43tile error, WIP state
13-02-2022-20-22-43tile error, WIP state
13-02-2022-20-22-43tile error, WIP state
13-02-2022-20-22-43tile error, WIP state
13-02-2022-20-22-43tile error, WIP state
13-02-2022-20-22-43tile error, WIP state
13-02-2022-20-22-43tile error, WIP state
13-02-2022-20-22-43tile error, WIP state
13-02-2022-20-22-43tile error, WIP state
13-02-2022-20-22-44tile error, WIP state
13-02-2022-20-22-44tile error, WIP state
13-02-2022-20-22-44tile error, WIP state
13-02-2022-20-22-44tile error, WIP state
13-02-2022-20-22-44tile error, WIP state
13-02-2022-20-22-44tile error, WIP state
13-02-2022-20-22-44tile error, WIP state
13-02-2022-20-22-44tile error, WIP state
13-02-2022-20-22-44tile error, WIP state
13-02-2022-20-22-44tile error, WIP state
13-02-2022-20-22-45tile error, WIP state
13-02-2022-20-22-46tile error, WIP state
13-02-2022-20-22-46tile error, WIP state
13-02-2022-20-22-46tile error, WIP state
13-02-2022-20-22-46tile error, WIP state
13-02-2022-20-22-46tile error, WIP state
13-02-2022-20-22-46tile error, WIP state
13-02-2022-20-22-46tile error, WIP state
13-02-2022-20-22-46tile error, WIP state
13-02-2022-20-22-46tile error, WIP state
13-02-2022-20-22-46tile error, WIP state
13-02-2022-20-22-46tile error, WIP state
13-02-2022-20-22-47tile error, WIP state
13-02-2022-20-22-47tile error, WIP state
13-02-2022-20-22-47tile error, WIP state
13-02-2022-20-22-47tile error, WIP state
13-02-2022-20-22-47tile error, WIP state
13-02-2022-20-22-47tile error, WIP state
13-02-2022-20-22-47tile error, WIP state
13-02-2022-20-22-47tile error, WIP state
13-02-2022-20-22-47tile error, WIP state
13-02-2022-20-22-47tile error, WIP state
13-02-2022-20-22-47tile error, WIP state
13-02-2022-20-22-47tile error, WIP state
13-02-2022-20-22-47tile error, WIP state
13-02-2022-20-22-47tile error, WIP state
13-02-2022-20-22-47tile error, WIP state
13-02-2022-20-22-47tile error, WIP state
13-02-2022-20-22-48tile error, WIP state
13-02-2022-20-22-48tile error, WIP state
13-02-2022-20-22-48tile error, WIP state
13-02-2022-20-22-48tile error, WIP state
13-02-2022-20-22-48tile error, WIP state
13-02-2022-20-22-48tile error, WIP state
13-02-2022-20-22-48tile error, WIP state
13-02-2022-20-22-48tile error, WIP state
13-02-2022-20-22-50tile error, WIP state
13-02-2022-20-22-50tile error, WIP state
13-02-2022-20-22-50tile error, WIP state
13-02-2022-20-22-50tile error, WIP state
13-02-2022-20-22-50tile error, WIP state
13-02-2022-20-22-50tile error, WIP state
13-02-2022-20-22-50tile error, WIP state
13-02-2022-20-22-50tile error, WIP state
13-02-2022-20-22-50tile error, WIP state
13-02-2022-20-22-50tile error, WIP state
13-02-2022-20-22-50tile error, WIP state
13-02-2022-20-22-50tile error, WIP state
13-02-2022-20-22-50tile error, WIP state
13-02-2022-20-22-50tile error, WIP state
13-02-2022-20-22-50tile error, WIP state
13-02-2022-20-22-50tile error, WIP state
13-02-2022-20-22-51tile error, WIP state
13-02-2022-20-22-51tile error, WIP state
13-02-2022-20-22-51tile error, WIP state
13-02-2022-20-22-51tile error, WIP state
13-02-2022-20-22-51tile error, WIP state
13-02-2022-20-22-51tile error, WIP state
13-02-2022-20-22-51tile error, WIP state
13-02-2022-20-22-51tile error, WIP state
13-02-2022-20-22-51tile error, WIP state
13-02-2022-20-22-52tile error, WIP state
13-02-2022-20-22-52tile error, WIP state
13-02-2022-20-22-52tile error, WIP state
13-02-2022-20-22-52tile error, WIP state
13-02-2022-20-22-52tile error, WIP state
13-02-2022-20-22-52tile error, WIP state
13-02-2022-20-22-52tile error, WIP state
13-02-2022-20-22-52tile error, WIP state
13-02-2022-20-22-52tile error, WIP state
13-02-2022-20-22-52tile error, WIP state
13-02-2022-20-22-52tile error, WIP state
13-02-2022-20-22-54tile error, WIP state
13-02-2022-20-22-54tile error, WIP state
13-02-2022-20-22-54tile error, WIP state
13-02-2022-20-22-54tile error, WIP state
13-02-2022-20-22-54tile error, WIP state
13-02-2022-20-22-54tile error, WIP state
13-02-2022-20-22-54tile error, WIP state
13-02-2022-20-22-54tile error, WIP state
13-02-2022-20-22-54tile error, WIP state
13-02-2022-20-22-54tile error, WIP state
13-02-2022-20-22-54tile error, WIP state
13-02-2022-20-22-54tile error, WIP state
13-02-2022-20-22-55tile error, WIP state
13-02-2022-20-22-55tile error, WIP state
13-02-2022-20-22-55tile error, WIP state
13-02-2022-20-22-55tile error, WIP state
13-02-2022-20-22-55tile error, WIP state
13-02-2022-20-22-55tile error, WIP state
13-02-2022-20-22-55tile error, WIP state
13-02-2022-20-22-55tile error, WIP state
13-02-2022-20-22-55tile error, WIP state
13-02-2022-20-22-55tile error, WIP state
13-02-2022-20-22-55tile error, WIP state
13-02-2022-20-22-56tile error, WIP state
13-02-2022-20-22-56tile error, WIP state
13-02-2022-20-22-56tile error, WIP state
13-02-2022-20-22-56tile error, WIP state
13-02-2022-20-22-56tile error, WIP state
13-02-2022-20-22-56tile error, WIP state
13-02-2022-20-22-56tile error, WIP state
13-02-2022-20-22-56tile error, WIP state
13-02-2022-20-22-56tile error, WIP state
13-02-2022-20-22-56tile error, WIP state
13-02-2022-20-22-56tile error, WIP state
13-02-2022-20-22-56tile error, WIP state
13-02-2022-20-22-56tile error, WIP state
13-02-2022-20-22-58tile error, WIP state
13-02-2022-20-22-58tile error, WIP state
13-02-2022-20-22-59tile error, WIP state
13-02-2022-20-22-59tile error, WIP state
13-02-2022-20-22-59tile error, WIP state
13-02-2022-20-22-59tile error, WIP state
13-02-2022-20-22-59tile error, WIP state
13-02-2022-20-22-59tile error, WIP state
13-02-2022-20-22-59tile error, WIP state
13-02-2022-20-22-59tile error, WIP state
13-02-2022-20-22-59tile error, WIP state
13-02-2022-20-22-59tile error, WIP state
13-02-2022-20-22-59tile error, WIP state
13-02-2022-20-22-59tile error, WIP state
13-02-2022-20-22-59tile error, WIP state
13-02-2022-20-22-59tile error, WIP state
13-02-2022-20-22-59tile error, WIP state
13-02-2022-20-23-00tile error, WIP state
13-02-2022-20-23-00tile error, WIP state
13-02-2022-20-23-00tile error, WIP state
13-02-2022-20-23-00tile error, WIP state
13-02-2022-20-23-00tile error, WIP state
13-02-2022-20-23-00tile error, WIP state
13-02-2022-20-23-00tile error, WIP state
13-02-2022-20-23-00tile error, WIP state
13-02-2022-20-23-00tile error, WIP state
13-02-2022-20-23-00tile error, WIP state
13-02-2022-20-23-00tile error, WIP state
13-02-2022-20-23-00tile error, WIP state
13-02-2022-20-23-00tile error, WIP state
13-02-2022-20-23-00tile error, WIP state
13-02-2022-20-23-00tile error, WIP state
13-02-2022-20-23-00tile error, WIP state
13-02-2022-20-23-00tile error, WIP state
13-02-2022-20-23-00tile error, WIP state
13-02-2022-20-23-00tile error, WIP state
13-02-2022-20-23-03tile error, WIP state
13-02-2022-20-23-04tile error, WIP state
13-02-2022-20-23-04tile error, WIP state
13-02-2022-20-23-04tile error, WIP state
13-02-2022-20-23-04tile error, WIP state
13-02-2022-20-23-04tile error, WIP state
13-02-2022-20-23-04tile error, WIP state
13-02-2022-20-23-04tile error, WIP state
13-02-2022-20-23-04tile error, WIP state
13-02-2022-20-23-04tile error, WIP state
13-02-2022-20-23-04tile error, WIP state
13-02-2022-20-23-04tile error, WIP state
13-02-2022-20-23-05tile error, WIP state
13-02-2022-20-23-05tile error, WIP state
13-02-2022-20-23-05tile error, WIP state
13-02-2022-20-23-05tile error, WIP state
13-02-2022-20-23-05tile error, WIP state
13-02-2022-20-23-05tile error, WIP state
13-02-2022-20-23-05tile error, WIP state
13-02-2022-20-23-05tile error, WIP state
13-02-2022-20-23-05tile error, WIP state
13-02-2022-20-23-05tile error, WIP state
13-02-2022-20-23-05tile error, WIP state
13-02-2022-20-23-05tile error, WIP state
13-02-2022-20-23-05tile error, WIP state
13-02-2022-20-23-05tile error, WIP state
13-02-2022-20-23-05tile error, WIP state
13-02-2022-20-23-05tile error, WIP state
13-02-2022-20-23-05tile error, WIP state
13-02-2022-20-23-05tile error, WIP state
13-02-2022-20-23-05tile error, WIP state
13-02-2022-20-23-05tile error, WIP state
13-02-2022-20-23-06tile error, WIP state
13-02-2022-20-23-06tile error, WIP state
13-02-2022-20-23-06tile error, WIP state
13-02-2022-20-23-06tile error, WIP state
13-02-2022-20-23-08tile error, WIP state
13-02-2022-20-23-08tile error, WIP state
13-02-2022-20-23-08tile error, WIP state
13-02-2022-20-23-08tile error, WIP state
13-02-2022-20-23-08tile error, WIP state
13-02-2022-20-23-08tile error, WIP state
13-02-2022-20-23-08tile error, WIP state
13-02-2022-20-23-08tile error, WIP state
13-02-2022-20-23-08tile error, WIP state
13-02-2022-20-23-08tile error, WIP state
13-02-2022-20-23-08tile error, WIP state
13-02-2022-20-23-08tile error, WIP state
13-02-2022-20-23-08tile error, WIP state
13-02-2022-20-23-09tile error, WIP state
13-02-2022-20-23-09tile error, WIP state
13-02-2022-20-23-09tile error, WIP state
13-02-2022-20-23-09tile error, WIP state
13-02-2022-20-23-09tile error, WIP state
13-02-2022-20-23-09tile error, WIP state
13-02-2022-20-23-09tile error, WIP state
13-02-2022-20-23-09tile error, WIP state
13-02-2022-20-23-09tile error, WIP state
13-02-2022-20-23-09tile error, WIP state
13-02-2022-20-23-10tile error, WIP state
13-02-2022-20-23-10tile error, WIP state
13-02-2022-20-23-10tile error, WIP state
13-02-2022-20-23-10tile error, WIP state
13-02-2022-20-23-10tile error, WIP state
13-02-2022-20-23-10tile error, WIP state
13-02-2022-20-23-10tile error, WIP state
13-02-2022-20-23-10tile error, WIP state
13-02-2022-20-23-10tile error, WIP state
13-02-2022-20-23-10tile error, WIP state
13-02-2022-20-23-10tile error, WIP state
13-02-2022-20-23-10tile error, WIP state
13-02-2022-20-23-10tile error, WIP state
13-02-2022-20-23-12tile error, WIP state
13-02-2022-20-23-12tile error, WIP state
13-02-2022-20-23-12tile error, WIP state
13-02-2022-20-23-12tile error, WIP state
13-02-2022-20-23-12tile error, WIP state
13-02-2022-20-23-12tile error, WIP state
13-02-2022-20-23-12tile error, WIP state
13-02-2022-20-23-12tile error, WIP state
13-02-2022-20-23-12tile error, WIP state
13-02-2022-20-23-12tile error, WIP state
13-02-2022-20-23-12tile error, WIP state
13-02-2022-20-23-12tile error, WIP state
13-02-2022-20-23-13tile error, WIP state
13-02-2022-20-23-13tile error, WIP state
13-02-2022-20-23-13tile error, WIP state
13-02-2022-20-23-13tile error, WIP state
13-02-2022-20-23-13tile error, WIP state
13-02-2022-20-23-13tile error, WIP state
13-02-2022-20-23-13tile error, WIP state
13-02-2022-20-23-13tile error, WIP state
13-02-2022-20-23-13tile error, WIP state
13-02-2022-20-23-14tile error, WIP state
13-02-2022-20-23-14tile error, WIP state
13-02-2022-20-23-14tile error, WIP state
13-02-2022-20-23-14tile error, WIP state
13-02-2022-20-23-14tile error, WIP state
13-02-2022-20-23-14tile error, WIP state
13-02-2022-20-23-14tile error, WIP state
13-02-2022-20-23-14tile error, WIP state
13-02-2022-20-23-14tile error, WIP state
13-02-2022-20-23-14tile error, WIP state
13-02-2022-20-23-14tile error, WIP state
13-02-2022-20-23-14tile error, WIP state
13-02-2022-20-23-14tile error, WIP state
13-02-2022-20-23-14tile error, WIP state
13-02-2022-20-23-14tile error, WIP state
13-02-2022-20-23-18tile error, WIP state
13-02-2022-20-23-18tile error, WIP state
13-02-2022-20-23-18tile error, WIP state
13-02-2022-20-23-18tile error, WIP state
13-02-2022-20-23-18tile error, WIP state
13-02-2022-20-23-18tile error, WIP state
13-02-2022-20-23-18tile error, WIP state
13-02-2022-20-23-18tile error, WIP state
13-02-2022-20-23-18tile error, WIP state
13-02-2022-20-23-18tile error, WIP state
13-02-2022-20-23-18tile error, WIP state
13-02-2022-20-23-18tile error, WIP state
13-02-2022-20-23-19tile error, WIP state
13-02-2022-20-23-19tile error, WIP state
13-02-2022-20-23-19tile error, WIP state
13-02-2022-20-23-19tile error, WIP state
13-02-2022-20-23-19tile error, WIP state
13-02-2022-20-23-19tile error, WIP state
13-02-2022-20-23-19tile error, WIP state
13-02-2022-20-23-19tile error, WIP state
13-02-2022-20-23-19tile error, WIP state
13-02-2022-20-23-19tile error, WIP state
13-02-2022-20-23-19tile error, WIP state
13-02-2022-20-23-19tile error, WIP state
13-02-2022-20-23-19tile error, WIP state
13-02-2022-20-23-19tile error, WIP state
13-02-2022-20-23-19tile error, WIP state
13-02-2022-20-23-19tile error, WIP state
13-02-2022-20-23-19tile error, WIP state
13-02-2022-20-23-19tile error, WIP state
13-02-2022-20-23-19tile error, WIP state
13-02-2022-20-23-19tile error, WIP state
13-02-2022-20-23-19tile error, WIP state
13-02-2022-20-23-20tile error, WIP state
13-02-2022-20-23-20tile error, WIP state
13-02-2022-20-23-20tile error, WIP state
13-02-2022-20-23-21tile error, WIP state
13-02-2022-20-23-22tile error, WIP state
13-02-2022-20-23-22tile error, WIP state
13-02-2022-20-23-22tile error, WIP state
13-02-2022-20-23-22tile error, WIP state
13-02-2022-20-23-22tile error, WIP state
13-02-2022-20-23-22tile error, WIP state
13-02-2022-20-23-22tile error, WIP state
13-02-2022-20-23-22tile error, WIP state
13-02-2022-20-23-22tile error, WIP state
13-02-2022-20-23-22tile error, WIP state
13-02-2022-20-23-22tile error, WIP state
13-02-2022-20-23-22tile error, WIP state
13-02-2022-20-23-22tile error, WIP state
13-02-2022-20-23-22tile error, WIP state
13-02-2022-20-23-22tile error, WIP state
13-02-2022-20-23-22tile error, WIP state
13-02-2022-20-23-22tile error, WIP state
13-02-2022-20-23-23tile error, WIP state
13-02-2022-20-23-23tile error, WIP state
13-02-2022-20-23-23tile error, WIP state
13-02-2022-20-23-23tile error, WIP state
13-02-2022-20-23-23tile error, WIP state
13-02-2022-20-23-23tile error, WIP state
13-02-2022-20-23-23tile error, WIP state
13-02-2022-20-23-23tile error, WIP state
13-02-2022-20-23-24tile error, WIP state
13-02-2022-20-23-24tile error, WIP state
13-02-2022-20-23-24tile error, WIP state
13-02-2022-20-23-24tile error, WIP state
13-02-2022-20-23-24tile error, WIP state
13-02-2022-20-23-24tile error, WIP state
13-02-2022-20-23-24tile error, WIP state
13-02-2022-20-23-24tile error, WIP state
13-02-2022-20-23-24tile error, WIP state
13-02-2022-20-23-24tile error, WIP state
13-02-2022-20-23-26tile error, WIP state
13-02-2022-20-23-26tile error, WIP state
13-02-2022-20-23-26tile error, WIP state
13-02-2022-20-23-26tile error, WIP state
13-02-2022-20-23-26tile error, WIP state
13-02-2022-20-23-26tile error, WIP state
13-02-2022-20-23-26tile error, WIP state
13-02-2022-20-23-26tile error, WIP state
13-02-2022-20-23-26tile error, WIP state
13-02-2022-20-23-26tile error, WIP state
13-02-2022-20-23-26tile error, WIP state
13-02-2022-20-23-27tile error, WIP state
13-02-2022-20-23-27tile error, WIP state
13-02-2022-20-23-27tile error, WIP state
13-02-2022-20-23-27tile error, WIP state
13-02-2022-20-23-27tile error, WIP state
13-02-2022-20-23-27tile error, WIP state
13-02-2022-20-23-27tile error, WIP state
13-02-2022-20-23-27tile error, WIP state
13-02-2022-20-23-27tile error, WIP state
13-02-2022-20-23-27tile error, WIP state
13-02-2022-20-23-27tile error, WIP state
13-02-2022-20-23-28tile error, WIP state
13-02-2022-20-23-28tile error, WIP state
13-02-2022-20-23-28tile error, WIP state
13-02-2022-20-23-28tile error, WIP state
13-02-2022-20-23-28tile error, WIP state
13-02-2022-20-23-28tile error, WIP state
13-02-2022-20-23-28tile error, WIP state
13-02-2022-20-23-28tile error, WIP state
13-02-2022-20-23-28tile error, WIP state
13-02-2022-20-23-28tile error, WIP state
13-02-2022-20-23-28tile error, WIP state
13-02-2022-20-23-28tile error, WIP state
13-02-2022-20-23-28tile error, WIP state
13-02-2022-20-23-28tile error, WIP state
13-02-2022-20-23-30tile error, WIP state
13-02-2022-20-23-30tile error, WIP state
13-02-2022-20-23-30tile error, WIP state
13-02-2022-20-23-30tile error, WIP state
13-02-2022-20-23-30tile error, WIP state
13-02-2022-20-23-30tile error, WIP state
13-02-2022-20-23-30tile error, WIP state
13-02-2022-20-23-30tile error, WIP state
13-02-2022-20-23-30tile error, WIP state
13-02-2022-20-23-30tile error, WIP state
13-02-2022-20-23-30tile error, WIP state
13-02-2022-20-23-30tile error, WIP state
13-02-2022-20-23-31tile error, WIP state
13-02-2022-20-23-31tile error, WIP state
13-02-2022-20-23-31tile error, WIP state
13-02-2022-20-23-31tile error, WIP state
13-02-2022-20-23-31tile error, WIP state
13-02-2022-20-23-31tile error, WIP state
13-02-2022-20-23-31tile error, WIP state
13-02-2022-20-23-31tile error, WIP state
13-02-2022-20-23-31tile error, WIP state
13-02-2022-20-23-32tile error, WIP state
13-02-2022-20-23-32tile error, WIP state
13-02-2022-20-23-32tile error, WIP state
13-02-2022-20-23-32tile error, WIP state
13-02-2022-20-23-32tile error, WIP state
13-02-2022-20-23-32tile error, WIP state
13-02-2022-20-23-32tile error, WIP state
13-02-2022-20-23-32tile error, WIP state
13-02-2022-20-23-32tile error, WIP state
13-02-2022-20-23-32tile error, WIP state
13-02-2022-20-23-32tile error, WIP state
13-02-2022-20-23-32tile error, WIP state
13-02-2022-20-23-32tile error, WIP state
13-02-2022-20-23-32tile error, WIP state
13-02-2022-20-23-32tile error, WIP state
13-02-2022-20-23-34tile error, WIP state
13-02-2022-20-23-34tile error, WIP state
13-02-2022-20-23-34tile error, WIP state
13-02-2022-20-23-34tile error, WIP state
13-02-2022-20-23-34tile error, WIP state
13-02-2022-20-23-34tile error, WIP state
13-02-2022-20-23-34tile error, WIP state
13-02-2022-20-23-34tile error, WIP state
13-02-2022-20-23-34tile error, WIP state
13-02-2022-20-23-35tile error, WIP state
13-02-2022-20-23-35tile error, WIP state
13-02-2022-20-23-35tile error, WIP state
13-02-2022-20-23-35tile error, WIP state
13-02-2022-20-23-35tile error, WIP state
13-02-2022-20-23-35tile error, WIP state
13-02-2022-20-23-35tile error, WIP state
13-02-2022-20-23-36tile error, WIP state
13-02-2022-20-23-36tile error, WIP state
13-02-2022-20-23-36tile error, WIP state
13-02-2022-20-23-36tile error, WIP state
13-02-2022-20-23-36tile error, WIP state
13-02-2022-20-23-36tile error, WIP state
13-02-2022-20-23-36tile error, WIP state
13-02-2022-20-23-36tile error, WIP state
13-02-2022-20-23-36tile error, WIP state
13-02-2022-20-23-36tile error, WIP state
13-02-2022-20-23-36tile error, WIP state
13-02-2022-20-23-36tile error, WIP state
13-02-2022-20-23-36tile error, WIP state
13-02-2022-20-23-36tile error, WIP state
13-02-2022-20-23-36tile error, WIP state
13-02-2022-20-23-36tile error, WIP state
13-02-2022-20-23-36tile error, WIP state
13-02-2022-20-23-36tile error, WIP state
13-02-2022-20-23-36tile error, WIP state
13-02-2022-20-23-37tile error, WIP state
13-02-2022-20-23-38tile error, WIP state
13-02-2022-20-23-39tile error, WIP state
13-02-2022-20-23-39tile error, WIP state
13-02-2022-20-23-39tile error, WIP state
13-02-2022-20-23-39tile error, WIP state
13-02-2022-20-23-39tile error, WIP state
13-02-2022-20-23-39tile error, WIP state
13-02-2022-20-23-39tile error, WIP state
13-02-2022-20-23-39tile error, WIP state
13-02-2022-20-23-39tile error, WIP state
13-02-2022-20-23-39tile error, WIP state
13-02-2022-20-23-39tile error, WIP state
13-02-2022-20-23-39tile error, WIP state
13-02-2022-20-23-39tile error, WIP state
13-02-2022-20-23-40tile error, WIP state
13-02-2022-20-23-40tile error, WIP state
13-02-2022-20-23-40tile error, WIP state
13-02-2022-20-23-40tile error, WIP state
13-02-2022-20-23-40tile error, WIP state
13-02-2022-20-23-40tile error, WIP state
13-02-2022-20-23-40tile error, WIP state
13-02-2022-20-23-40tile error, WIP state
13-02-2022-20-23-40tile error, WIP state
13-02-2022-20-23-40tile error, WIP state
13-02-2022-20-23-40tile error, WIP state
13-02-2022-20-23-40tile error, WIP state
13-02-2022-20-23-40tile error, WIP state
13-02-2022-20-23-40tile error, WIP state
13-02-2022-20-23-40tile error, WIP state
13-02-2022-20-23-40tile error, WIP state
13-02-2022-20-23-40tile error, WIP state
13-02-2022-20-23-41tile error, WIP state
13-02-2022-20-23-41tile error, WIP state
13-02-2022-20-23-41tile error, WIP state
13-02-2022-20-23-41tile error, WIP state
13-02-2022-20-23-41tile error, WIP state
13-02-2022-20-23-43tile error, WIP state
13-02-2022-20-23-43tile error, WIP state
13-02-2022-20-23-43tile error, WIP state
13-02-2022-20-23-43tile error, WIP state
13-02-2022-20-23-43tile error, WIP state
13-02-2022-20-23-43tile error, WIP state
13-02-2022-20-23-43tile error, WIP state
13-02-2022-20-23-43tile error, WIP state
13-02-2022-20-23-43tile error, WIP state
13-02-2022-20-23-43tile error, WIP state
13-02-2022-20-23-43tile error, WIP state
13-02-2022-20-23-44tile error, WIP state
13-02-2022-20-23-44tile error, WIP state
13-02-2022-20-23-44tile error, WIP state
13-02-2022-20-23-44tile error, WIP state
13-02-2022-20-23-44tile error, WIP state
13-02-2022-20-23-44tile error, WIP state
13-02-2022-20-23-44tile error, WIP state
13-02-2022-20-23-44tile error, WIP state
13-02-2022-20-23-44tile error, WIP state
13-02-2022-20-23-44tile error, WIP state
13-02-2022-20-23-44tile error, WIP state
13-02-2022-20-23-44tile error, WIP state
13-02-2022-20-23-44tile error, WIP state
13-02-2022-20-23-44tile error, WIP state
13-02-2022-20-23-44tile error, WIP state
13-02-2022-20-23-45tile error, WIP state
13-02-2022-20-23-45tile error, WIP state
13-02-2022-20-23-45tile error, WIP state
13-02-2022-20-23-45tile error, WIP state
13-02-2022-20-23-45tile error, WIP state
13-02-2022-20-23-45tile error, WIP state
13-02-2022-20-23-45tile error, WIP state
13-02-2022-20-23-45tile error, WIP state
13-02-2022-20-23-45tile error, WIP state
13-02-2022-20-23-45tile error, WIP state
13-02-2022-20-23-47tile error, WIP state
13-02-2022-20-23-47tile error, WIP state
13-02-2022-20-23-47tile error, WIP state
13-02-2022-20-23-47tile error, WIP state
13-02-2022-20-23-47tile error, WIP state
13-02-2022-20-23-47tile error, WIP state
13-02-2022-20-23-47tile error, WIP state
13-02-2022-20-23-47tile error, WIP state
13-02-2022-20-23-47tile error, WIP state
13-02-2022-20-23-47tile error, WIP state
13-02-2022-20-23-47tile error, WIP state
13-02-2022-20-23-47tile error, WIP state
13-02-2022-20-23-47tile error, WIP state
13-02-2022-20-23-48tile error, WIP state
13-02-2022-20-23-48tile error, WIP state
13-02-2022-20-23-48tile error, WIP state
13-02-2022-20-23-48tile error, WIP state
13-02-2022-20-23-48tile error, WIP state
13-02-2022-20-23-48tile error, WIP state
13-02-2022-20-23-48tile error, WIP state
13-02-2022-20-23-48tile error, WIP state
13-02-2022-20-23-48tile error, WIP state
13-02-2022-20-23-48tile error, WIP state
13-02-2022-20-23-48tile error, WIP state
13-02-2022-20-23-48tile error, WIP state
13-02-2022-20-23-49tile error, WIP state
13-02-2022-20-23-49tile error, WIP state
13-02-2022-20-23-49tile error, WIP state
13-02-2022-20-23-49tile error, WIP state
13-02-2022-20-23-49tile error, WIP state
13-02-2022-20-23-49tile error, WIP state
13-02-2022-20-23-49tile error, WIP state
13-02-2022-20-23-49tile error, WIP state
13-02-2022-20-23-49tile error, WIP state
13-02-2022-20-23-49tile error, WIP state
13-02-2022-20-23-49tile error, WIP state
13-02-2022-20-23-51tile error, WIP state
13-02-2022-20-23-51tile error, WIP state
13-02-2022-20-23-51tile error, WIP state
13-02-2022-20-23-52tile error, WIP state
13-02-2022-20-23-52tile error, WIP state
13-02-2022-20-23-52tile error, WIP state
13-02-2022-20-23-52tile error, WIP state
13-02-2022-20-23-52tile error, WIP state
13-02-2022-20-23-52tile error, WIP state
13-02-2022-20-23-52tile error, WIP state
13-02-2022-20-23-52tile error, WIP state
13-02-2022-20-23-52tile error, WIP state
13-02-2022-20-23-52tile error, WIP state
13-02-2022-20-23-52tile error, WIP state
13-02-2022-20-23-52tile error, WIP state
13-02-2022-20-23-52tile error, WIP state
13-02-2022-20-23-52tile error, WIP state
13-02-2022-20-23-52tile error, WIP state
13-02-2022-20-23-53tile error, WIP state
13-02-2022-20-23-53tile error, WIP state
13-02-2022-20-23-53tile error, WIP state
13-02-2022-20-23-53tile error, WIP state
13-02-2022-20-23-53tile error, WIP state
13-02-2022-20-23-53tile error, WIP state
13-02-2022-20-23-53tile error, WIP state
13-02-2022-20-23-53tile error, WIP state
13-02-2022-20-23-53tile error, WIP state
13-02-2022-20-23-53tile error, WIP state
13-02-2022-20-23-53tile error, WIP state
13-02-2022-20-23-53tile error, WIP state
13-02-2022-20-23-53tile error, WIP state
13-02-2022-20-23-53tile error, WIP state
13-02-2022-20-23-53tile error, WIP state
13-02-2022-20-23-53tile error, WIP state
13-02-2022-20-23-53tile error, WIP state
13-02-2022-20-23-53tile error, WIP state
13-02-2022-20-23-55tile error, WIP state
13-02-2022-20-23-55tile error, WIP state
13-02-2022-20-23-56tile error, WIP state
13-02-2022-20-23-56tile error, WIP state
13-02-2022-20-23-56tile error, WIP state
13-02-2022-20-23-56tile error, WIP state
13-02-2022-20-23-56tile error, WIP state
13-02-2022-20-23-56tile error, WIP state
13-02-2022-20-23-56tile error, WIP state
13-02-2022-20-23-56tile error, WIP state
13-02-2022-20-23-56tile error, WIP state
13-02-2022-20-23-56tile error, WIP state
13-02-2022-20-23-56tile error, WIP state
13-02-2022-20-23-56tile error, WIP state
13-02-2022-20-23-56tile error, WIP state
13-02-2022-20-23-56tile error, WIP state
13-02-2022-20-23-56tile error, WIP state
13-02-2022-20-23-57tile error, WIP state
13-02-2022-20-23-57tile error, WIP state
13-02-2022-20-23-57tile error, WIP state
13-02-2022-20-23-57tile error, WIP state
13-02-2022-20-23-57tile error, WIP state
13-02-2022-20-23-57tile error, WIP state
13-02-2022-20-23-57tile error, WIP state
13-02-2022-20-23-57tile error, WIP state
13-02-2022-20-23-57tile error, WIP state
13-02-2022-20-23-57tile error, WIP state
13-02-2022-20-23-57tile error, WIP state
13-02-2022-20-23-57tile error, WIP state
13-02-2022-20-23-57tile error, WIP state
13-02-2022-20-23-57tile error, WIP state
13-02-2022-20-23-57tile error, WIP state
13-02-2022-20-23-57tile error, WIP state
13-02-2022-20-23-57tile error, WIP state
13-02-2022-20-23-57tile error, WIP state
13-02-2022-20-23-57tile error, WIP state
13-02-2022-20-23-59tile error, WIP state
13-02-2022-20-23-59tile error, WIP state
13-02-2022-20-23-59tile error, WIP state
13-02-2022-20-23-59tile error, WIP state
13-02-2022-20-23-59tile error, WIP state
13-02-2022-20-24-00tile error, WIP state
13-02-2022-20-24-00tile error, WIP state
13-02-2022-20-24-00tile error, WIP state
13-02-2022-20-24-00tile error, WIP state
13-02-2022-20-24-00tile error, WIP state
13-02-2022-20-24-00tile error, WIP state
13-02-2022-20-24-00tile error, WIP state
13-02-2022-20-24-00tile error, WIP state
13-02-2022-20-24-00tile error, WIP state
13-02-2022-20-24-01tile error, WIP state
13-02-2022-20-24-01tile error, WIP state
13-02-2022-20-24-01tile error, WIP state
13-02-2022-20-24-01tile error, WIP state
13-02-2022-20-24-01tile error, WIP state
13-02-2022-20-24-01tile error, WIP state
13-02-2022-20-24-01tile error, WIP state
13-02-2022-20-24-01tile error, WIP state
13-02-2022-20-24-01tile error, WIP state
13-02-2022-20-24-01tile error, WIP state
13-02-2022-20-24-01tile error, WIP state
13-02-2022-20-24-01tile error, WIP state
13-02-2022-20-24-01tile error, WIP state
13-02-2022-20-24-01tile error, WIP state
13-02-2022-20-24-01tile error, WIP state
13-02-2022-20-24-01tile error, WIP state
13-02-2022-20-24-01tile error, WIP state
13-02-2022-20-24-02tile error, WIP state
13-02-2022-20-24-02tile error, WIP state
13-02-2022-20-24-02tile error, WIP state
13-02-2022-20-24-02tile error, WIP state
13-02-2022-20-24-02tile error, WIP state
13-02-2022-20-24-03tile error, WIP state
13-02-2022-20-24-04tile error, WIP state
13-02-2022-20-24-04tile error, WIP state
13-02-2022-20-24-04tile error, WIP state
13-02-2022-20-24-04tile error, WIP state
13-02-2022-20-24-04tile error, WIP state
13-02-2022-20-24-04tile error, WIP state
13-02-2022-20-24-04tile error, WIP state
13-02-2022-20-24-04tile error, WIP state
13-02-2022-20-24-04tile error, WIP state
13-02-2022-20-24-04tile error, WIP state
13-02-2022-20-24-04tile error, WIP state
13-02-2022-20-24-04tile error, WIP state
13-02-2022-20-24-05tile error, WIP state
13-02-2022-20-24-05tile error, WIP state
13-02-2022-20-24-05tile error, WIP state
13-02-2022-20-24-05tile error, WIP state
13-02-2022-20-24-05tile error, WIP state
13-02-2022-20-24-05tile error, WIP state
13-02-2022-20-24-05tile error, WIP state
13-02-2022-20-24-05tile error, WIP state
13-02-2022-20-24-05tile error, WIP state
13-02-2022-20-24-05tile error, WIP state
13-02-2022-20-24-05tile error, WIP state
13-02-2022-20-24-05tile error, WIP state
13-02-2022-20-24-05tile error, WIP state
13-02-2022-20-24-05tile error, WIP state
13-02-2022-20-24-05tile error, WIP state
13-02-2022-20-24-05tile error, WIP state
13-02-2022-20-24-06tile error, WIP state
13-02-2022-20-24-06tile error, WIP state
13-02-2022-20-24-06tile error, WIP state
13-02-2022-20-24-06tile error, WIP state
13-02-2022-20-24-06tile error, WIP state
13-02-2022-20-24-06tile error, WIP state
13-02-2022-20-24-06tile error, WIP state
13-02-2022-20-24-08tile error, WIP state
13-02-2022-20-24-08tile error, WIP state
13-02-2022-20-24-08tile error, WIP state
13-02-2022-20-24-08tile error, WIP state
13-02-2022-20-24-08tile error, WIP state
13-02-2022-20-24-08tile error, WIP state
13-02-2022-20-24-08tile error, WIP state
13-02-2022-20-24-09tile error, WIP state
13-02-2022-20-24-09tile error, WIP state
13-02-2022-20-24-09tile error, WIP state
13-02-2022-20-24-09tile error, WIP state
13-02-2022-20-24-09tile error, WIP state
13-02-2022-20-24-09tile error, WIP state
13-02-2022-20-24-09tile error, WIP state
13-02-2022-20-24-09tile error, WIP state
13-02-2022-20-24-09tile error, WIP state
13-02-2022-20-24-09tile error, WIP state
13-02-2022-20-24-09tile error, WIP state
13-02-2022-20-24-09tile error, WIP state
13-02-2022-20-24-09tile error, WIP state
13-02-2022-20-24-09tile error, WIP state
13-02-2022-20-24-09tile error, WIP state
13-02-2022-20-24-09tile error, WIP state
13-02-2022-20-24-09tile error, WIP state
13-02-2022-20-24-10tile error, WIP state
13-02-2022-20-24-10tile error, WIP state
13-02-2022-20-24-10tile error, WIP state
13-02-2022-20-24-10tile error, WIP state
13-02-2022-20-24-10tile error, WIP state
13-02-2022-20-24-10tile error, WIP state
13-02-2022-20-24-10tile error, WIP state
13-02-2022-20-24-10tile error, WIP state
13-02-2022-20-24-10tile error, WIP state
13-02-2022-20-24-10tile error, WIP state
13-02-2022-20-24-10tile error, WIP state
13-02-2022-20-24-10tile error, WIP state
13-02-2022-20-24-12tile error, WIP state
13-02-2022-20-24-12tile error, WIP state
13-02-2022-20-24-12tile error, WIP state
13-02-2022-20-24-12tile error, WIP state
13-02-2022-20-24-12tile error, WIP state
13-02-2022-20-24-12tile error, WIP state
13-02-2022-20-24-12tile error, WIP state
13-02-2022-20-24-12tile error, WIP state
13-02-2022-20-24-12tile error, WIP state
13-02-2022-20-24-12tile error, WIP state
13-02-2022-20-24-12tile error, WIP state
13-02-2022-20-24-13tile error, WIP state
13-02-2022-20-24-13tile error, WIP state
13-02-2022-20-24-13tile error, WIP state
13-02-2022-20-24-13tile error, WIP state
13-02-2022-20-24-13tile error, WIP state
13-02-2022-20-24-13tile error, WIP state
13-02-2022-20-24-13tile error, WIP state
13-02-2022-20-24-13tile error, WIP state
13-02-2022-20-24-13tile error, WIP state
13-02-2022-20-24-13tile error, WIP state
13-02-2022-20-24-13tile error, WIP state
13-02-2022-20-24-14tile error, WIP state
13-02-2022-20-24-14tile error, WIP state
13-02-2022-20-24-14tile error, WIP state
13-02-2022-20-24-14tile error, WIP state
13-02-2022-20-24-14tile error, WIP state
13-02-2022-20-24-14tile error, WIP state
13-02-2022-20-24-14tile error, WIP state
13-02-2022-20-24-14tile error, WIP state
13-02-2022-20-24-14tile error, WIP state
13-02-2022-20-24-14tile error, WIP state
13-02-2022-20-24-14tile error, WIP state
13-02-2022-20-24-14tile error, WIP state
13-02-2022-20-24-14tile error, WIP state
13-02-2022-20-24-14tile error, WIP state
13-02-2022-20-24-16tile error, WIP state
13-02-2022-20-24-16tile error, WIP state
13-02-2022-20-24-16tile error, WIP state
13-02-2022-20-24-16tile error, WIP state
13-02-2022-20-24-16tile error, WIP state
13-02-2022-20-24-16tile error, WIP state
13-02-2022-20-24-16tile error, WIP state
13-02-2022-20-24-16tile error, WIP state
13-02-2022-20-24-16tile error, WIP state
13-02-2022-20-24-17tile error, WIP state
13-02-2022-20-24-17tile error, WIP state
13-02-2022-20-24-17tile error, WIP state
13-02-2022-20-24-17tile error, WIP state
13-02-2022-20-24-17tile error, WIP state
13-02-2022-20-24-18tile error, WIP state
13-02-2022-20-24-18tile error, WIP state
13-02-2022-20-24-18tile error, WIP state
13-02-2022-20-24-18tile error, WIP state
13-02-2022-20-24-18tile error, WIP state
13-02-2022-20-24-18tile error, WIP state
13-02-2022-20-24-18tile error, WIP state
13-02-2022-20-24-18tile error, WIP state
13-02-2022-20-24-18tile error, WIP state
13-02-2022-20-24-18tile error, WIP state
13-02-2022-20-24-18tile error, WIP state
13-02-2022-20-24-18tile error, WIP state
13-02-2022-20-24-18tile error, WIP state
13-02-2022-20-24-18tile error, WIP state
13-02-2022-20-24-18tile error, WIP state
13-02-2022-20-24-18tile error, WIP state
13-02-2022-20-24-18tile error, WIP state
13-02-2022-20-24-18tile error, WIP state
13-02-2022-20-24-18tile error, WIP state
13-02-2022-20-24-19tile error, WIP state
13-02-2022-20-24-19tile error, WIP state
13-02-2022-20-24-19tile error, WIP state
13-02-2022-20-24-20tile error, WIP state
13-02-2022-20-24-20tile error, WIP state
13-02-2022-20-24-20tile error, WIP state
13-02-2022-20-24-20tile error, WIP state
13-02-2022-20-24-21tile error, WIP state
13-02-2022-20-24-21tile error, WIP state
13-02-2022-20-24-21tile error, WIP state
13-02-2022-20-24-21tile error, WIP state
13-02-2022-20-24-21tile error, WIP state
13-02-2022-20-24-21tile error, WIP state
13-02-2022-20-24-21tile error, WIP state
13-02-2022-20-24-21tile error, WIP state
13-02-2022-20-24-22tile error, WIP state
13-02-2022-20-24-22tile error, WIP state
13-02-2022-20-24-22tile error, WIP state
13-02-2022-20-24-22tile error, WIP state
13-02-2022-20-24-22tile error, WIP state
13-02-2022-20-24-22tile error, WIP state
13-02-2022-20-24-22tile error, WIP state
13-02-2022-20-24-22tile error, WIP state
13-02-2022-20-24-22tile error, WIP state
13-02-2022-20-24-22tile error, WIP state
13-02-2022-20-24-22tile error, WIP state
13-02-2022-20-24-22tile error, WIP state
13-02-2022-20-24-22tile error, WIP state
13-02-2022-20-24-22tile error, WIP state
13-02-2022-20-24-22tile error, WIP state
13-02-2022-20-24-22tile error, WIP state
13-02-2022-20-24-22tile error, WIP state
13-02-2022-20-24-22tile error, WIP state
13-02-2022-20-24-22tile error, WIP state
13-02-2022-20-24-23tile error, WIP state
13-02-2022-20-24-23tile error, WIP state
13-02-2022-20-24-23tile error, WIP state
13-02-2022-20-24-23tile error, WIP state
13-02-2022-20-24-23tile error, WIP state
13-02-2022-20-24-24tile error, WIP state
13-02-2022-20-24-25tile error, WIP state
13-02-2022-20-24-25tile error, WIP state
13-02-2022-20-24-25tile error, WIP state
13-02-2022-20-24-25tile error, WIP state
13-02-2022-20-24-25tile error, WIP state
13-02-2022-20-24-25tile error, WIP state
13-02-2022-20-24-25tile error, WIP state
13-02-2022-20-24-25tile error, WIP state
13-02-2022-20-24-25tile error, WIP state
13-02-2022-20-24-25tile error, WIP state
13-02-2022-20-24-25tile error, WIP state
13-02-2022-20-24-26tile error, WIP state
13-02-2022-20-24-26tile error, WIP state
13-02-2022-20-24-26tile error, WIP state
13-02-2022-20-24-26tile error, WIP state
13-02-2022-20-24-26tile error, WIP state
13-02-2022-20-24-26tile error, WIP state
13-02-2022-20-24-26tile error, WIP state
13-02-2022-20-24-26tile error, WIP state
13-02-2022-20-24-26tile error, WIP state
13-02-2022-20-24-26tile error, WIP state
13-02-2022-20-24-26tile error, WIP state
13-02-2022-20-24-26tile error, WIP state
13-02-2022-20-24-26tile error, WIP state
13-02-2022-20-24-27tile error, WIP state
13-02-2022-20-24-27tile error, WIP state
13-02-2022-20-24-27tile error, WIP state
13-02-2022-20-24-27tile error, WIP state
13-02-2022-20-24-27tile error, WIP state
13-02-2022-20-24-27tile error, WIP state
13-02-2022-20-24-27tile error, WIP state
13-02-2022-20-24-27tile error, WIP state
13-02-2022-20-24-27tile error, WIP state
13-02-2022-20-24-27tile error, WIP state
13-02-2022-20-24-27tile error, WIP state
13-02-2022-20-24-29tile error, WIP state
13-02-2022-20-24-29tile error, WIP state
13-02-2022-20-24-29tile error, WIP state
13-02-2022-20-24-29tile error, WIP state
13-02-2022-20-24-29tile error, WIP state
13-02-2022-20-24-29tile error, WIP state
13-02-2022-20-24-29tile error, WIP state
13-02-2022-20-24-29tile error, WIP state
13-02-2022-20-24-29tile error, WIP state
13-02-2022-20-24-29tile error, WIP state
13-02-2022-20-24-29tile error, WIP state
13-02-2022-20-24-29tile error, WIP state
13-02-2022-20-24-30tile error, WIP state
13-02-2022-20-24-30tile error, WIP state
13-02-2022-20-24-30tile error, WIP state
13-02-2022-20-24-30tile error, WIP state
13-02-2022-20-24-30tile error, WIP state
13-02-2022-20-24-30tile error, WIP state
13-02-2022-20-24-30tile error, WIP state
13-02-2022-20-24-30tile error, WIP state
13-02-2022-20-24-30tile error, WIP state
13-02-2022-20-24-30tile error, WIP state
13-02-2022-20-24-30tile error, WIP state
13-02-2022-20-24-30tile error, WIP state
13-02-2022-20-24-31tile error, WIP state
13-02-2022-20-24-31tile error, WIP state
13-02-2022-20-24-31tile error, WIP state
13-02-2022-20-24-31tile error, WIP state
13-02-2022-20-24-31tile error, WIP state
13-02-2022-20-24-31tile error, WIP state
13-02-2022-20-24-31tile error, WIP state
13-02-2022-20-24-31tile error, WIP state
13-02-2022-20-24-31tile error, WIP state
13-02-2022-20-24-31tile error, WIP state
13-02-2022-20-24-31tile error, WIP state
13-02-2022-20-24-31tile error, WIP state
13-02-2022-20-24-33tile error, WIP state
13-02-2022-20-24-33tile error, WIP state
13-02-2022-20-24-33tile error, WIP state
13-02-2022-20-24-34tile error, WIP state
13-02-2022-20-24-34tile error, WIP state
13-02-2022-20-24-34tile error, WIP state
13-02-2022-20-24-34tile error, WIP state
13-02-2022-20-24-34tile error, WIP state
13-02-2022-20-24-34tile error, WIP state
13-02-2022-20-24-34tile error, WIP state
13-02-2022-20-24-34tile error, WIP state
13-02-2022-20-24-34tile error, WIP state
13-02-2022-20-24-34tile error, WIP state
13-02-2022-20-24-34tile error, WIP state
13-02-2022-20-24-34tile error, WIP state
13-02-2022-20-24-34tile error, WIP state
13-02-2022-20-24-34tile error, WIP state
13-02-2022-20-24-34tile error, WIP state
13-02-2022-20-24-34tile error, WIP state
13-02-2022-20-24-34tile error, WIP state
13-02-2022-20-24-35tile error, WIP state
13-02-2022-20-24-35tile error, WIP state
13-02-2022-20-24-35tile error, WIP state
13-02-2022-20-24-35tile error, WIP state
13-02-2022-20-24-35tile error, WIP state
13-02-2022-20-24-35tile error, WIP state
13-02-2022-20-24-35tile error, WIP state
13-02-2022-20-24-35tile error, WIP state
13-02-2022-20-24-35tile error, WIP state
13-02-2022-20-24-35tile error, WIP state
13-02-2022-20-24-35tile error, WIP state
13-02-2022-20-24-35tile error, WIP state
13-02-2022-20-24-35tile error, WIP state
13-02-2022-20-24-35tile error, WIP state
13-02-2022-20-24-35tile error, WIP state
13-02-2022-20-24-35tile error, WIP state
13-02-2022-20-24-37tile error, WIP state
13-02-2022-20-24-37tile error, WIP state
13-02-2022-20-24-37tile error, WIP state
13-02-2022-20-24-37tile error, WIP state
13-02-2022-20-24-37tile error, WIP state
13-02-2022-20-24-37tile error, WIP state
13-02-2022-20-24-37tile error, WIP state
13-02-2022-20-24-37tile error, WIP state
13-02-2022-20-24-38tile error, WIP state
13-02-2022-20-24-38tile error, WIP state
13-02-2022-20-24-38tile error, WIP state
13-02-2022-20-24-38tile error, WIP state
13-02-2022-20-24-38tile error, WIP state
13-02-2022-20-24-38tile error, WIP state
13-02-2022-20-24-38tile error, WIP state
13-02-2022-20-24-38tile error, WIP state
13-02-2022-20-24-38tile error, WIP state
13-02-2022-20-24-38tile error, WIP state
13-02-2022-20-24-38tile error, WIP state
13-02-2022-20-24-38tile error, WIP state
13-02-2022-20-24-38tile error, WIP state
13-02-2022-20-24-38tile error, WIP state
13-02-2022-20-24-39tile error, WIP state
13-02-2022-20-24-39tile error, WIP state
13-02-2022-20-24-39tile error, WIP state
13-02-2022-20-24-39tile error, WIP state
13-02-2022-20-24-39tile error, WIP state
13-02-2022-20-24-39tile error, WIP state
13-02-2022-20-24-39tile error, WIP state
13-02-2022-20-24-39tile error, WIP state
13-02-2022-20-24-39tile error, WIP state
13-02-2022-20-24-39tile error, WIP state
13-02-2022-20-24-39tile error, WIP state
13-02-2022-20-24-39tile error, WIP state
13-02-2022-20-24-40tile error, WIP state
13-02-2022-20-24-40tile error, WIP state
13-02-2022-20-24-41tile error, WIP state
13-02-2022-20-24-41tile error, WIP state
13-02-2022-20-24-42tile error, WIP state
13-02-2022-20-24-42tile error, WIP state
13-02-2022-20-24-42tile error, WIP state
13-02-2022-20-24-42tile error, WIP state
13-02-2022-20-24-42tile error, WIP state
13-02-2022-20-24-42tile error, WIP state
13-02-2022-20-24-42tile error, WIP state
13-02-2022-20-24-42tile error, WIP state
13-02-2022-20-24-42tile error, WIP state
13-02-2022-20-24-42tile error, WIP state
13-02-2022-20-24-42tile error, WIP state
13-02-2022-20-24-42tile error, WIP state
13-02-2022-20-24-43tile error, WIP state
13-02-2022-20-24-43tile error, WIP state
13-02-2022-20-24-43tile error, WIP state
13-02-2022-20-24-43tile error, WIP state
13-02-2022-20-24-43tile error, WIP state
13-02-2022-20-24-43tile error, WIP state
13-02-2022-20-24-43tile error, WIP state
13-02-2022-20-24-43tile error, WIP state
13-02-2022-20-24-43tile error, WIP state
13-02-2022-20-24-43tile error, WIP state
13-02-2022-20-24-43tile error, WIP state
13-02-2022-20-24-43tile error, WIP state
13-02-2022-20-24-43tile error, WIP state
13-02-2022-20-24-43tile error, WIP state
13-02-2022-20-24-43tile error, WIP state
13-02-2022-20-24-43tile error, WIP state
13-02-2022-20-24-43tile error, WIP state
13-02-2022-20-24-43tile error, WIP state
13-02-2022-20-24-43tile error, WIP state
13-02-2022-20-24-43tile error, WIP state
13-02-2022-20-24-44tile error, WIP state
13-02-2022-20-24-44tile error, WIP state
13-02-2022-20-24-46tile error, WIP state
13-02-2022-20-24-46tile error, WIP state
13-02-2022-20-24-46tile error, WIP state
13-02-2022-20-24-46tile error, WIP state
13-02-2022-20-24-46tile error, WIP state
13-02-2022-20-24-46tile error, WIP state
13-02-2022-20-24-46tile error, WIP state
13-02-2022-20-24-46tile error, WIP state
13-02-2022-20-24-47tile error, WIP state
13-02-2022-20-24-47tile error, WIP state
13-02-2022-20-24-47tile error, WIP state
13-02-2022-20-24-47tile error, WIP state
13-02-2022-20-24-47tile error, WIP state
13-02-2022-20-24-47tile error, WIP state
13-02-2022-20-24-47tile error, WIP state
13-02-2022-20-24-47tile error, WIP state
13-02-2022-20-24-47tile error, WIP state
13-02-2022-20-24-47tile error, WIP state
13-02-2022-20-24-47tile error, WIP state
13-02-2022-20-24-47tile error, WIP state
13-02-2022-20-24-47tile error, WIP state
13-02-2022-20-24-47tile error, WIP state
13-02-2022-20-24-47tile error, WIP state
13-02-2022-20-24-47tile error, WIP state
13-02-2022-20-24-47tile error, WIP state
13-02-2022-20-24-47tile error, WIP state
13-02-2022-20-24-47tile error, WIP state
13-02-2022-20-24-47tile error, WIP state
13-02-2022-20-24-48tile error, WIP state
13-02-2022-20-24-48tile error, WIP state
13-02-2022-20-24-48tile error, WIP state
13-02-2022-20-24-48tile error, WIP state
13-02-2022-20-24-48tile error, WIP state
13-02-2022-20-24-48tile error, WIP state
13-02-2022-20-24-48tile error, WIP state
13-02-2022-20-24-48tile error, WIP state
13-02-2022-20-24-50tile error, WIP state
13-02-2022-20-24-50tile error, WIP state
13-02-2022-20-24-50tile error, WIP state
13-02-2022-20-24-50tile error, WIP state
13-02-2022-20-24-50tile error, WIP state
13-02-2022-20-24-50tile error, WIP state
13-02-2022-20-24-50tile error, WIP state
13-02-2022-20-24-50tile error, WIP state
13-02-2022-20-24-50tile error, WIP state
13-02-2022-20-24-50tile error, WIP state
13-02-2022-20-24-50tile error, WIP state
13-02-2022-20-24-50tile error, WIP state
13-02-2022-20-24-51tile error, WIP state
13-02-2022-20-24-51tile error, WIP state
13-02-2022-20-24-51tile error, WIP state
13-02-2022-20-24-51tile error, WIP state
13-02-2022-20-24-51tile error, WIP state
13-02-2022-20-24-51tile error, WIP state
13-02-2022-20-24-51tile error, WIP state
13-02-2022-20-24-51tile error, WIP state
13-02-2022-20-24-51tile error, WIP state
13-02-2022-20-24-51tile error, WIP state
13-02-2022-20-24-52tile error, WIP state
13-02-2022-20-24-52tile error, WIP state
13-02-2022-20-24-52tile error, WIP state
13-02-2022-20-24-52tile error, WIP state
13-02-2022-20-24-52tile error, WIP state
13-02-2022-20-24-52tile error, WIP state
13-02-2022-20-24-52tile error, WIP state
13-02-2022-20-24-52tile error, WIP state
13-02-2022-20-24-52tile error, WIP state
13-02-2022-20-24-52tile error, WIP state
13-02-2022-20-24-52tile error, WIP state
13-02-2022-20-24-52tile error, WIP state
13-02-2022-20-24-52tile error, WIP state
13-02-2022-20-24-52tile error, WIP state
13-02-2022-20-24-54tile error, WIP state
13-02-2022-20-24-54tile error, WIP state
13-02-2022-20-24-54tile error, WIP state
13-02-2022-20-24-54tile error, WIP state
13-02-2022-20-24-54tile error, WIP state
13-02-2022-20-24-54tile error, WIP state
13-02-2022-20-24-54tile error, WIP state
13-02-2022-20-24-54tile error, WIP state
13-02-2022-20-24-54tile error, WIP state
13-02-2022-20-24-54tile error, WIP state
13-02-2022-20-24-54tile error, WIP state
13-02-2022-20-24-55tile error, WIP state
13-02-2022-20-24-55tile error, WIP state
13-02-2022-20-24-55tile error, WIP state
13-02-2022-20-24-55tile error, WIP state
13-02-2022-20-24-55tile error, WIP state
13-02-2022-20-24-55tile error, WIP state
13-02-2022-20-24-55tile error, WIP state
13-02-2022-20-24-55tile error, WIP state
13-02-2022-20-24-55tile error, WIP state
13-02-2022-20-24-56tile error, WIP state
13-02-2022-20-24-56tile error, WIP state
13-02-2022-20-24-56tile error, WIP state
13-02-2022-20-24-56tile error, WIP state
13-02-2022-20-24-56tile error, WIP state
13-02-2022-20-24-56tile error, WIP state
13-02-2022-20-24-56tile error, WIP state
13-02-2022-20-24-56tile error, WIP state
13-02-2022-20-24-56tile error, WIP state
13-02-2022-20-24-56tile error, WIP state
13-02-2022-20-24-56tile error, WIP state
13-02-2022-20-24-56tile error, WIP state
13-02-2022-20-24-56tile error, WIP state
13-02-2022-20-24-56tile error, WIP state
13-02-2022-20-24-56tile error, WIP state
13-02-2022-20-24-56tile error, WIP state
13-02-2022-20-24-58tile error, WIP state
13-02-2022-20-24-58tile error, WIP state
13-02-2022-20-24-58tile error, WIP state
13-02-2022-20-24-58tile error, WIP state
13-02-2022-20-24-58tile error, WIP state
13-02-2022-20-24-58tile error, WIP state
13-02-2022-20-24-58tile error, WIP state
13-02-2022-20-24-58tile error, WIP state
13-02-2022-20-24-59tile error, WIP state
13-02-2022-20-24-59tile error, WIP state
13-02-2022-20-24-59tile error, WIP state
13-02-2022-20-24-59tile error, WIP state
13-02-2022-20-24-59tile error, WIP state
13-02-2022-20-24-59tile error, WIP state
13-02-2022-20-24-59tile error, WIP state
13-02-2022-20-24-59tile error, WIP state
13-02-2022-20-24-59tile error, WIP state
13-02-2022-20-24-59tile error, WIP state
13-02-2022-20-24-59tile error, WIP state
13-02-2022-20-24-59tile error, WIP state
13-02-2022-20-24-59tile error, WIP state
13-02-2022-20-25-00tile error, WIP state
13-02-2022-20-25-00tile error, WIP state
13-02-2022-20-25-00tile error, WIP state
13-02-2022-20-25-00tile error, WIP state
13-02-2022-20-25-00tile error, WIP state
13-02-2022-20-25-00tile error, WIP state
13-02-2022-20-25-00tile error, WIP state
13-02-2022-20-25-00tile error, WIP state
13-02-2022-20-25-00tile error, WIP state
13-02-2022-20-25-00tile error, WIP state
13-02-2022-20-25-01tile error, WIP state
13-02-2022-20-25-01tile error, WIP state
13-02-2022-20-25-01tile error, WIP state
13-02-2022-20-25-01tile error, WIP state
13-02-2022-20-25-01tile error, WIP state
13-02-2022-20-25-03tile error, WIP state
13-02-2022-20-25-03tile error, WIP state
13-02-2022-20-25-03tile error, WIP state
13-02-2022-20-25-04tile error, WIP state
13-02-2022-20-25-04tile error, WIP state
13-02-2022-20-25-04tile error, WIP state
13-02-2022-20-25-04tile error, WIP state
13-02-2022-20-25-04tile error, WIP state
13-02-2022-20-25-04tile error, WIP state
13-02-2022-20-25-04tile error, WIP state
13-02-2022-20-25-04tile error, WIP state
13-02-2022-20-25-04tile error, WIP state
13-02-2022-20-25-04tile error, WIP state
13-02-2022-20-25-04tile error, WIP state
13-02-2022-20-25-04tile error, WIP state
13-02-2022-20-25-04tile error, WIP state
13-02-2022-20-25-04tile error, WIP state
13-02-2022-20-25-04tile error, WIP state
13-02-2022-20-25-04tile error, WIP state
13-02-2022-20-25-04tile error, WIP state
13-02-2022-20-25-04tile error, WIP state
13-02-2022-20-25-05tile error, WIP state
13-02-2022-20-25-05tile error, WIP state
13-02-2022-20-25-05tile error, WIP state
13-02-2022-20-25-05tile error, WIP state
13-02-2022-20-25-05tile error, WIP state
13-02-2022-20-25-05tile error, WIP state
13-02-2022-20-25-05tile error, WIP state
13-02-2022-20-25-05tile error, WIP state
13-02-2022-20-25-05tile error, WIP state
13-02-2022-20-25-05tile error, WIP state
13-02-2022-20-25-05tile error, WIP state
13-02-2022-20-25-05tile error, WIP state
13-02-2022-20-25-05tile error, WIP state
13-02-2022-20-25-05tile error, WIP state
13-02-2022-20-25-05tile error, WIP state
13-02-2022-20-25-08tile error, WIP state
13-02-2022-20-25-08tile error, WIP state
13-02-2022-20-25-08tile error, WIP state
13-02-2022-20-25-08tile error, WIP state
13-02-2022-20-25-08tile error, WIP state
13-02-2022-20-25-09tile error, WIP state
13-02-2022-20-25-09tile error, WIP state
13-02-2022-20-25-09tile error, WIP state
13-02-2022-20-25-09tile error, WIP state
13-02-2022-20-25-09tile error, WIP state
13-02-2022-20-25-09tile error, WIP state
13-02-2022-20-25-09tile error, WIP state
13-02-2022-20-25-09tile error, WIP state
13-02-2022-20-25-09tile error, WIP state
13-02-2022-20-25-09tile error, WIP state
13-02-2022-20-25-09tile error, WIP state
13-02-2022-20-25-09tile error, WIP state
13-02-2022-20-25-09tile error, WIP state
13-02-2022-20-25-09tile error, WIP state
13-02-2022-20-25-09tile error, WIP state
13-02-2022-20-25-09tile error, WIP state
13-02-2022-20-25-09tile error, WIP state
13-02-2022-20-25-09tile error, WIP state
13-02-2022-20-25-09tile error, WIP state
13-02-2022-20-25-10tile error, WIP state
13-02-2022-20-25-10tile error, WIP state
13-02-2022-20-25-10tile error, WIP state
13-02-2022-20-25-10tile error, WIP state
13-02-2022-20-25-10tile error, WIP state
13-02-2022-20-25-10tile error, WIP state
13-02-2022-20-25-10tile error, WIP state
13-02-2022-20-25-10tile error, WIP state
13-02-2022-20-25-10tile error, WIP state
13-02-2022-20-25-10tile error, WIP state
13-02-2022-20-25-10tile error, WIP state
13-02-2022-20-25-10tile error, WIP state
13-02-2022-20-25-12tile error, WIP state
13-02-2022-20-25-12tile error, WIP state
13-02-2022-20-25-12tile error, WIP state
13-02-2022-20-25-12tile error, WIP state
13-02-2022-20-25-12tile error, WIP state
13-02-2022-20-25-12tile error, WIP state
13-02-2022-20-25-12tile error, WIP state
13-02-2022-20-25-12tile error, WIP state
13-02-2022-20-25-12tile error, WIP state
13-02-2022-20-25-12tile error, WIP state
13-02-2022-20-25-12tile error, WIP state
13-02-2022-20-25-12tile error, WIP state
13-02-2022-20-25-13tile error, WIP state
13-02-2022-20-25-13tile error, WIP state
13-02-2022-20-25-13tile error, WIP state
13-02-2022-20-25-13tile error, WIP state
13-02-2022-20-25-13tile error, WIP state
13-02-2022-20-25-13tile error, WIP state
13-02-2022-20-25-13tile error, WIP state
13-02-2022-20-25-13tile error, WIP state
13-02-2022-20-25-13tile error, WIP state
13-02-2022-20-25-13tile error, WIP state
13-02-2022-20-25-14tile error, WIP state
13-02-2022-20-25-14tile error, WIP state
13-02-2022-20-25-14tile error, WIP state
13-02-2022-20-25-14tile error, WIP state
13-02-2022-20-25-14tile error, WIP state
13-02-2022-20-25-14tile error, WIP state
13-02-2022-20-25-14tile error, WIP state
13-02-2022-20-25-14tile error, WIP state
13-02-2022-20-25-14tile error, WIP state
13-02-2022-20-25-14tile error, WIP state
13-02-2022-20-25-14tile error, WIP state
13-02-2022-20-25-14tile error, WIP state
13-02-2022-20-25-14tile error, WIP state
13-02-2022-20-25-14tile error, WIP state
13-02-2022-20-25-16tile error, WIP state
13-02-2022-20-25-16tile error, WIP state
13-02-2022-20-25-16tile error, WIP state
13-02-2022-20-25-16tile error, WIP state
13-02-2022-20-25-16tile error, WIP state
13-02-2022-20-25-16tile error, WIP state
13-02-2022-20-25-16tile error, WIP state
13-02-2022-20-25-16tile error, WIP state
13-02-2022-20-25-16tile error, WIP state
13-02-2022-20-25-17tile error, WIP state
13-02-2022-20-25-17tile error, WIP state
13-02-2022-20-25-17tile error, WIP state
13-02-2022-20-25-17tile error, WIP state
13-02-2022-20-25-18tile error, WIP state
13-02-2022-20-25-18tile error, WIP state
13-02-2022-20-25-18tile error, WIP state
13-02-2022-20-25-18tile error, WIP state
13-02-2022-20-25-18tile error, WIP state
13-02-2022-20-25-18tile error, WIP state
13-02-2022-20-25-18tile error, WIP state
13-02-2022-20-25-18tile error, WIP state
13-02-2022-20-25-18tile error, WIP state
13-02-2022-20-25-18tile error, WIP state
13-02-2022-20-25-18tile error, WIP state
13-02-2022-20-25-18tile error, WIP state
13-02-2022-20-25-18tile error, WIP state
13-02-2022-20-25-18tile error, WIP state
13-02-2022-20-25-18tile error, WIP state
13-02-2022-20-25-18tile error, WIP state
13-02-2022-20-25-18tile error, WIP state
13-02-2022-20-25-18tile error, WIP state
13-02-2022-20-25-18tile error, WIP state
13-02-2022-20-25-19tile error, WIP state
13-02-2022-20-25-19tile error, WIP state
13-02-2022-20-25-19tile error, WIP state
13-02-2022-20-25-19tile error, WIP state
13-02-2022-20-25-21tile error, WIP state
13-02-2022-20-25-21tile error, WIP state
13-02-2022-20-25-21tile error, WIP state
13-02-2022-20-25-21tile error, WIP state
13-02-2022-20-25-21tile error, WIP state
13-02-2022-20-25-21tile error, WIP state
13-02-2022-20-25-21tile error, WIP state
13-02-2022-20-25-21tile error, WIP state
13-02-2022-20-25-21tile error, WIP state
13-02-2022-20-25-21tile error, WIP state
13-02-2022-20-25-22tile error, WIP state
13-02-2022-20-25-22tile error, WIP state
13-02-2022-20-25-22tile error, WIP state
13-02-2022-20-25-22tile error, WIP state
13-02-2022-20-25-22tile error, WIP state
13-02-2022-20-25-22tile error, WIP state
13-02-2022-20-25-22tile error, WIP state
13-02-2022-20-25-22tile error, WIP state
13-02-2022-20-25-22tile error, WIP state
13-02-2022-20-25-22tile error, WIP state
13-02-2022-20-25-23tile error, WIP state
13-02-2022-20-25-23tile error, WIP state
13-02-2022-20-25-23tile error, WIP state
13-02-2022-20-25-23tile error, WIP state
13-02-2022-20-25-23tile error, WIP state
13-02-2022-20-25-23tile error, WIP state
13-02-2022-20-25-23tile error, WIP state
13-02-2022-20-25-23tile error, WIP state
13-02-2022-20-25-23tile error, WIP state
13-02-2022-20-25-23tile error, WIP state
13-02-2022-20-25-23tile error, WIP state
13-02-2022-20-25-23tile error, WIP state
13-02-2022-20-25-23tile error, WIP state
13-02-2022-20-25-23tile error, WIP state
13-02-2022-20-25-23tile error, WIP state
13-02-2022-20-25-23tile error, WIP state
13-02-2022-20-25-25tile error, WIP state
13-02-2022-20-25-25tile error, WIP state
13-02-2022-20-25-25tile error, WIP state
13-02-2022-20-25-25tile error, WIP state
13-02-2022-20-25-25tile error, WIP state
13-02-2022-20-25-25tile error, WIP state
13-02-2022-20-25-25tile error, WIP state
13-02-2022-20-25-25tile error, WIP state
13-02-2022-20-25-25tile error, WIP state
13-02-2022-20-25-26tile error, WIP state
13-02-2022-20-25-26tile error, WIP state
13-02-2022-20-25-26tile error, WIP state
13-02-2022-20-25-26tile error, WIP state
13-02-2022-20-25-26tile error, WIP state
13-02-2022-20-25-26tile error, WIP state
13-02-2022-20-25-27tile error, WIP state
13-02-2022-20-25-27tile error, WIP state
13-02-2022-20-25-27tile error, WIP state
13-02-2022-20-25-27tile error, WIP state
13-02-2022-20-25-27tile error, WIP state
13-02-2022-20-25-27tile error, WIP state
13-02-2022-20-25-27tile error, WIP state
13-02-2022-20-25-27tile error, WIP state
13-02-2022-20-25-27tile error, WIP state
13-02-2022-20-25-27tile error, WIP state
13-02-2022-20-25-27tile error, WIP state
13-02-2022-20-25-27tile error, WIP state
13-02-2022-20-25-27tile error, WIP state
13-02-2022-20-25-27tile error, WIP state
13-02-2022-20-25-27tile error, WIP state
13-02-2022-20-25-27tile error, WIP state
13-02-2022-20-25-27tile error, WIP state
13-02-2022-20-25-27tile error, WIP state
13-02-2022-20-25-27tile error, WIP state
13-02-2022-20-25-28tile error, WIP state
13-02-2022-20-25-28tile error, WIP state
13-02-2022-20-25-29tile error, WIP state
13-02-2022-20-25-29tile error, WIP state
13-02-2022-20-25-29tile error, WIP state
13-02-2022-20-25-29tile error, WIP state
13-02-2022-20-25-29tile error, WIP state
13-02-2022-20-25-30tile error, WIP state
13-02-2022-20-25-30tile error, WIP state
13-02-2022-20-25-30tile error, WIP state
13-02-2022-20-25-30tile error, WIP state
13-02-2022-20-25-30tile error, WIP state
13-02-2022-20-25-30tile error, WIP state
13-02-2022-20-25-30tile error, WIP state
13-02-2022-20-25-30tile error, WIP state
13-02-2022-20-25-30tile error, WIP state
13-02-2022-20-25-30tile error, WIP state
13-02-2022-20-25-31tile error, WIP state
13-02-2022-20-25-31tile error, WIP state
13-02-2022-20-25-31tile error, WIP state
13-02-2022-20-25-31tile error, WIP state
13-02-2022-20-25-31tile error, WIP state
13-02-2022-20-25-31tile error, WIP state
13-02-2022-20-25-31tile error, WIP state
13-02-2022-20-25-31tile error, WIP state
13-02-2022-20-25-31tile error, WIP state
13-02-2022-20-25-31tile error, WIP state
13-02-2022-20-25-31tile error, WIP state
13-02-2022-20-25-31tile error, WIP state
13-02-2022-20-25-31tile error, WIP state
13-02-2022-20-25-31tile error, WIP state
13-02-2022-20-25-31tile error, WIP state
13-02-2022-20-25-31tile error, WIP state
13-02-2022-20-25-31tile error, WIP state
13-02-2022-20-25-32tile error, WIP state
13-02-2022-20-25-32tile error, WIP state
13-02-2022-20-25-32tile error, WIP state
13-02-2022-20-25-32tile error, WIP state
13-02-2022-20-25-33tile error, WIP state
13-02-2022-20-25-33tile error, WIP state
13-02-2022-20-25-34tile error, WIP state
13-02-2022-20-25-34tile error, WIP state
13-02-2022-20-25-34tile error, WIP state
13-02-2022-20-25-34tile error, WIP state
13-02-2022-20-25-34tile error, WIP state
13-02-2022-20-25-34tile error, WIP state
13-02-2022-20-25-34tile error, WIP state
13-02-2022-20-25-34tile error, WIP state
13-02-2022-20-25-34tile error, WIP state
13-02-2022-20-25-34tile error, WIP state
13-02-2022-20-25-35tile error, WIP state
13-02-2022-20-25-35tile error, WIP state
13-02-2022-20-25-35tile error, WIP state
13-02-2022-20-25-35tile error, WIP state
13-02-2022-20-25-35tile error, WIP state
13-02-2022-20-25-35tile error, WIP state
13-02-2022-20-25-35tile error, WIP state
13-02-2022-20-25-35tile error, WIP state
13-02-2022-20-25-35tile error, WIP state
13-02-2022-20-25-35tile error, WIP state
13-02-2022-20-25-35tile error, WIP state
13-02-2022-20-25-35tile error, WIP state
13-02-2022-20-25-35tile error, WIP state
13-02-2022-20-25-35tile error, WIP state
13-02-2022-20-25-36tile error, WIP state
13-02-2022-20-25-36tile error, WIP state
13-02-2022-20-25-36tile error, WIP state
13-02-2022-20-25-36tile error, WIP state
13-02-2022-20-25-36tile error, WIP state
13-02-2022-20-25-36tile error, WIP state
13-02-2022-20-25-36tile error, WIP state
13-02-2022-20-25-36tile error, WIP state
13-02-2022-20-25-36tile error, WIP state
13-02-2022-20-25-36tile error, WIP state
13-02-2022-20-25-38tile error, WIP state
13-02-2022-20-25-38tile error, WIP state
13-02-2022-20-25-38tile error, WIP state
13-02-2022-20-25-38tile error, WIP state
13-02-2022-20-25-38tile error, WIP state
13-02-2022-20-25-38tile error, WIP state
13-02-2022-20-25-38tile error, WIP state
13-02-2022-20-25-38tile error, WIP state
13-02-2022-20-25-38tile error, WIP state
13-02-2022-20-25-38tile error, WIP state
13-02-2022-20-25-38tile error, WIP state
13-02-2022-20-25-38tile error, WIP state
13-02-2022-20-25-38tile error, WIP state
13-02-2022-20-25-38tile error, WIP state
13-02-2022-20-25-38tile error, WIP state
13-02-2022-20-25-38tile error, WIP state
13-02-2022-20-25-39tile error, WIP state
13-02-2022-20-25-39tile error, WIP state
13-02-2022-20-25-39tile error, WIP state
13-02-2022-20-25-39tile error, WIP state
13-02-2022-20-25-39tile error, WIP state
13-02-2022-20-25-39tile error, WIP state
13-02-2022-20-25-39tile error, WIP state
13-02-2022-20-25-39tile error, WIP state
13-02-2022-20-25-40tile error, WIP state
13-02-2022-20-25-40tile error, WIP state
13-02-2022-20-25-40tile error, WIP state
13-02-2022-20-25-40tile error, WIP state
13-02-2022-20-25-40tile error, WIP state
13-02-2022-20-25-40tile error, WIP state
13-02-2022-20-25-40tile error, WIP state
13-02-2022-20-25-40tile error, WIP state
13-02-2022-20-25-40tile error, WIP state
13-02-2022-20-25-40tile error, WIP state
13-02-2022-20-25-40tile error, WIP state
13-02-2022-20-25-40tile error, WIP state
13-02-2022-20-25-42tile error, WIP state
13-02-2022-20-25-42tile error, WIP state
13-02-2022-20-25-42tile error, WIP state
13-02-2022-20-25-42tile error, WIP state
13-02-2022-20-25-42tile error, WIP state
13-02-2022-20-25-42tile error, WIP state
13-02-2022-20-25-42tile error, WIP state
13-02-2022-20-25-42tile error, WIP state
13-02-2022-20-25-42tile error, WIP state
13-02-2022-20-25-42tile error, WIP state
13-02-2022-20-25-42tile error, WIP state
13-02-2022-20-25-43tile error, WIP state
13-02-2022-20-25-43tile error, WIP state
13-02-2022-20-25-43tile error, WIP state
13-02-2022-20-25-43tile error, WIP state
13-02-2022-20-25-43tile error, WIP state
13-02-2022-20-25-43tile error, WIP state
13-02-2022-20-25-43tile error, WIP state
13-02-2022-20-25-44tile error, WIP state
13-02-2022-20-25-44tile error, WIP state
13-02-2022-20-25-44tile error, WIP state
13-02-2022-20-25-44tile error, WIP state
13-02-2022-20-25-44tile error, WIP state
13-02-2022-20-25-44tile error, WIP state
13-02-2022-20-25-44tile error, WIP state
13-02-2022-20-25-44tile error, WIP state
13-02-2022-20-25-44tile error, WIP state
13-02-2022-20-25-44tile error, WIP state
13-02-2022-20-25-44tile error, WIP state
13-02-2022-20-25-44tile error, WIP state
13-02-2022-20-25-44tile error, WIP state
13-02-2022-20-25-44tile error, WIP state
13-02-2022-20-25-44tile error, WIP state
13-02-2022-20-25-44tile error, WIP state
13-02-2022-20-25-44tile error, WIP state
13-02-2022-20-25-44tile error, WIP state
13-02-2022-20-25-46tile error, WIP state
13-02-2022-20-25-46tile error, WIP state
13-02-2022-20-25-47tile error, WIP state
13-02-2022-20-25-47tile error, WIP state
13-02-2022-20-25-47tile error, WIP state
13-02-2022-20-25-47tile error, WIP state
13-02-2022-20-25-47tile error, WIP state
13-02-2022-20-25-47tile error, WIP state
13-02-2022-20-25-47tile error, WIP state
13-02-2022-20-25-47tile error, WIP state
13-02-2022-20-25-47tile error, WIP state
13-02-2022-20-25-47tile error, WIP state
13-02-2022-20-25-47tile error, WIP state
13-02-2022-20-25-47tile error, WIP state
13-02-2022-20-25-47tile error, WIP state
13-02-2022-20-25-48tile error, WIP state
13-02-2022-20-25-48tile error, WIP state
13-02-2022-20-25-48tile error, WIP state
13-02-2022-20-25-48tile error, WIP state
13-02-2022-20-25-48tile error, WIP state
13-02-2022-20-25-48tile error, WIP state
13-02-2022-20-25-48tile error, WIP state
13-02-2022-20-25-48tile error, WIP state
13-02-2022-20-25-48tile error, WIP state
13-02-2022-20-25-48tile error, WIP state
13-02-2022-20-25-48tile error, WIP state
13-02-2022-20-25-48tile error, WIP state
13-02-2022-20-25-48tile error, WIP state
13-02-2022-20-25-48tile error, WIP state
13-02-2022-20-25-48tile error, WIP state
13-02-2022-20-25-48tile error, WIP state
13-02-2022-20-25-48tile error, WIP state
13-02-2022-20-25-48tile error, WIP state
13-02-2022-20-25-48tile error, WIP state
13-02-2022-20-25-48tile error, WIP state
13-02-2022-20-25-49tile error, WIP state
13-02-2022-20-25-50tile error, WIP state
13-02-2022-20-25-51tile error, WIP state
13-02-2022-20-25-51tile error, WIP state
13-02-2022-20-25-51tile error, WIP state
13-02-2022-20-25-51tile error, WIP state
13-02-2022-20-25-51tile error, WIP state
13-02-2022-20-25-51tile error, WIP state
13-02-2022-20-25-51tile error, WIP state
13-02-2022-20-25-51tile error, WIP state
13-02-2022-20-25-51tile error, WIP state
13-02-2022-20-25-51tile error, WIP state
13-02-2022-20-25-51tile error, WIP state
13-02-2022-20-25-52tile error, WIP state
13-02-2022-20-25-52tile error, WIP state
13-02-2022-20-25-52tile error, WIP state
13-02-2022-20-25-52tile error, WIP state
13-02-2022-20-25-52tile error, WIP state
13-02-2022-20-25-52tile error, WIP state
13-02-2022-20-25-52tile error, WIP state
13-02-2022-20-25-52tile error, WIP state
13-02-2022-20-25-52tile error, WIP state
13-02-2022-20-25-52tile error, WIP state
13-02-2022-20-25-52tile error, WIP state
13-02-2022-20-25-52tile error, WIP state
13-02-2022-20-25-52tile error, WIP state
13-02-2022-20-25-52tile error, WIP state
13-02-2022-20-25-52tile error, WIP state
13-02-2022-20-25-52tile error, WIP state
13-02-2022-20-25-52tile error, WIP state
13-02-2022-20-25-52tile error, WIP state
13-02-2022-20-25-53tile error, WIP state
13-02-2022-20-25-53tile error, WIP state
13-02-2022-20-25-53tile error, WIP state
13-02-2022-20-25-53tile error, WIP state
13-02-2022-20-25-53tile error, WIP state
13-02-2022-20-25-53tile error, WIP state
13-02-2022-20-25-54tile error, WIP state
13-02-2022-20-25-55tile error, WIP state
13-02-2022-20-25-55tile error, WIP state
13-02-2022-20-25-55tile error, WIP state
13-02-2022-20-25-55tile error, WIP state
13-02-2022-20-25-55tile error, WIP state
13-02-2022-20-25-55tile error, WIP state
13-02-2022-20-25-55tile error, WIP state
13-02-2022-20-25-55tile error, WIP state
13-02-2022-20-25-55tile error, WIP state
13-02-2022-20-25-55tile error, WIP state
13-02-2022-20-25-55tile error, WIP state
13-02-2022-20-25-55tile error, WIP state
13-02-2022-20-25-55tile error, WIP state
13-02-2022-20-25-55tile error, WIP state
13-02-2022-20-25-55tile error, WIP state
13-02-2022-20-25-55tile error, WIP state
13-02-2022-20-25-55tile error, WIP state
13-02-2022-20-25-55tile error, WIP state
13-02-2022-20-25-55tile error, WIP state
13-02-2022-20-25-56tile error, WIP state
13-02-2022-20-25-56tile error, WIP state
13-02-2022-20-25-56tile error, WIP state
13-02-2022-20-25-56tile error, WIP state
13-02-2022-20-25-56tile error, WIP state
13-02-2022-20-25-56tile error, WIP state
13-02-2022-20-25-56tile error, WIP state
13-02-2022-20-25-56tile error, WIP state
13-02-2022-20-25-56tile error, WIP state
13-02-2022-20-25-57tile error, WIP state
13-02-2022-20-25-57tile error, WIP state
13-02-2022-20-25-57tile error, WIP state
13-02-2022-20-25-57tile error, WIP state
13-02-2022-20-25-57tile error, WIP state
13-02-2022-20-25-57tile error, WIP state
13-02-2022-20-25-57tile error, WIP state
13-02-2022-20-25-59tile error, WIP state
13-02-2022-20-25-59tile error, WIP state
13-02-2022-20-25-59tile error, WIP state
13-02-2022-20-25-59tile error, WIP state
13-02-2022-20-25-59tile error, WIP state
13-02-2022-20-25-59tile error, WIP state
13-02-2022-20-25-59tile error, WIP state
13-02-2022-20-25-59tile error, WIP state
13-02-2022-20-25-59tile error, WIP state
13-02-2022-20-25-59tile error, WIP state
13-02-2022-20-25-59tile error, WIP state
13-02-2022-20-25-59tile error, WIP state
13-02-2022-20-26-00tile error, WIP state
13-02-2022-20-26-00tile error, WIP state
13-02-2022-20-26-00tile error, WIP state
13-02-2022-20-26-00tile error, WIP state
13-02-2022-20-26-00tile error, WIP state
13-02-2022-20-26-00tile error, WIP state
13-02-2022-20-26-00tile error, WIP state
13-02-2022-20-26-00tile error, WIP state
13-02-2022-20-26-00tile error, WIP state
13-02-2022-20-26-00tile error, WIP state
13-02-2022-20-26-01tile error, WIP state
13-02-2022-20-26-01tile error, WIP state
13-02-2022-20-26-01tile error, WIP state
13-02-2022-20-26-01tile error, WIP state
13-02-2022-20-26-01tile error, WIP state
13-02-2022-20-26-01tile error, WIP state
13-02-2022-20-26-01tile error, WIP state
13-02-2022-20-26-01tile error, WIP state
13-02-2022-20-26-01tile error, WIP state
13-02-2022-20-26-01tile error, WIP state
13-02-2022-20-26-01tile error, WIP state
13-02-2022-20-26-01tile error, WIP state
13-02-2022-20-26-01tile error, WIP state
13-02-2022-20-26-01tile error, WIP state
13-02-2022-20-26-03tile error, WIP state
13-02-2022-20-26-03tile error, WIP state
13-02-2022-20-26-03tile error, WIP state
13-02-2022-20-26-03tile error, WIP state
13-02-2022-20-26-03tile error, WIP state
13-02-2022-20-26-03tile error, WIP state
13-02-2022-20-26-03tile error, WIP state
13-02-2022-20-26-03tile error, WIP state
13-02-2022-20-26-03tile error, WIP state
13-02-2022-20-26-03tile error, WIP state
13-02-2022-20-26-03tile error, WIP state
13-02-2022-20-26-04tile error, WIP state
13-02-2022-20-26-04tile error, WIP state
13-02-2022-20-26-04tile error, WIP state
13-02-2022-20-26-04tile error, WIP state
13-02-2022-20-26-04tile error, WIP state
13-02-2022-20-26-04tile error, WIP state
13-02-2022-20-26-04tile error, WIP state
13-02-2022-20-26-04tile error, WIP state
13-02-2022-20-26-04tile error, WIP state
13-02-2022-20-26-05tile error, WIP state
13-02-2022-20-26-05tile error, WIP state
13-02-2022-20-26-05tile error, WIP state
13-02-2022-20-26-05tile error, WIP state
13-02-2022-20-26-05tile error, WIP state
13-02-2022-20-26-05tile error, WIP state
13-02-2022-20-26-05tile error, WIP state
13-02-2022-20-26-05tile error, WIP state
13-02-2022-20-26-05tile error, WIP state
13-02-2022-20-26-05tile error, WIP state
13-02-2022-20-26-05tile error, WIP state
13-02-2022-20-26-05tile error, WIP state
13-02-2022-20-26-05tile error, WIP state
13-02-2022-20-26-05tile error, WIP state
13-02-2022-20-26-05tile error, WIP state
13-02-2022-20-26-05tile error, WIP state
13-02-2022-20-26-07tile error, WIP state
13-02-2022-20-26-07tile error, WIP state
13-02-2022-20-26-07tile error, WIP state
13-02-2022-20-26-07tile error, WIP state
13-02-2022-20-26-07tile error, WIP state
13-02-2022-20-26-07tile error, WIP state
13-02-2022-20-26-07tile error, WIP state
13-02-2022-20-26-07tile error, WIP state
13-02-2022-20-26-08tile error, WIP state
13-02-2022-20-26-08tile error, WIP state
13-02-2022-20-26-08tile error, WIP state
13-02-2022-20-26-08tile error, WIP state
13-02-2022-20-26-08tile error, WIP state
13-02-2022-20-26-09tile error, WIP state
13-02-2022-20-26-09tile error, WIP state
13-02-2022-20-26-09tile error, WIP state
13-02-2022-20-26-09tile error, WIP state
13-02-2022-20-26-09tile error, WIP state
13-02-2022-20-26-09tile error, WIP state
13-02-2022-20-26-09tile error, WIP state
13-02-2022-20-26-09tile error, WIP state
13-02-2022-20-26-09tile error, WIP state
13-02-2022-20-26-09tile error, WIP state
13-02-2022-20-26-09tile error, WIP state
13-02-2022-20-26-09tile error, WIP state
13-02-2022-20-26-09tile error, WIP state
13-02-2022-20-26-09tile error, WIP state
13-02-2022-20-26-09tile error, WIP state
13-02-2022-20-26-09tile error, WIP state
13-02-2022-20-26-09tile error, WIP state
13-02-2022-20-26-09tile error, WIP state
13-02-2022-20-26-10tile error, WIP state
13-02-2022-20-26-10tile error, WIP state
13-02-2022-20-26-10tile error, WIP state
13-02-2022-20-26-10tile error, WIP state
13-02-2022-20-26-10tile error, WIP state
13-02-2022-20-26-11tile error, WIP state
13-02-2022-20-26-11tile error, WIP state
13-02-2022-20-26-11tile error, WIP state
13-02-2022-20-26-11tile error, WIP state
13-02-2022-20-26-12tile error, WIP state
13-02-2022-20-26-12tile error, WIP state
13-02-2022-20-26-12tile error, WIP state
13-02-2022-20-26-12tile error, WIP state
13-02-2022-20-26-12tile error, WIP state
13-02-2022-20-26-12tile error, WIP state
13-02-2022-20-26-12tile error, WIP state
13-02-2022-20-26-12tile error, WIP state
13-02-2022-20-26-12tile error, WIP state
13-02-2022-20-26-13tile error, WIP state
13-02-2022-20-26-13tile error, WIP state
13-02-2022-20-26-13tile error, WIP state
13-02-2022-20-26-13tile error, WIP state
13-02-2022-20-26-13tile error, WIP state
13-02-2022-20-26-13tile error, WIP state
13-02-2022-20-26-13tile error, WIP state
13-02-2022-20-26-13tile error, WIP state
13-02-2022-20-26-13tile error, WIP state
13-02-2022-20-26-13tile error, WIP state
13-02-2022-20-26-13tile error, WIP state
13-02-2022-20-26-13tile error, WIP state
13-02-2022-20-26-13tile error, WIP state
13-02-2022-20-26-13tile error, WIP state
13-02-2022-20-26-13tile error, WIP state
13-02-2022-20-26-13tile error, WIP state
13-02-2022-20-26-13tile error, WIP state
13-02-2022-20-26-13tile error, WIP state
13-02-2022-20-26-13tile error, WIP state
13-02-2022-20-26-14tile error, WIP state
13-02-2022-20-26-14tile error, WIP state
13-02-2022-20-26-14tile error, WIP state
13-02-2022-20-26-14tile error, WIP state
13-02-2022-20-26-15tile error, WIP state
13-02-2022-20-26-16tile error, WIP state
13-02-2022-20-26-16tile error, WIP state
13-02-2022-20-26-16tile error, WIP state
13-02-2022-20-26-16tile error, WIP state
13-02-2022-20-26-16tile error, WIP state
13-02-2022-20-26-16tile error, WIP state
13-02-2022-20-26-16tile error, WIP state
13-02-2022-20-26-16tile error, WIP state
13-02-2022-20-26-16tile error, WIP state
13-02-2022-20-26-16tile error, WIP state
13-02-2022-20-26-16tile error, WIP state
13-02-2022-20-26-16tile error, WIP state
13-02-2022-20-26-16tile error, WIP state
13-02-2022-20-26-16tile error, WIP state
13-02-2022-20-26-16tile error, WIP state
13-02-2022-20-26-16tile error, WIP state
13-02-2022-20-26-16tile error, WIP state
13-02-2022-20-26-17tile error, WIP state
13-02-2022-20-26-17tile error, WIP state
13-02-2022-20-26-17tile error, WIP state
13-02-2022-20-26-17tile error, WIP state
13-02-2022-20-26-17tile error, WIP state
13-02-2022-20-26-17tile error, WIP state
13-02-2022-20-26-17tile error, WIP state
13-02-2022-20-26-17tile error, WIP state
13-02-2022-20-26-17tile error, WIP state
13-02-2022-20-26-18tile error, WIP state
13-02-2022-20-26-18tile error, WIP state
13-02-2022-20-26-18tile error, WIP state
13-02-2022-20-26-18tile error, WIP state
13-02-2022-20-26-18tile error, WIP state
13-02-2022-20-26-18tile error, WIP state
13-02-2022-20-26-18tile error, WIP state
13-02-2022-20-26-18tile error, WIP state
13-02-2022-20-26-18tile error, WIP state
13-02-2022-20-26-20tile error, WIP state
13-02-2022-20-26-20tile error, WIP state
13-02-2022-20-26-20tile error, WIP state
13-02-2022-20-26-20tile error, WIP state
13-02-2022-20-26-20tile error, WIP state
13-02-2022-20-26-20tile error, WIP state
13-02-2022-20-26-20tile error, WIP state
13-02-2022-20-26-20tile error, WIP state
13-02-2022-20-26-20tile error, WIP state
13-02-2022-20-26-20tile error, WIP state
13-02-2022-20-26-20tile error, WIP state
13-02-2022-20-26-20tile error, WIP state
13-02-2022-20-26-20tile error, WIP state
13-02-2022-20-26-21tile error, WIP state
13-02-2022-20-26-21tile error, WIP state
13-02-2022-20-26-21tile error, WIP state
13-02-2022-20-26-21tile error, WIP state
13-02-2022-20-26-21tile error, WIP state
13-02-2022-20-26-21tile error, WIP state
13-02-2022-20-26-21tile error, WIP state
13-02-2022-20-26-21tile error, WIP state
13-02-2022-20-26-21tile error, WIP state
13-02-2022-20-26-21tile error, WIP state
13-02-2022-20-26-21tile error, WIP state
13-02-2022-20-26-22tile error, WIP state
13-02-2022-20-26-22tile error, WIP state
13-02-2022-20-26-22tile error, WIP state
13-02-2022-20-26-22tile error, WIP state
13-02-2022-20-26-22tile error, WIP state
13-02-2022-20-26-22tile error, WIP state
13-02-2022-20-26-22tile error, WIP state
13-02-2022-20-26-22tile error, WIP state
13-02-2022-20-26-22tile error, WIP state
13-02-2022-20-26-22tile error, WIP state
13-02-2022-20-26-22tile error, WIP state
13-02-2022-20-26-22tile error, WIP state
13-02-2022-20-26-24tile error, WIP state
13-02-2022-20-26-24tile error, WIP state
13-02-2022-20-26-24tile error, WIP state
13-02-2022-20-26-24tile error, WIP state
13-02-2022-20-26-24tile error, WIP state
13-02-2022-20-26-24tile error, WIP state
13-02-2022-20-26-24tile error, WIP state
13-02-2022-20-26-24tile error, WIP state
13-02-2022-20-26-24tile error, WIP state
13-02-2022-20-26-24tile error, WIP state
13-02-2022-20-26-24tile error, WIP state
13-02-2022-20-26-24tile error, WIP state
13-02-2022-20-26-25tile error, WIP state
13-02-2022-20-26-25tile error, WIP state
13-02-2022-20-26-25tile error, WIP state
13-02-2022-20-26-25tile error, WIP state
13-02-2022-20-26-25tile error, WIP state
13-02-2022-20-26-25tile error, WIP state
13-02-2022-20-26-25tile error, WIP state
13-02-2022-20-26-25tile error, WIP state
13-02-2022-20-26-26tile error, WIP state
13-02-2022-20-26-26tile error, WIP state
13-02-2022-20-26-26tile error, WIP state
13-02-2022-20-26-26tile error, WIP state
13-02-2022-20-26-26tile error, WIP state
13-02-2022-20-26-26tile error, WIP state
13-02-2022-20-26-26tile error, WIP state
13-02-2022-20-26-26tile error, WIP state
13-02-2022-20-26-26tile error, WIP state
13-02-2022-20-26-26tile error, WIP state
13-02-2022-20-26-26tile error, WIP state
13-02-2022-20-26-26tile error, WIP state
13-02-2022-20-26-26tile error, WIP state
13-02-2022-20-26-26tile error, WIP state
13-02-2022-20-26-26tile error, WIP state
13-02-2022-20-26-26tile error, WIP state
13-02-2022-20-26-28tile error, WIP state
13-02-2022-20-26-28tile error, WIP state
13-02-2022-20-26-28tile error, WIP state
13-02-2022-20-26-28tile error, WIP state
13-02-2022-20-26-28tile error, WIP state
13-02-2022-20-26-28tile error, WIP state
13-02-2022-20-26-28tile error, WIP state
13-02-2022-20-26-28tile error, WIP state
13-02-2022-20-26-28tile error, WIP state
13-02-2022-20-26-28tile error, WIP state
13-02-2022-20-26-28tile error, WIP state
13-02-2022-20-26-29tile error, WIP state
13-02-2022-20-26-29tile error, WIP state
13-02-2022-20-26-29tile error, WIP state
13-02-2022-20-26-29tile error, WIP state
13-02-2022-20-26-29tile error, WIP state
13-02-2022-20-26-29tile error, WIP state
13-02-2022-20-26-29tile error, WIP state
13-02-2022-20-26-30tile error, WIP state
13-02-2022-20-26-30tile error, WIP state
13-02-2022-20-26-30tile error, WIP state
13-02-2022-20-26-30tile error, WIP state
13-02-2022-20-26-30tile error, WIP state
13-02-2022-20-26-30tile error, WIP state
13-02-2022-20-26-30tile error, WIP state
13-02-2022-20-26-30tile error, WIP state
13-02-2022-20-26-30tile error, WIP state
13-02-2022-20-26-30tile error, WIP state
13-02-2022-20-26-30tile error, WIP state
13-02-2022-20-26-30tile error, WIP state
13-02-2022-20-26-30tile error, WIP state
13-02-2022-20-26-30tile error, WIP state
13-02-2022-20-26-30tile error, WIP state
13-02-2022-20-26-30tile error, WIP state
13-02-2022-20-26-30tile error, WIP state
13-02-2022-20-26-30tile error, WIP state
13-02-2022-20-26-32tile error, WIP state
13-02-2022-20-26-33tile error, WIP state
13-02-2022-20-26-33tile error, WIP state
13-02-2022-20-26-33tile error, WIP state
13-02-2022-20-26-33tile error, WIP state
13-02-2022-20-26-33tile error, WIP state
13-02-2022-20-26-33tile error, WIP state
13-02-2022-20-26-33tile error, WIP state
13-02-2022-20-26-33tile error, WIP state
13-02-2022-20-26-33tile error, WIP state
13-02-2022-20-26-33tile error, WIP state
13-02-2022-20-26-34tile error, WIP state
13-02-2022-20-26-34tile error, WIP state
13-02-2022-20-26-34tile error, WIP state
13-02-2022-20-26-34tile error, WIP state
13-02-2022-20-26-34tile error, WIP state
13-02-2022-20-26-34tile error, WIP state
13-02-2022-20-26-34tile error, WIP state
13-02-2022-20-26-34tile error, WIP state
13-02-2022-20-26-34tile error, WIP state
13-02-2022-20-26-34tile error, WIP state
13-02-2022-20-26-34tile error, WIP state
13-02-2022-20-26-34tile error, WIP state
13-02-2022-20-26-34tile error, WIP state
13-02-2022-20-26-34tile error, WIP state
13-02-2022-20-26-34tile error, WIP state
13-02-2022-20-26-34tile error, WIP state
13-02-2022-20-26-34tile error, WIP state
13-02-2022-20-26-34tile error, WIP state
13-02-2022-20-26-34tile error, WIP state
13-02-2022-20-26-34tile error, WIP state
13-02-2022-20-26-35tile error, WIP state
13-02-2022-20-26-35tile error, WIP state
13-02-2022-20-26-35tile error, WIP state
13-02-2022-20-26-35tile error, WIP state
13-02-2022-20-26-35tile error, WIP state
13-02-2022-20-26-37tile error, WIP state
13-02-2022-20-26-37tile error, WIP state
13-02-2022-20-26-37tile error, WIP state
13-02-2022-20-26-38tile error, WIP state
13-02-2022-20-26-38tile error, WIP state
13-02-2022-20-26-38tile error, WIP state
13-02-2022-20-26-38tile error, WIP state
13-02-2022-20-26-38tile error, WIP state
13-02-2022-20-26-38tile error, WIP state
13-02-2022-20-26-38tile error, WIP state
13-02-2022-20-26-38tile error, WIP state
13-02-2022-20-26-38tile error, WIP state
13-02-2022-20-26-38tile error, WIP state
13-02-2022-20-26-38tile error, WIP state
13-02-2022-20-26-38tile error, WIP state
13-02-2022-20-26-38tile error, WIP state
13-02-2022-20-26-39tile error, WIP state
13-02-2022-20-26-39tile error, WIP state
13-02-2022-20-26-39tile error, WIP state
13-02-2022-20-26-39tile error, WIP state
13-02-2022-20-26-39tile error, WIP state
13-02-2022-20-26-39tile error, WIP state
13-02-2022-20-26-39tile error, WIP state
13-02-2022-20-26-39tile error, WIP state
13-02-2022-20-26-39tile error, WIP state
13-02-2022-20-26-39tile error, WIP state
13-02-2022-20-26-39tile error, WIP state
13-02-2022-20-26-39tile error, WIP state
13-02-2022-20-26-39tile error, WIP state
13-02-2022-20-26-39tile error, WIP state
13-02-2022-20-26-39tile error, WIP state
13-02-2022-20-26-39tile error, WIP state
13-02-2022-20-26-39tile error, WIP state
13-02-2022-20-26-39tile error, WIP state
13-02-2022-20-26-39tile error, WIP state
13-02-2022-20-26-40tile error, WIP state
13-02-2022-20-26-41tile error, WIP state
13-02-2022-20-26-41tile error, WIP state
13-02-2022-20-26-42tile error, WIP state
13-02-2022-20-26-42tile error, WIP state
13-02-2022-20-26-42tile error, WIP state
13-02-2022-20-26-42tile error, WIP state
13-02-2022-20-26-42tile error, WIP state
13-02-2022-20-26-42tile error, WIP state
13-02-2022-20-26-42tile error, WIP state
13-02-2022-20-26-42tile error, WIP state
13-02-2022-20-26-42tile error, WIP state
13-02-2022-20-26-42tile error, WIP state
13-02-2022-20-26-42tile error, WIP state
13-02-2022-20-26-42tile error, WIP state
13-02-2022-20-26-42tile error, WIP state
13-02-2022-20-26-43tile error, WIP state
13-02-2022-20-26-43tile error, WIP state
13-02-2022-20-26-43tile error, WIP state
13-02-2022-20-26-43tile error, WIP state
13-02-2022-20-26-43tile error, WIP state
13-02-2022-20-26-43tile error, WIP state
13-02-2022-20-26-43tile error, WIP state
13-02-2022-20-26-43tile error, WIP state
13-02-2022-20-26-43tile error, WIP state
13-02-2022-20-26-43tile error, WIP state
13-02-2022-20-26-43tile error, WIP state
13-02-2022-20-26-43tile error, WIP state
13-02-2022-20-26-43tile error, WIP state
13-02-2022-20-26-43tile error, WIP state
13-02-2022-20-26-43tile error, WIP state
13-02-2022-20-26-43tile error, WIP state
13-02-2022-20-26-43tile error, WIP state
13-02-2022-20-26-43tile error, WIP state
13-02-2022-20-26-43tile error, WIP state
13-02-2022-20-26-43tile error, WIP state
13-02-2022-20-26-44tile error, WIP state
13-02-2022-20-26-46tile error, WIP state
13-02-2022-20-26-46tile error, WIP state
13-02-2022-20-26-46tile error, WIP state
13-02-2022-20-26-46tile error, WIP state
13-02-2022-20-26-46tile error, WIP state
13-02-2022-20-26-46tile error, WIP state
13-02-2022-20-26-46tile error, WIP state
13-02-2022-20-26-46tile error, WIP state
13-02-2022-20-26-47tile error, WIP state
13-02-2022-20-26-47tile error, WIP state
13-02-2022-20-26-47tile error, WIP state
13-02-2022-20-26-47tile error, WIP state
13-02-2022-20-26-47tile error, WIP state
13-02-2022-20-26-47tile error, WIP state
13-02-2022-20-26-47tile error, WIP state
13-02-2022-20-26-47tile error, WIP state
13-02-2022-20-26-47tile error, WIP state
13-02-2022-20-26-47tile error, WIP state
13-02-2022-20-26-47tile error, WIP state
13-02-2022-20-26-47tile error, WIP state
13-02-2022-20-26-47tile error, WIP state
13-02-2022-20-26-47tile error, WIP state
13-02-2022-20-26-47tile error, WIP state
13-02-2022-20-26-47tile error, WIP state
13-02-2022-20-26-47tile error, WIP state
13-02-2022-20-26-47tile error, WIP state
13-02-2022-20-26-47tile error, WIP state
13-02-2022-20-26-47tile error, WIP state
13-02-2022-20-26-48tile error, WIP state
13-02-2022-20-26-48tile error, WIP state
13-02-2022-20-26-48tile error, WIP state
13-02-2022-20-26-48tile error, WIP state
13-02-2022-20-26-48tile error, WIP state
13-02-2022-20-26-48tile error, WIP state
13-02-2022-20-26-48tile error, WIP state
13-02-2022-20-26-48tile error, WIP state
13-02-2022-20-26-50tile error, WIP state
13-02-2022-20-26-50tile error, WIP state
13-02-2022-20-26-50tile error, WIP state
13-02-2022-20-26-50tile error, WIP state
13-02-2022-20-26-50tile error, WIP state
13-02-2022-20-26-50tile error, WIP state
13-02-2022-20-26-50tile error, WIP state
13-02-2022-20-26-50tile error, WIP state
13-02-2022-20-26-50tile error, WIP state
13-02-2022-20-26-50tile error, WIP state
13-02-2022-20-26-50tile error, WIP state
13-02-2022-20-26-50tile error, WIP state
13-02-2022-20-26-51tile error, WIP state
13-02-2022-20-26-51tile error, WIP state
13-02-2022-20-26-51tile error, WIP state
13-02-2022-20-26-51tile error, WIP state
13-02-2022-20-26-51tile error, WIP state
13-02-2022-20-26-51tile error, WIP state
13-02-2022-20-26-51tile error, WIP state
13-02-2022-20-26-51tile error, WIP state
13-02-2022-20-26-51tile error, WIP state
13-02-2022-20-26-52tile error, WIP state
13-02-2022-20-26-52tile error, WIP state
13-02-2022-20-26-52tile error, WIP state
13-02-2022-20-26-52tile error, WIP state
13-02-2022-20-26-52tile error, WIP state
13-02-2022-20-26-52tile error, WIP state
13-02-2022-20-26-52tile error, WIP state
13-02-2022-20-26-52tile error, WIP state
13-02-2022-20-26-52tile error, WIP state
13-02-2022-20-26-52tile error, WIP state
13-02-2022-20-26-52tile error, WIP state
13-02-2022-20-26-52tile error, WIP state
13-02-2022-20-26-52tile error, WIP state
13-02-2022-20-26-52tile error, WIP state
13-02-2022-20-26-52tile error, WIP state
13-02-2022-20-26-54tile error, WIP state
13-02-2022-20-26-54tile error, WIP state
13-02-2022-20-26-55tile error, WIP state
13-02-2022-20-26-55tile error, WIP state
13-02-2022-20-26-55tile error, WIP state
13-02-2022-20-26-55tile error, WIP state
13-02-2022-20-26-55tile error, WIP state
13-02-2022-20-26-55tile error, WIP state
13-02-2022-20-26-55tile error, WIP state
13-02-2022-20-26-55tile error, WIP state
13-02-2022-20-26-55tile error, WIP state
13-02-2022-20-26-55tile error, WIP state
13-02-2022-20-26-56tile error, WIP state
13-02-2022-20-26-56tile error, WIP state
13-02-2022-20-26-56tile error, WIP state
13-02-2022-20-26-56tile error, WIP state
13-02-2022-20-26-56tile error, WIP state
13-02-2022-20-26-56tile error, WIP state
13-02-2022-20-26-56tile error, WIP state
13-02-2022-20-26-56tile error, WIP state
13-02-2022-20-26-56tile error, WIP state
13-02-2022-20-26-56tile error, WIP state
13-02-2022-20-26-56tile error, WIP state
13-02-2022-20-26-56tile error, WIP state
13-02-2022-20-26-56tile error, WIP state
13-02-2022-20-26-56tile error, WIP state
13-02-2022-20-26-56tile error, WIP state
13-02-2022-20-26-57tile error, WIP state
13-02-2022-20-26-57tile error, WIP state
13-02-2022-20-26-57tile error, WIP state
13-02-2022-20-26-57tile error, WIP state
13-02-2022-20-26-57tile error, WIP state
13-02-2022-20-26-57tile error, WIP state
13-02-2022-20-26-57tile error, WIP state
13-02-2022-20-26-57tile error, WIP state
13-02-2022-20-26-57tile error, WIP state
13-02-2022-20-26-59tile error, WIP state
13-02-2022-20-26-59tile error, WIP state
13-02-2022-20-26-59tile error, WIP state
13-02-2022-20-26-59tile error, WIP state
13-02-2022-20-26-59tile error, WIP state
13-02-2022-20-26-59tile error, WIP state
13-02-2022-20-26-59tile error, WIP state
13-02-2022-20-26-59tile error, WIP state
13-02-2022-20-26-59tile error, WIP state
13-02-2022-20-26-59tile error, WIP state
13-02-2022-20-26-59tile error, WIP state
13-02-2022-20-27-00tile error, WIP state
13-02-2022-20-27-00tile error, WIP state
13-02-2022-20-27-00tile error, WIP state
13-02-2022-20-27-00tile error, WIP state
13-02-2022-20-27-00tile error, WIP state
13-02-2022-20-27-00tile error, WIP state
13-02-2022-20-27-00tile error, WIP state
13-02-2022-20-27-00tile error, WIP state
13-02-2022-20-27-00tile error, WIP state
13-02-2022-20-27-00tile error, WIP state
13-02-2022-20-27-01tile error, WIP state
13-02-2022-20-27-01tile error, WIP state
13-02-2022-20-27-01tile error, WIP state
13-02-2022-20-27-01tile error, WIP state
13-02-2022-20-27-01tile error, WIP state
13-02-2022-20-27-01tile error, WIP state
13-02-2022-20-27-01tile error, WIP state
13-02-2022-20-27-01tile error, WIP state
13-02-2022-20-27-01tile error, WIP state
13-02-2022-20-27-01tile error, WIP state
13-02-2022-20-27-01tile error, WIP state
13-02-2022-20-27-01tile error, WIP state
13-02-2022-20-27-01tile error, WIP state
13-02-2022-20-27-01tile error, WIP state
13-02-2022-20-27-01tile error, WIP state
13-02-2022-20-27-03tile error, WIP state
13-02-2022-20-27-03tile error, WIP state
13-02-2022-20-27-04tile error, WIP state
13-02-2022-20-27-04tile error, WIP state
13-02-2022-20-27-04tile error, WIP state
13-02-2022-20-27-04tile error, WIP state
13-02-2022-20-27-04tile error, WIP state
13-02-2022-20-27-04tile error, WIP state
13-02-2022-20-27-04tile error, WIP state
13-02-2022-20-27-04tile error, WIP state
13-02-2022-20-27-04tile error, WIP state
13-02-2022-20-27-04tile error, WIP state
13-02-2022-20-27-05tile error, WIP state
13-02-2022-20-27-05tile error, WIP state
13-02-2022-20-27-05tile error, WIP state
13-02-2022-20-27-05tile error, WIP state
13-02-2022-20-27-05tile error, WIP state
13-02-2022-20-27-05tile error, WIP state
13-02-2022-20-27-05tile error, WIP state
13-02-2022-20-27-05tile error, WIP state
13-02-2022-20-27-05tile error, WIP state
13-02-2022-20-27-05tile error, WIP state
13-02-2022-20-27-05tile error, WIP state
13-02-2022-20-27-05tile error, WIP state
13-02-2022-20-27-05tile error, WIP state
13-02-2022-20-27-05tile error, WIP state
13-02-2022-20-27-05tile error, WIP state
13-02-2022-20-27-05tile error, WIP state
13-02-2022-20-27-06tile error, WIP state
13-02-2022-20-27-06tile error, WIP state
13-02-2022-20-27-06tile error, WIP state
13-02-2022-20-27-06tile error, WIP state
13-02-2022-20-27-06tile error, WIP state
13-02-2022-20-27-06tile error, WIP state
13-02-2022-20-27-06tile error, WIP state
13-02-2022-20-27-06tile error, WIP state
13-02-2022-20-27-08tile error, WIP state
13-02-2022-20-27-08tile error, WIP state
13-02-2022-20-27-08tile error, WIP state
13-02-2022-20-27-08tile error, WIP state
13-02-2022-20-27-08tile error, WIP state
13-02-2022-20-27-08tile error, WIP state
13-02-2022-20-27-08tile error, WIP state
13-02-2022-20-27-08tile error, WIP state
13-02-2022-20-27-08tile error, WIP state
13-02-2022-20-27-08tile error, WIP state
13-02-2022-20-27-08tile error, WIP state
13-02-2022-20-27-08tile error, WIP state
13-02-2022-20-27-09tile error, WIP state
13-02-2022-20-27-09tile error, WIP state
13-02-2022-20-27-09tile error, WIP state
13-02-2022-20-27-09tile error, WIP state
13-02-2022-20-27-09tile error, WIP state
13-02-2022-20-27-09tile error, WIP state
13-02-2022-20-27-09tile error, WIP state
13-02-2022-20-27-09tile error, WIP state
13-02-2022-20-27-09tile error, WIP state
13-02-2022-20-27-09tile error, WIP state
13-02-2022-20-27-09tile error, WIP state
13-02-2022-20-27-10tile error, WIP state
13-02-2022-20-27-10tile error, WIP state
13-02-2022-20-27-10tile error, WIP state
13-02-2022-20-27-10tile error, WIP state
13-02-2022-20-27-10tile error, WIP state
13-02-2022-20-27-10tile error, WIP state
13-02-2022-20-27-10tile error, WIP state
13-02-2022-20-27-10tile error, WIP state
13-02-2022-20-27-10tile error, WIP state
13-02-2022-20-27-10tile error, WIP state
13-02-2022-20-27-10tile error, WIP state
13-02-2022-20-27-10tile error, WIP state
13-02-2022-20-27-10tile error, WIP state
13-02-2022-20-27-14tile error, WIP state
13-02-2022-20-27-14tile error, WIP state
13-02-2022-20-27-14tile error, WIP state
13-02-2022-20-27-14tile error, WIP state
13-02-2022-20-27-14tile error, WIP state
13-02-2022-20-27-14tile error, WIP state
13-02-2022-20-27-14tile error, WIP state
13-02-2022-20-27-14tile error, WIP state
13-02-2022-20-27-14tile error, WIP state
13-02-2022-20-27-14tile error, WIP state
13-02-2022-20-27-14tile error, WIP state
13-02-2022-20-27-14tile error, WIP state
13-02-2022-20-27-14tile error, WIP state
13-02-2022-20-27-14tile error, WIP state
13-02-2022-20-27-14tile error, WIP state
13-02-2022-20-27-14tile error, WIP state
13-02-2022-20-27-14tile error, WIP state
13-02-2022-20-27-14tile error, WIP state
13-02-2022-20-27-14tile error, WIP state
13-02-2022-20-27-15tile error, WIP state
13-02-2022-20-27-15tile error, WIP state
13-02-2022-20-27-15tile error, WIP state
13-02-2022-20-27-15tile error, WIP state
13-02-2022-20-27-15tile error, WIP state
13-02-2022-20-27-15tile error, WIP state
13-02-2022-20-27-15tile error, WIP state
13-02-2022-20-27-15tile error, WIP state
13-02-2022-20-27-15tile error, WIP state
13-02-2022-20-27-15tile error, WIP state
13-02-2022-20-27-15tile error, WIP state
13-02-2022-20-27-15tile error, WIP state
13-02-2022-20-27-15tile error, WIP state
13-02-2022-20-27-15tile error, WIP state
13-02-2022-20-27-15tile error, WIP state
13-02-2022-20-27-15tile error, WIP state
13-02-2022-20-27-15tile error, WIP state
13-02-2022-20-27-17tile error, WIP state
13-02-2022-20-27-17tile error, WIP state
13-02-2022-20-27-17tile error, WIP state
13-02-2022-20-27-17tile error, WIP state
13-02-2022-20-27-18tile error, WIP state
13-02-2022-20-27-18tile error, WIP state
13-02-2022-20-27-18tile error, WIP state
13-02-2022-20-27-18tile error, WIP state
13-02-2022-20-27-18tile error, WIP state
13-02-2022-20-27-18tile error, WIP state
13-02-2022-20-27-18tile error, WIP state
13-02-2022-20-27-18tile error, WIP state
13-02-2022-20-27-19tile error, WIP state
13-02-2022-20-27-19tile error, WIP state
13-02-2022-20-27-19tile error, WIP state
13-02-2022-20-27-19tile error, WIP state
13-02-2022-20-27-19tile error, WIP state
13-02-2022-20-27-19tile error, WIP state
13-02-2022-20-27-19tile error, WIP state
13-02-2022-20-27-19tile error, WIP state
13-02-2022-20-27-19tile error, WIP state
13-02-2022-20-27-19tile error, WIP state
13-02-2022-20-27-19tile error, WIP state
13-02-2022-20-27-19tile error, WIP state
13-02-2022-20-27-19tile error, WIP state
13-02-2022-20-27-19tile error, WIP state
13-02-2022-20-27-19tile error, WIP state
13-02-2022-20-27-19tile error, WIP state
13-02-2022-20-27-20tile error, WIP state
13-02-2022-20-27-20tile error, WIP state
13-02-2022-20-27-20tile error, WIP state
13-02-2022-20-27-20tile error, WIP state
13-02-2022-20-27-20tile error, WIP state
13-02-2022-20-27-20tile error, WIP state
13-02-2022-20-27-20tile error, WIP state
13-02-2022-20-27-20tile error, WIP state
13-02-2022-20-27-22tile error, WIP state
13-02-2022-20-27-22tile error, WIP state
13-02-2022-20-27-23tile error, WIP state
13-02-2022-20-27-23tile error, WIP state
13-02-2022-20-27-23tile error, WIP state
13-02-2022-20-27-23tile error, WIP state
13-02-2022-20-27-23tile error, WIP state
13-02-2022-20-27-23tile error, WIP state
13-02-2022-20-27-23tile error, WIP state
13-02-2022-20-27-23tile error, WIP state
13-02-2022-20-27-23tile error, WIP state
13-02-2022-20-27-23tile error, WIP state
13-02-2022-20-27-23tile error, WIP state
13-02-2022-20-27-23tile error, WIP state
13-02-2022-20-27-23tile error, WIP state
13-02-2022-20-27-23tile error, WIP state
13-02-2022-20-27-23tile error, WIP state
13-02-2022-20-27-23tile error, WIP state
13-02-2022-20-27-24tile error, WIP state
13-02-2022-20-27-24tile error, WIP state
13-02-2022-20-27-24tile error, WIP state
13-02-2022-20-27-24tile error, WIP state
13-02-2022-20-27-24tile error, WIP state
13-02-2022-20-27-24tile error, WIP state
13-02-2022-20-27-24tile error, WIP state
13-02-2022-20-27-24tile error, WIP state
13-02-2022-20-27-24tile error, WIP state
13-02-2022-20-27-24tile error, WIP state
13-02-2022-20-27-24tile error, WIP state
13-02-2022-20-27-24tile error, WIP state
13-02-2022-20-27-24tile error, WIP state
13-02-2022-20-27-24tile error, WIP state
13-02-2022-20-27-24tile error, WIP state
13-02-2022-20-27-24tile error, WIP state
13-02-2022-20-27-24tile error, WIP state
13-02-2022-20-27-24tile error, WIP state
13-02-2022-20-27-26tile error, WIP state
13-02-2022-20-27-27tile error, WIP state
13-02-2022-20-27-27tile error, WIP state
13-02-2022-20-27-27tile error, WIP state
13-02-2022-20-27-27tile error, WIP state
13-02-2022-20-27-27tile error, WIP state
13-02-2022-20-27-27tile error, WIP state
13-02-2022-20-27-27tile error, WIP state
13-02-2022-20-27-27tile error, WIP state
13-02-2022-20-27-27tile error, WIP state
13-02-2022-20-27-28tile error, WIP state
13-02-2022-20-27-28tile error, WIP state
13-02-2022-20-27-28tile error, WIP state
13-02-2022-20-27-28tile error, WIP state
13-02-2022-20-27-28tile error, WIP state
13-02-2022-20-27-28tile error, WIP state
13-02-2022-20-27-28tile error, WIP state
13-02-2022-20-27-28tile error, WIP state
13-02-2022-20-27-28tile error, WIP state
13-02-2022-20-27-28tile error, WIP state
13-02-2022-20-27-28tile error, WIP state
13-02-2022-20-27-28tile error, WIP state
13-02-2022-20-27-28tile error, WIP state
13-02-2022-20-27-28tile error, WIP state
13-02-2022-20-27-28tile error, WIP state
13-02-2022-20-27-28tile error, WIP state
13-02-2022-20-27-28tile error, WIP state
13-02-2022-20-27-28tile error, WIP state
13-02-2022-20-27-28tile error, WIP state
13-02-2022-20-27-28tile error, WIP state
13-02-2022-20-27-29tile error, WIP state
13-02-2022-20-27-29tile error, WIP state
13-02-2022-20-27-29tile error, WIP state
13-02-2022-20-27-29tile error, WIP state
13-02-2022-20-27-29tile error, WIP state
13-02-2022-20-27-29tile error, WIP state
13-02-2022-20-27-30tile error, WIP state
13-02-2022-20-27-31tile error, WIP state
13-02-2022-20-27-31tile error, WIP state
13-02-2022-20-27-31tile error, WIP state
13-02-2022-20-27-31tile error, WIP state
13-02-2022-20-27-31tile error, WIP state
13-02-2022-20-27-31tile error, WIP state
13-02-2022-20-27-31tile error, WIP state
13-02-2022-20-27-31tile error, WIP state
13-02-2022-20-27-31tile error, WIP state
13-02-2022-20-27-31tile error, WIP state
13-02-2022-20-27-31tile error, WIP state
13-02-2022-20-27-31tile error, WIP state
13-02-2022-20-27-31tile error, WIP state
13-02-2022-20-27-31tile error, WIP state
13-02-2022-20-27-31tile error, WIP state
13-02-2022-20-27-31tile error, WIP state
13-02-2022-20-27-31tile error, WIP state
13-02-2022-20-27-31tile error, WIP state
13-02-2022-20-27-31tile error, WIP state
13-02-2022-20-27-32tile error, WIP state
13-02-2022-20-27-32tile error, WIP state
13-02-2022-20-27-32tile error, WIP state
13-02-2022-20-27-32tile error, WIP state
13-02-2022-20-27-32tile error, WIP state
13-02-2022-20-27-32tile error, WIP state
13-02-2022-20-27-32tile error, WIP state
13-02-2022-20-27-32tile error, WIP state
13-02-2022-20-27-33tile error, WIP state
13-02-2022-20-27-33tile error, WIP state
13-02-2022-20-27-33tile error, WIP state
13-02-2022-20-27-33tile error, WIP state
13-02-2022-20-27-33tile error, WIP state
13-02-2022-20-27-33tile error, WIP state
13-02-2022-20-27-33tile error, WIP state
13-02-2022-20-27-33tile error, WIP state
13-02-2022-20-27-35tile error, WIP state
13-02-2022-20-27-35tile error, WIP state
13-02-2022-20-27-35tile error, WIP state
13-02-2022-20-27-35tile error, WIP state
13-02-2022-20-27-35tile error, WIP state
13-02-2022-20-27-35tile error, WIP state
13-02-2022-20-27-35tile error, WIP state
13-02-2022-20-27-35tile error, WIP state
13-02-2022-20-27-35tile error, WIP state
13-02-2022-20-27-35tile error, WIP state
13-02-2022-20-27-35tile error, WIP state
13-02-2022-20-27-35tile error, WIP state
13-02-2022-20-27-35tile error, WIP state
13-02-2022-20-27-35tile error, WIP state
13-02-2022-20-27-35tile error, WIP state
13-02-2022-20-27-36tile error, WIP state
13-02-2022-20-27-36tile error, WIP state
13-02-2022-20-27-36tile error, WIP state
13-02-2022-20-27-36tile error, WIP state
13-02-2022-20-27-36tile error, WIP state
13-02-2022-20-27-36tile error, WIP state
13-02-2022-20-27-36tile error, WIP state
13-02-2022-20-27-37tile error, WIP state
13-02-2022-20-27-37tile error, WIP state
13-02-2022-20-27-37tile error, WIP state
13-02-2022-20-27-37tile error, WIP state
13-02-2022-20-27-37tile error, WIP state
13-02-2022-20-27-37tile error, WIP state
13-02-2022-20-27-37tile error, WIP state
13-02-2022-20-27-37tile error, WIP state
13-02-2022-20-27-37tile error, WIP state
13-02-2022-20-27-37tile error, WIP state
13-02-2022-20-27-37tile error, WIP state
13-02-2022-20-27-37tile error, WIP state
13-02-2022-20-27-37tile error, WIP state
13-02-2022-20-27-37tile error, WIP state
13-02-2022-20-27-39tile error, WIP state
13-02-2022-20-27-39tile error, WIP state
13-02-2022-20-27-39tile error, WIP state
13-02-2022-20-27-39tile error, WIP state
13-02-2022-20-27-39tile error, WIP state
13-02-2022-20-27-39tile error, WIP state
13-02-2022-20-27-39tile error, WIP state
13-02-2022-20-27-39tile error, WIP state
13-02-2022-20-27-39tile error, WIP state
13-02-2022-20-27-39tile error, WIP state
13-02-2022-20-27-39tile error, WIP state
13-02-2022-20-27-40tile error, WIP state
13-02-2022-20-27-40tile error, WIP state
13-02-2022-20-27-40tile error, WIP state
13-02-2022-20-27-40tile error, WIP state
13-02-2022-20-27-40tile error, WIP state
13-02-2022-20-27-40tile error, WIP state
13-02-2022-20-27-40tile error, WIP state
13-02-2022-20-27-40tile error, WIP state
13-02-2022-20-27-41tile error, WIP state
13-02-2022-20-27-41tile error, WIP state
13-02-2022-20-27-41tile error, WIP state
13-02-2022-20-27-41tile error, WIP state
13-02-2022-20-27-41tile error, WIP state
13-02-2022-20-27-41tile error, WIP state
13-02-2022-20-27-41tile error, WIP state
13-02-2022-20-27-41tile error, WIP state
13-02-2022-20-27-41tile error, WIP state
13-02-2022-20-27-41tile error, WIP state
13-02-2022-20-27-41tile error, WIP state
13-02-2022-20-27-41tile error, WIP state
13-02-2022-20-27-41tile error, WIP state
13-02-2022-20-27-41tile error, WIP state
13-02-2022-20-27-41tile error, WIP state
13-02-2022-20-27-41tile error, WIP state
13-02-2022-20-27-41tile error, WIP state
13-02-2022-20-27-43tile error, WIP state
13-02-2022-20-27-43tile error, WIP state
13-02-2022-20-27-43tile error, WIP state
13-02-2022-20-27-43tile error, WIP state
13-02-2022-20-27-43tile error, WIP state
13-02-2022-20-27-43tile error, WIP state
13-02-2022-20-27-43tile error, WIP state
13-02-2022-20-27-43tile error, WIP state
13-02-2022-20-27-44tile error, WIP state
13-02-2022-20-27-44tile error, WIP state
13-02-2022-20-27-44tile error, WIP state
13-02-2022-20-27-44tile error, WIP state
13-02-2022-20-27-44tile error, WIP state
13-02-2022-20-27-45tile error, WIP state
13-02-2022-20-27-45tile error, WIP state
13-02-2022-20-27-45tile error, WIP state
13-02-2022-20-27-45tile error, WIP state
13-02-2022-20-27-45tile error, WIP state
13-02-2022-20-27-45tile error, WIP state
13-02-2022-20-27-45tile error, WIP state
13-02-2022-20-27-45tile error, WIP state
13-02-2022-20-27-45tile error, WIP state
13-02-2022-20-27-45tile error, WIP state
13-02-2022-20-27-45tile error, WIP state
13-02-2022-20-27-45tile error, WIP state
13-02-2022-20-27-45tile error, WIP state
13-02-2022-20-27-45tile error, WIP state
13-02-2022-20-27-45tile error, WIP state
13-02-2022-20-27-45tile error, WIP state
13-02-2022-20-27-45tile error, WIP state
13-02-2022-20-27-46tile error, WIP state
13-02-2022-20-27-46tile error, WIP state
13-02-2022-20-27-46tile error, WIP state
13-02-2022-20-27-46tile error, WIP state
13-02-2022-20-27-46tile error, WIP state
13-02-2022-20-27-46tile error, WIP state
13-02-2022-20-27-48tile error, WIP state
13-02-2022-20-27-48tile error, WIP state
13-02-2022-20-27-48tile error, WIP state
13-02-2022-20-27-48tile error, WIP state
13-02-2022-20-27-48tile error, WIP state
13-02-2022-20-27-48tile error, WIP state
13-02-2022-20-27-48tile error, WIP state
13-02-2022-20-27-48tile error, WIP state
13-02-2022-20-27-48tile error, WIP state
13-02-2022-20-27-48tile error, WIP state
13-02-2022-20-27-48tile error, WIP state
13-02-2022-20-27-48tile error, WIP state
13-02-2022-20-27-49tile error, WIP state
13-02-2022-20-27-49tile error, WIP state
13-02-2022-20-27-49tile error, WIP state
13-02-2022-20-27-49tile error, WIP state
13-02-2022-20-27-49tile error, WIP state
13-02-2022-20-27-49tile error, WIP state
13-02-2022-20-27-49tile error, WIP state
13-02-2022-20-27-49tile error, WIP state
13-02-2022-20-27-49tile error, WIP state
13-02-2022-20-27-49tile error, WIP state
13-02-2022-20-27-50tile error, WIP state
13-02-2022-20-27-50tile error, WIP state
13-02-2022-20-27-50tile error, WIP state
13-02-2022-20-27-50tile error, WIP state
13-02-2022-20-27-50tile error, WIP state
13-02-2022-20-27-50tile error, WIP state
13-02-2022-20-27-50tile error, WIP state
13-02-2022-20-27-50tile error, WIP state
13-02-2022-20-27-50tile error, WIP state
13-02-2022-20-27-50tile error, WIP state
13-02-2022-20-27-50tile error, WIP state
13-02-2022-20-27-50tile error, WIP state
13-02-2022-20-27-50tile error, WIP state
13-02-2022-20-27-50tile error, WIP state
13-02-2022-20-27-52tile error, WIP state
13-02-2022-20-27-52tile error, WIP state
13-02-2022-20-27-52tile error, WIP state
13-02-2022-20-27-52tile error, WIP state
13-02-2022-20-27-52tile error, WIP state
13-02-2022-20-27-52tile error, WIP state
13-02-2022-20-27-52tile error, WIP state
13-02-2022-20-27-52tile error, WIP state
13-02-2022-20-27-52tile error, WIP state
13-02-2022-20-27-53tile error, WIP state
13-02-2022-20-27-53tile error, WIP state
13-02-2022-20-27-53tile error, WIP state
13-02-2022-20-27-53tile error, WIP state
13-02-2022-20-27-53tile error, WIP state
13-02-2022-20-27-53tile error, WIP state
13-02-2022-20-27-54tile error, WIP state
13-02-2022-20-27-54tile error, WIP state
13-02-2022-20-27-54tile error, WIP state
13-02-2022-20-27-54tile error, WIP state
13-02-2022-20-27-54tile error, WIP state
13-02-2022-20-27-54tile error, WIP state
13-02-2022-20-27-54tile error, WIP state
13-02-2022-20-27-54tile error, WIP state
13-02-2022-20-27-54tile error, WIP state
13-02-2022-20-27-54tile error, WIP state
13-02-2022-20-27-54tile error, WIP state
13-02-2022-20-27-54tile error, WIP state
13-02-2022-20-27-54tile error, WIP state
13-02-2022-20-27-54tile error, WIP state
13-02-2022-20-27-54tile error, WIP state
13-02-2022-20-27-54tile error, WIP state
13-02-2022-20-27-54tile error, WIP state
13-02-2022-20-27-55tile error, WIP state
13-02-2022-20-27-55tile error, WIP state
13-02-2022-20-27-55tile error, WIP state
13-02-2022-20-27-55tile error, WIP state
13-02-2022-20-27-56tile error, WIP state
13-02-2022-20-27-56tile error, WIP state
13-02-2022-20-27-56tile error, WIP state
13-02-2022-20-27-56tile error, WIP state
13-02-2022-20-27-56tile error, WIP state
13-02-2022-20-27-57tile error, WIP state
13-02-2022-20-27-57tile error, WIP state
13-02-2022-20-27-57tile error, WIP state
13-02-2022-20-27-57tile error, WIP state
13-02-2022-20-27-57tile error, WIP state
13-02-2022-20-27-57tile error, WIP state
13-02-2022-20-27-57tile error, WIP state
13-02-2022-20-27-57tile error, WIP state
13-02-2022-20-27-57tile error, WIP state
13-02-2022-20-27-58tile error, WIP state
13-02-2022-20-27-58tile error, WIP state
13-02-2022-20-27-58tile error, WIP state
13-02-2022-20-27-58tile error, WIP state
13-02-2022-20-27-58tile error, WIP state
13-02-2022-20-27-58tile error, WIP state
13-02-2022-20-27-58tile error, WIP state
13-02-2022-20-27-58tile error, WIP state
13-02-2022-20-27-58tile error, WIP state
13-02-2022-20-27-58tile error, WIP state
13-02-2022-20-27-58tile error, WIP state
13-02-2022-20-27-58tile error, WIP state
13-02-2022-20-27-58tile error, WIP state
13-02-2022-20-27-58tile error, WIP state
13-02-2022-20-27-58tile error, WIP state
13-02-2022-20-27-58tile error, WIP state
13-02-2022-20-27-58tile error, WIP state
13-02-2022-20-27-58tile error, WIP state
13-02-2022-20-27-59tile error, WIP state
13-02-2022-20-27-59tile error, WIP state
13-02-2022-20-27-59tile error, WIP state
13-02-2022-20-27-59tile error, WIP state
13-02-2022-20-28-00tile error, WIP state
13-02-2022-20-28-01tile error, WIP state
13-02-2022-20-28-01tile error, WIP state
13-02-2022-20-28-01tile error, WIP state
13-02-2022-20-28-01tile error, WIP state
13-02-2022-20-28-01tile error, WIP state
13-02-2022-20-28-01tile error, WIP state
13-02-2022-20-28-01tile error, WIP state
13-02-2022-20-28-01tile error, WIP state
13-02-2022-20-28-01tile error, WIP state
13-02-2022-20-28-01tile error, WIP state
13-02-2022-20-28-02tile error, WIP state
13-02-2022-20-28-02tile error, WIP state
13-02-2022-20-28-02tile error, WIP state
13-02-2022-20-28-02tile error, WIP state
13-02-2022-20-28-02tile error, WIP state
13-02-2022-20-28-02tile error, WIP state
13-02-2022-20-28-02tile error, WIP state
13-02-2022-20-28-02tile error, WIP state
13-02-2022-20-28-02tile error, WIP state
13-02-2022-20-28-02tile error, WIP state
13-02-2022-20-28-02tile error, WIP state
13-02-2022-20-28-02tile error, WIP state
13-02-2022-20-28-02tile error, WIP state
13-02-2022-20-28-02tile error, WIP state
13-02-2022-20-28-02tile error, WIP state
13-02-2022-20-28-03tile error, WIP state
13-02-2022-20-28-03tile error, WIP state
13-02-2022-20-28-03tile error, WIP state
13-02-2022-20-28-03tile error, WIP state
13-02-2022-20-28-03tile error, WIP state
13-02-2022-20-28-03tile error, WIP state
13-02-2022-20-28-03tile error, WIP state
13-02-2022-20-28-03tile error, WIP state
13-02-2022-20-28-03tile error, WIP state
13-02-2022-20-28-03tile error, WIP state
13-02-2022-20-28-05tile error, WIP state
13-02-2022-20-28-05tile error, WIP state
13-02-2022-20-28-05tile error, WIP state
13-02-2022-20-28-05tile error, WIP state
13-02-2022-20-28-05tile error, WIP state
13-02-2022-20-28-05tile error, WIP state
13-02-2022-20-28-05tile error, WIP state
13-02-2022-20-28-05tile error, WIP state
13-02-2022-20-28-05tile error, WIP state
13-02-2022-20-28-05tile error, WIP state
13-02-2022-20-28-05tile error, WIP state
13-02-2022-20-28-05tile error, WIP state
13-02-2022-20-28-06tile error, WIP state
13-02-2022-20-28-06tile error, WIP state
13-02-2022-20-28-06tile error, WIP state
13-02-2022-20-28-06tile error, WIP state
13-02-2022-20-28-06tile error, WIP state
13-02-2022-20-28-06tile error, WIP state
13-02-2022-20-28-06tile error, WIP state
13-02-2022-20-28-06tile error, WIP state
13-02-2022-20-28-06tile error, WIP state
13-02-2022-20-28-06tile error, WIP state
13-02-2022-20-28-06tile error, WIP state
13-02-2022-20-28-06tile error, WIP state
13-02-2022-20-28-06tile error, WIP state
13-02-2022-20-28-07tile error, WIP state
13-02-2022-20-28-07tile error, WIP state
13-02-2022-20-28-07tile error, WIP state
13-02-2022-20-28-07tile error, WIP state
13-02-2022-20-28-07tile error, WIP state
13-02-2022-20-28-07tile error, WIP state
13-02-2022-20-28-07tile error, WIP state
13-02-2022-20-28-07tile error, WIP state
13-02-2022-20-28-07tile error, WIP state
13-02-2022-20-28-07tile error, WIP state
13-02-2022-20-28-07tile error, WIP state
13-02-2022-20-28-09tile error, WIP state
13-02-2022-20-28-09tile error, WIP state
13-02-2022-20-28-09tile error, WIP state
13-02-2022-20-28-10tile error, WIP state
13-02-2022-20-28-10tile error, WIP state
13-02-2022-20-28-10tile error, WIP state
13-02-2022-20-28-10tile error, WIP state
13-02-2022-20-28-10tile error, WIP state
13-02-2022-20-28-10tile error, WIP state
13-02-2022-20-28-10tile error, WIP state
13-02-2022-20-28-10tile error, WIP state
13-02-2022-20-28-10tile error, WIP state
13-02-2022-20-28-10tile error, WIP state
13-02-2022-20-28-10tile error, WIP state
13-02-2022-20-28-10tile error, WIP state
13-02-2022-20-28-10tile error, WIP state
13-02-2022-20-28-10tile error, WIP state
13-02-2022-20-28-10tile error, WIP state
13-02-2022-20-28-10tile error, WIP state
13-02-2022-20-28-10tile error, WIP state
13-02-2022-20-28-10tile error, WIP state
13-02-2022-20-28-11tile error, WIP state
13-02-2022-20-28-11tile error, WIP state
13-02-2022-20-28-11tile error, WIP state
13-02-2022-20-28-11tile error, WIP state
13-02-2022-20-28-11tile error, WIP state
13-02-2022-20-28-11tile error, WIP state
13-02-2022-20-28-11tile error, WIP state
13-02-2022-20-28-11tile error, WIP state
13-02-2022-20-28-11tile error, WIP state
13-02-2022-20-28-11tile error, WIP state
13-02-2022-20-28-11tile error, WIP state
13-02-2022-20-28-11tile error, WIP state
13-02-2022-20-28-11tile error, WIP state
13-02-2022-20-28-11tile error, WIP state
13-02-2022-20-28-11tile error, WIP state
13-02-2022-20-28-13tile error, WIP state
13-02-2022-20-28-14tile error, WIP state
13-02-2022-20-28-14tile error, WIP state
13-02-2022-20-28-14tile error, WIP state
13-02-2022-20-28-14tile error, WIP state
13-02-2022-20-28-14tile error, WIP state
13-02-2022-20-28-14tile error, WIP state
13-02-2022-20-28-14tile error, WIP state
13-02-2022-20-28-14tile error, WIP state
13-02-2022-20-28-14tile error, WIP state
13-02-2022-20-28-14tile error, WIP state
13-02-2022-20-28-14tile error, WIP state
13-02-2022-20-28-14tile error, WIP state
13-02-2022-20-28-14tile error, WIP state
13-02-2022-20-28-14tile error, WIP state
13-02-2022-20-28-15tile error, WIP state
13-02-2022-20-28-15tile error, WIP state
13-02-2022-20-28-15tile error, WIP state
13-02-2022-20-28-15tile error, WIP state
13-02-2022-20-28-15tile error, WIP state
13-02-2022-20-28-15tile error, WIP state
13-02-2022-20-28-15tile error, WIP state
13-02-2022-20-28-15tile error, WIP state
13-02-2022-20-28-15tile error, WIP state
13-02-2022-20-28-15tile error, WIP state
13-02-2022-20-28-15tile error, WIP state
13-02-2022-20-28-15tile error, WIP state
13-02-2022-20-28-15tile error, WIP state
13-02-2022-20-28-15tile error, WIP state
13-02-2022-20-28-15tile error, WIP state
13-02-2022-20-28-15tile error, WIP state
13-02-2022-20-28-15tile error, WIP state
13-02-2022-20-28-15tile error, WIP state
13-02-2022-20-28-15tile error, WIP state
13-02-2022-20-28-15tile error, WIP state
13-02-2022-20-28-16tile error, WIP state
13-02-2022-20-28-17tile error, WIP state
13-02-2022-20-28-17tile error, WIP state
13-02-2022-20-28-17tile error, WIP state
13-02-2022-20-28-17tile error, WIP state
13-02-2022-20-28-18tile error, WIP state
13-02-2022-20-28-18tile error, WIP state
13-02-2022-20-28-18tile error, WIP state
13-02-2022-20-28-18tile error, WIP state
13-02-2022-20-28-18tile error, WIP state
13-02-2022-20-28-18tile error, WIP state
13-02-2022-20-28-18tile error, WIP state
13-02-2022-20-28-18tile error, WIP state
13-02-2022-20-28-18tile error, WIP state
13-02-2022-20-28-19tile error, WIP state
13-02-2022-20-28-19tile error, WIP state
13-02-2022-20-28-19tile error, WIP state
13-02-2022-20-28-19tile error, WIP state
13-02-2022-20-28-19tile error, WIP state
13-02-2022-20-28-19tile error, WIP state
13-02-2022-20-28-19tile error, WIP state
13-02-2022-20-28-19tile error, WIP state
13-02-2022-20-28-19tile error, WIP state
13-02-2022-20-28-19tile error, WIP state
13-02-2022-20-28-19tile error, WIP state
13-02-2022-20-28-19tile error, WIP state
13-02-2022-20-28-19tile error, WIP state
13-02-2022-20-28-19tile error, WIP state
13-02-2022-20-28-19tile error, WIP state
13-02-2022-20-28-19tile error, WIP state
13-02-2022-20-28-19tile error, WIP state
13-02-2022-20-28-19tile error, WIP state
13-02-2022-20-28-20tile error, WIP state
13-02-2022-20-28-20tile error, WIP state
13-02-2022-20-28-20tile error, WIP state
13-02-2022-20-28-20tile error, WIP state
13-02-2022-20-28-20tile error, WIP state
13-02-2022-20-28-21tile error, WIP state
13-02-2022-20-28-22tile error, WIP state
13-02-2022-20-28-22tile error, WIP state
13-02-2022-20-28-22tile error, WIP state
13-02-2022-20-28-22tile error, WIP state
13-02-2022-20-28-22tile error, WIP state
13-02-2022-20-28-22tile error, WIP state
13-02-2022-20-28-22tile error, WIP state
13-02-2022-20-28-22tile error, WIP state
13-02-2022-20-28-22tile error, WIP state
13-02-2022-20-28-22tile error, WIP state
13-02-2022-20-28-22tile error, WIP state
13-02-2022-20-28-23tile error, WIP state
13-02-2022-20-28-23tile error, WIP state
13-02-2022-20-28-23tile error, WIP state
13-02-2022-20-28-23tile error, WIP state
13-02-2022-20-28-23tile error, WIP state
13-02-2022-20-28-23tile error, WIP state
13-02-2022-20-28-23tile error, WIP state
13-02-2022-20-28-23tile error, WIP state
13-02-2022-20-28-23tile error, WIP state
13-02-2022-20-28-23tile error, WIP state
13-02-2022-20-28-23tile error, WIP state
13-02-2022-20-28-23tile error, WIP state
13-02-2022-20-28-23tile error, WIP state
13-02-2022-20-28-23tile error, WIP state
13-02-2022-20-28-23tile error, WIP state
13-02-2022-20-28-23tile error, WIP state
13-02-2022-20-28-24tile error, WIP state
13-02-2022-20-28-24tile error, WIP state
13-02-2022-20-28-24tile error, WIP state
13-02-2022-20-28-24tile error, WIP state
13-02-2022-20-28-24tile error, WIP state
13-02-2022-20-28-24tile error, WIP state
13-02-2022-20-28-24tile error, WIP state
13-02-2022-20-28-24tile error, WIP state
13-02-2022-20-28-26tile error, WIP state
13-02-2022-20-28-26tile error, WIP state
13-02-2022-20-28-26tile error, WIP state
13-02-2022-20-28-26tile error, WIP state
13-02-2022-20-28-26tile error, WIP state
13-02-2022-20-28-26tile error, WIP state
13-02-2022-20-28-26tile error, WIP state
13-02-2022-20-28-26tile error, WIP state
13-02-2022-20-28-26tile error, WIP state
13-02-2022-20-28-26tile error, WIP state
13-02-2022-20-28-26tile error, WIP state
13-02-2022-20-28-26tile error, WIP state
13-02-2022-20-28-27tile error, WIP state
13-02-2022-20-28-27tile error, WIP state
13-02-2022-20-28-27tile error, WIP state
13-02-2022-20-28-27tile error, WIP state
13-02-2022-20-28-27tile error, WIP state
13-02-2022-20-28-27tile error, WIP state
13-02-2022-20-28-27tile error, WIP state
13-02-2022-20-28-28tile error, WIP state
13-02-2022-20-28-28tile error, WIP state
13-02-2022-20-28-28tile error, WIP state
13-02-2022-20-28-28tile error, WIP state
13-02-2022-20-28-28tile error, WIP state
13-02-2022-20-28-28tile error, WIP state
13-02-2022-20-28-28tile error, WIP state
13-02-2022-20-28-28tile error, WIP state
13-02-2022-20-28-28tile error, WIP state
13-02-2022-20-28-28tile error, WIP state
13-02-2022-20-28-28tile error, WIP state
13-02-2022-20-28-28tile error, WIP state
13-02-2022-20-28-28tile error, WIP state
13-02-2022-20-28-28tile error, WIP state
13-02-2022-20-28-28tile error, WIP state
13-02-2022-20-28-28tile error, WIP state
13-02-2022-20-28-28tile error, WIP state
13-02-2022-20-28-30tile error, WIP state
13-02-2022-20-28-30tile error, WIP state
13-02-2022-20-28-31tile error, WIP state
13-02-2022-20-28-31tile error, WIP state
13-02-2022-20-28-31tile error, WIP state
13-02-2022-20-28-31tile error, WIP state
13-02-2022-20-28-31tile error, WIP state
13-02-2022-20-28-31tile error, WIP state
13-02-2022-20-28-31tile error, WIP state
13-02-2022-20-28-31tile error, WIP state
13-02-2022-20-28-31tile error, WIP state
13-02-2022-20-28-31tile error, WIP state
13-02-2022-20-28-31tile error, WIP state
13-02-2022-20-28-32tile error, WIP state
13-02-2022-20-28-32tile error, WIP state
13-02-2022-20-28-32tile error, WIP state
13-02-2022-20-28-32tile error, WIP state
13-02-2022-20-28-32tile error, WIP state
13-02-2022-20-28-32tile error, WIP state
13-02-2022-20-28-32tile error, WIP state
13-02-2022-20-28-32tile error, WIP state
13-02-2022-20-28-32tile error, WIP state
13-02-2022-20-28-32tile error, WIP state
13-02-2022-20-28-32tile error, WIP state
13-02-2022-20-28-32tile error, WIP state
13-02-2022-20-28-32tile error, WIP state
13-02-2022-20-28-32tile error, WIP state
13-02-2022-20-28-33tile error, WIP state
13-02-2022-20-28-33tile error, WIP state
13-02-2022-20-28-33tile error, WIP state
13-02-2022-20-28-33tile error, WIP state
13-02-2022-20-28-33tile error, WIP state
13-02-2022-20-28-33tile error, WIP state
13-02-2022-20-28-33tile error, WIP state
13-02-2022-20-28-33tile error, WIP state
13-02-2022-20-28-33tile error, WIP state
13-02-2022-20-28-35tile error, WIP state
13-02-2022-20-28-35tile error, WIP state
13-02-2022-20-28-35tile error, WIP state
13-02-2022-20-28-35tile error, WIP state
13-02-2022-20-28-35tile error, WIP state
13-02-2022-20-28-35tile error, WIP state
13-02-2022-20-28-35tile error, WIP state
13-02-2022-20-28-35tile error, WIP state
13-02-2022-20-28-35tile error, WIP state
13-02-2022-20-28-35tile error, WIP state
13-02-2022-20-28-35tile error, WIP state
13-02-2022-20-28-36tile error, WIP state
13-02-2022-20-28-36tile error, WIP state
13-02-2022-20-28-36tile error, WIP state
13-02-2022-20-28-36tile error, WIP state
13-02-2022-20-28-36tile error, WIP state
13-02-2022-20-28-36tile error, WIP state
13-02-2022-20-28-36tile error, WIP state
13-02-2022-20-28-36tile error, WIP state
13-02-2022-20-28-36tile error, WIP state
13-02-2022-20-28-36tile error, WIP state
13-02-2022-20-28-37tile error, WIP state
13-02-2022-20-28-37tile error, WIP state
13-02-2022-20-28-37tile error, WIP state
13-02-2022-20-28-37tile error, WIP state
13-02-2022-20-28-37tile error, WIP state
13-02-2022-20-28-37tile error, WIP state
13-02-2022-20-28-37tile error, WIP state
13-02-2022-20-28-37tile error, WIP state
13-02-2022-20-28-37tile error, WIP state
13-02-2022-20-28-37tile error, WIP state
13-02-2022-20-28-37tile error, WIP state
13-02-2022-20-28-37tile error, WIP state
13-02-2022-20-28-37tile error, WIP state
13-02-2022-20-28-37tile error, WIP state
13-02-2022-20-28-37tile error, WIP state
13-02-2022-20-28-39tile error, WIP state
13-02-2022-20-28-39tile error, WIP state
13-02-2022-20-28-39tile error, WIP state
13-02-2022-20-28-39tile error, WIP state
13-02-2022-20-28-39tile error, WIP state
13-02-2022-20-28-39tile error, WIP state
13-02-2022-20-28-39tile error, WIP state
13-02-2022-20-28-39tile error, WIP state
13-02-2022-20-28-39tile error, WIP state
13-02-2022-20-28-39tile error, WIP state
13-02-2022-20-28-39tile error, WIP state
13-02-2022-20-28-40tile error, WIP state
13-02-2022-20-28-40tile error, WIP state
13-02-2022-20-28-40tile error, WIP state
13-02-2022-20-28-40tile error, WIP state
13-02-2022-20-28-40tile error, WIP state
13-02-2022-20-28-40tile error, WIP state
13-02-2022-20-28-40tile error, WIP state
13-02-2022-20-28-40tile error, WIP state
13-02-2022-20-28-41tile error, WIP state
13-02-2022-20-28-41tile error, WIP state
13-02-2022-20-28-41tile error, WIP state
13-02-2022-20-28-41tile error, WIP state
13-02-2022-20-28-41tile error, WIP state
13-02-2022-20-28-41tile error, WIP state
13-02-2022-20-28-41tile error, WIP state
13-02-2022-20-28-41tile error, WIP state
13-02-2022-20-28-41tile error, WIP state
13-02-2022-20-28-41tile error, WIP state
13-02-2022-20-28-41tile error, WIP state
13-02-2022-20-28-41tile error, WIP state
13-02-2022-20-28-41tile error, WIP state
13-02-2022-20-28-41tile error, WIP state
13-02-2022-20-28-41tile error, WIP state
13-02-2022-20-28-41tile error, WIP state
13-02-2022-20-28-41tile error, WIP state
13-02-2022-20-28-43tile error, WIP state
13-02-2022-20-28-43tile error, WIP state
13-02-2022-20-28-43tile error, WIP state
13-02-2022-20-28-43tile error, WIP state
13-02-2022-20-28-43tile error, WIP state
13-02-2022-20-28-43tile error, WIP state
13-02-2022-20-28-43tile error, WIP state
13-02-2022-20-28-43tile error, WIP state
13-02-2022-20-28-44tile error, WIP state
13-02-2022-20-28-44tile error, WIP state
13-02-2022-20-28-44tile error, WIP state
13-02-2022-20-28-44tile error, WIP state
13-02-2022-20-28-44tile error, WIP state
13-02-2022-20-28-44tile error, WIP state
13-02-2022-20-28-44tile error, WIP state
13-02-2022-20-28-45tile error, WIP state
13-02-2022-20-28-45tile error, WIP state
13-02-2022-20-28-45tile error, WIP state
13-02-2022-20-28-45tile error, WIP state
13-02-2022-20-28-45tile error, WIP state
13-02-2022-20-28-45tile error, WIP state
13-02-2022-20-28-45tile error, WIP state
13-02-2022-20-28-45tile error, WIP state
13-02-2022-20-28-45tile error, WIP state
13-02-2022-20-28-45tile error, WIP state
13-02-2022-20-28-45tile error, WIP state
13-02-2022-20-28-45tile error, WIP state
13-02-2022-20-28-45tile error, WIP state
13-02-2022-20-28-45tile error, WIP state
13-02-2022-20-28-45tile error, WIP state
13-02-2022-20-28-45tile error, WIP state
13-02-2022-20-28-45tile error, WIP state
13-02-2022-20-28-45tile error, WIP state
13-02-2022-20-28-45tile error, WIP state
13-02-2022-20-28-45tile error, WIP state
13-02-2022-20-28-45tile error, WIP state
13-02-2022-20-28-47tile error, WIP state
13-02-2022-20-28-47tile error, WIP state
13-02-2022-20-28-47tile error, WIP state
13-02-2022-20-28-47tile error, WIP state
13-02-2022-20-28-47tile error, WIP state
13-02-2022-20-28-47tile error, WIP state
13-02-2022-20-28-48tile error, WIP state
13-02-2022-20-28-48tile error, WIP state
13-02-2022-20-28-48tile error, WIP state
13-02-2022-20-28-48tile error, WIP state
13-02-2022-20-28-48tile error, WIP state
13-02-2022-20-28-48tile error, WIP state
13-02-2022-20-28-48tile error, WIP state
13-02-2022-20-28-48tile error, WIP state
13-02-2022-20-28-49tile error, WIP state
13-02-2022-20-28-49tile error, WIP state
13-02-2022-20-28-49tile error, WIP state
13-02-2022-20-28-49tile error, WIP state
13-02-2022-20-28-49tile error, WIP state
13-02-2022-20-28-49tile error, WIP state
13-02-2022-20-28-49tile error, WIP state
13-02-2022-20-28-49tile error, WIP state
13-02-2022-20-28-49tile error, WIP state
13-02-2022-20-28-49tile error, WIP state
13-02-2022-20-28-49tile error, WIP state
13-02-2022-20-28-49tile error, WIP state
13-02-2022-20-28-49tile error, WIP state
13-02-2022-20-28-49tile error, WIP state
13-02-2022-20-28-49tile error, WIP state
13-02-2022-20-28-49tile error, WIP state
13-02-2022-20-28-49tile error, WIP state
13-02-2022-20-28-49tile error, WIP state
13-02-2022-20-28-50tile error, WIP state
13-02-2022-20-28-50tile error, WIP state
13-02-2022-20-28-50tile error, WIP state
13-02-2022-20-28-50tile error, WIP state
13-02-2022-20-28-52tile error, WIP state
13-02-2022-20-28-52tile error, WIP state
13-02-2022-20-28-52tile error, WIP state
13-02-2022-20-28-52tile error, WIP state
13-02-2022-20-28-52tile error, WIP state
13-02-2022-20-28-52tile error, WIP state
13-02-2022-20-28-52tile error, WIP state
13-02-2022-20-28-52tile error, WIP state
13-02-2022-20-28-52tile error, WIP state
13-02-2022-20-28-52tile error, WIP state
13-02-2022-20-28-53tile error, WIP state
13-02-2022-20-28-53tile error, WIP state
13-02-2022-20-28-53tile error, WIP state
13-02-2022-20-28-53tile error, WIP state
13-02-2022-20-28-53tile error, WIP state
13-02-2022-20-28-53tile error, WIP state
13-02-2022-20-28-53tile error, WIP state
13-02-2022-20-28-53tile error, WIP state
13-02-2022-20-28-53tile error, WIP state
13-02-2022-20-28-53tile error, WIP state
13-02-2022-20-28-53tile error, WIP state
13-02-2022-20-28-53tile error, WIP state
13-02-2022-20-28-53tile error, WIP state
13-02-2022-20-28-53tile error, WIP state
13-02-2022-20-28-53tile error, WIP state
13-02-2022-20-28-54tile error, WIP state
13-02-2022-20-28-54tile error, WIP state
13-02-2022-20-28-54tile error, WIP state
13-02-2022-20-28-54tile error, WIP state
13-02-2022-20-28-54tile error, WIP state
13-02-2022-20-28-54tile error, WIP state
13-02-2022-20-28-54tile error, WIP state
13-02-2022-20-28-54tile error, WIP state
13-02-2022-20-28-54tile error, WIP state
13-02-2022-20-28-54tile error, WIP state
13-02-2022-20-28-54tile error, WIP state
13-02-2022-20-28-56tile error, WIP state
13-02-2022-20-28-56tile error, WIP state
13-02-2022-20-28-56tile error, WIP state
13-02-2022-20-28-56tile error, WIP state
13-02-2022-20-28-57tile error, WIP state
13-02-2022-20-28-57tile error, WIP state
13-02-2022-20-28-57tile error, WIP state
13-02-2022-20-28-57tile error, WIP state
13-02-2022-20-28-57tile error, WIP state
13-02-2022-20-28-57tile error, WIP state
13-02-2022-20-28-57tile error, WIP state
13-02-2022-20-28-57tile error, WIP state
13-02-2022-20-28-57tile error, WIP state
13-02-2022-20-28-57tile error, WIP state
13-02-2022-20-28-57tile error, WIP state
13-02-2022-20-28-57tile error, WIP state
13-02-2022-20-28-57tile error, WIP state
13-02-2022-20-28-57tile error, WIP state
13-02-2022-20-28-57tile error, WIP state
13-02-2022-20-28-57tile error, WIP state
13-02-2022-20-28-57tile error, WIP state
13-02-2022-20-28-58tile error, WIP state
13-02-2022-20-28-58tile error, WIP state
13-02-2022-20-28-58tile error, WIP state
13-02-2022-20-28-58tile error, WIP state
13-02-2022-20-28-58tile error, WIP state
13-02-2022-20-28-58tile error, WIP state
13-02-2022-20-28-58tile error, WIP state
13-02-2022-20-28-58tile error, WIP state
13-02-2022-20-28-58tile error, WIP state
13-02-2022-20-28-58tile error, WIP state
13-02-2022-20-28-58tile error, WIP state
13-02-2022-20-28-58tile error, WIP state
13-02-2022-20-28-58tile error, WIP state
13-02-2022-20-28-58tile error, WIP state
13-02-2022-20-28-58tile error, WIP state
13-02-2022-20-29-00tile error, WIP state
13-02-2022-20-29-00tile error, WIP state
13-02-2022-20-29-01tile error, WIP state
13-02-2022-20-29-01tile error, WIP state
13-02-2022-20-29-01tile error, WIP state
13-02-2022-20-29-01tile error, WIP state
13-02-2022-20-29-01tile error, WIP state
13-02-2022-20-29-01tile error, WIP state
13-02-2022-20-29-01tile error, WIP state
13-02-2022-20-29-01tile error, WIP state
13-02-2022-20-29-01tile error, WIP state
13-02-2022-20-29-01tile error, WIP state
13-02-2022-20-29-01tile error, WIP state
13-02-2022-20-29-01tile error, WIP state
13-02-2022-20-29-01tile error, WIP state
13-02-2022-20-29-01tile error, WIP state
13-02-2022-20-29-01tile error, WIP state
13-02-2022-20-29-01tile error, WIP state
13-02-2022-20-29-02tile error, WIP state
13-02-2022-20-29-02tile error, WIP state
13-02-2022-20-29-02tile error, WIP state
13-02-2022-20-29-02tile error, WIP state
13-02-2022-20-29-02tile error, WIP state
13-02-2022-20-29-02tile error, WIP state
13-02-2022-20-29-02tile error, WIP state
13-02-2022-20-29-02tile error, WIP state
13-02-2022-20-29-02tile error, WIP state
13-02-2022-20-29-02tile error, WIP state
13-02-2022-20-29-02tile error, WIP state
13-02-2022-20-29-02tile error, WIP state
13-02-2022-20-29-02tile error, WIP state
13-02-2022-20-29-02tile error, WIP state
13-02-2022-20-29-02tile error, WIP state
13-02-2022-20-29-02tile error, WIP state
13-02-2022-20-29-02tile error, WIP state
13-02-2022-20-29-02tile error, WIP state
13-02-2022-20-29-04tile error, WIP state
13-02-2022-20-29-04tile error, WIP state
13-02-2022-20-29-05tile error, WIP state
13-02-2022-20-29-05tile error, WIP state
13-02-2022-20-29-05tile error, WIP state
13-02-2022-20-29-05tile error, WIP state
13-02-2022-20-29-05tile error, WIP state
13-02-2022-20-29-05tile error, WIP state
13-02-2022-20-29-05tile error, WIP state
13-02-2022-20-29-05tile error, WIP state
13-02-2022-20-29-05tile error, WIP state
13-02-2022-20-29-05tile error, WIP state
13-02-2022-20-29-05tile error, WIP state
13-02-2022-20-29-05tile error, WIP state
13-02-2022-20-29-05tile error, WIP state
13-02-2022-20-29-05tile error, WIP state
13-02-2022-20-29-05tile error, WIP state
13-02-2022-20-29-06tile error, WIP state
13-02-2022-20-29-06tile error, WIP state
13-02-2022-20-29-06tile error, WIP state
13-02-2022-20-29-06tile error, WIP state
13-02-2022-20-29-06tile error, WIP state
13-02-2022-20-29-06tile error, WIP state
13-02-2022-20-29-06tile error, WIP state
13-02-2022-20-29-06tile error, WIP state
13-02-2022-20-29-06tile error, WIP state
13-02-2022-20-29-06tile error, WIP state
13-02-2022-20-29-06tile error, WIP state
13-02-2022-20-29-06tile error, WIP state
13-02-2022-20-29-06tile error, WIP state
13-02-2022-20-29-06tile error, WIP state
13-02-2022-20-29-06tile error, WIP state
13-02-2022-20-29-06tile error, WIP state
13-02-2022-20-29-06tile error, WIP state
13-02-2022-20-29-06tile error, WIP state
13-02-2022-20-29-06tile error, WIP state
13-02-2022-20-29-08tile error, WIP state
13-02-2022-20-29-09tile error, WIP state
13-02-2022-20-29-09tile error, WIP state
13-02-2022-20-29-09tile error, WIP state
13-02-2022-20-29-09tile error, WIP state
13-02-2022-20-29-09tile error, WIP state
13-02-2022-20-29-09tile error, WIP state
13-02-2022-20-29-09tile error, WIP state
13-02-2022-20-29-09tile error, WIP state
13-02-2022-20-29-09tile error, WIP state
13-02-2022-20-29-09tile error, WIP state
13-02-2022-20-29-10tile error, WIP state
13-02-2022-20-29-10tile error, WIP state
13-02-2022-20-29-10tile error, WIP state
13-02-2022-20-29-10tile error, WIP state
13-02-2022-20-29-10tile error, WIP state
13-02-2022-20-29-10tile error, WIP state
13-02-2022-20-29-10tile error, WIP state
13-02-2022-20-29-10tile error, WIP state
13-02-2022-20-29-10tile error, WIP state
13-02-2022-20-29-10tile error, WIP state
13-02-2022-20-29-10tile error, WIP state
13-02-2022-20-29-10tile error, WIP state
13-02-2022-20-29-10tile error, WIP state
13-02-2022-20-29-10tile error, WIP state
13-02-2022-20-29-10tile error, WIP state
13-02-2022-20-29-10tile error, WIP state
13-02-2022-20-29-10tile error, WIP state
13-02-2022-20-29-10tile error, WIP state
13-02-2022-20-29-10tile error, WIP state
13-02-2022-20-29-10tile error, WIP state
13-02-2022-20-29-10tile error, WIP state
13-02-2022-20-29-11tile error, WIP state
13-02-2022-20-29-11tile error, WIP state
13-02-2022-20-29-11tile error, WIP state
13-02-2022-20-29-11tile error, WIP state
13-02-2022-20-29-13tile error, WIP state
13-02-2022-20-29-13tile error, WIP state
13-02-2022-20-29-13tile error, WIP state
13-02-2022-20-29-13tile error, WIP state
13-02-2022-20-29-13tile error, WIP state
13-02-2022-20-29-13tile error, WIP state
13-02-2022-20-29-13tile error, WIP state
13-02-2022-20-29-13tile error, WIP state
13-02-2022-20-29-13tile error, WIP state
13-02-2022-20-29-14tile error, WIP state
13-02-2022-20-29-14tile error, WIP state
13-02-2022-20-29-14tile error, WIP state
13-02-2022-20-29-14tile error, WIP state
13-02-2022-20-29-14tile error, WIP state
13-02-2022-20-29-14tile error, WIP state
13-02-2022-20-29-14tile error, WIP state
13-02-2022-20-29-14tile error, WIP state
13-02-2022-20-29-14tile error, WIP state
13-02-2022-20-29-14tile error, WIP state
13-02-2022-20-29-14tile error, WIP state
13-02-2022-20-29-14tile error, WIP state
13-02-2022-20-29-14tile error, WIP state
13-02-2022-20-29-14tile error, WIP state
13-02-2022-20-29-14tile error, WIP state
13-02-2022-20-29-14tile error, WIP state
13-02-2022-20-29-14tile error, WIP state
13-02-2022-20-29-14tile error, WIP state
13-02-2022-20-29-14tile error, WIP state
13-02-2022-20-29-14tile error, WIP state
13-02-2022-20-29-14tile error, WIP state
13-02-2022-20-29-15tile error, WIP state
13-02-2022-20-29-15tile error, WIP state
13-02-2022-20-29-15tile error, WIP state
13-02-2022-20-29-15tile error, WIP state
13-02-2022-20-29-15tile error, WIP state
13-02-2022-20-29-15tile error, WIP state
13-02-2022-20-29-16tile error, WIP state
13-02-2022-20-29-17tile error, WIP state
13-02-2022-20-29-17tile error, WIP state
13-02-2022-20-29-17tile error, WIP state
13-02-2022-20-29-17tile error, WIP state
13-02-2022-20-29-17tile error, WIP state
13-02-2022-20-29-17tile error, WIP state
13-02-2022-20-29-18tile error, WIP state
13-02-2022-20-29-18tile error, WIP state
13-02-2022-20-29-18tile error, WIP state
13-02-2022-20-29-18tile error, WIP state
13-02-2022-20-29-18tile error, WIP state
13-02-2022-20-29-18tile error, WIP state
13-02-2022-20-29-18tile error, WIP state
13-02-2022-20-29-18tile error, WIP state
13-02-2022-20-29-18tile error, WIP state
13-02-2022-20-29-18tile error, WIP state
13-02-2022-20-29-18tile error, WIP state
13-02-2022-20-29-18tile error, WIP state
13-02-2022-20-29-18tile error, WIP state
13-02-2022-20-29-18tile error, WIP state
13-02-2022-20-29-18tile error, WIP state
13-02-2022-20-29-18tile error, WIP state
13-02-2022-20-29-18tile error, WIP state
13-02-2022-20-29-18tile error, WIP state
13-02-2022-20-29-18tile error, WIP state
13-02-2022-20-29-18tile error, WIP state
13-02-2022-20-29-19tile error, WIP state
13-02-2022-20-29-19tile error, WIP state
13-02-2022-20-29-19tile error, WIP state
13-02-2022-20-29-19tile error, WIP state
13-02-2022-20-29-19tile error, WIP state
13-02-2022-20-29-19tile error, WIP state
13-02-2022-20-29-19tile error, WIP state
13-02-2022-20-29-19tile error, WIP state
13-02-2022-20-29-19tile error, WIP state
13-02-2022-20-29-21tile error, WIP state
13-02-2022-20-29-21tile error, WIP state
13-02-2022-20-29-21tile error, WIP state
13-02-2022-20-29-21tile error, WIP state
13-02-2022-20-29-22tile error, WIP state
13-02-2022-20-29-22tile error, WIP state
13-02-2022-20-29-22tile error, WIP state
13-02-2022-20-29-22tile error, WIP state
13-02-2022-20-29-22tile error, WIP state
13-02-2022-20-29-22tile error, WIP state
13-02-2022-20-29-22tile error, WIP state
13-02-2022-20-29-22tile error, WIP state
13-02-2022-20-29-22tile error, WIP state
13-02-2022-20-29-22tile error, WIP state
13-02-2022-20-29-22tile error, WIP state
13-02-2022-20-29-22tile error, WIP state
13-02-2022-20-29-22tile error, WIP state
13-02-2022-20-29-22tile error, WIP state
13-02-2022-20-29-22tile error, WIP state
13-02-2022-20-29-22tile error, WIP state
13-02-2022-20-29-22tile error, WIP state
13-02-2022-20-29-23tile error, WIP state
13-02-2022-20-29-23tile error, WIP state
13-02-2022-20-29-23tile error, WIP state
13-02-2022-20-29-23tile error, WIP state
13-02-2022-20-29-23tile error, WIP state
13-02-2022-20-29-23tile error, WIP state
13-02-2022-20-29-23tile error, WIP state
13-02-2022-20-29-23tile error, WIP state
13-02-2022-20-29-23tile error, WIP state
13-02-2022-20-29-23tile error, WIP state
13-02-2022-20-29-23tile error, WIP state
13-02-2022-20-29-23tile error, WIP state
13-02-2022-20-29-23tile error, WIP state
13-02-2022-20-29-23tile error, WIP state
13-02-2022-20-29-23tile error, WIP state
13-02-2022-20-29-25tile error, WIP state
13-02-2022-20-29-26tile error, WIP state
13-02-2022-20-29-26tile error, WIP state
13-02-2022-20-29-26tile error, WIP state
13-02-2022-20-29-26tile error, WIP state
13-02-2022-20-29-26tile error, WIP state
13-02-2022-20-29-26tile error, WIP state
13-02-2022-20-29-27tile error, WIP state
13-02-2022-20-29-27tile error, WIP state
13-02-2022-20-29-27tile error, WIP state
13-02-2022-20-29-27tile error, WIP state
13-02-2022-20-29-27tile error, WIP state
13-02-2022-20-29-27tile error, WIP state
13-02-2022-20-29-27tile error, WIP state
13-02-2022-20-29-27tile error, WIP state
13-02-2022-20-29-27tile error, WIP state
13-02-2022-20-29-27tile error, WIP state
13-02-2022-20-29-27tile error, WIP state
13-02-2022-20-29-27tile error, WIP state
13-02-2022-20-29-27tile error, WIP state
13-02-2022-20-29-27tile error, WIP state
13-02-2022-20-29-27tile error, WIP state
13-02-2022-20-29-27tile error, WIP state
13-02-2022-20-29-27tile error, WIP state
13-02-2022-20-29-27tile error, WIP state
13-02-2022-20-29-27tile error, WIP state
13-02-2022-20-29-27tile error, WIP state
13-02-2022-20-29-27tile error, WIP state
13-02-2022-20-29-27tile error, WIP state
13-02-2022-20-29-27tile error, WIP state
13-02-2022-20-29-27tile error, WIP state
13-02-2022-20-29-27tile error, WIP state
13-02-2022-20-29-27tile error, WIP state
13-02-2022-20-29-27tile error, WIP state
13-02-2022-20-29-27tile error, WIP state
13-02-2022-20-29-27tile error, WIP state
13-02-2022-20-29-28tile error, WIP state
13-02-2022-20-29-28tile error, WIP state
13-02-2022-20-29-28tile error, WIP state
